[0.010s] Invoking command in '/home/robot/project/ls65_ros/ls65/elite_ros_ws/build/eli_cs_controllers': CMAKE_PREFIX_PATH=/home/robot/project/ls65_ros/ls65/elite_ros_ws/install/eli_common_interface:/home/robot/project/ls65_ros/ls65/elite_ros_ws/install/eli_cs_robot_driver:/home/robot/project/ls65_ros/ls65/elite_ros_ws/install/eli_dashboard_interface:/home/robot/project/ls65_ros/ls65/elite_ros_ws/install/eli_cs_robot_simulation_gz:/home/robot/project/ls65_ros/ls65/elite_ros_ws/install/eli_cs_robot_moveit_config:/home/robot/project/ls65_ros/ls65/elite_ros_ws/install/eli_cs_robot_description:/home/robot/project/ls65_ros/ls65/elite_ros_ws/install/eli_cs_robot_calibration:/home/robot/project/ls65_ros/ls65/elite_ros_ws/install/eli_cs_controllers:/opt/ros/humble LD_LIBRARY_PATH=/home/robot/project/ls65_ros/ls65/elite_ros_ws/install/eli_common_interface/lib:/home/robot/project/ls65_ros/ls65/elite_ros_ws/install/eli_cs_robot_driver/lib:/home/robot/project/ls65_ros/ls65/elite_ros_ws/install/eli_dashboard_interface/lib:/home/robot/project/ls65_ros/ls65/elite_ros_ws/install/eli_cs_controllers/lib:/path/to/cuda-12.4/lib64:/usr/lib/x86_64-linux-gnu/gazebo-11/plugins:/opt/ros/humble/opt/rviz_ogre_vendor/lib:/opt/ros/humble/lib/x86_64-linux-gnu:/opt/ros/humble/lib:/path/to/cuda-12.1/lib64:/home/robot/software/mujoco-3.3.7/mujoco-3.3.7-linux-x86_64/mujoco-3.3.7/lib /usr/bin/cmake --build /home/robot/project/ls65_ros/ls65/elite_ros_ws/build/eli_cs_controllers -- -j16 -l16
[0.063s] [ 15%] Built target speed_scaling_state_broadcaster_parameters
[0.064s] [ 30%] Built target freedrive_controller_parameters
[0.066s] [ 46%] Built target scaled_joint_trajectory_controller_parameters
[0.071s] [ 61%] Built target gpio_controller_parameters
[0.105s] [100%] Built target eli_cs_controllers
[0.117s] Invoked command in '/home/robot/project/ls65_ros/ls65/elite_ros_ws/build/eli_cs_controllers' returned '0': CMAKE_PREFIX_PATH=/home/robot/project/ls65_ros/ls65/elite_ros_ws/install/eli_common_interface:/home/robot/project/ls65_ros/ls65/elite_ros_ws/install/eli_cs_robot_driver:/home/robot/project/ls65_ros/ls65/elite_ros_ws/install/eli_dashboard_interface:/home/robot/project/ls65_ros/ls65/elite_ros_ws/install/eli_cs_robot_simulation_gz:/home/robot/project/ls65_ros/ls65/elite_ros_ws/install/eli_cs_robot_moveit_config:/home/robot/project/ls65_ros/ls65/elite_ros_ws/install/eli_cs_robot_description:/home/robot/project/ls65_ros/ls65/elite_ros_ws/install/eli_cs_robot_calibration:/home/robot/project/ls65_ros/ls65/elite_ros_ws/install/eli_cs_controllers:/opt/ros/humble LD_LIBRARY_PATH=/home/robot/project/ls65_ros/ls65/elite_ros_ws/install/eli_common_interface/lib:/home/robot/project/ls65_ros/ls65/elite_ros_ws/install/eli_cs_robot_driver/lib:/home/robot/project/ls65_ros/ls65/elite_ros_ws/install/eli_dashboard_interface/lib:/home/robot/project/ls65_ros/ls65/elite_ros_ws/install/eli_cs_controllers/lib:/path/to/cuda-12.4/lib64:/usr/lib/x86_64-linux-gnu/gazebo-11/plugins:/opt/ros/humble/opt/rviz_ogre_vendor/lib:/opt/ros/humble/lib/x86_64-linux-gnu:/opt/ros/humble/lib:/path/to/cuda-12.1/lib64:/home/robot/software/mujoco-3.3.7/mujoco-3.3.7-linux-x86_64/mujoco-3.3.7/lib /usr/bin/cmake --build /home/robot/project/ls65_ros/ls65/elite_ros_ws/build/eli_cs_controllers -- -j16 -l16
[0.119s] Invoking command in '/home/robot/project/ls65_ros/ls65/elite_ros_ws/build/eli_cs_controllers': CMAKE_PREFIX_PATH=/home/robot/project/ls65_ros/ls65/elite_ros_ws/install/eli_common_interface:/home/robot/project/ls65_ros/ls65/elite_ros_ws/install/eli_cs_robot_driver:/home/robot/project/ls65_ros/ls65/elite_ros_ws/install/eli_dashboard_interface:/home/robot/project/ls65_ros/ls65/elite_ros_ws/install/eli_cs_robot_simulation_gz:/home/robot/project/ls65_ros/ls65/elite_ros_ws/install/eli_cs_robot_moveit_config:/home/robot/project/ls65_ros/ls65/elite_ros_ws/install/eli_cs_robot_description:/home/robot/project/ls65_ros/ls65/elite_ros_ws/install/eli_cs_robot_calibration:/home/robot/project/ls65_ros/ls65/elite_ros_ws/install/eli_cs_controllers:/opt/ros/humble LD_LIBRARY_PATH=/home/robot/project/ls65_ros/ls65/elite_ros_ws/install/eli_common_interface/lib:/home/robot/project/ls65_ros/ls65/elite_ros_ws/install/eli_cs_robot_driver/lib:/home/robot/project/ls65_ros/ls65/elite_ros_ws/install/eli_dashboard_interface/lib:/home/robot/project/ls65_ros/ls65/elite_ros_ws/install/eli_cs_controllers/lib:/path/to/cuda-12.4/lib64:/usr/lib/x86_64-linux-gnu/gazebo-11/plugins:/opt/ros/humble/opt/rviz_ogre_vendor/lib:/opt/ros/humble/lib/x86_64-linux-gnu:/opt/ros/humble/lib:/path/to/cuda-12.1/lib64:/home/robot/software/mujoco-3.3.7/mujoco-3.3.7-linux-x86_64/mujoco-3.3.7/lib /usr/bin/cmake --install /home/robot/project/ls65_ros/ls65/elite_ros_ws/build/eli_cs_controllers
[0.125s] -- Install configuration: ""
[0.125s] -- Up-to-date: /home/robot/project/ls65_ros/ls65/elite_ros_ws/install/eli_cs_controllers/include/eli_cs_controllers
[0.125s] -- Up-to-date: /home/robot/project/ls65_ros/ls65/elite_ros_ws/install/eli_cs_controllers/include/eli_cs_controllers/freedrive_controller_parameters.hpp
[0.125s] -- Up-to-date: /home/robot/project/ls65_ros/ls65/elite_ros_ws/install/eli_cs_controllers/include/eli_cs_controllers/scaled_joint_trajectory_controller_parameters.hpp
[0.125s] -- Up-to-date: /home/robot/project/ls65_ros/ls65/elite_ros_ws/install/eli_cs_controllers/include/eli_cs_controllers/gpio_controller_parameters.hpp
[0.125s] -- Up-to-date: /home/robot/project/ls65_ros/ls65/elite_ros_ws/install/eli_cs_controllers/include/eli_cs_controllers/speed_scaling_state_broadcaster_parameters.hpp
[0.125s] -- Up-to-date: /home/robot/project/ls65_ros/ls65/elite_ros_ws/install/eli_cs_controllers/include/eli_cs_controllers
[0.125s] -- Up-to-date: /home/robot/project/ls65_ros/ls65/elite_ros_ws/install/eli_cs_controllers/include/eli_cs_controllers/freedrive_controller_parameters.hpp
[0.125s] -- Up-to-date: /home/robot/project/ls65_ros/ls65/elite_ros_ws/install/eli_cs_controllers/include/eli_cs_controllers/scaled_joint_trajectory_controller_parameters.hpp
[0.125s] -- Up-to-date: /home/robot/project/ls65_ros/ls65/elite_ros_ws/install/eli_cs_controllers/include/eli_cs_controllers/gpio_controller_parameters.hpp
[0.125s] -- Up-to-date: /home/robot/project/ls65_ros/ls65/elite_ros_ws/install/eli_cs_controllers/include/eli_cs_controllers/speed_scaling_state_broadcaster_parameters.hpp
[0.126s] -- Up-to-date: /home/robot/project/ls65_ros/ls65/elite_ros_ws/install/eli_cs_controllers/include/eli_cs_controllers
[0.126s] -- Up-to-date: /home/robot/project/ls65_ros/ls65/elite_ros_ws/install/eli_cs_controllers/include/eli_cs_controllers/freedrive_controller_parameters.hpp
[0.126s] -- Up-to-date: /home/robot/project/ls65_ros/ls65/elite_ros_ws/install/eli_cs_controllers/include/eli_cs_controllers/scaled_joint_trajectory_controller_parameters.hpp
[0.126s] -- Up-to-date: /home/robot/project/ls65_ros/ls65/elite_ros_ws/install/eli_cs_controllers/include/eli_cs_controllers/gpio_controller_parameters.hpp
[0.126s] -- Up-to-date: /home/robot/project/ls65_ros/ls65/elite_ros_ws/install/eli_cs_controllers/include/eli_cs_controllers/speed_scaling_state_broadcaster_parameters.hpp
[0.126s] -- Up-to-date: /home/robot/project/ls65_ros/ls65/elite_ros_ws/install/eli_cs_controllers/include/eli_cs_controllers
[0.126s] -- Up-to-date: /home/robot/project/ls65_ros/ls65/elite_ros_ws/install/eli_cs_controllers/include/eli_cs_controllers/freedrive_controller_parameters.hpp
[0.126s] -- Up-to-date: /home/robot/project/ls65_ros/ls65/elite_ros_ws/install/eli_cs_controllers/include/eli_cs_controllers/scaled_joint_trajectory_controller_parameters.hpp
[0.126s] -- Up-to-date: /home/robot/project/ls65_ros/ls65/elite_ros_ws/install/eli_cs_controllers/include/eli_cs_controllers/gpio_controller_parameters.hpp
[0.126s] -- Up-to-date: /home/robot/project/ls65_ros/ls65/elite_ros_ws/install/eli_cs_controllers/include/eli_cs_controllers/speed_scaling_state_broadcaster_parameters.hpp
[0.126s] -- Up-to-date: /home/robot/project/ls65_ros/ls65/elite_ros_ws/install/eli_cs_controllers/share/eli_cs_controllers/controller_plugins.xml
[0.126s] -- Up-to-date: /home/robot/project/ls65_ros/ls65/elite_ros_ws/install/eli_cs_controllers/lib/libeli_cs_controllers.so
[0.127s] -- Up-to-date: /home/robot/project/ls65_ros/ls65/elite_ros_ws/install/eli_cs_controllers/include
[0.127s] -- Up-to-date: /home/robot/project/ls65_ros/ls65/elite_ros_ws/install/eli_cs_controllers/include/eli_cs_controllers
[0.127s] -- Up-to-date: /home/robot/project/ls65_ros/ls65/elite_ros_ws/install/eli_cs_controllers/include/eli_cs_controllers/freedrive_controller.hpp
[0.127s] -- Up-to-date: /home/robot/project/ls65_ros/ls65/elite_ros_ws/install/eli_cs_controllers/include/eli_cs_controllers/speed_scaling_state_broadcaster.hpp
[0.127s] -- Up-to-date: /home/robot/project/ls65_ros/ls65/elite_ros_ws/install/eli_cs_controllers/include/eli_cs_controllers/gpio_controller.hpp
[0.127s] -- Up-to-date: /home/robot/project/ls65_ros/ls65/elite_ros_ws/install/eli_cs_controllers/include/eli_cs_controllers/scaled_joint_trajectory_controller.hpp
[0.127s] -- Up-to-date: /home/robot/project/ls65_ros/ls65/elite_ros_ws/install/eli_cs_controllers/share/eli_cs_controllers/controller_plugins.xml
[0.127s] -- Up-to-date: /home/robot/project/ls65_ros/ls65/elite_ros_ws/install/eli_cs_controllers/share/eli_cs_controllers/environment/library_path.sh
[0.127s] -- Up-to-date: /home/robot/project/ls65_ros/ls65/elite_ros_ws/install/eli_cs_controllers/share/eli_cs_controllers/environment/library_path.dsv
[0.127s] -- Up-to-date: /home/robot/project/ls65_ros/ls65/elite_ros_ws/install/eli_cs_controllers/share/ament_index/resource_index/package_run_dependencies/eli_cs_controllers
[0.127s] -- Up-to-date: /home/robot/project/ls65_ros/ls65/elite_ros_ws/install/eli_cs_controllers/share/ament_index/resource_index/parent_prefix_path/eli_cs_controllers
[0.127s] -- Up-to-date: /home/robot/project/ls65_ros/ls65/elite_ros_ws/install/eli_cs_controllers/share/eli_cs_controllers/environment/ament_prefix_path.sh
[0.127s] -- Up-to-date: /home/robot/project/ls65_ros/ls65/elite_ros_ws/install/eli_cs_controllers/share/eli_cs_controllers/environment/ament_prefix_path.dsv
[0.127s] -- Up-to-date: /home/robot/project/ls65_ros/ls65/elite_ros_ws/install/eli_cs_controllers/share/eli_cs_controllers/environment/path.sh
[0.127s] -- Up-to-date: /home/robot/project/ls65_ros/ls65/elite_ros_ws/install/eli_cs_controllers/share/eli_cs_controllers/environment/path.dsv
[0.127s] -- Up-to-date: /home/robot/project/ls65_ros/ls65/elite_ros_ws/install/eli_cs_controllers/share/eli_cs_controllers/local_setup.bash
[0.127s] -- Up-to-date: /home/robot/project/ls65_ros/ls65/elite_ros_ws/install/eli_cs_controllers/share/eli_cs_controllers/local_setup.sh
[0.127s] -- Up-to-date: /home/robot/project/ls65_ros/ls65/elite_ros_ws/install/eli_cs_controllers/share/eli_cs_controllers/local_setup.zsh
[0.127s] -- Up-to-date: /home/robot/project/ls65_ros/ls65/elite_ros_ws/install/eli_cs_controllers/share/eli_cs_controllers/local_setup.dsv
[0.127s] -- Installing: /home/robot/project/ls65_ros/ls65/elite_ros_ws/install/eli_cs_controllers/share/eli_cs_controllers/package.dsv
[0.127s] -- Up-to-date: /home/robot/project/ls65_ros/ls65/elite_ros_ws/install/eli_cs_controllers/share/ament_index/resource_index/packages/eli_cs_controllers
[0.127s] -- Up-to-date: /home/robot/project/ls65_ros/ls65/elite_ros_ws/install/eli_cs_controllers/share/ament_index/resource_index/controller_interface__pluginlib__plugin/eli_cs_controllers
[0.127s] -- Up-to-date: /home/robot/project/ls65_ros/ls65/elite_ros_ws/install/eli_cs_controllers/share/eli_cs_controllers/cmake/ament_cmake_export_dependencies-extras.cmake
[0.127s] -- Up-to-date: /home/robot/project/ls65_ros/ls65/elite_ros_ws/install/eli_cs_controllers/share/eli_cs_controllers/cmake/ament_cmake_export_include_directories-extras.cmake
[0.127s] -- Up-to-date: /home/robot/project/ls65_ros/ls65/elite_ros_ws/install/eli_cs_controllers/share/eli_cs_controllers/cmake/ament_cmake_export_libraries-extras.cmake
[0.127s] -- Up-to-date: /home/robot/project/ls65_ros/ls65/elite_ros_ws/install/eli_cs_controllers/share/eli_cs_controllers/cmake/eli_cs_controllersConfig.cmake
[0.127s] -- Up-to-date: /home/robot/project/ls65_ros/ls65/elite_ros_ws/install/eli_cs_controllers/share/eli_cs_controllers/cmake/eli_cs_controllersConfig-version.cmake
[0.127s] -- Up-to-date: /home/robot/project/ls65_ros/ls65/elite_ros_ws/install/eli_cs_controllers/share/eli_cs_controllers/package.xml
[0.129s] Invoked command in '/home/robot/project/ls65_ros/ls65/elite_ros_ws/build/eli_cs_controllers' returned '0': CMAKE_PREFIX_PATH=/home/robot/project/ls65_ros/ls65/elite_ros_ws/install/eli_common_interface:/home/robot/project/ls65_ros/ls65/elite_ros_ws/install/eli_cs_robot_driver:/home/robot/project/ls65_ros/ls65/elite_ros_ws/install/eli_dashboard_interface:/home/robot/project/ls65_ros/ls65/elite_ros_ws/install/eli_cs_robot_simulation_gz:/home/robot/project/ls65_ros/ls65/elite_ros_ws/install/eli_cs_robot_moveit_config:/home/robot/project/ls65_ros/ls65/elite_ros_ws/install/eli_cs_robot_description:/home/robot/project/ls65_ros/ls65/elite_ros_ws/install/eli_cs_robot_calibration:/home/robot/project/ls65_ros/ls65/elite_ros_ws/install/eli_cs_controllers:/opt/ros/humble LD_LIBRARY_PATH=/home/robot/project/ls65_ros/ls65/elite_ros_ws/install/eli_common_interface/lib:/home/robot/project/ls65_ros/ls65/elite_ros_ws/install/eli_cs_robot_driver/lib:/home/robot/project/ls65_ros/ls65/elite_ros_ws/install/eli_dashboard_interface/lib:/home/robot/project/ls65_ros/ls65/elite_ros_ws/install/eli_cs_controllers/lib:/path/to/cuda-12.4/lib64:/usr/lib/x86_64-linux-gnu/gazebo-11/plugins:/opt/ros/humble/opt/rviz_ogre_vendor/lib:/opt/ros/humble/lib/x86_64-linux-gnu:/opt/ros/humble/lib:/path/to/cuda-12.1/lib64:/home/robot/software/mujoco-3.3.7/mujoco-3.3.7-linux-x86_64/mujoco-3.3.7/lib /usr/bin/cmake --install /home/robot/project/ls65_ros/ls65/elite_ros_ws/build/eli_cs_controllers
