[35m[1mConsolidate compiler generated dependencies of target eli_common_interface__rosidl_generator_c[0m
[  1%] Built target eli_common_interface__rs
[  1%] Built target ament_cmake_python_copy_eli_common_interface
[  1%] Built target eli_common_interface__cpp
[ 13%] Built target eli_common_interface__rosidl_generator_c
[35m[1mConsolidate compiler generated dependencies of target eli_common_interface__rosidl_typesupport_fastrtps_cpp[0m
[35m[1mConsolidate compiler generated dependencies of target eli_common_interface__rosidl_typesupport_cpp[0m
[35m[1mConsolidate compiler generated dependencies of target eli_common_interface__rosidl_typesupport_introspection_cpp[0m
[35m[1mConsolidate compiler generated dependencies of target eli_common_interface__rosidl_typesupport_c[0m
[35m[1mConsolidate compiler generated dependencies of target eli_common_interface__rosidl_typesupport_introspection_c[0m
[35m[1mConsolidate compiler generated dependencies of target eli_common_interface__rosidl_typesupport_fastrtps_c[0m
[ 24%] Built target eli_common_interface__rosidl_typesupport_c
[ 36%] Built target eli_common_interface__rosidl_typesupport_introspection_cpp
[ 47%] Built target eli_common_interface__rosidl_typesupport_introspection_c
[ 59%] Built target eli_common_interface__rosidl_typesupport_cpp
[ 71%] Built target eli_common_interface__rosidl_typesupport_fastrtps_cpp
[ 82%] Built target eli_common_interface__rosidl_typesupport_fastrtps_c
[ 82%] Built target eli_common_interface
[ 83%] Built target eli_common_interface__py
[35m[1mConsolidate compiler generated dependencies of target eli_common_interface__rosidl_generator_py[0m
[ 94%] Built target eli_common_interface__rosidl_generator_py
[35m[1mConsolidate compiler generated dependencies of target eli_common_interface__rosidl_typesupport_fastrtps_c__pyext[0m
[35m[1mConsolidate compiler generated dependencies of target eli_common_interface__rosidl_typesupport_introspection_c__pyext[0m
[35m[1mConsolidate compiler generated dependencies of target eli_common_interface__rosidl_typesupport_c__pyext[0m
[ 98%] Built target eli_common_interface__rosidl_typesupport_fastrtps_c__pyext
[ 98%] Built target eli_common_interface__rosidl_typesupport_c__pyext
[100%] Built target eli_common_interface__rosidl_typesupport_introspection_c__pyext
running egg_info
writing eli_common_interface.egg-info/PKG-INFO
writing dependency_links to eli_common_interface.egg-info/dependency_links.txt
writing top-level names to eli_common_interface.egg-info/top_level.txt
reading manifest file 'eli_common_interface.egg-info/SOURCES.txt'
writing manifest file 'eli_common_interface.egg-info/SOURCES.txt'
[100%] Built target ament_cmake_python_build_eli_common_interface_egg
-- Install configuration: ""
-- Installing: /home/robot/project/ls65_ros/ls65/elite_ros_ws/install/eli_common_interface/share/ament_index/resource_index/rosidl_interfaces/eli_common_interface
-- Installing: /home/robot/project/ls65_ros/ls65/elite_ros_ws/install/eli_common_interface/include/eli_common_interface/eli_common_interface
-- Installing: /home/robot/project/ls65_ros/ls65/elite_ros_ws/install/eli_common_interface/include/eli_common_interface/eli_common_interface/msg
-- Installing: /home/robot/project/ls65_ros/ls65/elite_ros_ws/install/eli_common_interface/include/eli_common_interface/eli_common_interface/msg/detail
-- Installing: /home/robot/project/ls65_ros/ls65/elite_ros_ws/install/eli_common_interface/include/eli_common_interface/eli_common_interface/msg/detail/tool_data__struct.h
-- Installing: /home/robot/project/ls65_ros/ls65/elite_ros_ws/install/eli_common_interface/include/eli_common_interface/eli_common_interface/msg/detail/io_state__struct.h
-- Installing: /home/robot/project/ls65_ros/ls65/elite_ros_ws/install/eli_common_interface/include/eli_common_interface/eli_common_interface/msg/detail/safety_mode__type_support.h
-- Installing: /home/robot/project/ls65_ros/ls65/elite_ros_ws/install/eli_common_interface/include/eli_common_interface/eli_common_interface/msg/detail/tool_data__functions.c
-- Installing: /home/robot/project/ls65_ros/ls65/elite_ros_ws/install/eli_common_interface/include/eli_common_interface/eli_common_interface/msg/detail/analog__functions.c
-- Installing: /home/robot/project/ls65_ros/ls65/elite_ros_ws/install/eli_common_interface/include/eli_common_interface/eli_common_interface/msg/detail/task_status__functions.h
-- Installing: /home/robot/project/ls65_ros/ls65/elite_ros_ws/install/eli_common_interface/include/eli_common_interface/eli_common_interface/msg/detail/robot_mode__struct.h
-- Installing: /home/robot/project/ls65_ros/ls65/elite_ros_ws/install/eli_common_interface/include/eli_common_interface/eli_common_interface/msg/detail/io_state__type_support.h
-- Installing: /home/robot/project/ls65_ros/ls65/elite_ros_ws/install/eli_common_interface/include/eli_common_interface/eli_common_interface/msg/detail/safety_mode__functions.c
-- Installing: /home/robot/project/ls65_ros/ls65/elite_ros_ws/install/eli_common_interface/include/eli_common_interface/eli_common_interface/msg/detail/task_status__struct.h
-- Installing: /home/robot/project/ls65_ros/ls65/elite_ros_ws/install/eli_common_interface/include/eli_common_interface/eli_common_interface/msg/detail/robot_mode__functions.c
-- Installing: /home/robot/project/ls65_ros/ls65/elite_ros_ws/install/eli_common_interface/include/eli_common_interface/eli_common_interface/msg/detail/analog__functions.h
-- Installing: /home/robot/project/ls65_ros/ls65/elite_ros_ws/install/eli_common_interface/include/eli_common_interface/eli_common_interface/msg/detail/robot_mode__type_support.h
-- Installing: /home/robot/project/ls65_ros/ls65/elite_ros_ws/install/eli_common_interface/include/eli_common_interface/eli_common_interface/msg/detail/tool_data__functions.h
-- Installing: /home/robot/project/ls65_ros/ls65/elite_ros_ws/install/eli_common_interface/include/eli_common_interface/eli_common_interface/msg/detail/robot_mode__functions.h
-- Installing: /home/robot/project/ls65_ros/ls65/elite_ros_ws/install/eli_common_interface/include/eli_common_interface/eli_common_interface/msg/detail/task_status__functions.c
-- Installing: /home/robot/project/ls65_ros/ls65/elite_ros_ws/install/eli_common_interface/include/eli_common_interface/eli_common_interface/msg/detail/analog__type_support.h
-- Installing: /home/robot/project/ls65_ros/ls65/elite_ros_ws/install/eli_common_interface/include/eli_common_interface/eli_common_interface/msg/detail/io_state__functions.c
-- Installing: /home/robot/project/ls65_ros/ls65/elite_ros_ws/install/eli_common_interface/include/eli_common_interface/eli_common_interface/msg/detail/safety_mode__functions.h
-- Installing: /home/robot/project/ls65_ros/ls65/elite_ros_ws/install/eli_common_interface/include/eli_common_interface/eli_common_interface/msg/detail/io_state__functions.h
-- Installing: /home/robot/project/ls65_ros/ls65/elite_ros_ws/install/eli_common_interface/include/eli_common_interface/eli_common_interface/msg/detail/safety_mode__struct.h
-- Installing: /home/robot/project/ls65_ros/ls65/elite_ros_ws/install/eli_common_interface/include/eli_common_interface/eli_common_interface/msg/detail/task_status__type_support.h
-- Installing: /home/robot/project/ls65_ros/ls65/elite_ros_ws/install/eli_common_interface/include/eli_common_interface/eli_common_interface/msg/detail/tool_data__type_support.h
-- Installing: /home/robot/project/ls65_ros/ls65/elite_ros_ws/install/eli_common_interface/include/eli_common_interface/eli_common_interface/msg/detail/analog__struct.h
-- Installing: /home/robot/project/ls65_ros/ls65/elite_ros_ws/install/eli_common_interface/include/eli_common_interface/eli_common_interface/msg/analog.h
-- Installing: /home/robot/project/ls65_ros/ls65/elite_ros_ws/install/eli_common_interface/include/eli_common_interface/eli_common_interface/msg/robot_mode.h
-- Installing: /home/robot/project/ls65_ros/ls65/elite_ros_ws/install/eli_common_interface/include/eli_common_interface/eli_common_interface/msg/task_status.h
-- Installing: /home/robot/project/ls65_ros/ls65/elite_ros_ws/install/eli_common_interface/include/eli_common_interface/eli_common_interface/msg/rosidl_generator_c__visibility_control.h
-- Installing: /home/robot/project/ls65_ros/ls65/elite_ros_ws/install/eli_common_interface/include/eli_common_interface/eli_common_interface/msg/tool_data.h
-- Installing: /home/robot/project/ls65_ros/ls65/elite_ros_ws/install/eli_common_interface/include/eli_common_interface/eli_common_interface/msg/safety_mode.h
-- Installing: /home/robot/project/ls65_ros/ls65/elite_ros_ws/install/eli_common_interface/include/eli_common_interface/eli_common_interface/msg/io_state.h
-- Installing: /home/robot/project/ls65_ros/ls65/elite_ros_ws/install/eli_common_interface/include/eli_common_interface/eli_common_interface/srv
-- Installing: /home/robot/project/ls65_ros/ls65/elite_ros_ws/install/eli_common_interface/include/eli_common_interface/eli_common_interface/srv/detail
-- Installing: /home/robot/project/ls65_ros/ls65/elite_ros_ws/install/eli_common_interface/include/eli_common_interface/eli_common_interface/srv/detail/get_task_status__struct.h
-- Installing: /home/robot/project/ls65_ros/ls65/elite_ros_ws/install/eli_common_interface/include/eli_common_interface/eli_common_interface/srv/detail/set_payload__struct.h
-- Installing: /home/robot/project/ls65_ros/ls65/elite_ros_ws/install/eli_common_interface/include/eli_common_interface/eli_common_interface/srv/detail/get_robot_mode__functions.h
-- Installing: /home/robot/project/ls65_ros/ls65/elite_ros_ws/install/eli_common_interface/include/eli_common_interface/eli_common_interface/srv/detail/set_payload__functions.h
-- Installing: /home/robot/project/ls65_ros/ls65/elite_ros_ws/install/eli_common_interface/include/eli_common_interface/eli_common_interface/srv/detail/set_speed_slider_fraction__struct.h
-- Installing: /home/robot/project/ls65_ros/ls65/elite_ros_ws/install/eli_common_interface/include/eli_common_interface/eli_common_interface/srv/detail/set_payload__type_support.h
-- Installing: /home/robot/project/ls65_ros/ls65/elite_ros_ws/install/eli_common_interface/include/eli_common_interface/eli_common_interface/srv/detail/get_task_status__type_support.h
-- Installing: /home/robot/project/ls65_ros/ls65/elite_ros_ws/install/eli_common_interface/include/eli_common_interface/eli_common_interface/srv/detail/get_safety_mode__type_support.h
-- Installing: /home/robot/project/ls65_ros/ls65/elite_ros_ws/install/eli_common_interface/include/eli_common_interface/eli_common_interface/srv/detail/get_robot_mode__type_support.h
-- Installing: /home/robot/project/ls65_ros/ls65/elite_ros_ws/install/eli_common_interface/include/eli_common_interface/eli_common_interface/srv/detail/get_robot_mode__functions.c
-- Installing: /home/robot/project/ls65_ros/ls65/elite_ros_ws/install/eli_common_interface/include/eli_common_interface/eli_common_interface/srv/detail/set_speed_slider_fraction__type_support.h
-- Installing: /home/robot/project/ls65_ros/ls65/elite_ros_ws/install/eli_common_interface/include/eli_common_interface/eli_common_interface/srv/detail/get_safety_mode__struct.h
-- Installing: /home/robot/project/ls65_ros/ls65/elite_ros_ws/install/eli_common_interface/include/eli_common_interface/eli_common_interface/srv/detail/set_payload__functions.c
-- Installing: /home/robot/project/ls65_ros/ls65/elite_ros_ws/install/eli_common_interface/include/eli_common_interface/eli_common_interface/srv/detail/set_speed_slider_fraction__functions.h
-- Installing: /home/robot/project/ls65_ros/ls65/elite_ros_ws/install/eli_common_interface/include/eli_common_interface/eli_common_interface/srv/detail/set_io__functions.c
-- Installing: /home/robot/project/ls65_ros/ls65/elite_ros_ws/install/eli_common_interface/include/eli_common_interface/eli_common_interface/srv/detail/get_safety_mode__functions.c
-- Installing: /home/robot/project/ls65_ros/ls65/elite_ros_ws/install/eli_common_interface/include/eli_common_interface/eli_common_interface/srv/detail/get_task_status__functions.h
-- Installing: /home/robot/project/ls65_ros/ls65/elite_ros_ws/install/eli_common_interface/include/eli_common_interface/eli_common_interface/srv/detail/get_task_status__functions.c
-- Installing: /home/robot/project/ls65_ros/ls65/elite_ros_ws/install/eli_common_interface/include/eli_common_interface/eli_common_interface/srv/detail/set_io__struct.h
-- Installing: /home/robot/project/ls65_ros/ls65/elite_ros_ws/install/eli_common_interface/include/eli_common_interface/eli_common_interface/srv/detail/get_robot_mode__struct.h
-- Installing: /home/robot/project/ls65_ros/ls65/elite_ros_ws/install/eli_common_interface/include/eli_common_interface/eli_common_interface/srv/detail/set_io__functions.h
-- Installing: /home/robot/project/ls65_ros/ls65/elite_ros_ws/install/eli_common_interface/include/eli_common_interface/eli_common_interface/srv/detail/get_safety_mode__functions.h
-- Installing: /home/robot/project/ls65_ros/ls65/elite_ros_ws/install/eli_common_interface/include/eli_common_interface/eli_common_interface/srv/detail/set_io__type_support.h
-- Installing: /home/robot/project/ls65_ros/ls65/elite_ros_ws/install/eli_common_interface/include/eli_common_interface/eli_common_interface/srv/detail/set_speed_slider_fraction__functions.c
-- Installing: /home/robot/project/ls65_ros/ls65/elite_ros_ws/install/eli_common_interface/include/eli_common_interface/eli_common_interface/srv/get_task_status.h
-- Installing: /home/robot/project/ls65_ros/ls65/elite_ros_ws/install/eli_common_interface/include/eli_common_interface/eli_common_interface/srv/set_io.h
-- Installing: /home/robot/project/ls65_ros/ls65/elite_ros_ws/install/eli_common_interface/include/eli_common_interface/eli_common_interface/srv/get_robot_mode.h
-- Installing: /home/robot/project/ls65_ros/ls65/elite_ros_ws/install/eli_common_interface/include/eli_common_interface/eli_common_interface/srv/set_payload.h
-- Installing: /home/robot/project/ls65_ros/ls65/elite_ros_ws/install/eli_common_interface/include/eli_common_interface/eli_common_interface/srv/set_speed_slider_fraction.h
-- Installing: /home/robot/project/ls65_ros/ls65/elite_ros_ws/install/eli_common_interface/include/eli_common_interface/eli_common_interface/srv/get_safety_mode.h
-- Installing: /home/robot/project/ls65_ros/ls65/elite_ros_ws/install/eli_common_interface/share/eli_common_interface/environment/library_path.sh
-- Installing: /home/robot/project/ls65_ros/ls65/elite_ros_ws/install/eli_common_interface/share/eli_common_interface/environment/library_path.dsv
-- Installing: /home/robot/project/ls65_ros/ls65/elite_ros_ws/install/eli_common_interface/lib/libeli_common_interface__rosidl_generator_c.so
-- Set runtime path of "/home/robot/project/ls65_ros/ls65/elite_ros_ws/install/eli_common_interface/lib/libeli_common_interface__rosidl_generator_c.so" to ""
-- Up-to-date: /home/robot/project/ls65_ros/ls65/elite_ros_ws/install/eli_common_interface/include/eli_common_interface/eli_common_interface
-- Up-to-date: /home/robot/project/ls65_ros/ls65/elite_ros_ws/install/eli_common_interface/include/eli_common_interface/eli_common_interface/msg
-- Up-to-date: /home/robot/project/ls65_ros/ls65/elite_ros_ws/install/eli_common_interface/include/eli_common_interface/eli_common_interface/msg/detail
-- Installing: /home/robot/project/ls65_ros/ls65/elite_ros_ws/install/eli_common_interface/include/eli_common_interface/eli_common_interface/msg/detail/analog__rosidl_typesupport_fastrtps_c.h
-- Installing: /home/robot/project/ls65_ros/ls65/elite_ros_ws/install/eli_common_interface/include/eli_common_interface/eli_common_interface/msg/detail/robot_mode__rosidl_typesupport_fastrtps_c.h
-- Installing: /home/robot/project/ls65_ros/ls65/elite_ros_ws/install/eli_common_interface/include/eli_common_interface/eli_common_interface/msg/detail/task_status__rosidl_typesupport_fastrtps_c.h
-- Installing: /home/robot/project/ls65_ros/ls65/elite_ros_ws/install/eli_common_interface/include/eli_common_interface/eli_common_interface/msg/detail/io_state__rosidl_typesupport_fastrtps_c.h
-- Installing: /home/robot/project/ls65_ros/ls65/elite_ros_ws/install/eli_common_interface/include/eli_common_interface/eli_common_interface/msg/detail/tool_data__rosidl_typesupport_fastrtps_c.h
-- Installing: /home/robot/project/ls65_ros/ls65/elite_ros_ws/install/eli_common_interface/include/eli_common_interface/eli_common_interface/msg/detail/safety_mode__rosidl_typesupport_fastrtps_c.h
-- Installing: /home/robot/project/ls65_ros/ls65/elite_ros_ws/install/eli_common_interface/include/eli_common_interface/eli_common_interface/msg/rosidl_typesupport_fastrtps_c__visibility_control.h
-- Up-to-date: /home/robot/project/ls65_ros/ls65/elite_ros_ws/install/eli_common_interface/include/eli_common_interface/eli_common_interface/srv
-- Up-to-date: /home/robot/project/ls65_ros/ls65/elite_ros_ws/install/eli_common_interface/include/eli_common_interface/eli_common_interface/srv/detail
-- Installing: /home/robot/project/ls65_ros/ls65/elite_ros_ws/install/eli_common_interface/include/eli_common_interface/eli_common_interface/srv/detail/get_robot_mode__rosidl_typesupport_fastrtps_c.h
-- Installing: /home/robot/project/ls65_ros/ls65/elite_ros_ws/install/eli_common_interface/include/eli_common_interface/eli_common_interface/srv/detail/set_io__rosidl_typesupport_fastrtps_c.h
-- Installing: /home/robot/project/ls65_ros/ls65/elite_ros_ws/install/eli_common_interface/include/eli_common_interface/eli_common_interface/srv/detail/get_task_status__rosidl_typesupport_fastrtps_c.h
-- Installing: /home/robot/project/ls65_ros/ls65/elite_ros_ws/install/eli_common_interface/include/eli_common_interface/eli_common_interface/srv/detail/set_speed_slider_fraction__rosidl_typesupport_fastrtps_c.h
-- Installing: /home/robot/project/ls65_ros/ls65/elite_ros_ws/install/eli_common_interface/include/eli_common_interface/eli_common_interface/srv/detail/get_safety_mode__rosidl_typesupport_fastrtps_c.h
-- Installing: /home/robot/project/ls65_ros/ls65/elite_ros_ws/install/eli_common_interface/include/eli_common_interface/eli_common_interface/srv/detail/set_payload__rosidl_typesupport_fastrtps_c.h
-- Installing: /home/robot/project/ls65_ros/ls65/elite_ros_ws/install/eli_common_interface/lib/libeli_common_interface__rosidl_typesupport_fastrtps_c.so
-- Set runtime path of "/home/robot/project/ls65_ros/ls65/elite_ros_ws/install/eli_common_interface/lib/libeli_common_interface__rosidl_typesupport_fastrtps_c.so" to ""
-- Up-to-date: /home/robot/project/ls65_ros/ls65/elite_ros_ws/install/eli_common_interface/include/eli_common_interface/eli_common_interface
-- Up-to-date: /home/robot/project/ls65_ros/ls65/elite_ros_ws/install/eli_common_interface/include/eli_common_interface/eli_common_interface/msg
-- Up-to-date: /home/robot/project/ls65_ros/ls65/elite_ros_ws/install/eli_common_interface/include/eli_common_interface/eli_common_interface/msg/detail
-- Installing: /home/robot/project/ls65_ros/ls65/elite_ros_ws/install/eli_common_interface/include/eli_common_interface/eli_common_interface/msg/detail/io_state__rosidl_typesupport_introspection_c.h
-- Installing: /home/robot/project/ls65_ros/ls65/elite_ros_ws/install/eli_common_interface/include/eli_common_interface/eli_common_interface/msg/detail/safety_mode__type_support.c
-- Installing: /home/robot/project/ls65_ros/ls65/elite_ros_ws/install/eli_common_interface/include/eli_common_interface/eli_common_interface/msg/detail/robot_mode__rosidl_typesupport_introspection_c.h
-- Installing: /home/robot/project/ls65_ros/ls65/elite_ros_ws/install/eli_common_interface/include/eli_common_interface/eli_common_interface/msg/detail/analog__rosidl_typesupport_introspection_c.h
-- Installing: /home/robot/project/ls65_ros/ls65/elite_ros_ws/install/eli_common_interface/include/eli_common_interface/eli_common_interface/msg/detail/robot_mode__type_support.c
-- Installing: /home/robot/project/ls65_ros/ls65/elite_ros_ws/install/eli_common_interface/include/eli_common_interface/eli_common_interface/msg/detail/task_status__rosidl_typesupport_introspection_c.h
-- Installing: /home/robot/project/ls65_ros/ls65/elite_ros_ws/install/eli_common_interface/include/eli_common_interface/eli_common_interface/msg/detail/io_state__type_support.c
-- Installing: /home/robot/project/ls65_ros/ls65/elite_ros_ws/install/eli_common_interface/include/eli_common_interface/eli_common_interface/msg/detail/task_status__type_support.c
-- Installing: /home/robot/project/ls65_ros/ls65/elite_ros_ws/install/eli_common_interface/include/eli_common_interface/eli_common_interface/msg/detail/tool_data__type_support.c
-- Installing: /home/robot/project/ls65_ros/ls65/elite_ros_ws/install/eli_common_interface/include/eli_common_interface/eli_common_interface/msg/detail/analog__type_support.c
-- Installing: /home/robot/project/ls65_ros/ls65/elite_ros_ws/install/eli_common_interface/include/eli_common_interface/eli_common_interface/msg/detail/tool_data__rosidl_typesupport_introspection_c.h
-- Installing: /home/robot/project/ls65_ros/ls65/elite_ros_ws/install/eli_common_interface/include/eli_common_interface/eli_common_interface/msg/detail/safety_mode__rosidl_typesupport_introspection_c.h
-- Installing: /home/robot/project/ls65_ros/ls65/elite_ros_ws/install/eli_common_interface/include/eli_common_interface/eli_common_interface/msg/rosidl_typesupport_introspection_c__visibility_control.h
-- Up-to-date: /home/robot/project/ls65_ros/ls65/elite_ros_ws/install/eli_common_interface/include/eli_common_interface/eli_common_interface/srv
-- Up-to-date: /home/robot/project/ls65_ros/ls65/elite_ros_ws/install/eli_common_interface/include/eli_common_interface/eli_common_interface/srv/detail
-- Installing: /home/robot/project/ls65_ros/ls65/elite_ros_ws/install/eli_common_interface/include/eli_common_interface/eli_common_interface/srv/detail/set_io__rosidl_typesupport_introspection_c.h
-- Installing: /home/robot/project/ls65_ros/ls65/elite_ros_ws/install/eli_common_interface/include/eli_common_interface/eli_common_interface/srv/detail/get_task_status__type_support.c
-- Installing: /home/robot/project/ls65_ros/ls65/elite_ros_ws/install/eli_common_interface/include/eli_common_interface/eli_common_interface/srv/detail/set_payload__type_support.c
-- Installing: /home/robot/project/ls65_ros/ls65/elite_ros_ws/install/eli_common_interface/include/eli_common_interface/eli_common_interface/srv/detail/set_speed_slider_fraction__rosidl_typesupport_introspection_c.h
-- Installing: /home/robot/project/ls65_ros/ls65/elite_ros_ws/install/eli_common_interface/include/eli_common_interface/eli_common_interface/srv/detail/get_task_status__rosidl_typesupport_introspection_c.h
-- Installing: /home/robot/project/ls65_ros/ls65/elite_ros_ws/install/eli_common_interface/include/eli_common_interface/eli_common_interface/srv/detail/get_safety_mode__rosidl_typesupport_introspection_c.h
-- Installing: /home/robot/project/ls65_ros/ls65/elite_ros_ws/install/eli_common_interface/include/eli_common_interface/eli_common_interface/srv/detail/set_io__type_support.c
-- Installing: /home/robot/project/ls65_ros/ls65/elite_ros_ws/install/eli_common_interface/include/eli_common_interface/eli_common_interface/srv/detail/set_speed_slider_fraction__type_support.c
-- Installing: /home/robot/project/ls65_ros/ls65/elite_ros_ws/install/eli_common_interface/include/eli_common_interface/eli_common_interface/srv/detail/set_payload__rosidl_typesupport_introspection_c.h
-- Installing: /home/robot/project/ls65_ros/ls65/elite_ros_ws/install/eli_common_interface/include/eli_common_interface/eli_common_interface/srv/detail/get_robot_mode__rosidl_typesupport_introspection_c.h
-- Installing: /home/robot/project/ls65_ros/ls65/elite_ros_ws/install/eli_common_interface/include/eli_common_interface/eli_common_interface/srv/detail/get_robot_mode__type_support.c
-- Installing: /home/robot/project/ls65_ros/ls65/elite_ros_ws/install/eli_common_interface/include/eli_common_interface/eli_common_interface/srv/detail/get_safety_mode__type_support.c
-- Installing: /home/robot/project/ls65_ros/ls65/elite_ros_ws/install/eli_common_interface/lib/libeli_common_interface__rosidl_typesupport_introspection_c.so
-- Set runtime path of "/home/robot/project/ls65_ros/ls65/elite_ros_ws/install/eli_common_interface/lib/libeli_common_interface__rosidl_typesupport_introspection_c.so" to ""
-- Installing: /home/robot/project/ls65_ros/ls65/elite_ros_ws/install/eli_common_interface/lib/libeli_common_interface__rosidl_typesupport_c.so
-- Set runtime path of "/home/robot/project/ls65_ros/ls65/elite_ros_ws/install/eli_common_interface/lib/libeli_common_interface__rosidl_typesupport_c.so" to ""
-- Up-to-date: /home/robot/project/ls65_ros/ls65/elite_ros_ws/install/eli_common_interface/include/eli_common_interface/eli_common_interface
-- Up-to-date: /home/robot/project/ls65_ros/ls65/elite_ros_ws/install/eli_common_interface/include/eli_common_interface/eli_common_interface/msg
-- Installing: /home/robot/project/ls65_ros/ls65/elite_ros_ws/install/eli_common_interface/include/eli_common_interface/eli_common_interface/msg/task_status.hpp
-- Up-to-date: /home/robot/project/ls65_ros/ls65/elite_ros_ws/install/eli_common_interface/include/eli_common_interface/eli_common_interface/msg/detail
-- Installing: /home/robot/project/ls65_ros/ls65/elite_ros_ws/install/eli_common_interface/include/eli_common_interface/eli_common_interface/msg/detail/io_state__type_support.hpp
-- Installing: /home/robot/project/ls65_ros/ls65/elite_ros_ws/install/eli_common_interface/include/eli_common_interface/eli_common_interface/msg/detail/robot_mode__struct.hpp
-- Installing: /home/robot/project/ls65_ros/ls65/elite_ros_ws/install/eli_common_interface/include/eli_common_interface/eli_common_interface/msg/detail/tool_data__struct.hpp
-- Installing: /home/robot/project/ls65_ros/ls65/elite_ros_ws/install/eli_common_interface/include/eli_common_interface/eli_common_interface/msg/detail/robot_mode__traits.hpp
-- Installing: /home/robot/project/ls65_ros/ls65/elite_ros_ws/install/eli_common_interface/include/eli_common_interface/eli_common_interface/msg/detail/analog__traits.hpp
-- Installing: /home/robot/project/ls65_ros/ls65/elite_ros_ws/install/eli_common_interface/include/eli_common_interface/eli_common_interface/msg/detail/robot_mode__builder.hpp
-- Installing: /home/robot/project/ls65_ros/ls65/elite_ros_ws/install/eli_common_interface/include/eli_common_interface/eli_common_interface/msg/detail/task_status__type_support.hpp
-- Installing: /home/robot/project/ls65_ros/ls65/elite_ros_ws/install/eli_common_interface/include/eli_common_interface/eli_common_interface/msg/detail/analog__builder.hpp
-- Installing: /home/robot/project/ls65_ros/ls65/elite_ros_ws/install/eli_common_interface/include/eli_common_interface/eli_common_interface/msg/detail/safety_mode__struct.hpp
-- Installing: /home/robot/project/ls65_ros/ls65/elite_ros_ws/install/eli_common_interface/include/eli_common_interface/eli_common_interface/msg/detail/safety_mode__type_support.hpp
-- Installing: /home/robot/project/ls65_ros/ls65/elite_ros_ws/install/eli_common_interface/include/eli_common_interface/eli_common_interface/msg/detail/task_status__struct.hpp
-- Installing: /home/robot/project/ls65_ros/ls65/elite_ros_ws/install/eli_common_interface/include/eli_common_interface/eli_common_interface/msg/detail/io_state__builder.hpp
-- Installing: /home/robot/project/ls65_ros/ls65/elite_ros_ws/install/eli_common_interface/include/eli_common_interface/eli_common_interface/msg/detail/analog__type_support.hpp
-- Installing: /home/robot/project/ls65_ros/ls65/elite_ros_ws/install/eli_common_interface/include/eli_common_interface/eli_common_interface/msg/detail/task_status__builder.hpp
-- Installing: /home/robot/project/ls65_ros/ls65/elite_ros_ws/install/eli_common_interface/include/eli_common_interface/eli_common_interface/msg/detail/tool_data__builder.hpp
-- Installing: /home/robot/project/ls65_ros/ls65/elite_ros_ws/install/eli_common_interface/include/eli_common_interface/eli_common_interface/msg/detail/safety_mode__traits.hpp
-- Installing: /home/robot/project/ls65_ros/ls65/elite_ros_ws/install/eli_common_interface/include/eli_common_interface/eli_common_interface/msg/detail/analog__struct.hpp
-- Installing: /home/robot/project/ls65_ros/ls65/elite_ros_ws/install/eli_common_interface/include/eli_common_interface/eli_common_interface/msg/detail/task_status__traits.hpp
-- Installing: /home/robot/project/ls65_ros/ls65/elite_ros_ws/install/eli_common_interface/include/eli_common_interface/eli_common_interface/msg/detail/tool_data__type_support.hpp
-- Installing: /home/robot/project/ls65_ros/ls65/elite_ros_ws/install/eli_common_interface/include/eli_common_interface/eli_common_interface/msg/detail/safety_mode__builder.hpp
-- Installing: /home/robot/project/ls65_ros/ls65/elite_ros_ws/install/eli_common_interface/include/eli_common_interface/eli_common_interface/msg/detail/tool_data__traits.hpp
-- Installing: /home/robot/project/ls65_ros/ls65/elite_ros_ws/install/eli_common_interface/include/eli_common_interface/eli_common_interface/msg/detail/io_state__struct.hpp
-- Installing: /home/robot/project/ls65_ros/ls65/elite_ros_ws/install/eli_common_interface/include/eli_common_interface/eli_common_interface/msg/detail/io_state__traits.hpp
-- Installing: /home/robot/project/ls65_ros/ls65/elite_ros_ws/install/eli_common_interface/include/eli_common_interface/eli_common_interface/msg/detail/robot_mode__type_support.hpp
-- Installing: /home/robot/project/ls65_ros/ls65/elite_ros_ws/install/eli_common_interface/include/eli_common_interface/eli_common_interface/msg/io_state.hpp
-- Installing: /home/robot/project/ls65_ros/ls65/elite_ros_ws/install/eli_common_interface/include/eli_common_interface/eli_common_interface/msg/robot_mode.hpp
-- Installing: /home/robot/project/ls65_ros/ls65/elite_ros_ws/install/eli_common_interface/include/eli_common_interface/eli_common_interface/msg/safety_mode.hpp
-- Installing: /home/robot/project/ls65_ros/ls65/elite_ros_ws/install/eli_common_interface/include/eli_common_interface/eli_common_interface/msg/rosidl_generator_cpp__visibility_control.hpp
-- Installing: /home/robot/project/ls65_ros/ls65/elite_ros_ws/install/eli_common_interface/include/eli_common_interface/eli_common_interface/msg/tool_data.hpp
-- Installing: /home/robot/project/ls65_ros/ls65/elite_ros_ws/install/eli_common_interface/include/eli_common_interface/eli_common_interface/msg/analog.hpp
-- Up-to-date: /home/robot/project/ls65_ros/ls65/elite_ros_ws/install/eli_common_interface/include/eli_common_interface/eli_common_interface/srv
-- Up-to-date: /home/robot/project/ls65_ros/ls65/elite_ros_ws/install/eli_common_interface/include/eli_common_interface/eli_common_interface/srv/detail
-- Installing: /home/robot/project/ls65_ros/ls65/elite_ros_ws/install/eli_common_interface/include/eli_common_interface/eli_common_interface/srv/detail/get_robot_mode__struct.hpp
-- Installing: /home/robot/project/ls65_ros/ls65/elite_ros_ws/install/eli_common_interface/include/eli_common_interface/eli_common_interface/srv/detail/set_payload__builder.hpp
-- Installing: /home/robot/project/ls65_ros/ls65/elite_ros_ws/install/eli_common_interface/include/eli_common_interface/eli_common_interface/srv/detail/set_payload__traits.hpp
-- Installing: /home/robot/project/ls65_ros/ls65/elite_ros_ws/install/eli_common_interface/include/eli_common_interface/eli_common_interface/srv/detail/get_robot_mode__traits.hpp
-- Installing: /home/robot/project/ls65_ros/ls65/elite_ros_ws/install/eli_common_interface/include/eli_common_interface/eli_common_interface/srv/detail/get_robot_mode__builder.hpp
-- Installing: /home/robot/project/ls65_ros/ls65/elite_ros_ws/install/eli_common_interface/include/eli_common_interface/eli_common_interface/srv/detail/get_safety_mode__type_support.hpp
-- Installing: /home/robot/project/ls65_ros/ls65/elite_ros_ws/install/eli_common_interface/include/eli_common_interface/eli_common_interface/srv/detail/set_speed_slider_fraction__builder.hpp
-- Installing: /home/robot/project/ls65_ros/ls65/elite_ros_ws/install/eli_common_interface/include/eli_common_interface/eli_common_interface/srv/detail/get_task_status__type_support.hpp
-- Installing: /home/robot/project/ls65_ros/ls65/elite_ros_ws/install/eli_common_interface/include/eli_common_interface/eli_common_interface/srv/detail/get_safety_mode__struct.hpp
-- Installing: /home/robot/project/ls65_ros/ls65/elite_ros_ws/install/eli_common_interface/include/eli_common_interface/eli_common_interface/srv/detail/set_io__builder.hpp
-- Installing: /home/robot/project/ls65_ros/ls65/elite_ros_ws/install/eli_common_interface/include/eli_common_interface/eli_common_interface/srv/detail/set_speed_slider_fraction__type_support.hpp
-- Installing: /home/robot/project/ls65_ros/ls65/elite_ros_ws/install/eli_common_interface/include/eli_common_interface/eli_common_interface/srv/detail/set_io__type_support.hpp
-- Installing: /home/robot/project/ls65_ros/ls65/elite_ros_ws/install/eli_common_interface/include/eli_common_interface/eli_common_interface/srv/detail/set_speed_slider_fraction__struct.hpp
-- Installing: /home/robot/project/ls65_ros/ls65/elite_ros_ws/install/eli_common_interface/include/eli_common_interface/eli_common_interface/srv/detail/get_safety_mode__traits.hpp
-- Installing: /home/robot/project/ls65_ros/ls65/elite_ros_ws/install/eli_common_interface/include/eli_common_interface/eli_common_interface/srv/detail/set_payload__type_support.hpp
-- Installing: /home/robot/project/ls65_ros/ls65/elite_ros_ws/install/eli_common_interface/include/eli_common_interface/eli_common_interface/srv/detail/set_speed_slider_fraction__traits.hpp
-- Installing: /home/robot/project/ls65_ros/ls65/elite_ros_ws/install/eli_common_interface/include/eli_common_interface/eli_common_interface/srv/detail/get_task_status__struct.hpp
-- Installing: /home/robot/project/ls65_ros/ls65/elite_ros_ws/install/eli_common_interface/include/eli_common_interface/eli_common_interface/srv/detail/get_task_status__builder.hpp
-- Installing: /home/robot/project/ls65_ros/ls65/elite_ros_ws/install/eli_common_interface/include/eli_common_interface/eli_common_interface/srv/detail/get_robot_mode__type_support.hpp
-- Installing: /home/robot/project/ls65_ros/ls65/elite_ros_ws/install/eli_common_interface/include/eli_common_interface/eli_common_interface/srv/detail/set_payload__struct.hpp
-- Installing: /home/robot/project/ls65_ros/ls65/elite_ros_ws/install/eli_common_interface/include/eli_common_interface/eli_common_interface/srv/detail/get_task_status__traits.hpp
-- Installing: /home/robot/project/ls65_ros/ls65/elite_ros_ws/install/eli_common_interface/include/eli_common_interface/eli_common_interface/srv/detail/set_io__traits.hpp
-- Installing: /home/robot/project/ls65_ros/ls65/elite_ros_ws/install/eli_common_interface/include/eli_common_interface/eli_common_interface/srv/detail/get_safety_mode__builder.hpp
-- Installing: /home/robot/project/ls65_ros/ls65/elite_ros_ws/install/eli_common_interface/include/eli_common_interface/eli_common_interface/srv/detail/set_io__struct.hpp
-- Installing: /home/robot/project/ls65_ros/ls65/elite_ros_ws/install/eli_common_interface/include/eli_common_interface/eli_common_interface/srv/set_io.hpp
-- Installing: /home/robot/project/ls65_ros/ls65/elite_ros_ws/install/eli_common_interface/include/eli_common_interface/eli_common_interface/srv/get_task_status.hpp
-- Installing: /home/robot/project/ls65_ros/ls65/elite_ros_ws/install/eli_common_interface/include/eli_common_interface/eli_common_interface/srv/get_safety_mode.hpp
-- Installing: /home/robot/project/ls65_ros/ls65/elite_ros_ws/install/eli_common_interface/include/eli_common_interface/eli_common_interface/srv/set_speed_slider_fraction.hpp
-- Installing: /home/robot/project/ls65_ros/ls65/elite_ros_ws/install/eli_common_interface/include/eli_common_interface/eli_common_interface/srv/get_robot_mode.hpp
-- Installing: /home/robot/project/ls65_ros/ls65/elite_ros_ws/install/eli_common_interface/include/eli_common_interface/eli_common_interface/srv/set_payload.hpp
-- Up-to-date: /home/robot/project/ls65_ros/ls65/elite_ros_ws/install/eli_common_interface/include/eli_common_interface/eli_common_interface
-- Up-to-date: /home/robot/project/ls65_ros/ls65/elite_ros_ws/install/eli_common_interface/include/eli_common_interface/eli_common_interface/msg
-- Up-to-date: /home/robot/project/ls65_ros/ls65/elite_ros_ws/install/eli_common_interface/include/eli_common_interface/eli_common_interface/msg/detail
-- Installing: /home/robot/project/ls65_ros/ls65/elite_ros_ws/install/eli_common_interface/include/eli_common_interface/eli_common_interface/msg/detail/safety_mode__rosidl_typesupport_fastrtps_cpp.hpp
-- Installing: /home/robot/project/ls65_ros/ls65/elite_ros_ws/install/eli_common_interface/include/eli_common_interface/eli_common_interface/msg/detail/io_state__rosidl_typesupport_fastrtps_cpp.hpp
-- Installing: /home/robot/project/ls65_ros/ls65/elite_ros_ws/install/eli_common_interface/include/eli_common_interface/eli_common_interface/msg/detail/tool_data__rosidl_typesupport_fastrtps_cpp.hpp
-- Installing: /home/robot/project/ls65_ros/ls65/elite_ros_ws/install/eli_common_interface/include/eli_common_interface/eli_common_interface/msg/detail/task_status__rosidl_typesupport_fastrtps_cpp.hpp
-- Installing: /home/robot/project/ls65_ros/ls65/elite_ros_ws/install/eli_common_interface/include/eli_common_interface/eli_common_interface/msg/detail/dds_fastrtps
-- Installing: /home/robot/project/ls65_ros/ls65/elite_ros_ws/install/eli_common_interface/include/eli_common_interface/eli_common_interface/msg/detail/analog__rosidl_typesupport_fastrtps_cpp.hpp
-- Installing: /home/robot/project/ls65_ros/ls65/elite_ros_ws/install/eli_common_interface/include/eli_common_interface/eli_common_interface/msg/detail/robot_mode__rosidl_typesupport_fastrtps_cpp.hpp
-- Installing: /home/robot/project/ls65_ros/ls65/elite_ros_ws/install/eli_common_interface/include/eli_common_interface/eli_common_interface/msg/rosidl_typesupport_fastrtps_cpp__visibility_control.h
-- Up-to-date: /home/robot/project/ls65_ros/ls65/elite_ros_ws/install/eli_common_interface/include/eli_common_interface/eli_common_interface/srv
-- Up-to-date: /home/robot/project/ls65_ros/ls65/elite_ros_ws/install/eli_common_interface/include/eli_common_interface/eli_common_interface/srv/detail
-- Installing: /home/robot/project/ls65_ros/ls65/elite_ros_ws/install/eli_common_interface/include/eli_common_interface/eli_common_interface/srv/detail/set_payload__rosidl_typesupport_fastrtps_cpp.hpp
-- Installing: /home/robot/project/ls65_ros/ls65/elite_ros_ws/install/eli_common_interface/include/eli_common_interface/eli_common_interface/srv/detail/set_speed_slider_fraction__rosidl_typesupport_fastrtps_cpp.hpp
-- Installing: /home/robot/project/ls65_ros/ls65/elite_ros_ws/install/eli_common_interface/include/eli_common_interface/eli_common_interface/srv/detail/get_robot_mode__rosidl_typesupport_fastrtps_cpp.hpp
-- Installing: /home/robot/project/ls65_ros/ls65/elite_ros_ws/install/eli_common_interface/include/eli_common_interface/eli_common_interface/srv/detail/get_safety_mode__rosidl_typesupport_fastrtps_cpp.hpp
-- Installing: /home/robot/project/ls65_ros/ls65/elite_ros_ws/install/eli_common_interface/include/eli_common_interface/eli_common_interface/srv/detail/dds_fastrtps
-- Installing: /home/robot/project/ls65_ros/ls65/elite_ros_ws/install/eli_common_interface/include/eli_common_interface/eli_common_interface/srv/detail/get_task_status__rosidl_typesupport_fastrtps_cpp.hpp
-- Installing: /home/robot/project/ls65_ros/ls65/elite_ros_ws/install/eli_common_interface/include/eli_common_interface/eli_common_interface/srv/detail/set_io__rosidl_typesupport_fastrtps_cpp.hpp
-- Installing: /home/robot/project/ls65_ros/ls65/elite_ros_ws/install/eli_common_interface/lib/libeli_common_interface__rosidl_typesupport_fastrtps_cpp.so
-- Set runtime path of "/home/robot/project/ls65_ros/ls65/elite_ros_ws/install/eli_common_interface/lib/libeli_common_interface__rosidl_typesupport_fastrtps_cpp.so" to ""
-- Up-to-date: /home/robot/project/ls65_ros/ls65/elite_ros_ws/install/eli_common_interface/include/eli_common_interface/eli_common_interface
-- Up-to-date: /home/robot/project/ls65_ros/ls65/elite_ros_ws/install/eli_common_interface/include/eli_common_interface/eli_common_interface/msg
-- Up-to-date: /home/robot/project/ls65_ros/ls65/elite_ros_ws/install/eli_common_interface/include/eli_common_interface/eli_common_interface/msg/detail
-- Installing: /home/robot/project/ls65_ros/ls65/elite_ros_ws/install/eli_common_interface/include/eli_common_interface/eli_common_interface/msg/detail/task_status__rosidl_typesupport_introspection_cpp.hpp
-- Installing: /home/robot/project/ls65_ros/ls65/elite_ros_ws/install/eli_common_interface/include/eli_common_interface/eli_common_interface/msg/detail/safety_mode__type_support.cpp
-- Installing: /home/robot/project/ls65_ros/ls65/elite_ros_ws/install/eli_common_interface/include/eli_common_interface/eli_common_interface/msg/detail/analog__type_support.cpp
-- Installing: /home/robot/project/ls65_ros/ls65/elite_ros_ws/install/eli_common_interface/include/eli_common_interface/eli_common_interface/msg/detail/io_state__type_support.cpp
-- Installing: /home/robot/project/ls65_ros/ls65/elite_ros_ws/install/eli_common_interface/include/eli_common_interface/eli_common_interface/msg/detail/io_state__rosidl_typesupport_introspection_cpp.hpp
-- Installing: /home/robot/project/ls65_ros/ls65/elite_ros_ws/install/eli_common_interface/include/eli_common_interface/eli_common_interface/msg/detail/analog__rosidl_typesupport_introspection_cpp.hpp
-- Installing: /home/robot/project/ls65_ros/ls65/elite_ros_ws/install/eli_common_interface/include/eli_common_interface/eli_common_interface/msg/detail/robot_mode__type_support.cpp
-- Installing: /home/robot/project/ls65_ros/ls65/elite_ros_ws/install/eli_common_interface/include/eli_common_interface/eli_common_interface/msg/detail/safety_mode__rosidl_typesupport_introspection_cpp.hpp
-- Installing: /home/robot/project/ls65_ros/ls65/elite_ros_ws/install/eli_common_interface/include/eli_common_interface/eli_common_interface/msg/detail/robot_mode__rosidl_typesupport_introspection_cpp.hpp
-- Installing: /home/robot/project/ls65_ros/ls65/elite_ros_ws/install/eli_common_interface/include/eli_common_interface/eli_common_interface/msg/detail/tool_data__type_support.cpp
-- Installing: /home/robot/project/ls65_ros/ls65/elite_ros_ws/install/eli_common_interface/include/eli_common_interface/eli_common_interface/msg/detail/task_status__type_support.cpp
-- Installing: /home/robot/project/ls65_ros/ls65/elite_ros_ws/install/eli_common_interface/include/eli_common_interface/eli_common_interface/msg/detail/tool_data__rosidl_typesupport_introspection_cpp.hpp
-- Up-to-date: /home/robot/project/ls65_ros/ls65/elite_ros_ws/install/eli_common_interface/include/eli_common_interface/eli_common_interface/srv
-- Up-to-date: /home/robot/project/ls65_ros/ls65/elite_ros_ws/install/eli_common_interface/include/eli_common_interface/eli_common_interface/srv/detail
-- Installing: /home/robot/project/ls65_ros/ls65/elite_ros_ws/install/eli_common_interface/include/eli_common_interface/eli_common_interface/srv/detail/set_payload__type_support.cpp
-- Installing: /home/robot/project/ls65_ros/ls65/elite_ros_ws/install/eli_common_interface/include/eli_common_interface/eli_common_interface/srv/detail/get_robot_mode__type_support.cpp
-- Installing: /home/robot/project/ls65_ros/ls65/elite_ros_ws/install/eli_common_interface/include/eli_common_interface/eli_common_interface/srv/detail/set_speed_slider_fraction__type_support.cpp
-- Installing: /home/robot/project/ls65_ros/ls65/elite_ros_ws/install/eli_common_interface/include/eli_common_interface/eli_common_interface/srv/detail/get_safety_mode__type_support.cpp
-- Installing: /home/robot/project/ls65_ros/ls65/elite_ros_ws/install/eli_common_interface/include/eli_common_interface/eli_common_interface/srv/detail/get_task_status__rosidl_typesupport_introspection_cpp.hpp
-- Installing: /home/robot/project/ls65_ros/ls65/elite_ros_ws/install/eli_common_interface/include/eli_common_interface/eli_common_interface/srv/detail/set_io__type_support.cpp
-- Installing: /home/robot/project/ls65_ros/ls65/elite_ros_ws/install/eli_common_interface/include/eli_common_interface/eli_common_interface/srv/detail/get_robot_mode__rosidl_typesupport_introspection_cpp.hpp
-- Installing: /home/robot/project/ls65_ros/ls65/elite_ros_ws/install/eli_common_interface/include/eli_common_interface/eli_common_interface/srv/detail/set_speed_slider_fraction__rosidl_typesupport_introspection_cpp.hpp
-- Installing: /home/robot/project/ls65_ros/ls65/elite_ros_ws/install/eli_common_interface/include/eli_common_interface/eli_common_interface/srv/detail/set_io__rosidl_typesupport_introspection_cpp.hpp
-- Installing: /home/robot/project/ls65_ros/ls65/elite_ros_ws/install/eli_common_interface/include/eli_common_interface/eli_common_interface/srv/detail/get_safety_mode__rosidl_typesupport_introspection_cpp.hpp
-- Installing: /home/robot/project/ls65_ros/ls65/elite_ros_ws/install/eli_common_interface/include/eli_common_interface/eli_common_interface/srv/detail/set_payload__rosidl_typesupport_introspection_cpp.hpp
-- Installing: /home/robot/project/ls65_ros/ls65/elite_ros_ws/install/eli_common_interface/include/eli_common_interface/eli_common_interface/srv/detail/get_task_status__type_support.cpp
-- Installing: /home/robot/project/ls65_ros/ls65/elite_ros_ws/install/eli_common_interface/lib/libeli_common_interface__rosidl_typesupport_introspection_cpp.so
-- Set runtime path of "/home/robot/project/ls65_ros/ls65/elite_ros_ws/install/eli_common_interface/lib/libeli_common_interface__rosidl_typesupport_introspection_cpp.so" to ""
-- Installing: /home/robot/project/ls65_ros/ls65/elite_ros_ws/install/eli_common_interface/lib/libeli_common_interface__rosidl_typesupport_cpp.so
-- Set runtime path of "/home/robot/project/ls65_ros/ls65/elite_ros_ws/install/eli_common_interface/lib/libeli_common_interface__rosidl_typesupport_cpp.so" to ""
-- Installing: /home/robot/project/ls65_ros/ls65/elite_ros_ws/install/eli_common_interface/share/eli_common_interface/environment/pythonpath.sh
-- Installing: /home/robot/project/ls65_ros/ls65/elite_ros_ws/install/eli_common_interface/share/eli_common_interface/environment/pythonpath.dsv
-- Installing: /home/robot/project/ls65_ros/ls65/elite_ros_ws/install/eli_common_interface/local/lib/python3.10/dist-packages/eli_common_interface-0.0.1-py3.10.egg-info
-- Installing: /home/robot/project/ls65_ros/ls65/elite_ros_ws/install/eli_common_interface/local/lib/python3.10/dist-packages/eli_common_interface-0.0.1-py3.10.egg-info/dependency_links.txt
-- Installing: /home/robot/project/ls65_ros/ls65/elite_ros_ws/install/eli_common_interface/local/lib/python3.10/dist-packages/eli_common_interface-0.0.1-py3.10.egg-info/top_level.txt
-- Installing: /home/robot/project/ls65_ros/ls65/elite_ros_ws/install/eli_common_interface/local/lib/python3.10/dist-packages/eli_common_interface-0.0.1-py3.10.egg-info/SOURCES.txt
-- Installing: /home/robot/project/ls65_ros/ls65/elite_ros_ws/install/eli_common_interface/local/lib/python3.10/dist-packages/eli_common_interface-0.0.1-py3.10.egg-info/PKG-INFO
-- Installing: /home/robot/project/ls65_ros/ls65/elite_ros_ws/install/eli_common_interface/local/lib/python3.10/dist-packages/eli_common_interface
-- Installing: /home/robot/project/ls65_ros/ls65/elite_ros_ws/install/eli_common_interface/local/lib/python3.10/dist-packages/eli_common_interface/_eli_common_interface_s.ep.rosidl_typesupport_introspection_c.c
-- Installing: /home/robot/project/ls65_ros/ls65/elite_ros_ws/install/eli_common_interface/local/lib/python3.10/dist-packages/eli_common_interface/_eli_common_interface_s.ep.rosidl_typesupport_fastrtps_c.c
-- Installing: /home/robot/project/ls65_ros/ls65/elite_ros_ws/install/eli_common_interface/local/lib/python3.10/dist-packages/eli_common_interface/__init__.py
-- Installing: /home/robot/project/ls65_ros/ls65/elite_ros_ws/install/eli_common_interface/local/lib/python3.10/dist-packages/eli_common_interface/eli_common_interface_s__rosidl_typesupport_fastrtps_c.cpython-310-x86_64-linux-gnu.so
-- Installing: /home/robot/project/ls65_ros/ls65/elite_ros_ws/install/eli_common_interface/local/lib/python3.10/dist-packages/eli_common_interface/eli_common_interface_s__rosidl_typesupport_introspection_c.cpython-310-x86_64-linux-gnu.so
-- Installing: /home/robot/project/ls65_ros/ls65/elite_ros_ws/install/eli_common_interface/local/lib/python3.10/dist-packages/eli_common_interface/_eli_common_interface_s.ep.rosidl_typesupport_c.c
-- Installing: /home/robot/project/ls65_ros/ls65/elite_ros_ws/install/eli_common_interface/local/lib/python3.10/dist-packages/eli_common_interface/msg
-- Installing: /home/robot/project/ls65_ros/ls65/elite_ros_ws/install/eli_common_interface/local/lib/python3.10/dist-packages/eli_common_interface/msg/_tool_data_s.c
-- Installing: /home/robot/project/ls65_ros/ls65/elite_ros_ws/install/eli_common_interface/local/lib/python3.10/dist-packages/eli_common_interface/msg/_io_state.py
-- Installing: /home/robot/project/ls65_ros/ls65/elite_ros_ws/install/eli_common_interface/local/lib/python3.10/dist-packages/eli_common_interface/msg/_io_state_s.c
-- Installing: /home/robot/project/ls65_ros/ls65/elite_ros_ws/install/eli_common_interface/local/lib/python3.10/dist-packages/eli_common_interface/msg/_analog.py
-- Installing: /home/robot/project/ls65_ros/ls65/elite_ros_ws/install/eli_common_interface/local/lib/python3.10/dist-packages/eli_common_interface/msg/__init__.py
-- Installing: /home/robot/project/ls65_ros/ls65/elite_ros_ws/install/eli_common_interface/local/lib/python3.10/dist-packages/eli_common_interface/msg/_task_status.py
-- Installing: /home/robot/project/ls65_ros/ls65/elite_ros_ws/install/eli_common_interface/local/lib/python3.10/dist-packages/eli_common_interface/msg/_tool_data.py
-- Installing: /home/robot/project/ls65_ros/ls65/elite_ros_ws/install/eli_common_interface/local/lib/python3.10/dist-packages/eli_common_interface/msg/_safety_mode.py
-- Installing: /home/robot/project/ls65_ros/ls65/elite_ros_ws/install/eli_common_interface/local/lib/python3.10/dist-packages/eli_common_interface/msg/_analog_s.c
-- Installing: /home/robot/project/ls65_ros/ls65/elite_ros_ws/install/eli_common_interface/local/lib/python3.10/dist-packages/eli_common_interface/msg/_task_status_s.c
-- Installing: /home/robot/project/ls65_ros/ls65/elite_ros_ws/install/eli_common_interface/local/lib/python3.10/dist-packages/eli_common_interface/msg/_robot_mode_s.c
-- Installing: /home/robot/project/ls65_ros/ls65/elite_ros_ws/install/eli_common_interface/local/lib/python3.10/dist-packages/eli_common_interface/msg/_safety_mode_s.c
-- Installing: /home/robot/project/ls65_ros/ls65/elite_ros_ws/install/eli_common_interface/local/lib/python3.10/dist-packages/eli_common_interface/msg/_robot_mode.py
-- Installing: /home/robot/project/ls65_ros/ls65/elite_ros_ws/install/eli_common_interface/local/lib/python3.10/dist-packages/eli_common_interface/srv
-- Installing: /home/robot/project/ls65_ros/ls65/elite_ros_ws/install/eli_common_interface/local/lib/python3.10/dist-packages/eli_common_interface/srv/_get_safety_mode.py
-- Installing: /home/robot/project/ls65_ros/ls65/elite_ros_ws/install/eli_common_interface/local/lib/python3.10/dist-packages/eli_common_interface/srv/_get_robot_mode.py
-- Installing: /home/robot/project/ls65_ros/ls65/elite_ros_ws/install/eli_common_interface/local/lib/python3.10/dist-packages/eli_common_interface/srv/_get_task_status_s.c
-- Installing: /home/robot/project/ls65_ros/ls65/elite_ros_ws/install/eli_common_interface/local/lib/python3.10/dist-packages/eli_common_interface/srv/_set_payload.py
-- Installing: /home/robot/project/ls65_ros/ls65/elite_ros_ws/install/eli_common_interface/local/lib/python3.10/dist-packages/eli_common_interface/srv/__init__.py
-- Installing: /home/robot/project/ls65_ros/ls65/elite_ros_ws/install/eli_common_interface/local/lib/python3.10/dist-packages/eli_common_interface/srv/_set_io_s.c
-- Installing: /home/robot/project/ls65_ros/ls65/elite_ros_ws/install/eli_common_interface/local/lib/python3.10/dist-packages/eli_common_interface/srv/_set_payload_s.c
-- Installing: /home/robot/project/ls65_ros/ls65/elite_ros_ws/install/eli_common_interface/local/lib/python3.10/dist-packages/eli_common_interface/srv/_get_robot_mode_s.c
-- Installing: /home/robot/project/ls65_ros/ls65/elite_ros_ws/install/eli_common_interface/local/lib/python3.10/dist-packages/eli_common_interface/srv/_set_speed_slider_fraction_s.c
-- Installing: /home/robot/project/ls65_ros/ls65/elite_ros_ws/install/eli_common_interface/local/lib/python3.10/dist-packages/eli_common_interface/srv/_get_safety_mode_s.c
-- Installing: /home/robot/project/ls65_ros/ls65/elite_ros_ws/install/eli_common_interface/local/lib/python3.10/dist-packages/eli_common_interface/srv/_set_speed_slider_fraction.py
-- Installing: /home/robot/project/ls65_ros/ls65/elite_ros_ws/install/eli_common_interface/local/lib/python3.10/dist-packages/eli_common_interface/srv/_set_io.py
-- Installing: /home/robot/project/ls65_ros/ls65/elite_ros_ws/install/eli_common_interface/local/lib/python3.10/dist-packages/eli_common_interface/srv/_get_task_status.py
-- Installing: /home/robot/project/ls65_ros/ls65/elite_ros_ws/install/eli_common_interface/local/lib/python3.10/dist-packages/eli_common_interface/libeli_common_interface__rosidl_generator_py.so
-- Installing: /home/robot/project/ls65_ros/ls65/elite_ros_ws/install/eli_common_interface/local/lib/python3.10/dist-packages/eli_common_interface/eli_common_interface_s__rosidl_typesupport_c.cpython-310-x86_64-linux-gnu.so
Listing '/home/robot/project/ls65_ros/ls65/elite_ros_ws/install/eli_common_interface/local/lib/python3.10/dist-packages/eli_common_interface'...
Compiling '/home/robot/project/ls65_ros/ls65/elite_ros_ws/install/eli_common_interface/local/lib/python3.10/dist-packages/eli_common_interface/__init__.py'...
Listing '/home/robot/project/ls65_ros/ls65/elite_ros_ws/install/eli_common_interface/local/lib/python3.10/dist-packages/eli_common_interface/msg'...
Compiling '/home/robot/project/ls65_ros/ls65/elite_ros_ws/install/eli_common_interface/local/lib/python3.10/dist-packages/eli_common_interface/msg/__init__.py'...
Compiling '/home/robot/project/ls65_ros/ls65/elite_ros_ws/install/eli_common_interface/local/lib/python3.10/dist-packages/eli_common_interface/msg/_analog.py'...
Compiling '/home/robot/project/ls65_ros/ls65/elite_ros_ws/install/eli_common_interface/local/lib/python3.10/dist-packages/eli_common_interface/msg/_io_state.py'...
Compiling '/home/robot/project/ls65_ros/ls65/elite_ros_ws/install/eli_common_interface/local/lib/python3.10/dist-packages/eli_common_interface/msg/_robot_mode.py'...
Compiling '/home/robot/project/ls65_ros/ls65/elite_ros_ws/install/eli_common_interface/local/lib/python3.10/dist-packages/eli_common_interface/msg/_safety_mode.py'...
Compiling '/home/robot/project/ls65_ros/ls65/elite_ros_ws/install/eli_common_interface/local/lib/python3.10/dist-packages/eli_common_interface/msg/_task_status.py'...
Compiling '/home/robot/project/ls65_ros/ls65/elite_ros_ws/install/eli_common_interface/local/lib/python3.10/dist-packages/eli_common_interface/msg/_tool_data.py'...
Listing '/home/robot/project/ls65_ros/ls65/elite_ros_ws/install/eli_common_interface/local/lib/python3.10/dist-packages/eli_common_interface/srv'...
Compiling '/home/robot/project/ls65_ros/ls65/elite_ros_ws/install/eli_common_interface/local/lib/python3.10/dist-packages/eli_common_interface/srv/__init__.py'...
Compiling '/home/robot/project/ls65_ros/ls65/elite_ros_ws/install/eli_common_interface/local/lib/python3.10/dist-packages/eli_common_interface/srv/_get_robot_mode.py'...
Compiling '/home/robot/project/ls65_ros/ls65/elite_ros_ws/install/eli_common_interface/local/lib/python3.10/dist-packages/eli_common_interface/srv/_get_safety_mode.py'...
Compiling '/home/robot/project/ls65_ros/ls65/elite_ros_ws/install/eli_common_interface/local/lib/python3.10/dist-packages/eli_common_interface/srv/_get_task_status.py'...
Compiling '/home/robot/project/ls65_ros/ls65/elite_ros_ws/install/eli_common_interface/local/lib/python3.10/dist-packages/eli_common_interface/srv/_set_io.py'...
Compiling '/home/robot/project/ls65_ros/ls65/elite_ros_ws/install/eli_common_interface/local/lib/python3.10/dist-packages/eli_common_interface/srv/_set_payload.py'...
Compiling '/home/robot/project/ls65_ros/ls65/elite_ros_ws/install/eli_common_interface/local/lib/python3.10/dist-packages/eli_common_interface/srv/_set_speed_slider_fraction.py'...
-- Installing: /home/robot/project/ls65_ros/ls65/elite_ros_ws/install/eli_common_interface/local/lib/python3.10/dist-packages/eli_common_interface/eli_common_interface_s__rosidl_typesupport_fastrtps_c.cpython-310-x86_64-linux-gnu.so
-- Set runtime path of "/home/robot/project/ls65_ros/ls65/elite_ros_ws/install/eli_common_interface/local/lib/python3.10/dist-packages/eli_common_interface/eli_common_interface_s__rosidl_typesupport_fastrtps_c.cpython-310-x86_64-linux-gnu.so" to ""
-- Installing: /home/robot/project/ls65_ros/ls65/elite_ros_ws/install/eli_common_interface/local/lib/python3.10/dist-packages/eli_common_interface/eli_common_interface_s__rosidl_typesupport_introspection_c.cpython-310-x86_64-linux-gnu.so
-- Set runtime path of "/home/robot/project/ls65_ros/ls65/elite_ros_ws/install/eli_common_interface/local/lib/python3.10/dist-packages/eli_common_interface/eli_common_interface_s__rosidl_typesupport_introspection_c.cpython-310-x86_64-linux-gnu.so" to ""
-- Installing: /home/robot/project/ls65_ros/ls65/elite_ros_ws/install/eli_common_interface/local/lib/python3.10/dist-packages/eli_common_interface/eli_common_interface_s__rosidl_typesupport_c.cpython-310-x86_64-linux-gnu.so
-- Set runtime path of "/home/robot/project/ls65_ros/ls65/elite_ros_ws/install/eli_common_interface/local/lib/python3.10/dist-packages/eli_common_interface/eli_common_interface_s__rosidl_typesupport_c.cpython-310-x86_64-linux-gnu.so" to ""
-- Installing: /home/robot/project/ls65_ros/ls65/elite_ros_ws/install/eli_common_interface/lib/libeli_common_interface__rosidl_generator_py.so
-- Set runtime path of "/home/robot/project/ls65_ros/ls65/elite_ros_ws/install/eli_common_interface/lib/libeli_common_interface__rosidl_generator_py.so" to ""
-- Installing: /home/robot/project/ls65_ros/ls65/elite_ros_ws/install/eli_common_interface/share/ament_index/resource_index/rust_packages/eli_common_interface
-- Installing: /home/robot/project/ls65_ros/ls65/elite_ros_ws/install/eli_common_interface/share/eli_common_interface/rust
-- Installing: /home/robot/project/ls65_ros/ls65/elite_ros_ws/install/eli_common_interface/share/eli_common_interface/rust/src
-- Installing: /home/robot/project/ls65_ros/ls65/elite_ros_ws/install/eli_common_interface/share/eli_common_interface/rust/src/msg.rs
-- Installing: /home/robot/project/ls65_ros/ls65/elite_ros_ws/install/eli_common_interface/share/eli_common_interface/rust/src/srv.rs
-- Installing: /home/robot/project/ls65_ros/ls65/elite_ros_ws/install/eli_common_interface/share/eli_common_interface/rust/src/msg
-- Installing: /home/robot/project/ls65_ros/ls65/elite_ros_ws/install/eli_common_interface/share/eli_common_interface/rust/src/msg/rmw.rs
-- Installing: /home/robot/project/ls65_ros/ls65/elite_ros_ws/install/eli_common_interface/share/eli_common_interface/rust/src/lib.rs
-- Installing: /home/robot/project/ls65_ros/ls65/elite_ros_ws/install/eli_common_interface/share/eli_common_interface/rust/src/srv
-- Installing: /home/robot/project/ls65_ros/ls65/elite_ros_ws/install/eli_common_interface/share/eli_common_interface/rust/src/srv/rmw.rs
-- Installing: /home/robot/project/ls65_ros/ls65/elite_ros_ws/install/eli_common_interface/share/eli_common_interface/rust/build.rs
-- Installing: /home/robot/project/ls65_ros/ls65/elite_ros_ws/install/eli_common_interface/share/eli_common_interface/rust/Cargo.toml
-- Installing: /home/robot/project/ls65_ros/ls65/elite_ros_ws/install/eli_common_interface/share/eli_common_interface/srv/GetTaskStatus.idl
-- Installing: /home/robot/project/ls65_ros/ls65/elite_ros_ws/install/eli_common_interface/share/eli_common_interface/srv/GetRobotMode.idl
-- Installing: /home/robot/project/ls65_ros/ls65/elite_ros_ws/install/eli_common_interface/share/eli_common_interface/srv/GetSafetyMode.idl
-- Installing: /home/robot/project/ls65_ros/ls65/elite_ros_ws/install/eli_common_interface/share/eli_common_interface/srv/SetIO.idl
-- Installing: /home/robot/project/ls65_ros/ls65/elite_ros_ws/install/eli_common_interface/share/eli_common_interface/srv/SetSpeedSliderFraction.idl
-- Installing: /home/robot/project/ls65_ros/ls65/elite_ros_ws/install/eli_common_interface/share/eli_common_interface/srv/SetPayload.idl
-- Installing: /home/robot/project/ls65_ros/ls65/elite_ros_ws/install/eli_common_interface/share/eli_common_interface/msg/RobotMode.idl
-- Installing: /home/robot/project/ls65_ros/ls65/elite_ros_ws/install/eli_common_interface/share/eli_common_interface/msg/TaskStatus.idl
-- Installing: /home/robot/project/ls65_ros/ls65/elite_ros_ws/install/eli_common_interface/share/eli_common_interface/msg/SafetyMode.idl
-- Installing: /home/robot/project/ls65_ros/ls65/elite_ros_ws/install/eli_common_interface/share/eli_common_interface/msg/Analog.idl
-- Installing: /home/robot/project/ls65_ros/ls65/elite_ros_ws/install/eli_common_interface/share/eli_common_interface/msg/IOState.idl
-- Installing: /home/robot/project/ls65_ros/ls65/elite_ros_ws/install/eli_common_interface/share/eli_common_interface/msg/ToolData.idl
-- Installing: /home/robot/project/ls65_ros/ls65/elite_ros_ws/install/eli_common_interface/share/eli_common_interface/srv/GetTaskStatus.srv
-- Installing: /home/robot/project/ls65_ros/ls65/elite_ros_ws/install/eli_common_interface/share/eli_common_interface/srv/GetTaskStatus_Request.msg
-- Installing: /home/robot/project/ls65_ros/ls65/elite_ros_ws/install/eli_common_interface/share/eli_common_interface/srv/GetTaskStatus_Response.msg
-- Installing: /home/robot/project/ls65_ros/ls65/elite_ros_ws/install/eli_common_interface/share/eli_common_interface/srv/GetRobotMode.srv
-- Installing: /home/robot/project/ls65_ros/ls65/elite_ros_ws/install/eli_common_interface/share/eli_common_interface/srv/GetRobotMode_Request.msg
-- Installing: /home/robot/project/ls65_ros/ls65/elite_ros_ws/install/eli_common_interface/share/eli_common_interface/srv/GetRobotMode_Response.msg
-- Installing: /home/robot/project/ls65_ros/ls65/elite_ros_ws/install/eli_common_interface/share/eli_common_interface/srv/GetSafetyMode.srv
-- Installing: /home/robot/project/ls65_ros/ls65/elite_ros_ws/install/eli_common_interface/share/eli_common_interface/srv/GetSafetyMode_Request.msg
-- Installing: /home/robot/project/ls65_ros/ls65/elite_ros_ws/install/eli_common_interface/share/eli_common_interface/srv/GetSafetyMode_Response.msg
-- Installing: /home/robot/project/ls65_ros/ls65/elite_ros_ws/install/eli_common_interface/share/eli_common_interface/srv/SetIO.srv
-- Installing: /home/robot/project/ls65_ros/ls65/elite_ros_ws/install/eli_common_interface/share/eli_common_interface/srv/SetIO_Request.msg
-- Installing: /home/robot/project/ls65_ros/ls65/elite_ros_ws/install/eli_common_interface/share/eli_common_interface/srv/SetIO_Response.msg
-- Installing: /home/robot/project/ls65_ros/ls65/elite_ros_ws/install/eli_common_interface/share/eli_common_interface/srv/SetSpeedSliderFraction.srv
-- Installing: /home/robot/project/ls65_ros/ls65/elite_ros_ws/install/eli_common_interface/share/eli_common_interface/srv/SetSpeedSliderFraction_Request.msg
-- Installing: /home/robot/project/ls65_ros/ls65/elite_ros_ws/install/eli_common_interface/share/eli_common_interface/srv/SetSpeedSliderFraction_Response.msg
-- Installing: /home/robot/project/ls65_ros/ls65/elite_ros_ws/install/eli_common_interface/share/eli_common_interface/srv/SetPayload.srv
-- Installing: /home/robot/project/ls65_ros/ls65/elite_ros_ws/install/eli_common_interface/share/eli_common_interface/srv/SetPayload_Request.msg
-- Installing: /home/robot/project/ls65_ros/ls65/elite_ros_ws/install/eli_common_interface/share/eli_common_interface/srv/SetPayload_Response.msg
-- Installing: /home/robot/project/ls65_ros/ls65/elite_ros_ws/install/eli_common_interface/share/eli_common_interface/msg/RobotMode.msg
-- Installing: /home/robot/project/ls65_ros/ls65/elite_ros_ws/install/eli_common_interface/share/eli_common_interface/msg/TaskStatus.msg
-- Installing: /home/robot/project/ls65_ros/ls65/elite_ros_ws/install/eli_common_interface/share/eli_common_interface/msg/SafetyMode.msg
-- Installing: /home/robot/project/ls65_ros/ls65/elite_ros_ws/install/eli_common_interface/share/eli_common_interface/msg/Analog.msg
-- Installing: /home/robot/project/ls65_ros/ls65/elite_ros_ws/install/eli_common_interface/share/eli_common_interface/msg/IOState.msg
-- Installing: /home/robot/project/ls65_ros/ls65/elite_ros_ws/install/eli_common_interface/share/eli_common_interface/msg/ToolData.msg
-- Installing: /home/robot/project/ls65_ros/ls65/elite_ros_ws/install/eli_common_interface/share/ament_index/resource_index/package_run_dependencies/eli_common_interface
-- Installing: /home/robot/project/ls65_ros/ls65/elite_ros_ws/install/eli_common_interface/share/ament_index/resource_index/parent_prefix_path/eli_common_interface
-- Installing: /home/robot/project/ls65_ros/ls65/elite_ros_ws/install/eli_common_interface/share/eli_common_interface/environment/ament_prefix_path.sh
-- Installing: /home/robot/project/ls65_ros/ls65/elite_ros_ws/install/eli_common_interface/share/eli_common_interface/environment/ament_prefix_path.dsv
-- Installing: /home/robot/project/ls65_ros/ls65/elite_ros_ws/install/eli_common_interface/share/eli_common_interface/environment/path.sh
-- Installing: /home/robot/project/ls65_ros/ls65/elite_ros_ws/install/eli_common_interface/share/eli_common_interface/environment/path.dsv
-- Installing: /home/robot/project/ls65_ros/ls65/elite_ros_ws/install/eli_common_interface/share/eli_common_interface/local_setup.bash
-- Installing: /home/robot/project/ls65_ros/ls65/elite_ros_ws/install/eli_common_interface/share/eli_common_interface/local_setup.sh
-- Installing: /home/robot/project/ls65_ros/ls65/elite_ros_ws/install/eli_common_interface/share/eli_common_interface/local_setup.zsh
-- Installing: /home/robot/project/ls65_ros/ls65/elite_ros_ws/install/eli_common_interface/share/eli_common_interface/local_setup.dsv
-- Installing: /home/robot/project/ls65_ros/ls65/elite_ros_ws/install/eli_common_interface/share/eli_common_interface/package.dsv
-- Installing: /home/robot/project/ls65_ros/ls65/elite_ros_ws/install/eli_common_interface/share/ament_index/resource_index/packages/eli_common_interface
-- Installing: /home/robot/project/ls65_ros/ls65/elite_ros_ws/install/eli_common_interface/share/eli_common_interface/cmake/export_eli_common_interface__rosidl_generator_cExport.cmake
-- Installing: /home/robot/project/ls65_ros/ls65/elite_ros_ws/install/eli_common_interface/share/eli_common_interface/cmake/export_eli_common_interface__rosidl_generator_cExport-noconfig.cmake
-- Installing: /home/robot/project/ls65_ros/ls65/elite_ros_ws/install/eli_common_interface/share/eli_common_interface/cmake/export_eli_common_interface__rosidl_typesupport_fastrtps_cExport.cmake
-- Installing: /home/robot/project/ls65_ros/ls65/elite_ros_ws/install/eli_common_interface/share/eli_common_interface/cmake/export_eli_common_interface__rosidl_typesupport_fastrtps_cExport-noconfig.cmake
-- Installing: /home/robot/project/ls65_ros/ls65/elite_ros_ws/install/eli_common_interface/share/eli_common_interface/cmake/eli_common_interface__rosidl_typesupport_introspection_cExport.cmake
-- Installing: /home/robot/project/ls65_ros/ls65/elite_ros_ws/install/eli_common_interface/share/eli_common_interface/cmake/eli_common_interface__rosidl_typesupport_introspection_cExport-noconfig.cmake
-- Installing: /home/robot/project/ls65_ros/ls65/elite_ros_ws/install/eli_common_interface/share/eli_common_interface/cmake/eli_common_interface__rosidl_typesupport_cExport.cmake
-- Installing: /home/robot/project/ls65_ros/ls65/elite_ros_ws/install/eli_common_interface/share/eli_common_interface/cmake/eli_common_interface__rosidl_typesupport_cExport-noconfig.cmake
-- Installing: /home/robot/project/ls65_ros/ls65/elite_ros_ws/install/eli_common_interface/share/eli_common_interface/cmake/export_eli_common_interface__rosidl_generator_cppExport.cmake
-- Installing: /home/robot/project/ls65_ros/ls65/elite_ros_ws/install/eli_common_interface/share/eli_common_interface/cmake/export_eli_common_interface__rosidl_typesupport_fastrtps_cppExport.cmake
-- Installing: /home/robot/project/ls65_ros/ls65/elite_ros_ws/install/eli_common_interface/share/eli_common_interface/cmake/export_eli_common_interface__rosidl_typesupport_fastrtps_cppExport-noconfig.cmake
-- Installing: /home/robot/project/ls65_ros/ls65/elite_ros_ws/install/eli_common_interface/share/eli_common_interface/cmake/eli_common_interface__rosidl_typesupport_introspection_cppExport.cmake
-- Installing: /home/robot/project/ls65_ros/ls65/elite_ros_ws/install/eli_common_interface/share/eli_common_interface/cmake/eli_common_interface__rosidl_typesupport_introspection_cppExport-noconfig.cmake
-- Installing: /home/robot/project/ls65_ros/ls65/elite_ros_ws/install/eli_common_interface/share/eli_common_interface/cmake/eli_common_interface__rosidl_typesupport_cppExport.cmake
-- Installing: /home/robot/project/ls65_ros/ls65/elite_ros_ws/install/eli_common_interface/share/eli_common_interface/cmake/eli_common_interface__rosidl_typesupport_cppExport-noconfig.cmake
-- Installing: /home/robot/project/ls65_ros/ls65/elite_ros_ws/install/eli_common_interface/share/eli_common_interface/cmake/export_eli_common_interface__rosidl_generator_pyExport.cmake
-- Installing: /home/robot/project/ls65_ros/ls65/elite_ros_ws/install/eli_common_interface/share/eli_common_interface/cmake/export_eli_common_interface__rosidl_generator_pyExport-noconfig.cmake
-- Installing: /home/robot/project/ls65_ros/ls65/elite_ros_ws/install/eli_common_interface/share/eli_common_interface/cmake/rosidl_cmake-extras.cmake
-- Installing: /home/robot/project/ls65_ros/ls65/elite_ros_ws/install/eli_common_interface/share/eli_common_interface/cmake/ament_cmake_export_dependencies-extras.cmake
-- Installing: /home/robot/project/ls65_ros/ls65/elite_ros_ws/install/eli_common_interface/share/eli_common_interface/cmake/ament_cmake_export_include_directories-extras.cmake
-- Installing: /home/robot/project/ls65_ros/ls65/elite_ros_ws/install/eli_common_interface/share/eli_common_interface/cmake/ament_cmake_export_libraries-extras.cmake
-- Installing: /home/robot/project/ls65_ros/ls65/elite_ros_ws/install/eli_common_interface/share/eli_common_interface/cmake/ament_cmake_export_targets-extras.cmake
-- Installing: /home/robot/project/ls65_ros/ls65/elite_ros_ws/install/eli_common_interface/share/eli_common_interface/cmake/rosidl_cmake_export_typesupport_targets-extras.cmake
-- Installing: /home/robot/project/ls65_ros/ls65/elite_ros_ws/install/eli_common_interface/share/eli_common_interface/cmake/rosidl_cmake_export_typesupport_libraries-extras.cmake
-- Installing: /home/robot/project/ls65_ros/ls65/elite_ros_ws/install/eli_common_interface/share/eli_common_interface/cmake/eli_common_interfaceConfig.cmake
-- Installing: /home/robot/project/ls65_ros/ls65/elite_ros_ws/install/eli_common_interface/share/eli_common_interface/cmake/eli_common_interfaceConfig-version.cmake
-- Installing: /home/robot/project/ls65_ros/ls65/elite_ros_ws/install/eli_common_interface/share/eli_common_interface/package.xml
