[0.012s] Invoking command in '/home/robot/project/ls65_ros/ls65/elite_ros_ws/build/eli_common_interface': CMAKE_PREFIX_PATH=/opt/ros/humble /usr/bin/cmake --build /home/robot/project/ls65_ros/ls65/elite_ros_ws/build/eli_common_interface -- -j16 -l16
[0.057s] [35m[1mConsolidate compiler generated dependencies of target eli_common_interface__rosidl_generator_c[0m
[0.059s] [  1%] Built target eli_common_interface__rs
[0.064s] [  1%] Built target ament_cmake_python_copy_eli_common_interface
[0.065s] [  1%] Built target eli_common_interface__cpp
[0.072s] [ 13%] Built target eli_common_interface__rosidl_generator_c
[0.090s] [35m[1mConsolidate compiler generated dependencies of target eli_common_interface__rosidl_typesupport_fastrtps_cpp[0m
[0.091s] [35m[1mConsolidate compiler generated dependencies of target eli_common_interface__rosidl_typesupport_cpp[0m
[0.093s] [35m[1mConsolidate compiler generated dependencies of target eli_common_interface__rosidl_typesupport_introspection_cpp[0m
[0.093s] [35m[1mConsolidate compiler generated dependencies of target eli_common_interface__rosidl_typesupport_c[0m
[0.093s] [35m[1mConsolidate compiler generated dependencies of target eli_common_interface__rosidl_typesupport_introspection_c[0m
[0.093s] [35m[1mConsolidate compiler generated dependencies of target eli_common_interface__rosidl_typesupport_fastrtps_c[0m
[0.094s] [ 24%] Built target eli_common_interface__rosidl_typesupport_c
[0.099s] [ 36%] Built target eli_common_interface__rosidl_typesupport_introspection_cpp
[0.100s] [ 47%] Built target eli_common_interface__rosidl_typesupport_introspection_c
[0.100s] [ 59%] Built target eli_common_interface__rosidl_typesupport_cpp
[0.100s] [ 71%] Built target eli_common_interface__rosidl_typesupport_fastrtps_cpp
[0.108s] [ 82%] Built target eli_common_interface__rosidl_typesupport_fastrtps_c
[0.127s] [ 82%] Built target eli_common_interface
[0.148s] [ 83%] Built target eli_common_interface__py
[0.157s] [35m[1mConsolidate compiler generated dependencies of target eli_common_interface__rosidl_generator_py[0m
[0.171s] [ 94%] Built target eli_common_interface__rosidl_generator_py
[0.178s] [35m[1mConsolidate compiler generated dependencies of target eli_common_interface__rosidl_typesupport_fastrtps_c__pyext[0m
[0.178s] [35m[1mConsolidate compiler generated dependencies of target eli_common_interface__rosidl_typesupport_introspection_c__pyext[0m
[0.178s] [35m[1mConsolidate compiler generated dependencies of target eli_common_interface__rosidl_typesupport_c__pyext[0m
[0.187s] [ 98%] Built target eli_common_interface__rosidl_typesupport_fastrtps_c__pyext
[0.187s] [ 98%] Built target eli_common_interface__rosidl_typesupport_c__pyext
[0.191s] [100%] Built target eli_common_interface__rosidl_typesupport_introspection_c__pyext
[0.242s] running egg_info
[0.242s] writing eli_common_interface.egg-info/PKG-INFO
[0.242s] writing dependency_links to eli_common_interface.egg-info/dependency_links.txt
[0.242s] writing top-level names to eli_common_interface.egg-info/top_level.txt
[0.244s] reading manifest file 'eli_common_interface.egg-info/SOURCES.txt'
[0.244s] writing manifest file 'eli_common_interface.egg-info/SOURCES.txt'
[0.265s] [100%] Built target ament_cmake_python_build_eli_common_interface_egg
[0.278s] Invoked command in '/home/robot/project/ls65_ros/ls65/elite_ros_ws/build/eli_common_interface' returned '0': CMAKE_PREFIX_PATH=/opt/ros/humble /usr/bin/cmake --build /home/robot/project/ls65_ros/ls65/elite_ros_ws/build/eli_common_interface -- -j16 -l16
[0.279s] Invoking command in '/home/robot/project/ls65_ros/ls65/elite_ros_ws/build/eli_common_interface': CMAKE_PREFIX_PATH=/opt/ros/humble /usr/bin/cmake --install /home/robot/project/ls65_ros/ls65/elite_ros_ws/build/eli_common_interface
[0.286s] -- Install configuration: ""
[0.286s] -- Installing: /home/robot/project/ls65_ros/ls65/elite_ros_ws/install/eli_common_interface/share/ament_index/resource_index/rosidl_interfaces/eli_common_interface
[0.286s] -- Installing: /home/robot/project/ls65_ros/ls65/elite_ros_ws/install/eli_common_interface/include/eli_common_interface/eli_common_interface
[0.286s] -- Installing: /home/robot/project/ls65_ros/ls65/elite_ros_ws/install/eli_common_interface/include/eli_common_interface/eli_common_interface/msg
[0.286s] -- Installing: /home/robot/project/ls65_ros/ls65/elite_ros_ws/install/eli_common_interface/include/eli_common_interface/eli_common_interface/msg/detail
[0.286s] -- Installing: /home/robot/project/ls65_ros/ls65/elite_ros_ws/install/eli_common_interface/include/eli_common_interface/eli_common_interface/msg/detail/tool_data__struct.h
[0.286s] -- Installing: /home/robot/project/ls65_ros/ls65/elite_ros_ws/install/eli_common_interface/include/eli_common_interface/eli_common_interface/msg/detail/io_state__struct.h
[0.286s] -- Installing: /home/robot/project/ls65_ros/ls65/elite_ros_ws/install/eli_common_interface/include/eli_common_interface/eli_common_interface/msg/detail/safety_mode__type_support.h
[0.287s] -- Installing: /home/robot/project/ls65_ros/ls65/elite_ros_ws/install/eli_common_interface/include/eli_common_interface/eli_common_interface/msg/detail/tool_data__functions.c
[0.287s] -- Installing: /home/robot/project/ls65_ros/ls65/elite_ros_ws/install/eli_common_interface/include/eli_common_interface/eli_common_interface/msg/detail/analog__functions.c
[0.287s] -- Installing: /home/robot/project/ls65_ros/ls65/elite_ros_ws/install/eli_common_interface/include/eli_common_interface/eli_common_interface/msg/detail/task_status__functions.h
[0.287s] -- Installing: /home/robot/project/ls65_ros/ls65/elite_ros_ws/install/eli_common_interface/include/eli_common_interface/eli_common_interface/msg/detail/robot_mode__struct.h
[0.287s] -- Installing: /home/robot/project/ls65_ros/ls65/elite_ros_ws/install/eli_common_interface/include/eli_common_interface/eli_common_interface/msg/detail/io_state__type_support.h
[0.287s] -- Installing: /home/robot/project/ls65_ros/ls65/elite_ros_ws/install/eli_common_interface/include/eli_common_interface/eli_common_interface/msg/detail/safety_mode__functions.c
[0.287s] -- Installing: /home/robot/project/ls65_ros/ls65/elite_ros_ws/install/eli_common_interface/include/eli_common_interface/eli_common_interface/msg/detail/task_status__struct.h
[0.287s] -- Installing: /home/robot/project/ls65_ros/ls65/elite_ros_ws/install/eli_common_interface/include/eli_common_interface/eli_common_interface/msg/detail/robot_mode__functions.c
[0.287s] -- Installing: /home/robot/project/ls65_ros/ls65/elite_ros_ws/install/eli_common_interface/include/eli_common_interface/eli_common_interface/msg/detail/analog__functions.h
[0.287s] -- Installing: /home/robot/project/ls65_ros/ls65/elite_ros_ws/install/eli_common_interface/include/eli_common_interface/eli_common_interface/msg/detail/robot_mode__type_support.h
[0.287s] -- Installing: /home/robot/project/ls65_ros/ls65/elite_ros_ws/install/eli_common_interface/include/eli_common_interface/eli_common_interface/msg/detail/tool_data__functions.h
[0.288s] -- Installing: /home/robot/project/ls65_ros/ls65/elite_ros_ws/install/eli_common_interface/include/eli_common_interface/eli_common_interface/msg/detail/robot_mode__functions.h
[0.288s] -- Installing: /home/robot/project/ls65_ros/ls65/elite_ros_ws/install/eli_common_interface/include/eli_common_interface/eli_common_interface/msg/detail/task_status__functions.c
[0.288s] -- Installing: /home/robot/project/ls65_ros/ls65/elite_ros_ws/install/eli_common_interface/include/eli_common_interface/eli_common_interface/msg/detail/analog__type_support.h
[0.288s] -- Installing: /home/robot/project/ls65_ros/ls65/elite_ros_ws/install/eli_common_interface/include/eli_common_interface/eli_common_interface/msg/detail/io_state__functions.c
[0.288s] -- Installing: /home/robot/project/ls65_ros/ls65/elite_ros_ws/install/eli_common_interface/include/eli_common_interface/eli_common_interface/msg/detail/safety_mode__functions.h
[0.288s] -- Installing: /home/robot/project/ls65_ros/ls65/elite_ros_ws/install/eli_common_interface/include/eli_common_interface/eli_common_interface/msg/detail/io_state__functions.h
[0.288s] -- Installing: /home/robot/project/ls65_ros/ls65/elite_ros_ws/install/eli_common_interface/include/eli_common_interface/eli_common_interface/msg/detail/safety_mode__struct.h
[0.288s] -- Installing: /home/robot/project/ls65_ros/ls65/elite_ros_ws/install/eli_common_interface/include/eli_common_interface/eli_common_interface/msg/detail/task_status__type_support.h
[0.288s] -- Installing: /home/robot/project/ls65_ros/ls65/elite_ros_ws/install/eli_common_interface/include/eli_common_interface/eli_common_interface/msg/detail/tool_data__type_support.h
[0.288s] -- Installing: /home/robot/project/ls65_ros/ls65/elite_ros_ws/install/eli_common_interface/include/eli_common_interface/eli_common_interface/msg/detail/analog__struct.h
[0.288s] -- Installing: /home/robot/project/ls65_ros/ls65/elite_ros_ws/install/eli_common_interface/include/eli_common_interface/eli_common_interface/msg/analog.h
[0.289s] -- Installing: /home/robot/project/ls65_ros/ls65/elite_ros_ws/install/eli_common_interface/include/eli_common_interface/eli_common_interface/msg/robot_mode.h
[0.289s] -- Installing: /home/robot/project/ls65_ros/ls65/elite_ros_ws/install/eli_common_interface/include/eli_common_interface/eli_common_interface/msg/task_status.h
[0.289s] -- Installing: /home/robot/project/ls65_ros/ls65/elite_ros_ws/install/eli_common_interface/include/eli_common_interface/eli_common_interface/msg/rosidl_generator_c__visibility_control.h
[0.289s] -- Installing: /home/robot/project/ls65_ros/ls65/elite_ros_ws/install/eli_common_interface/include/eli_common_interface/eli_common_interface/msg/tool_data.h
[0.289s] -- Installing: /home/robot/project/ls65_ros/ls65/elite_ros_ws/install/eli_common_interface/include/eli_common_interface/eli_common_interface/msg/safety_mode.h
[0.289s] -- Installing: /home/robot/project/ls65_ros/ls65/elite_ros_ws/install/eli_common_interface/include/eli_common_interface/eli_common_interface/msg/io_state.h
[0.289s] -- Installing: /home/robot/project/ls65_ros/ls65/elite_ros_ws/install/eli_common_interface/include/eli_common_interface/eli_common_interface/srv
[0.289s] -- Installing: /home/robot/project/ls65_ros/ls65/elite_ros_ws/install/eli_common_interface/include/eli_common_interface/eli_common_interface/srv/detail
[0.289s] -- Installing: /home/robot/project/ls65_ros/ls65/elite_ros_ws/install/eli_common_interface/include/eli_common_interface/eli_common_interface/srv/detail/get_task_status__struct.h
[0.289s] -- Installing: /home/robot/project/ls65_ros/ls65/elite_ros_ws/install/eli_common_interface/include/eli_common_interface/eli_common_interface/srv/detail/set_payload__struct.h
[0.289s] -- Installing: /home/robot/project/ls65_ros/ls65/elite_ros_ws/install/eli_common_interface/include/eli_common_interface/eli_common_interface/srv/detail/get_robot_mode__functions.h
[0.290s] -- Installing: /home/robot/project/ls65_ros/ls65/elite_ros_ws/install/eli_common_interface/include/eli_common_interface/eli_common_interface/srv/detail/set_payload__functions.h
[0.290s] -- Installing: /home/robot/project/ls65_ros/ls65/elite_ros_ws/install/eli_common_interface/include/eli_common_interface/eli_common_interface/srv/detail/set_speed_slider_fraction__struct.h
[0.290s] -- Installing: /home/robot/project/ls65_ros/ls65/elite_ros_ws/install/eli_common_interface/include/eli_common_interface/eli_common_interface/srv/detail/set_payload__type_support.h
[0.290s] -- Installing: /home/robot/project/ls65_ros/ls65/elite_ros_ws/install/eli_common_interface/include/eli_common_interface/eli_common_interface/srv/detail/get_task_status__type_support.h
[0.290s] -- Installing: /home/robot/project/ls65_ros/ls65/elite_ros_ws/install/eli_common_interface/include/eli_common_interface/eli_common_interface/srv/detail/get_safety_mode__type_support.h
[0.290s] -- Installing: /home/robot/project/ls65_ros/ls65/elite_ros_ws/install/eli_common_interface/include/eli_common_interface/eli_common_interface/srv/detail/get_robot_mode__type_support.h
[0.290s] -- Installing: /home/robot/project/ls65_ros/ls65/elite_ros_ws/install/eli_common_interface/include/eli_common_interface/eli_common_interface/srv/detail/get_robot_mode__functions.c
[0.290s] -- Installing: /home/robot/project/ls65_ros/ls65/elite_ros_ws/install/eli_common_interface/include/eli_common_interface/eli_common_interface/srv/detail/set_speed_slider_fraction__type_support.h
[0.290s] -- Installing: /home/robot/project/ls65_ros/ls65/elite_ros_ws/install/eli_common_interface/include/eli_common_interface/eli_common_interface/srv/detail/get_safety_mode__struct.h
[0.290s] -- Installing: /home/robot/project/ls65_ros/ls65/elite_ros_ws/install/eli_common_interface/include/eli_common_interface/eli_common_interface/srv/detail/set_payload__functions.c
[0.290s] -- Installing: /home/robot/project/ls65_ros/ls65/elite_ros_ws/install/eli_common_interface/include/eli_common_interface/eli_common_interface/srv/detail/set_speed_slider_fraction__functions.h
[0.290s] -- Installing: /home/robot/project/ls65_ros/ls65/elite_ros_ws/install/eli_common_interface/include/eli_common_interface/eli_common_interface/srv/detail/set_io__functions.c
[0.291s] -- Installing: /home/robot/project/ls65_ros/ls65/elite_ros_ws/install/eli_common_interface/include/eli_common_interface/eli_common_interface/srv/detail/get_safety_mode__functions.c
[0.291s] -- Installing: /home/robot/project/ls65_ros/ls65/elite_ros_ws/install/eli_common_interface/include/eli_common_interface/eli_common_interface/srv/detail/get_task_status__functions.h
[0.291s] -- Installing: /home/robot/project/ls65_ros/ls65/elite_ros_ws/install/eli_common_interface/include/eli_common_interface/eli_common_interface/srv/detail/get_task_status__functions.c
[0.291s] -- Installing: /home/robot/project/ls65_ros/ls65/elite_ros_ws/install/eli_common_interface/include/eli_common_interface/eli_common_interface/srv/detail/set_io__struct.h
[0.291s] -- Installing: /home/robot/project/ls65_ros/ls65/elite_ros_ws/install/eli_common_interface/include/eli_common_interface/eli_common_interface/srv/detail/get_robot_mode__struct.h
[0.291s] -- Installing: /home/robot/project/ls65_ros/ls65/elite_ros_ws/install/eli_common_interface/include/eli_common_interface/eli_common_interface/srv/detail/set_io__functions.h
[0.291s] -- Installing: /home/robot/project/ls65_ros/ls65/elite_ros_ws/install/eli_common_interface/include/eli_common_interface/eli_common_interface/srv/detail/get_safety_mode__functions.h
[0.291s] -- Installing: /home/robot/project/ls65_ros/ls65/elite_ros_ws/install/eli_common_interface/include/eli_common_interface/eli_common_interface/srv/detail/set_io__type_support.h
[0.291s] -- Installing: /home/robot/project/ls65_ros/ls65/elite_ros_ws/install/eli_common_interface/include/eli_common_interface/eli_common_interface/srv/detail/set_speed_slider_fraction__functions.c
[0.291s] -- Installing: /home/robot/project/ls65_ros/ls65/elite_ros_ws/install/eli_common_interface/include/eli_common_interface/eli_common_interface/srv/get_task_status.h
[0.291s] -- Installing: /home/robot/project/ls65_ros/ls65/elite_ros_ws/install/eli_common_interface/include/eli_common_interface/eli_common_interface/srv/set_io.h
[0.292s] -- Installing: /home/robot/project/ls65_ros/ls65/elite_ros_ws/install/eli_common_interface/include/eli_common_interface/eli_common_interface/srv/get_robot_mode.h
[0.292s] -- Installing: /home/robot/project/ls65_ros/ls65/elite_ros_ws/install/eli_common_interface/include/eli_common_interface/eli_common_interface/srv/set_payload.h
[0.292s] -- Installing: /home/robot/project/ls65_ros/ls65/elite_ros_ws/install/eli_common_interface/include/eli_common_interface/eli_common_interface/srv/set_speed_slider_fraction.h
[0.292s] -- Installing: /home/robot/project/ls65_ros/ls65/elite_ros_ws/install/eli_common_interface/include/eli_common_interface/eli_common_interface/srv/get_safety_mode.h
[0.292s] -- Installing: /home/robot/project/ls65_ros/ls65/elite_ros_ws/install/eli_common_interface/share/eli_common_interface/environment/library_path.sh
[0.292s] -- Installing: /home/robot/project/ls65_ros/ls65/elite_ros_ws/install/eli_common_interface/share/eli_common_interface/environment/library_path.dsv
[0.292s] -- Installing: /home/robot/project/ls65_ros/ls65/elite_ros_ws/install/eli_common_interface/lib/libeli_common_interface__rosidl_generator_c.so
[0.292s] -- Set runtime path of "/home/robot/project/ls65_ros/ls65/elite_ros_ws/install/eli_common_interface/lib/libeli_common_interface__rosidl_generator_c.so" to ""
[0.292s] -- Up-to-date: /home/robot/project/ls65_ros/ls65/elite_ros_ws/install/eli_common_interface/include/eli_common_interface/eli_common_interface
[0.292s] -- Up-to-date: /home/robot/project/ls65_ros/ls65/elite_ros_ws/install/eli_common_interface/include/eli_common_interface/eli_common_interface/msg
[0.292s] -- Up-to-date: /home/robot/project/ls65_ros/ls65/elite_ros_ws/install/eli_common_interface/include/eli_common_interface/eli_common_interface/msg/detail
[0.292s] -- Installing: /home/robot/project/ls65_ros/ls65/elite_ros_ws/install/eli_common_interface/include/eli_common_interface/eli_common_interface/msg/detail/analog__rosidl_typesupport_fastrtps_c.h
[0.293s] -- Installing: /home/robot/project/ls65_ros/ls65/elite_ros_ws/install/eli_common_interface/include/eli_common_interface/eli_common_interface/msg/detail/robot_mode__rosidl_typesupport_fastrtps_c.h
[0.293s] -- Installing: /home/robot/project/ls65_ros/ls65/elite_ros_ws/install/eli_common_interface/include/eli_common_interface/eli_common_interface/msg/detail/task_status__rosidl_typesupport_fastrtps_c.h
[0.293s] -- Installing: /home/robot/project/ls65_ros/ls65/elite_ros_ws/install/eli_common_interface/include/eli_common_interface/eli_common_interface/msg/detail/io_state__rosidl_typesupport_fastrtps_c.h
[0.293s] -- Installing: /home/robot/project/ls65_ros/ls65/elite_ros_ws/install/eli_common_interface/include/eli_common_interface/eli_common_interface/msg/detail/tool_data__rosidl_typesupport_fastrtps_c.h
[0.293s] -- Installing: /home/robot/project/ls65_ros/ls65/elite_ros_ws/install/eli_common_interface/include/eli_common_interface/eli_common_interface/msg/detail/safety_mode__rosidl_typesupport_fastrtps_c.h
[0.293s] -- Installing: /home/robot/project/ls65_ros/ls65/elite_ros_ws/install/eli_common_interface/include/eli_common_interface/eli_common_interface/msg/rosidl_typesupport_fastrtps_c__visibility_control.h
[0.293s] -- Up-to-date: /home/robot/project/ls65_ros/ls65/elite_ros_ws/install/eli_common_interface/include/eli_common_interface/eli_common_interface/srv
[0.293s] -- Up-to-date: /home/robot/project/ls65_ros/ls65/elite_ros_ws/install/eli_common_interface/include/eli_common_interface/eli_common_interface/srv/detail
[0.293s] -- Installing: /home/robot/project/ls65_ros/ls65/elite_ros_ws/install/eli_common_interface/include/eli_common_interface/eli_common_interface/srv/detail/get_robot_mode__rosidl_typesupport_fastrtps_c.h
[0.293s] -- Installing: /home/robot/project/ls65_ros/ls65/elite_ros_ws/install/eli_common_interface/include/eli_common_interface/eli_common_interface/srv/detail/set_io__rosidl_typesupport_fastrtps_c.h
[0.294s] -- Installing: /home/robot/project/ls65_ros/ls65/elite_ros_ws/install/eli_common_interface/include/eli_common_interface/eli_common_interface/srv/detail/get_task_status__rosidl_typesupport_fastrtps_c.h
[0.294s] -- Installing: /home/robot/project/ls65_ros/ls65/elite_ros_ws/install/eli_common_interface/include/eli_common_interface/eli_common_interface/srv/detail/set_speed_slider_fraction__rosidl_typesupport_fastrtps_c.h
[0.294s] -- Installing: /home/robot/project/ls65_ros/ls65/elite_ros_ws/install/eli_common_interface/include/eli_common_interface/eli_common_interface/srv/detail/get_safety_mode__rosidl_typesupport_fastrtps_c.h
[0.294s] -- Installing: /home/robot/project/ls65_ros/ls65/elite_ros_ws/install/eli_common_interface/include/eli_common_interface/eli_common_interface/srv/detail/set_payload__rosidl_typesupport_fastrtps_c.h
[0.294s] -- Installing: /home/robot/project/ls65_ros/ls65/elite_ros_ws/install/eli_common_interface/lib/libeli_common_interface__rosidl_typesupport_fastrtps_c.so
[0.294s] -- Set runtime path of "/home/robot/project/ls65_ros/ls65/elite_ros_ws/install/eli_common_interface/lib/libeli_common_interface__rosidl_typesupport_fastrtps_c.so" to ""
[0.294s] -- Up-to-date: /home/robot/project/ls65_ros/ls65/elite_ros_ws/install/eli_common_interface/include/eli_common_interface/eli_common_interface
[0.294s] -- Up-to-date: /home/robot/project/ls65_ros/ls65/elite_ros_ws/install/eli_common_interface/include/eli_common_interface/eli_common_interface/msg
[0.294s] -- Up-to-date: /home/robot/project/ls65_ros/ls65/elite_ros_ws/install/eli_common_interface/include/eli_common_interface/eli_common_interface/msg/detail
[0.294s] -- Installing: /home/robot/project/ls65_ros/ls65/elite_ros_ws/install/eli_common_interface/include/eli_common_interface/eli_common_interface/msg/detail/io_state__rosidl_typesupport_introspection_c.h
[0.295s] -- Installing: /home/robot/project/ls65_ros/ls65/elite_ros_ws/install/eli_common_interface/include/eli_common_interface/eli_common_interface/msg/detail/safety_mode__type_support.c
[0.295s] -- Installing: /home/robot/project/ls65_ros/ls65/elite_ros_ws/install/eli_common_interface/include/eli_common_interface/eli_common_interface/msg/detail/robot_mode__rosidl_typesupport_introspection_c.h
[0.295s] -- Installing: /home/robot/project/ls65_ros/ls65/elite_ros_ws/install/eli_common_interface/include/eli_common_interface/eli_common_interface/msg/detail/analog__rosidl_typesupport_introspection_c.h
[0.295s] -- Installing: /home/robot/project/ls65_ros/ls65/elite_ros_ws/install/eli_common_interface/include/eli_common_interface/eli_common_interface/msg/detail/robot_mode__type_support.c
[0.295s] -- Installing: /home/robot/project/ls65_ros/ls65/elite_ros_ws/install/eli_common_interface/include/eli_common_interface/eli_common_interface/msg/detail/task_status__rosidl_typesupport_introspection_c.h
[0.295s] -- Installing: /home/robot/project/ls65_ros/ls65/elite_ros_ws/install/eli_common_interface/include/eli_common_interface/eli_common_interface/msg/detail/io_state__type_support.c
[0.295s] -- Installing: /home/robot/project/ls65_ros/ls65/elite_ros_ws/install/eli_common_interface/include/eli_common_interface/eli_common_interface/msg/detail/task_status__type_support.c
[0.295s] -- Installing: /home/robot/project/ls65_ros/ls65/elite_ros_ws/install/eli_common_interface/include/eli_common_interface/eli_common_interface/msg/detail/tool_data__type_support.c
[0.295s] -- Installing: /home/robot/project/ls65_ros/ls65/elite_ros_ws/install/eli_common_interface/include/eli_common_interface/eli_common_interface/msg/detail/analog__type_support.c
[0.295s] -- Installing: /home/robot/project/ls65_ros/ls65/elite_ros_ws/install/eli_common_interface/include/eli_common_interface/eli_common_interface/msg/detail/tool_data__rosidl_typesupport_introspection_c.h
[0.296s] -- Installing: /home/robot/project/ls65_ros/ls65/elite_ros_ws/install/eli_common_interface/include/eli_common_interface/eli_common_interface/msg/detail/safety_mode__rosidl_typesupport_introspection_c.h
[0.296s] -- Installing: /home/robot/project/ls65_ros/ls65/elite_ros_ws/install/eli_common_interface/include/eli_common_interface/eli_common_interface/msg/rosidl_typesupport_introspection_c__visibility_control.h
[0.296s] -- Up-to-date: /home/robot/project/ls65_ros/ls65/elite_ros_ws/install/eli_common_interface/include/eli_common_interface/eli_common_interface/srv
[0.296s] -- Up-to-date: /home/robot/project/ls65_ros/ls65/elite_ros_ws/install/eli_common_interface/include/eli_common_interface/eli_common_interface/srv/detail
[0.296s] -- Installing: /home/robot/project/ls65_ros/ls65/elite_ros_ws/install/eli_common_interface/include/eli_common_interface/eli_common_interface/srv/detail/set_io__rosidl_typesupport_introspection_c.h
[0.296s] -- Installing: /home/robot/project/ls65_ros/ls65/elite_ros_ws/install/eli_common_interface/include/eli_common_interface/eli_common_interface/srv/detail/get_task_status__type_support.c
[0.296s] -- Installing: /home/robot/project/ls65_ros/ls65/elite_ros_ws/install/eli_common_interface/include/eli_common_interface/eli_common_interface/srv/detail/set_payload__type_support.c
[0.296s] -- Installing: /home/robot/project/ls65_ros/ls65/elite_ros_ws/install/eli_common_interface/include/eli_common_interface/eli_common_interface/srv/detail/set_speed_slider_fraction__rosidl_typesupport_introspection_c.h
[0.296s] -- Installing: /home/robot/project/ls65_ros/ls65/elite_ros_ws/install/eli_common_interface/include/eli_common_interface/eli_common_interface/srv/detail/get_task_status__rosidl_typesupport_introspection_c.h
[0.296s] -- Installing: /home/robot/project/ls65_ros/ls65/elite_ros_ws/install/eli_common_interface/include/eli_common_interface/eli_common_interface/srv/detail/get_safety_mode__rosidl_typesupport_introspection_c.h
[0.296s] -- Installing: /home/robot/project/ls65_ros/ls65/elite_ros_ws/install/eli_common_interface/include/eli_common_interface/eli_common_interface/srv/detail/set_io__type_support.c
[0.297s] -- Installing: /home/robot/project/ls65_ros/ls65/elite_ros_ws/install/eli_common_interface/include/eli_common_interface/eli_common_interface/srv/detail/set_speed_slider_fraction__type_support.c
[0.297s] -- Installing: /home/robot/project/ls65_ros/ls65/elite_ros_ws/install/eli_common_interface/include/eli_common_interface/eli_common_interface/srv/detail/set_payload__rosidl_typesupport_introspection_c.h
[0.297s] -- Installing: /home/robot/project/ls65_ros/ls65/elite_ros_ws/install/eli_common_interface/include/eli_common_interface/eli_common_interface/srv/detail/get_robot_mode__rosidl_typesupport_introspection_c.h
[0.297s] -- Installing: /home/robot/project/ls65_ros/ls65/elite_ros_ws/install/eli_common_interface/include/eli_common_interface/eli_common_interface/srv/detail/get_robot_mode__type_support.c
[0.297s] -- Installing: /home/robot/project/ls65_ros/ls65/elite_ros_ws/install/eli_common_interface/include/eli_common_interface/eli_common_interface/srv/detail/get_safety_mode__type_support.c
[0.297s] -- Installing: /home/robot/project/ls65_ros/ls65/elite_ros_ws/install/eli_common_interface/lib/libeli_common_interface__rosidl_typesupport_introspection_c.so
[0.297s] -- Set runtime path of "/home/robot/project/ls65_ros/ls65/elite_ros_ws/install/eli_common_interface/lib/libeli_common_interface__rosidl_typesupport_introspection_c.so" to ""
[0.297s] -- Installing: /home/robot/project/ls65_ros/ls65/elite_ros_ws/install/eli_common_interface/lib/libeli_common_interface__rosidl_typesupport_c.so
[0.297s] -- Set runtime path of "/home/robot/project/ls65_ros/ls65/elite_ros_ws/install/eli_common_interface/lib/libeli_common_interface__rosidl_typesupport_c.so" to ""
[0.297s] -- Up-to-date: /home/robot/project/ls65_ros/ls65/elite_ros_ws/install/eli_common_interface/include/eli_common_interface/eli_common_interface
[0.297s] -- Up-to-date: /home/robot/project/ls65_ros/ls65/elite_ros_ws/install/eli_common_interface/include/eli_common_interface/eli_common_interface/msg
[0.298s] -- Installing: /home/robot/project/ls65_ros/ls65/elite_ros_ws/install/eli_common_interface/include/eli_common_interface/eli_common_interface/msg/task_status.hpp
[0.298s] -- Up-to-date: /home/robot/project/ls65_ros/ls65/elite_ros_ws/install/eli_common_interface/include/eli_common_interface/eli_common_interface/msg/detail
[0.298s] -- Installing: /home/robot/project/ls65_ros/ls65/elite_ros_ws/install/eli_common_interface/include/eli_common_interface/eli_common_interface/msg/detail/io_state__type_support.hpp
[0.298s] -- Installing: /home/robot/project/ls65_ros/ls65/elite_ros_ws/install/eli_common_interface/include/eli_common_interface/eli_common_interface/msg/detail/robot_mode__struct.hpp
[0.298s] -- Installing: /home/robot/project/ls65_ros/ls65/elite_ros_ws/install/eli_common_interface/include/eli_common_interface/eli_common_interface/msg/detail/tool_data__struct.hpp
[0.298s] -- Installing: /home/robot/project/ls65_ros/ls65/elite_ros_ws/install/eli_common_interface/include/eli_common_interface/eli_common_interface/msg/detail/robot_mode__traits.hpp
[0.298s] -- Installing: /home/robot/project/ls65_ros/ls65/elite_ros_ws/install/eli_common_interface/include/eli_common_interface/eli_common_interface/msg/detail/analog__traits.hpp
[0.298s] -- Installing: /home/robot/project/ls65_ros/ls65/elite_ros_ws/install/eli_common_interface/include/eli_common_interface/eli_common_interface/msg/detail/robot_mode__builder.hpp
[0.298s] -- Installing: /home/robot/project/ls65_ros/ls65/elite_ros_ws/install/eli_common_interface/include/eli_common_interface/eli_common_interface/msg/detail/task_status__type_support.hpp
[0.298s] -- Installing: /home/robot/project/ls65_ros/ls65/elite_ros_ws/install/eli_common_interface/include/eli_common_interface/eli_common_interface/msg/detail/analog__builder.hpp
[0.299s] -- Installing: /home/robot/project/ls65_ros/ls65/elite_ros_ws/install/eli_common_interface/include/eli_common_interface/eli_common_interface/msg/detail/safety_mode__struct.hpp
[0.299s] -- Installing: /home/robot/project/ls65_ros/ls65/elite_ros_ws/install/eli_common_interface/include/eli_common_interface/eli_common_interface/msg/detail/safety_mode__type_support.hpp
[0.299s] -- Installing: /home/robot/project/ls65_ros/ls65/elite_ros_ws/install/eli_common_interface/include/eli_common_interface/eli_common_interface/msg/detail/task_status__struct.hpp
[0.299s] -- Installing: /home/robot/project/ls65_ros/ls65/elite_ros_ws/install/eli_common_interface/include/eli_common_interface/eli_common_interface/msg/detail/io_state__builder.hpp
[0.299s] -- Installing: /home/robot/project/ls65_ros/ls65/elite_ros_ws/install/eli_common_interface/include/eli_common_interface/eli_common_interface/msg/detail/analog__type_support.hpp
[0.299s] -- Installing: /home/robot/project/ls65_ros/ls65/elite_ros_ws/install/eli_common_interface/include/eli_common_interface/eli_common_interface/msg/detail/task_status__builder.hpp
[0.299s] -- Installing: /home/robot/project/ls65_ros/ls65/elite_ros_ws/install/eli_common_interface/include/eli_common_interface/eli_common_interface/msg/detail/tool_data__builder.hpp
[0.299s] -- Installing: /home/robot/project/ls65_ros/ls65/elite_ros_ws/install/eli_common_interface/include/eli_common_interface/eli_common_interface/msg/detail/safety_mode__traits.hpp
[0.299s] -- Installing: /home/robot/project/ls65_ros/ls65/elite_ros_ws/install/eli_common_interface/include/eli_common_interface/eli_common_interface/msg/detail/analog__struct.hpp
[0.299s] -- Installing: /home/robot/project/ls65_ros/ls65/elite_ros_ws/install/eli_common_interface/include/eli_common_interface/eli_common_interface/msg/detail/task_status__traits.hpp
[0.300s] -- Installing: /home/robot/project/ls65_ros/ls65/elite_ros_ws/install/eli_common_interface/include/eli_common_interface/eli_common_interface/msg/detail/tool_data__type_support.hpp
[0.300s] -- Installing: /home/robot/project/ls65_ros/ls65/elite_ros_ws/install/eli_common_interface/include/eli_common_interface/eli_common_interface/msg/detail/safety_mode__builder.hpp
[0.300s] -- Installing: /home/robot/project/ls65_ros/ls65/elite_ros_ws/install/eli_common_interface/include/eli_common_interface/eli_common_interface/msg/detail/tool_data__traits.hpp
[0.300s] -- Installing: /home/robot/project/ls65_ros/ls65/elite_ros_ws/install/eli_common_interface/include/eli_common_interface/eli_common_interface/msg/detail/io_state__struct.hpp
[0.300s] -- Installing: /home/robot/project/ls65_ros/ls65/elite_ros_ws/install/eli_common_interface/include/eli_common_interface/eli_common_interface/msg/detail/io_state__traits.hpp
[0.300s] -- Installing: /home/robot/project/ls65_ros/ls65/elite_ros_ws/install/eli_common_interface/include/eli_common_interface/eli_common_interface/msg/detail/robot_mode__type_support.hpp
[0.300s] -- Installing: /home/robot/project/ls65_ros/ls65/elite_ros_ws/install/eli_common_interface/include/eli_common_interface/eli_common_interface/msg/io_state.hpp
[0.300s] -- Installing: /home/robot/project/ls65_ros/ls65/elite_ros_ws/install/eli_common_interface/include/eli_common_interface/eli_common_interface/msg/robot_mode.hpp
[0.300s] -- Installing: /home/robot/project/ls65_ros/ls65/elite_ros_ws/install/eli_common_interface/include/eli_common_interface/eli_common_interface/msg/safety_mode.hpp
[0.300s] -- Installing: /home/robot/project/ls65_ros/ls65/elite_ros_ws/install/eli_common_interface/include/eli_common_interface/eli_common_interface/msg/rosidl_generator_cpp__visibility_control.hpp
[0.300s] -- Installing: /home/robot/project/ls65_ros/ls65/elite_ros_ws/install/eli_common_interface/include/eli_common_interface/eli_common_interface/msg/tool_data.hpp
[0.300s] -- Installing: /home/robot/project/ls65_ros/ls65/elite_ros_ws/install/eli_common_interface/include/eli_common_interface/eli_common_interface/msg/analog.hpp
[0.301s] -- Up-to-date: /home/robot/project/ls65_ros/ls65/elite_ros_ws/install/eli_common_interface/include/eli_common_interface/eli_common_interface/srv
[0.301s] -- Up-to-date: /home/robot/project/ls65_ros/ls65/elite_ros_ws/install/eli_common_interface/include/eli_common_interface/eli_common_interface/srv/detail
[0.301s] -- Installing: /home/robot/project/ls65_ros/ls65/elite_ros_ws/install/eli_common_interface/include/eli_common_interface/eli_common_interface/srv/detail/get_robot_mode__struct.hpp
[0.301s] -- Installing: /home/robot/project/ls65_ros/ls65/elite_ros_ws/install/eli_common_interface/include/eli_common_interface/eli_common_interface/srv/detail/set_payload__builder.hpp
[0.301s] -- Installing: /home/robot/project/ls65_ros/ls65/elite_ros_ws/install/eli_common_interface/include/eli_common_interface/eli_common_interface/srv/detail/set_payload__traits.hpp
[0.301s] -- Installing: /home/robot/project/ls65_ros/ls65/elite_ros_ws/install/eli_common_interface/include/eli_common_interface/eli_common_interface/srv/detail/get_robot_mode__traits.hpp
[0.301s] -- Installing: /home/robot/project/ls65_ros/ls65/elite_ros_ws/install/eli_common_interface/include/eli_common_interface/eli_common_interface/srv/detail/get_robot_mode__builder.hpp
[0.301s] -- Installing: /home/robot/project/ls65_ros/ls65/elite_ros_ws/install/eli_common_interface/include/eli_common_interface/eli_common_interface/srv/detail/get_safety_mode__type_support.hpp
[0.301s] -- Installing: /home/robot/project/ls65_ros/ls65/elite_ros_ws/install/eli_common_interface/include/eli_common_interface/eli_common_interface/srv/detail/set_speed_slider_fraction__builder.hpp
[0.301s] -- Installing: /home/robot/project/ls65_ros/ls65/elite_ros_ws/install/eli_common_interface/include/eli_common_interface/eli_common_interface/srv/detail/get_task_status__type_support.hpp
[0.301s] -- Installing: /home/robot/project/ls65_ros/ls65/elite_ros_ws/install/eli_common_interface/include/eli_common_interface/eli_common_interface/srv/detail/get_safety_mode__struct.hpp
[0.301s] -- Installing: /home/robot/project/ls65_ros/ls65/elite_ros_ws/install/eli_common_interface/include/eli_common_interface/eli_common_interface/srv/detail/set_io__builder.hpp
[0.301s] -- Installing: /home/robot/project/ls65_ros/ls65/elite_ros_ws/install/eli_common_interface/include/eli_common_interface/eli_common_interface/srv/detail/set_speed_slider_fraction__type_support.hpp
[0.301s] -- Installing: /home/robot/project/ls65_ros/ls65/elite_ros_ws/install/eli_common_interface/include/eli_common_interface/eli_common_interface/srv/detail/set_io__type_support.hpp
[0.301s] -- Installing: /home/robot/project/ls65_ros/ls65/elite_ros_ws/install/eli_common_interface/include/eli_common_interface/eli_common_interface/srv/detail/set_speed_slider_fraction__struct.hpp
[0.301s] -- Installing: /home/robot/project/ls65_ros/ls65/elite_ros_ws/install/eli_common_interface/include/eli_common_interface/eli_common_interface/srv/detail/get_safety_mode__traits.hpp
[0.301s] -- Installing: /home/robot/project/ls65_ros/ls65/elite_ros_ws/install/eli_common_interface/include/eli_common_interface/eli_common_interface/srv/detail/set_payload__type_support.hpp
[0.301s] -- Installing: /home/robot/project/ls65_ros/ls65/elite_ros_ws/install/eli_common_interface/include/eli_common_interface/eli_common_interface/srv/detail/set_speed_slider_fraction__traits.hpp
[0.301s] -- Installing: /home/robot/project/ls65_ros/ls65/elite_ros_ws/install/eli_common_interface/include/eli_common_interface/eli_common_interface/srv/detail/get_task_status__struct.hpp
[0.301s] -- Installing: /home/robot/project/ls65_ros/ls65/elite_ros_ws/install/eli_common_interface/include/eli_common_interface/eli_common_interface/srv/detail/get_task_status__builder.hpp
[0.301s] -- Installing: /home/robot/project/ls65_ros/ls65/elite_ros_ws/install/eli_common_interface/include/eli_common_interface/eli_common_interface/srv/detail/get_robot_mode__type_support.hpp
[0.301s] -- Installing: /home/robot/project/ls65_ros/ls65/elite_ros_ws/install/eli_common_interface/include/eli_common_interface/eli_common_interface/srv/detail/set_payload__struct.hpp
[0.301s] -- Installing: /home/robot/project/ls65_ros/ls65/elite_ros_ws/install/eli_common_interface/include/eli_common_interface/eli_common_interface/srv/detail/get_task_status__traits.hpp
[0.301s] -- Installing: /home/robot/project/ls65_ros/ls65/elite_ros_ws/install/eli_common_interface/include/eli_common_interface/eli_common_interface/srv/detail/set_io__traits.hpp
[0.302s] -- Installing: /home/robot/project/ls65_ros/ls65/elite_ros_ws/install/eli_common_interface/include/eli_common_interface/eli_common_interface/srv/detail/get_safety_mode__builder.hpp
[0.302s] -- Installing: /home/robot/project/ls65_ros/ls65/elite_ros_ws/install/eli_common_interface/include/eli_common_interface/eli_common_interface/srv/detail/set_io__struct.hpp
[0.302s] -- Installing: /home/robot/project/ls65_ros/ls65/elite_ros_ws/install/eli_common_interface/include/eli_common_interface/eli_common_interface/srv/set_io.hpp
[0.302s] -- Installing: /home/robot/project/ls65_ros/ls65/elite_ros_ws/install/eli_common_interface/include/eli_common_interface/eli_common_interface/srv/get_task_status.hpp
[0.302s] -- Installing: /home/robot/project/ls65_ros/ls65/elite_ros_ws/install/eli_common_interface/include/eli_common_interface/eli_common_interface/srv/get_safety_mode.hpp
[0.302s] -- Installing: /home/robot/project/ls65_ros/ls65/elite_ros_ws/install/eli_common_interface/include/eli_common_interface/eli_common_interface/srv/set_speed_slider_fraction.hpp
[0.302s] -- Installing: /home/robot/project/ls65_ros/ls65/elite_ros_ws/install/eli_common_interface/include/eli_common_interface/eli_common_interface/srv/get_robot_mode.hpp
[0.302s] -- Installing: /home/robot/project/ls65_ros/ls65/elite_ros_ws/install/eli_common_interface/include/eli_common_interface/eli_common_interface/srv/set_payload.hpp
[0.302s] -- Up-to-date: /home/robot/project/ls65_ros/ls65/elite_ros_ws/install/eli_common_interface/include/eli_common_interface/eli_common_interface
[0.302s] -- Up-to-date: /home/robot/project/ls65_ros/ls65/elite_ros_ws/install/eli_common_interface/include/eli_common_interface/eli_common_interface/msg
[0.302s] -- Up-to-date: /home/robot/project/ls65_ros/ls65/elite_ros_ws/install/eli_common_interface/include/eli_common_interface/eli_common_interface/msg/detail
[0.302s] -- Installing: /home/robot/project/ls65_ros/ls65/elite_ros_ws/install/eli_common_interface/include/eli_common_interface/eli_common_interface/msg/detail/safety_mode__rosidl_typesupport_fastrtps_cpp.hpp
[0.302s] -- Installing: /home/robot/project/ls65_ros/ls65/elite_ros_ws/install/eli_common_interface/include/eli_common_interface/eli_common_interface/msg/detail/io_state__rosidl_typesupport_fastrtps_cpp.hpp
[0.302s] -- Installing: /home/robot/project/ls65_ros/ls65/elite_ros_ws/install/eli_common_interface/include/eli_common_interface/eli_common_interface/msg/detail/tool_data__rosidl_typesupport_fastrtps_cpp.hpp
[0.302s] -- Installing: /home/robot/project/ls65_ros/ls65/elite_ros_ws/install/eli_common_interface/include/eli_common_interface/eli_common_interface/msg/detail/task_status__rosidl_typesupport_fastrtps_cpp.hpp
[0.302s] -- Installing: /home/robot/project/ls65_ros/ls65/elite_ros_ws/install/eli_common_interface/include/eli_common_interface/eli_common_interface/msg/detail/dds_fastrtps
[0.302s] -- Installing: /home/robot/project/ls65_ros/ls65/elite_ros_ws/install/eli_common_interface/include/eli_common_interface/eli_common_interface/msg/detail/analog__rosidl_typesupport_fastrtps_cpp.hpp
[0.302s] -- Installing: /home/robot/project/ls65_ros/ls65/elite_ros_ws/install/eli_common_interface/include/eli_common_interface/eli_common_interface/msg/detail/robot_mode__rosidl_typesupport_fastrtps_cpp.hpp
[0.302s] -- Installing: /home/robot/project/ls65_ros/ls65/elite_ros_ws/install/eli_common_interface/include/eli_common_interface/eli_common_interface/msg/rosidl_typesupport_fastrtps_cpp__visibility_control.h
[0.302s] -- Up-to-date: /home/robot/project/ls65_ros/ls65/elite_ros_ws/install/eli_common_interface/include/eli_common_interface/eli_common_interface/srv
[0.302s] -- Up-to-date: /home/robot/project/ls65_ros/ls65/elite_ros_ws/install/eli_common_interface/include/eli_common_interface/eli_common_interface/srv/detail
[0.302s] -- Installing: /home/robot/project/ls65_ros/ls65/elite_ros_ws/install/eli_common_interface/include/eli_common_interface/eli_common_interface/srv/detail/set_payload__rosidl_typesupport_fastrtps_cpp.hpp
[0.302s] -- Installing: /home/robot/project/ls65_ros/ls65/elite_ros_ws/install/eli_common_interface/include/eli_common_interface/eli_common_interface/srv/detail/set_speed_slider_fraction__rosidl_typesupport_fastrtps_cpp.hpp
[0.302s] -- Installing: /home/robot/project/ls65_ros/ls65/elite_ros_ws/install/eli_common_interface/include/eli_common_interface/eli_common_interface/srv/detail/get_robot_mode__rosidl_typesupport_fastrtps_cpp.hpp
[0.302s] -- Installing: /home/robot/project/ls65_ros/ls65/elite_ros_ws/install/eli_common_interface/include/eli_common_interface/eli_common_interface/srv/detail/get_safety_mode__rosidl_typesupport_fastrtps_cpp.hpp
[0.302s] -- Installing: /home/robot/project/ls65_ros/ls65/elite_ros_ws/install/eli_common_interface/include/eli_common_interface/eli_common_interface/srv/detail/dds_fastrtps
[0.302s] -- Installing: /home/robot/project/ls65_ros/ls65/elite_ros_ws/install/eli_common_interface/include/eli_common_interface/eli_common_interface/srv/detail/get_task_status__rosidl_typesupport_fastrtps_cpp.hpp
[0.302s] -- Installing: /home/robot/project/ls65_ros/ls65/elite_ros_ws/install/eli_common_interface/include/eli_common_interface/eli_common_interface/srv/detail/set_io__rosidl_typesupport_fastrtps_cpp.hpp
[0.302s] -- Installing: /home/robot/project/ls65_ros/ls65/elite_ros_ws/install/eli_common_interface/lib/libeli_common_interface__rosidl_typesupport_fastrtps_cpp.so
[0.302s] -- Set runtime path of "/home/robot/project/ls65_ros/ls65/elite_ros_ws/install/eli_common_interface/lib/libeli_common_interface__rosidl_typesupport_fastrtps_cpp.so" to ""
[0.302s] -- Up-to-date: /home/robot/project/ls65_ros/ls65/elite_ros_ws/install/eli_common_interface/include/eli_common_interface/eli_common_interface
[0.302s] -- Up-to-date: /home/robot/project/ls65_ros/ls65/elite_ros_ws/install/eli_common_interface/include/eli_common_interface/eli_common_interface/msg
[0.302s] -- Up-to-date: /home/robot/project/ls65_ros/ls65/elite_ros_ws/install/eli_common_interface/include/eli_common_interface/eli_common_interface/msg/detail
[0.302s] -- Installing: /home/robot/project/ls65_ros/ls65/elite_ros_ws/install/eli_common_interface/include/eli_common_interface/eli_common_interface/msg/detail/task_status__rosidl_typesupport_introspection_cpp.hpp
[0.302s] -- Installing: /home/robot/project/ls65_ros/ls65/elite_ros_ws/install/eli_common_interface/include/eli_common_interface/eli_common_interface/msg/detail/safety_mode__type_support.cpp
[0.302s] -- Installing: /home/robot/project/ls65_ros/ls65/elite_ros_ws/install/eli_common_interface/include/eli_common_interface/eli_common_interface/msg/detail/analog__type_support.cpp
[0.302s] -- Installing: /home/robot/project/ls65_ros/ls65/elite_ros_ws/install/eli_common_interface/include/eli_common_interface/eli_common_interface/msg/detail/io_state__type_support.cpp
[0.302s] -- Installing: /home/robot/project/ls65_ros/ls65/elite_ros_ws/install/eli_common_interface/include/eli_common_interface/eli_common_interface/msg/detail/io_state__rosidl_typesupport_introspection_cpp.hpp
[0.303s] -- Installing: /home/robot/project/ls65_ros/ls65/elite_ros_ws/install/eli_common_interface/include/eli_common_interface/eli_common_interface/msg/detail/analog__rosidl_typesupport_introspection_cpp.hpp
[0.303s] -- Installing: /home/robot/project/ls65_ros/ls65/elite_ros_ws/install/eli_common_interface/include/eli_common_interface/eli_common_interface/msg/detail/robot_mode__type_support.cpp
[0.303s] -- Installing: /home/robot/project/ls65_ros/ls65/elite_ros_ws/install/eli_common_interface/include/eli_common_interface/eli_common_interface/msg/detail/safety_mode__rosidl_typesupport_introspection_cpp.hpp
[0.303s] -- Installing: /home/robot/project/ls65_ros/ls65/elite_ros_ws/install/eli_common_interface/include/eli_common_interface/eli_common_interface/msg/detail/robot_mode__rosidl_typesupport_introspection_cpp.hpp
[0.303s] -- Installing: /home/robot/project/ls65_ros/ls65/elite_ros_ws/install/eli_common_interface/include/eli_common_interface/eli_common_interface/msg/detail/tool_data__type_support.cpp
[0.303s] -- Installing: /home/robot/project/ls65_ros/ls65/elite_ros_ws/install/eli_common_interface/include/eli_common_interface/eli_common_interface/msg/detail/task_status__type_support.cpp
[0.303s] -- Installing: /home/robot/project/ls65_ros/ls65/elite_ros_ws/install/eli_common_interface/include/eli_common_interface/eli_common_interface/msg/detail/tool_data__rosidl_typesupport_introspection_cpp.hpp
[0.303s] -- Up-to-date: /home/robot/project/ls65_ros/ls65/elite_ros_ws/install/eli_common_interface/include/eli_common_interface/eli_common_interface/srv
[0.303s] -- Up-to-date: /home/robot/project/ls65_ros/ls65/elite_ros_ws/install/eli_common_interface/include/eli_common_interface/eli_common_interface/srv/detail
[0.303s] -- Installing: /home/robot/project/ls65_ros/ls65/elite_ros_ws/install/eli_common_interface/include/eli_common_interface/eli_common_interface/srv/detail/set_payload__type_support.cpp
[0.303s] -- Installing: /home/robot/project/ls65_ros/ls65/elite_ros_ws/install/eli_common_interface/include/eli_common_interface/eli_common_interface/srv/detail/get_robot_mode__type_support.cpp
[0.303s] -- Installing: /home/robot/project/ls65_ros/ls65/elite_ros_ws/install/eli_common_interface/include/eli_common_interface/eli_common_interface/srv/detail/set_speed_slider_fraction__type_support.cpp
[0.303s] -- Installing: /home/robot/project/ls65_ros/ls65/elite_ros_ws/install/eli_common_interface/include/eli_common_interface/eli_common_interface/srv/detail/get_safety_mode__type_support.cpp
[0.303s] -- Installing: /home/robot/project/ls65_ros/ls65/elite_ros_ws/install/eli_common_interface/include/eli_common_interface/eli_common_interface/srv/detail/get_task_status__rosidl_typesupport_introspection_cpp.hpp
[0.303s] -- Installing: /home/robot/project/ls65_ros/ls65/elite_ros_ws/install/eli_common_interface/include/eli_common_interface/eli_common_interface/srv/detail/set_io__type_support.cpp
[0.303s] -- Installing: /home/robot/project/ls65_ros/ls65/elite_ros_ws/install/eli_common_interface/include/eli_common_interface/eli_common_interface/srv/detail/get_robot_mode__rosidl_typesupport_introspection_cpp.hpp
[0.303s] -- Installing: /home/robot/project/ls65_ros/ls65/elite_ros_ws/install/eli_common_interface/include/eli_common_interface/eli_common_interface/srv/detail/set_speed_slider_fraction__rosidl_typesupport_introspection_cpp.hpp
[0.303s] -- Installing: /home/robot/project/ls65_ros/ls65/elite_ros_ws/install/eli_common_interface/include/eli_common_interface/eli_common_interface/srv/detail/set_io__rosidl_typesupport_introspection_cpp.hpp
[0.303s] -- Installing: /home/robot/project/ls65_ros/ls65/elite_ros_ws/install/eli_common_interface/include/eli_common_interface/eli_common_interface/srv/detail/get_safety_mode__rosidl_typesupport_introspection_cpp.hpp
[0.303s] -- Installing: /home/robot/project/ls65_ros/ls65/elite_ros_ws/install/eli_common_interface/include/eli_common_interface/eli_common_interface/srv/detail/set_payload__rosidl_typesupport_introspection_cpp.hpp
[0.303s] -- Installing: /home/robot/project/ls65_ros/ls65/elite_ros_ws/install/eli_common_interface/include/eli_common_interface/eli_common_interface/srv/detail/get_task_status__type_support.cpp
[0.303s] -- Installing: /home/robot/project/ls65_ros/ls65/elite_ros_ws/install/eli_common_interface/lib/libeli_common_interface__rosidl_typesupport_introspection_cpp.so
[0.303s] -- Set runtime path of "/home/robot/project/ls65_ros/ls65/elite_ros_ws/install/eli_common_interface/lib/libeli_common_interface__rosidl_typesupport_introspection_cpp.so" to ""
[0.303s] -- Installing: /home/robot/project/ls65_ros/ls65/elite_ros_ws/install/eli_common_interface/lib/libeli_common_interface__rosidl_typesupport_cpp.so
[0.303s] -- Set runtime path of "/home/robot/project/ls65_ros/ls65/elite_ros_ws/install/eli_common_interface/lib/libeli_common_interface__rosidl_typesupport_cpp.so" to ""
[0.303s] -- Installing: /home/robot/project/ls65_ros/ls65/elite_ros_ws/install/eli_common_interface/share/eli_common_interface/environment/pythonpath.sh
[0.303s] -- Installing: /home/robot/project/ls65_ros/ls65/elite_ros_ws/install/eli_common_interface/share/eli_common_interface/environment/pythonpath.dsv
[0.303s] -- Installing: /home/robot/project/ls65_ros/ls65/elite_ros_ws/install/eli_common_interface/local/lib/python3.10/dist-packages/eli_common_interface-0.0.1-py3.10.egg-info
[0.303s] -- Installing: /home/robot/project/ls65_ros/ls65/elite_ros_ws/install/eli_common_interface/local/lib/python3.10/dist-packages/eli_common_interface-0.0.1-py3.10.egg-info/dependency_links.txt
[0.303s] -- Installing: /home/robot/project/ls65_ros/ls65/elite_ros_ws/install/eli_common_interface/local/lib/python3.10/dist-packages/eli_common_interface-0.0.1-py3.10.egg-info/top_level.txt
[0.303s] -- Installing: /home/robot/project/ls65_ros/ls65/elite_ros_ws/install/eli_common_interface/local/lib/python3.10/dist-packages/eli_common_interface-0.0.1-py3.10.egg-info/SOURCES.txt
[0.303s] -- Installing: /home/robot/project/ls65_ros/ls65/elite_ros_ws/install/eli_common_interface/local/lib/python3.10/dist-packages/eli_common_interface-0.0.1-py3.10.egg-info/PKG-INFO
[0.303s] -- Installing: /home/robot/project/ls65_ros/ls65/elite_ros_ws/install/eli_common_interface/local/lib/python3.10/dist-packages/eli_common_interface
[0.303s] -- Installing: /home/robot/project/ls65_ros/ls65/elite_ros_ws/install/eli_common_interface/local/lib/python3.10/dist-packages/eli_common_interface/_eli_common_interface_s.ep.rosidl_typesupport_introspection_c.c
[0.303s] -- Installing: /home/robot/project/ls65_ros/ls65/elite_ros_ws/install/eli_common_interface/local/lib/python3.10/dist-packages/eli_common_interface/_eli_common_interface_s.ep.rosidl_typesupport_fastrtps_c.c
[0.303s] -- Installing: /home/robot/project/ls65_ros/ls65/elite_ros_ws/install/eli_common_interface/local/lib/python3.10/dist-packages/eli_common_interface/__init__.py
[0.303s] -- Installing: /home/robot/project/ls65_ros/ls65/elite_ros_ws/install/eli_common_interface/local/lib/python3.10/dist-packages/eli_common_interface/eli_common_interface_s__rosidl_typesupport_fastrtps_c.cpython-310-x86_64-linux-gnu.so
[0.303s] -- Installing: /home/robot/project/ls65_ros/ls65/elite_ros_ws/install/eli_common_interface/local/lib/python3.10/dist-packages/eli_common_interface/eli_common_interface_s__rosidl_typesupport_introspection_c.cpython-310-x86_64-linux-gnu.so
[0.304s] -- Installing: /home/robot/project/ls65_ros/ls65/elite_ros_ws/install/eli_common_interface/local/lib/python3.10/dist-packages/eli_common_interface/_eli_common_interface_s.ep.rosidl_typesupport_c.c
[0.304s] -- Installing: /home/robot/project/ls65_ros/ls65/elite_ros_ws/install/eli_common_interface/local/lib/python3.10/dist-packages/eli_common_interface/msg
[0.304s] -- Installing: /home/robot/project/ls65_ros/ls65/elite_ros_ws/install/eli_common_interface/local/lib/python3.10/dist-packages/eli_common_interface/msg/_tool_data_s.c
[0.304s] -- Installing: /home/robot/project/ls65_ros/ls65/elite_ros_ws/install/eli_common_interface/local/lib/python3.10/dist-packages/eli_common_interface/msg/_io_state.py
[0.304s] -- Installing: /home/robot/project/ls65_ros/ls65/elite_ros_ws/install/eli_common_interface/local/lib/python3.10/dist-packages/eli_common_interface/msg/_io_state_s.c
[0.304s] -- Installing: /home/robot/project/ls65_ros/ls65/elite_ros_ws/install/eli_common_interface/local/lib/python3.10/dist-packages/eli_common_interface/msg/_analog.py
[0.304s] -- Installing: /home/robot/project/ls65_ros/ls65/elite_ros_ws/install/eli_common_interface/local/lib/python3.10/dist-packages/eli_common_interface/msg/__init__.py
[0.304s] -- Installing: /home/robot/project/ls65_ros/ls65/elite_ros_ws/install/eli_common_interface/local/lib/python3.10/dist-packages/eli_common_interface/msg/_task_status.py
[0.304s] -- Installing: /home/robot/project/ls65_ros/ls65/elite_ros_ws/install/eli_common_interface/local/lib/python3.10/dist-packages/eli_common_interface/msg/_tool_data.py
[0.304s] -- Installing: /home/robot/project/ls65_ros/ls65/elite_ros_ws/install/eli_common_interface/local/lib/python3.10/dist-packages/eli_common_interface/msg/_safety_mode.py
[0.304s] -- Installing: /home/robot/project/ls65_ros/ls65/elite_ros_ws/install/eli_common_interface/local/lib/python3.10/dist-packages/eli_common_interface/msg/_analog_s.c
[0.304s] -- Installing: /home/robot/project/ls65_ros/ls65/elite_ros_ws/install/eli_common_interface/local/lib/python3.10/dist-packages/eli_common_interface/msg/_task_status_s.c
[0.304s] -- Installing: /home/robot/project/ls65_ros/ls65/elite_ros_ws/install/eli_common_interface/local/lib/python3.10/dist-packages/eli_common_interface/msg/_robot_mode_s.c
[0.304s] -- Installing: /home/robot/project/ls65_ros/ls65/elite_ros_ws/install/eli_common_interface/local/lib/python3.10/dist-packages/eli_common_interface/msg/_safety_mode_s.c
[0.304s] -- Installing: /home/robot/project/ls65_ros/ls65/elite_ros_ws/install/eli_common_interface/local/lib/python3.10/dist-packages/eli_common_interface/msg/_robot_mode.py
[0.304s] -- Installing: /home/robot/project/ls65_ros/ls65/elite_ros_ws/install/eli_common_interface/local/lib/python3.10/dist-packages/eli_common_interface/srv
[0.304s] -- Installing: /home/robot/project/ls65_ros/ls65/elite_ros_ws/install/eli_common_interface/local/lib/python3.10/dist-packages/eli_common_interface/srv/_get_safety_mode.py
[0.304s] -- Installing: /home/robot/project/ls65_ros/ls65/elite_ros_ws/install/eli_common_interface/local/lib/python3.10/dist-packages/eli_common_interface/srv/_get_robot_mode.py
[0.304s] -- Installing: /home/robot/project/ls65_ros/ls65/elite_ros_ws/install/eli_common_interface/local/lib/python3.10/dist-packages/eli_common_interface/srv/_get_task_status_s.c
[0.304s] -- Installing: /home/robot/project/ls65_ros/ls65/elite_ros_ws/install/eli_common_interface/local/lib/python3.10/dist-packages/eli_common_interface/srv/_set_payload.py
[0.304s] -- Installing: /home/robot/project/ls65_ros/ls65/elite_ros_ws/install/eli_common_interface/local/lib/python3.10/dist-packages/eli_common_interface/srv/__init__.py
[0.304s] -- Installing: /home/robot/project/ls65_ros/ls65/elite_ros_ws/install/eli_common_interface/local/lib/python3.10/dist-packages/eli_common_interface/srv/_set_io_s.c
[0.304s] -- Installing: /home/robot/project/ls65_ros/ls65/elite_ros_ws/install/eli_common_interface/local/lib/python3.10/dist-packages/eli_common_interface/srv/_set_payload_s.c
[0.304s] -- Installing: /home/robot/project/ls65_ros/ls65/elite_ros_ws/install/eli_common_interface/local/lib/python3.10/dist-packages/eli_common_interface/srv/_get_robot_mode_s.c
[0.304s] -- Installing: /home/robot/project/ls65_ros/ls65/elite_ros_ws/install/eli_common_interface/local/lib/python3.10/dist-packages/eli_common_interface/srv/_set_speed_slider_fraction_s.c
[0.304s] -- Installing: /home/robot/project/ls65_ros/ls65/elite_ros_ws/install/eli_common_interface/local/lib/python3.10/dist-packages/eli_common_interface/srv/_get_safety_mode_s.c
[0.304s] -- Installing: /home/robot/project/ls65_ros/ls65/elite_ros_ws/install/eli_common_interface/local/lib/python3.10/dist-packages/eli_common_interface/srv/_set_speed_slider_fraction.py
[0.304s] -- Installing: /home/robot/project/ls65_ros/ls65/elite_ros_ws/install/eli_common_interface/local/lib/python3.10/dist-packages/eli_common_interface/srv/_set_io.py
[0.304s] -- Installing: /home/robot/project/ls65_ros/ls65/elite_ros_ws/install/eli_common_interface/local/lib/python3.10/dist-packages/eli_common_interface/srv/_get_task_status.py
[0.304s] -- Installing: /home/robot/project/ls65_ros/ls65/elite_ros_ws/install/eli_common_interface/local/lib/python3.10/dist-packages/eli_common_interface/libeli_common_interface__rosidl_generator_py.so
[0.304s] -- Installing: /home/robot/project/ls65_ros/ls65/elite_ros_ws/install/eli_common_interface/local/lib/python3.10/dist-packages/eli_common_interface/eli_common_interface_s__rosidl_typesupport_c.cpython-310-x86_64-linux-gnu.so
[0.350s] Listing '/home/robot/project/ls65_ros/ls65/elite_ros_ws/install/eli_common_interface/local/lib/python3.10/dist-packages/eli_common_interface'...
[0.350s] Compiling '/home/robot/project/ls65_ros/ls65/elite_ros_ws/install/eli_common_interface/local/lib/python3.10/dist-packages/eli_common_interface/__init__.py'...
[0.350s] Listing '/home/robot/project/ls65_ros/ls65/elite_ros_ws/install/eli_common_interface/local/lib/python3.10/dist-packages/eli_common_interface/msg'...
[0.350s] Compiling '/home/robot/project/ls65_ros/ls65/elite_ros_ws/install/eli_common_interface/local/lib/python3.10/dist-packages/eli_common_interface/msg/__init__.py'...
[0.351s] Compiling '/home/robot/project/ls65_ros/ls65/elite_ros_ws/install/eli_common_interface/local/lib/python3.10/dist-packages/eli_common_interface/msg/_analog.py'...
[0.351s] Compiling '/home/robot/project/ls65_ros/ls65/elite_ros_ws/install/eli_common_interface/local/lib/python3.10/dist-packages/eli_common_interface/msg/_io_state.py'...
[0.351s] Compiling '/home/robot/project/ls65_ros/ls65/elite_ros_ws/install/eli_common_interface/local/lib/python3.10/dist-packages/eli_common_interface/msg/_robot_mode.py'...
[0.351s] Compiling '/home/robot/project/ls65_ros/ls65/elite_ros_ws/install/eli_common_interface/local/lib/python3.10/dist-packages/eli_common_interface/msg/_safety_mode.py'...
[0.351s] Compiling '/home/robot/project/ls65_ros/ls65/elite_ros_ws/install/eli_common_interface/local/lib/python3.10/dist-packages/eli_common_interface/msg/_task_status.py'...
[0.351s] Compiling '/home/robot/project/ls65_ros/ls65/elite_ros_ws/install/eli_common_interface/local/lib/python3.10/dist-packages/eli_common_interface/msg/_tool_data.py'...
[0.351s] Listing '/home/robot/project/ls65_ros/ls65/elite_ros_ws/install/eli_common_interface/local/lib/python3.10/dist-packages/eli_common_interface/srv'...
[0.351s] Compiling '/home/robot/project/ls65_ros/ls65/elite_ros_ws/install/eli_common_interface/local/lib/python3.10/dist-packages/eli_common_interface/srv/__init__.py'...
[0.351s] Compiling '/home/robot/project/ls65_ros/ls65/elite_ros_ws/install/eli_common_interface/local/lib/python3.10/dist-packages/eli_common_interface/srv/_get_robot_mode.py'...
[0.351s] Compiling '/home/robot/project/ls65_ros/ls65/elite_ros_ws/install/eli_common_interface/local/lib/python3.10/dist-packages/eli_common_interface/srv/_get_safety_mode.py'...
[0.351s] Compiling '/home/robot/project/ls65_ros/ls65/elite_ros_ws/install/eli_common_interface/local/lib/python3.10/dist-packages/eli_common_interface/srv/_get_task_status.py'...
[0.351s] Compiling '/home/robot/project/ls65_ros/ls65/elite_ros_ws/install/eli_common_interface/local/lib/python3.10/dist-packages/eli_common_interface/srv/_set_io.py'...
[0.351s] Compiling '/home/robot/project/ls65_ros/ls65/elite_ros_ws/install/eli_common_interface/local/lib/python3.10/dist-packages/eli_common_interface/srv/_set_payload.py'...
[0.351s] Compiling '/home/robot/project/ls65_ros/ls65/elite_ros_ws/install/eli_common_interface/local/lib/python3.10/dist-packages/eli_common_interface/srv/_set_speed_slider_fraction.py'...
[0.354s] -- Installing: /home/robot/project/ls65_ros/ls65/elite_ros_ws/install/eli_common_interface/local/lib/python3.10/dist-packages/eli_common_interface/eli_common_interface_s__rosidl_typesupport_fastrtps_c.cpython-310-x86_64-linux-gnu.so
[0.354s] -- Set runtime path of "/home/robot/project/ls65_ros/ls65/elite_ros_ws/install/eli_common_interface/local/lib/python3.10/dist-packages/eli_common_interface/eli_common_interface_s__rosidl_typesupport_fastrtps_c.cpython-310-x86_64-linux-gnu.so" to ""
[0.354s] -- Installing: /home/robot/project/ls65_ros/ls65/elite_ros_ws/install/eli_common_interface/local/lib/python3.10/dist-packages/eli_common_interface/eli_common_interface_s__rosidl_typesupport_introspection_c.cpython-310-x86_64-linux-gnu.so
[0.355s] -- Set runtime path of "/home/robot/project/ls65_ros/ls65/elite_ros_ws/install/eli_common_interface/local/lib/python3.10/dist-packages/eli_common_interface/eli_common_interface_s__rosidl_typesupport_introspection_c.cpython-310-x86_64-linux-gnu.so" to ""
[0.355s] -- Installing: /home/robot/project/ls65_ros/ls65/elite_ros_ws/install/eli_common_interface/local/lib/python3.10/dist-packages/eli_common_interface/eli_common_interface_s__rosidl_typesupport_c.cpython-310-x86_64-linux-gnu.so
[0.355s] -- Set runtime path of "/home/robot/project/ls65_ros/ls65/elite_ros_ws/install/eli_common_interface/local/lib/python3.10/dist-packages/eli_common_interface/eli_common_interface_s__rosidl_typesupport_c.cpython-310-x86_64-linux-gnu.so" to ""
[0.355s] -- Installing: /home/robot/project/ls65_ros/ls65/elite_ros_ws/install/eli_common_interface/lib/libeli_common_interface__rosidl_generator_py.so
[0.356s] -- Set runtime path of "/home/robot/project/ls65_ros/ls65/elite_ros_ws/install/eli_common_interface/lib/libeli_common_interface__rosidl_generator_py.so" to ""
[0.356s] -- Installing: /home/robot/project/ls65_ros/ls65/elite_ros_ws/install/eli_common_interface/share/ament_index/resource_index/rust_packages/eli_common_interface
[0.356s] -- Installing: /home/robot/project/ls65_ros/ls65/elite_ros_ws/install/eli_common_interface/share/eli_common_interface/rust
[0.356s] -- Installing: /home/robot/project/ls65_ros/ls65/elite_ros_ws/install/eli_common_interface/share/eli_common_interface/rust/src
[0.356s] -- Installing: /home/robot/project/ls65_ros/ls65/elite_ros_ws/install/eli_common_interface/share/eli_common_interface/rust/src/msg.rs
[0.356s] -- Installing: /home/robot/project/ls65_ros/ls65/elite_ros_ws/install/eli_common_interface/share/eli_common_interface/rust/src/srv.rs
[0.356s] -- Installing: /home/robot/project/ls65_ros/ls65/elite_ros_ws/install/eli_common_interface/share/eli_common_interface/rust/src/msg
[0.356s] -- Installing: /home/robot/project/ls65_ros/ls65/elite_ros_ws/install/eli_common_interface/share/eli_common_interface/rust/src/msg/rmw.rs
[0.357s] -- Installing: /home/robot/project/ls65_ros/ls65/elite_ros_ws/install/eli_common_interface/share/eli_common_interface/rust/src/lib.rs
[0.357s] -- Installing: /home/robot/project/ls65_ros/ls65/elite_ros_ws/install/eli_common_interface/share/eli_common_interface/rust/src/srv
[0.357s] -- Installing: /home/robot/project/ls65_ros/ls65/elite_ros_ws/install/eli_common_interface/share/eli_common_interface/rust/src/srv/rmw.rs
[0.357s] -- Installing: /home/robot/project/ls65_ros/ls65/elite_ros_ws/install/eli_common_interface/share/eli_common_interface/rust/build.rs
[0.357s] -- Installing: /home/robot/project/ls65_ros/ls65/elite_ros_ws/install/eli_common_interface/share/eli_common_interface/rust/Cargo.toml
[0.357s] -- Installing: /home/robot/project/ls65_ros/ls65/elite_ros_ws/install/eli_common_interface/share/eli_common_interface/srv/GetTaskStatus.idl
[0.357s] -- Installing: /home/robot/project/ls65_ros/ls65/elite_ros_ws/install/eli_common_interface/share/eli_common_interface/srv/GetRobotMode.idl
[0.357s] -- Installing: /home/robot/project/ls65_ros/ls65/elite_ros_ws/install/eli_common_interface/share/eli_common_interface/srv/GetSafetyMode.idl
[0.357s] -- Installing: /home/robot/project/ls65_ros/ls65/elite_ros_ws/install/eli_common_interface/share/eli_common_interface/srv/SetIO.idl
[0.358s] -- Installing: /home/robot/project/ls65_ros/ls65/elite_ros_ws/install/eli_common_interface/share/eli_common_interface/srv/SetSpeedSliderFraction.idl
[0.358s] -- Installing: /home/robot/project/ls65_ros/ls65/elite_ros_ws/install/eli_common_interface/share/eli_common_interface/srv/SetPayload.idl
[0.358s] -- Installing: /home/robot/project/ls65_ros/ls65/elite_ros_ws/install/eli_common_interface/share/eli_common_interface/msg/RobotMode.idl
[0.358s] -- Installing: /home/robot/project/ls65_ros/ls65/elite_ros_ws/install/eli_common_interface/share/eli_common_interface/msg/TaskStatus.idl
[0.358s] -- Installing: /home/robot/project/ls65_ros/ls65/elite_ros_ws/install/eli_common_interface/share/eli_common_interface/msg/SafetyMode.idl
[0.358s] -- Installing: /home/robot/project/ls65_ros/ls65/elite_ros_ws/install/eli_common_interface/share/eli_common_interface/msg/Analog.idl
[0.358s] -- Installing: /home/robot/project/ls65_ros/ls65/elite_ros_ws/install/eli_common_interface/share/eli_common_interface/msg/IOState.idl
[0.359s] -- Installing: /home/robot/project/ls65_ros/ls65/elite_ros_ws/install/eli_common_interface/share/eli_common_interface/msg/ToolData.idl
[0.359s] -- Installing: /home/robot/project/ls65_ros/ls65/elite_ros_ws/install/eli_common_interface/share/eli_common_interface/srv/GetTaskStatus.srv
[0.359s] -- Installing: /home/robot/project/ls65_ros/ls65/elite_ros_ws/install/eli_common_interface/share/eli_common_interface/srv/GetTaskStatus_Request.msg
[0.359s] -- Installing: /home/robot/project/ls65_ros/ls65/elite_ros_ws/install/eli_common_interface/share/eli_common_interface/srv/GetTaskStatus_Response.msg
[0.359s] -- Installing: /home/robot/project/ls65_ros/ls65/elite_ros_ws/install/eli_common_interface/share/eli_common_interface/srv/GetRobotMode.srv
[0.359s] -- Installing: /home/robot/project/ls65_ros/ls65/elite_ros_ws/install/eli_common_interface/share/eli_common_interface/srv/GetRobotMode_Request.msg
[0.360s] -- Installing: /home/robot/project/ls65_ros/ls65/elite_ros_ws/install/eli_common_interface/share/eli_common_interface/srv/GetRobotMode_Response.msg
[0.360s] -- Installing: /home/robot/project/ls65_ros/ls65/elite_ros_ws/install/eli_common_interface/share/eli_common_interface/srv/GetSafetyMode.srv
[0.360s] -- Installing: /home/robot/project/ls65_ros/ls65/elite_ros_ws/install/eli_common_interface/share/eli_common_interface/srv/GetSafetyMode_Request.msg
[0.362s] -- Installing: /home/robot/project/ls65_ros/ls65/elite_ros_ws/install/eli_common_interface/share/eli_common_interface/srv/GetSafetyMode_Response.msg
[0.362s] -- Installing: /home/robot/project/ls65_ros/ls65/elite_ros_ws/install/eli_common_interface/share/eli_common_interface/srv/SetIO.srv
[0.362s] -- Installing: /home/robot/project/ls65_ros/ls65/elite_ros_ws/install/eli_common_interface/share/eli_common_interface/srv/SetIO_Request.msg
[0.362s] -- Installing: /home/robot/project/ls65_ros/ls65/elite_ros_ws/install/eli_common_interface/share/eli_common_interface/srv/SetIO_Response.msg
[0.362s] -- Installing: /home/robot/project/ls65_ros/ls65/elite_ros_ws/install/eli_common_interface/share/eli_common_interface/srv/SetSpeedSliderFraction.srv
[0.363s] -- Installing: /home/robot/project/ls65_ros/ls65/elite_ros_ws/install/eli_common_interface/share/eli_common_interface/srv/SetSpeedSliderFraction_Request.msg
[0.363s] -- Installing: /home/robot/project/ls65_ros/ls65/elite_ros_ws/install/eli_common_interface/share/eli_common_interface/srv/SetSpeedSliderFraction_Response.msg
[0.363s] -- Installing: /home/robot/project/ls65_ros/ls65/elite_ros_ws/install/eli_common_interface/share/eli_common_interface/srv/SetPayload.srv
[0.363s] -- Installing: /home/robot/project/ls65_ros/ls65/elite_ros_ws/install/eli_common_interface/share/eli_common_interface/srv/SetPayload_Request.msg
[0.363s] -- Installing: /home/robot/project/ls65_ros/ls65/elite_ros_ws/install/eli_common_interface/share/eli_common_interface/srv/SetPayload_Response.msg
[0.363s] -- Installing: /home/robot/project/ls65_ros/ls65/elite_ros_ws/install/eli_common_interface/share/eli_common_interface/msg/RobotMode.msg
[0.363s] -- Installing: /home/robot/project/ls65_ros/ls65/elite_ros_ws/install/eli_common_interface/share/eli_common_interface/msg/TaskStatus.msg
[0.363s] -- Installing: /home/robot/project/ls65_ros/ls65/elite_ros_ws/install/eli_common_interface/share/eli_common_interface/msg/SafetyMode.msg
[0.363s] -- Installing: /home/robot/project/ls65_ros/ls65/elite_ros_ws/install/eli_common_interface/share/eli_common_interface/msg/Analog.msg
[0.363s] -- Installing: /home/robot/project/ls65_ros/ls65/elite_ros_ws/install/eli_common_interface/share/eli_common_interface/msg/IOState.msg
[0.364s] -- Installing: /home/robot/project/ls65_ros/ls65/elite_ros_ws/install/eli_common_interface/share/eli_common_interface/msg/ToolData.msg
[0.364s] -- Installing: /home/robot/project/ls65_ros/ls65/elite_ros_ws/install/eli_common_interface/share/ament_index/resource_index/package_run_dependencies/eli_common_interface
[0.364s] -- Installing: /home/robot/project/ls65_ros/ls65/elite_ros_ws/install/eli_common_interface/share/ament_index/resource_index/parent_prefix_path/eli_common_interface
[0.364s] -- Installing: /home/robot/project/ls65_ros/ls65/elite_ros_ws/install/eli_common_interface/share/eli_common_interface/environment/ament_prefix_path.sh
[0.364s] -- Installing: /home/robot/project/ls65_ros/ls65/elite_ros_ws/install/eli_common_interface/share/eli_common_interface/environment/ament_prefix_path.dsv
[0.364s] -- Installing: /home/robot/project/ls65_ros/ls65/elite_ros_ws/install/eli_common_interface/share/eli_common_interface/environment/path.sh
[0.364s] -- Installing: /home/robot/project/ls65_ros/ls65/elite_ros_ws/install/eli_common_interface/share/eli_common_interface/environment/path.dsv
[0.364s] -- Installing: /home/robot/project/ls65_ros/ls65/elite_ros_ws/install/eli_common_interface/share/eli_common_interface/local_setup.bash
[0.364s] -- Installing: /home/robot/project/ls65_ros/ls65/elite_ros_ws/install/eli_common_interface/share/eli_common_interface/local_setup.sh
[0.364s] -- Installing: /home/robot/project/ls65_ros/ls65/elite_ros_ws/install/eli_common_interface/share/eli_common_interface/local_setup.zsh
[0.364s] -- Installing: /home/robot/project/ls65_ros/ls65/elite_ros_ws/install/eli_common_interface/share/eli_common_interface/local_setup.dsv
[0.364s] -- Installing: /home/robot/project/ls65_ros/ls65/elite_ros_ws/install/eli_common_interface/share/eli_common_interface/package.dsv
[0.364s] -- Installing: /home/robot/project/ls65_ros/ls65/elite_ros_ws/install/eli_common_interface/share/ament_index/resource_index/packages/eli_common_interface
[0.365s] -- Installing: /home/robot/project/ls65_ros/ls65/elite_ros_ws/install/eli_common_interface/share/eli_common_interface/cmake/export_eli_common_interface__rosidl_generator_cExport.cmake
[0.365s] -- Installing: /home/robot/project/ls65_ros/ls65/elite_ros_ws/install/eli_common_interface/share/eli_common_interface/cmake/export_eli_common_interface__rosidl_generator_cExport-noconfig.cmake
[0.365s] -- Installing: /home/robot/project/ls65_ros/ls65/elite_ros_ws/install/eli_common_interface/share/eli_common_interface/cmake/export_eli_common_interface__rosidl_typesupport_fastrtps_cExport.cmake
[0.365s] -- Installing: /home/robot/project/ls65_ros/ls65/elite_ros_ws/install/eli_common_interface/share/eli_common_interface/cmake/export_eli_common_interface__rosidl_typesupport_fastrtps_cExport-noconfig.cmake
[0.365s] -- Installing: /home/robot/project/ls65_ros/ls65/elite_ros_ws/install/eli_common_interface/share/eli_common_interface/cmake/eli_common_interface__rosidl_typesupport_introspection_cExport.cmake
[0.365s] -- Installing: /home/robot/project/ls65_ros/ls65/elite_ros_ws/install/eli_common_interface/share/eli_common_interface/cmake/eli_common_interface__rosidl_typesupport_introspection_cExport-noconfig.cmake
[0.365s] -- Installing: /home/robot/project/ls65_ros/ls65/elite_ros_ws/install/eli_common_interface/share/eli_common_interface/cmake/eli_common_interface__rosidl_typesupport_cExport.cmake
[0.366s] -- Installing: /home/robot/project/ls65_ros/ls65/elite_ros_ws/install/eli_common_interface/share/eli_common_interface/cmake/eli_common_interface__rosidl_typesupport_cExport-noconfig.cmake
[0.366s] -- Installing: /home/robot/project/ls65_ros/ls65/elite_ros_ws/install/eli_common_interface/share/eli_common_interface/cmake/export_eli_common_interface__rosidl_generator_cppExport.cmake
[0.366s] -- Installing: /home/robot/project/ls65_ros/ls65/elite_ros_ws/install/eli_common_interface/share/eli_common_interface/cmake/export_eli_common_interface__rosidl_typesupport_fastrtps_cppExport.cmake
[0.366s] -- Installing: /home/robot/project/ls65_ros/ls65/elite_ros_ws/install/eli_common_interface/share/eli_common_interface/cmake/export_eli_common_interface__rosidl_typesupport_fastrtps_cppExport-noconfig.cmake
[0.366s] -- Installing: /home/robot/project/ls65_ros/ls65/elite_ros_ws/install/eli_common_interface/share/eli_common_interface/cmake/eli_common_interface__rosidl_typesupport_introspection_cppExport.cmake
[0.366s] -- Installing: /home/robot/project/ls65_ros/ls65/elite_ros_ws/install/eli_common_interface/share/eli_common_interface/cmake/eli_common_interface__rosidl_typesupport_introspection_cppExport-noconfig.cmake
[0.367s] -- Installing: /home/robot/project/ls65_ros/ls65/elite_ros_ws/install/eli_common_interface/share/eli_common_interface/cmake/eli_common_interface__rosidl_typesupport_cppExport.cmake
[0.367s] -- Installing: /home/robot/project/ls65_ros/ls65/elite_ros_ws/install/eli_common_interface/share/eli_common_interface/cmake/eli_common_interface__rosidl_typesupport_cppExport-noconfig.cmake
[0.367s] -- Installing: /home/robot/project/ls65_ros/ls65/elite_ros_ws/install/eli_common_interface/share/eli_common_interface/cmake/export_eli_common_interface__rosidl_generator_pyExport.cmake
[0.368s] -- Installing: /home/robot/project/ls65_ros/ls65/elite_ros_ws/install/eli_common_interface/share/eli_common_interface/cmake/export_eli_common_interface__rosidl_generator_pyExport-noconfig.cmake
[0.368s] -- Installing: /home/robot/project/ls65_ros/ls65/elite_ros_ws/install/eli_common_interface/share/eli_common_interface/cmake/rosidl_cmake-extras.cmake
[0.368s] -- Installing: /home/robot/project/ls65_ros/ls65/elite_ros_ws/install/eli_common_interface/share/eli_common_interface/cmake/ament_cmake_export_dependencies-extras.cmake
[0.368s] -- Installing: /home/robot/project/ls65_ros/ls65/elite_ros_ws/install/eli_common_interface/share/eli_common_interface/cmake/ament_cmake_export_include_directories-extras.cmake
[0.368s] -- Installing: /home/robot/project/ls65_ros/ls65/elite_ros_ws/install/eli_common_interface/share/eli_common_interface/cmake/ament_cmake_export_libraries-extras.cmake
[0.369s] -- Installing: /home/robot/project/ls65_ros/ls65/elite_ros_ws/install/eli_common_interface/share/eli_common_interface/cmake/ament_cmake_export_targets-extras.cmake
[0.369s] -- Installing: /home/robot/project/ls65_ros/ls65/elite_ros_ws/install/eli_common_interface/share/eli_common_interface/cmake/rosidl_cmake_export_typesupport_targets-extras.cmake
[0.369s] -- Installing: /home/robot/project/ls65_ros/ls65/elite_ros_ws/install/eli_common_interface/share/eli_common_interface/cmake/rosidl_cmake_export_typesupport_libraries-extras.cmake
[0.369s] -- Installing: /home/robot/project/ls65_ros/ls65/elite_ros_ws/install/eli_common_interface/share/eli_common_interface/cmake/eli_common_interfaceConfig.cmake
[0.369s] -- Installing: /home/robot/project/ls65_ros/ls65/elite_ros_ws/install/eli_common_interface/share/eli_common_interface/cmake/eli_common_interfaceConfig-version.cmake
[0.369s] -- Installing: /home/robot/project/ls65_ros/ls65/elite_ros_ws/install/eli_common_interface/share/eli_common_interface/package.xml
[0.375s] Invoked command in '/home/robot/project/ls65_ros/ls65/elite_ros_ws/build/eli_common_interface' returned '0': CMAKE_PREFIX_PATH=/opt/ros/humble /usr/bin/cmake --install /home/robot/project/ls65_ros/ls65/elite_ros_ws/build/eli_common_interface
