Built target ament_cmake_python_copy_eli_cs_robot_moveit_config
running egg_info
writing eli_cs_robot_moveit_config.egg-info/PKG-INFO
writing dependency_links to eli_cs_robot_moveit_config.egg-info/dependency_links.txt
writing top-level names to eli_cs_robot_moveit_config.egg-info/top_level.txt
reading manifest file 'eli_cs_robot_moveit_config.egg-info/SOURCES.txt'
writing manifest file 'eli_cs_robot_moveit_config.egg-info/SOURCES.txt'
Built target ament_cmake_python_build_eli_cs_robot_moveit_config_egg
-- Install configuration: ""
-- Up-to-date: /home/robot/project/ls65_ros/ls65/elite_ros_ws/install/eli_cs_robot_moveit_config/share/eli_cs_robot_moveit_config/config
-- Up-to-date: /home/robot/project/ls65_ros/ls65/elite_ros_ws/install/eli_cs_robot_moveit_config/share/eli_cs_robot_moveit_config/config/controllers_5f.yaml
-- Up-to-date: /home/robot/project/ls65_ros/ls65/elite_ros_ws/install/eli_cs_robot_moveit_config/share/eli_cs_robot_moveit_config/config/kinematics.yaml
-- Up-to-date: /home/robot/project/ls65_ros/ls65/elite_ros_ws/install/eli_cs_robot_moveit_config/share/eli_cs_robot_moveit_config/config/controllers.yaml
-- Up-to-date: /home/robot/project/ls65_ros/ls65/elite_ros_ws/install/eli_cs_robot_moveit_config/share/eli_cs_robot_moveit_config/config/joint_limits.yaml
-- Up-to-date: /home/robot/project/ls65_ros/ls65/elite_ros_ws/install/eli_cs_robot_moveit_config/share/eli_cs_robot_moveit_config/config/ompl_planning.yaml
-- Up-to-date: /home/robot/project/ls65_ros/ls65/elite_ros_ws/install/eli_cs_robot_moveit_config/share/eli_cs_robot_moveit_config/config/joint_limits_5f.yaml
-- Up-to-date: /home/robot/project/ls65_ros/ls65/elite_ros_ws/install/eli_cs_robot_moveit_config/share/eli_cs_robot_moveit_config/config/cs_servo.yaml
-- Up-to-date: /home/robot/project/ls65_ros/ls65/elite_ros_ws/install/eli_cs_robot_moveit_config/share/eli_cs_robot_moveit_config/launch
-- Up-to-date: /home/robot/project/ls65_ros/ls65/elite_ros_ws/install/eli_cs_robot_moveit_config/share/eli_cs_robot_moveit_config/launch/cs_moveit.launch.py
-- Up-to-date: /home/robot/project/ls65_ros/ls65/elite_ros_ws/install/eli_cs_robot_moveit_config/share/eli_cs_robot_moveit_config/rviz
-- Up-to-date: /home/robot/project/ls65_ros/ls65/elite_ros_ws/install/eli_cs_robot_moveit_config/share/eli_cs_robot_moveit_config/rviz/view_robot.rviz
-- Up-to-date: /home/robot/project/ls65_ros/ls65/elite_ros_ws/install/eli_cs_robot_moveit_config/share/eli_cs_robot_moveit_config/srdf
-- Up-to-date: /home/robot/project/ls65_ros/ls65/elite_ros_ws/install/eli_cs_robot_moveit_config/share/eli_cs_robot_moveit_config/srdf/cs_macro.srdf.xacro
-- Up-to-date: /home/robot/project/ls65_ros/ls65/elite_ros_ws/install/eli_cs_robot_moveit_config/share/eli_cs_robot_moveit_config/srdf/cs.srdf.xacro
-- Up-to-date: /home/robot/project/ls65_ros/ls65/elite_ros_ws/install/eli_cs_robot_moveit_config/share/eli_cs_robot_moveit_config/srdf/cs_macro_5f.srdf.xacro
-- Up-to-date: /home/robot/project/ls65_ros/ls65/elite_ros_ws/install/eli_cs_robot_moveit_config/share/eli_cs_robot_moveit_config/srdf/cs_5f.srdf.xacro
-- Up-to-date: /home/robot/project/ls65_ros/ls65/elite_ros_ws/install/eli_cs_robot_moveit_config/share/eli_cs_robot_moveit_config/environment/pythonpath.sh
-- Up-to-date: /home/robot/project/ls65_ros/ls65/elite_ros_ws/install/eli_cs_robot_moveit_config/share/eli_cs_robot_moveit_config/environment/pythonpath.dsv
-- Up-to-date: /home/robot/project/ls65_ros/ls65/elite_ros_ws/install/eli_cs_robot_moveit_config/local/lib/python3.10/dist-packages/eli_cs_robot_moveit_config-0.0.0-py3.10.egg-info
-- Installing: /home/robot/project/ls65_ros/ls65/elite_ros_ws/install/eli_cs_robot_moveit_config/local/lib/python3.10/dist-packages/eli_cs_robot_moveit_config-0.0.0-py3.10.egg-info/dependency_links.txt
-- Installing: /home/robot/project/ls65_ros/ls65/elite_ros_ws/install/eli_cs_robot_moveit_config/local/lib/python3.10/dist-packages/eli_cs_robot_moveit_config-0.0.0-py3.10.egg-info/top_level.txt
-- Installing: /home/robot/project/ls65_ros/ls65/elite_ros_ws/install/eli_cs_robot_moveit_config/local/lib/python3.10/dist-packages/eli_cs_robot_moveit_config-0.0.0-py3.10.egg-info/SOURCES.txt
-- Installing: /home/robot/project/ls65_ros/ls65/elite_ros_ws/install/eli_cs_robot_moveit_config/local/lib/python3.10/dist-packages/eli_cs_robot_moveit_config-0.0.0-py3.10.egg-info/PKG-INFO
-- Up-to-date: /home/robot/project/ls65_ros/ls65/elite_ros_ws/install/eli_cs_robot_moveit_config/local/lib/python3.10/dist-packages/eli_cs_robot_moveit_config
-- Up-to-date: /home/robot/project/ls65_ros/ls65/elite_ros_ws/install/eli_cs_robot_moveit_config/local/lib/python3.10/dist-packages/eli_cs_robot_moveit_config/__init__.py
-- Up-to-date: /home/robot/project/ls65_ros/ls65/elite_ros_ws/install/eli_cs_robot_moveit_config/local/lib/python3.10/dist-packages/eli_cs_robot_moveit_config/launch_common.py
Listing '/home/robot/project/ls65_ros/ls65/elite_ros_ws/install/eli_cs_robot_moveit_config/local/lib/python3.10/dist-packages/eli_cs_robot_moveit_config'...
-- Up-to-date: /home/robot/project/ls65_ros/ls65/elite_ros_ws/install/eli_cs_robot_moveit_config/local/lib/python3.10/dist-packages/launch_common.py
-- Up-to-date: /home/robot/project/ls65_ros/ls65/elite_ros_ws/install/eli_cs_robot_moveit_config/share/ament_index/resource_index/package_run_dependencies/eli_cs_robot_moveit_config
-- Up-to-date: /home/robot/project/ls65_ros/ls65/elite_ros_ws/install/eli_cs_robot_moveit_config/share/ament_index/resource_index/parent_prefix_path/eli_cs_robot_moveit_config
-- Up-to-date: /home/robot/project/ls65_ros/ls65/elite_ros_ws/install/eli_cs_robot_moveit_config/share/eli_cs_robot_moveit_config/environment/ament_prefix_path.sh
-- Up-to-date: /home/robot/project/ls65_ros/ls65/elite_ros_ws/install/eli_cs_robot_moveit_config/share/eli_cs_robot_moveit_config/environment/ament_prefix_path.dsv
-- Up-to-date: /home/robot/project/ls65_ros/ls65/elite_ros_ws/install/eli_cs_robot_moveit_config/share/eli_cs_robot_moveit_config/environment/path.sh
-- Up-to-date: /home/robot/project/ls65_ros/ls65/elite_ros_ws/install/eli_cs_robot_moveit_config/share/eli_cs_robot_moveit_config/environment/path.dsv
-- Up-to-date: /home/robot/project/ls65_ros/ls65/elite_ros_ws/install/eli_cs_robot_moveit_config/share/eli_cs_robot_moveit_config/local_setup.bash
-- Up-to-date: /home/robot/project/ls65_ros/ls65/elite_ros_ws/install/eli_cs_robot_moveit_config/share/eli_cs_robot_moveit_config/local_setup.sh
-- Up-to-date: /home/robot/project/ls65_ros/ls65/elite_ros_ws/install/eli_cs_robot_moveit_config/share/eli_cs_robot_moveit_config/local_setup.zsh
-- Up-to-date: /home/robot/project/ls65_ros/ls65/elite_ros_ws/install/eli_cs_robot_moveit_config/share/eli_cs_robot_moveit_config/local_setup.dsv
-- Installing: /home/robot/project/ls65_ros/ls65/elite_ros_ws/install/eli_cs_robot_moveit_config/share/eli_cs_robot_moveit_config/package.dsv
-- Up-to-date: /home/robot/project/ls65_ros/ls65/elite_ros_ws/install/eli_cs_robot_moveit_config/share/ament_index/resource_index/packages/eli_cs_robot_moveit_config
-- Up-to-date: /home/robot/project/ls65_ros/ls65/elite_ros_ws/install/eli_cs_robot_moveit_config/share/eli_cs_robot_moveit_config/cmake/eli_cs_robot_moveit_configConfig.cmake
-- Up-to-date: /home/robot/project/ls65_ros/ls65/elite_ros_ws/install/eli_cs_robot_moveit_config/share/eli_cs_robot_moveit_config/cmake/eli_cs_robot_moveit_configConfig-version.cmake
-- Up-to-date: /home/robot/project/ls65_ros/ls65/elite_ros_ws/install/eli_cs_robot_moveit_config/share/eli_cs_robot_moveit_config/package.xml
