[0.011s] Invoking command in '/home/robot/project/ls65_ros/ls65/elite_ros_ws/build/eli_cs_robot_moveit_config': CMAKE_PREFIX_PATH=/home/robot/project/ls65_ros/ls65/elite_ros_ws/install/eli_cs_robot_description:/home/robot/project/ls65_ros/ls65/elite_ros_ws/install/eli_cs_robot_driver:/home/robot/project/ls65_ros/ls65/elite_ros_ws/install/eli_dashboard_interface:/home/robot/project/ls65_ros/ls65/elite_ros_ws/install/eli_cs_robot_simulation_gz:/home/robot/project/ls65_ros/ls65/elite_ros_ws/install/eli_cs_robot_moveit_config:/home/robot/project/ls65_ros/ls65/elite_ros_ws/install/eli_cs_robot_calibration:/home/robot/project/ls65_ros/ls65/elite_ros_ws/install/eli_cs_controllers:/home/robot/project/ls65_ros/ls65/elite_ros_ws/install/eli_common_interface:/opt/ros/humble /usr/bin/cmake --build /home/robot/project/ls65_ros/ls65/elite_ros_ws/build/eli_cs_robot_moveit_config -- -j16 -l16
[0.071s] Built target ament_cmake_python_copy_eli_cs_robot_moveit_config
[0.237s] running egg_info
[0.237s] writing eli_cs_robot_moveit_config.egg-info/PKG-INFO
[0.238s] writing dependency_links to eli_cs_robot_moveit_config.egg-info/dependency_links.txt
[0.238s] writing top-level names to eli_cs_robot_moveit_config.egg-info/top_level.txt
[0.238s] reading manifest file 'eli_cs_robot_moveit_config.egg-info/SOURCES.txt'
[0.239s] writing manifest file 'eli_cs_robot_moveit_config.egg-info/SOURCES.txt'
[0.263s] Built target ament_cmake_python_build_eli_cs_robot_moveit_config_egg
[0.288s] Invoked command in '/home/robot/project/ls65_ros/ls65/elite_ros_ws/build/eli_cs_robot_moveit_config' returned '0': CMAKE_PREFIX_PATH=/home/robot/project/ls65_ros/ls65/elite_ros_ws/install/eli_cs_robot_description:/home/robot/project/ls65_ros/ls65/elite_ros_ws/install/eli_cs_robot_driver:/home/robot/project/ls65_ros/ls65/elite_ros_ws/install/eli_dashboard_interface:/home/robot/project/ls65_ros/ls65/elite_ros_ws/install/eli_cs_robot_simulation_gz:/home/robot/project/ls65_ros/ls65/elite_ros_ws/install/eli_cs_robot_moveit_config:/home/robot/project/ls65_ros/ls65/elite_ros_ws/install/eli_cs_robot_calibration:/home/robot/project/ls65_ros/ls65/elite_ros_ws/install/eli_cs_controllers:/home/robot/project/ls65_ros/ls65/elite_ros_ws/install/eli_common_interface:/opt/ros/humble /usr/bin/cmake --build /home/robot/project/ls65_ros/ls65/elite_ros_ws/build/eli_cs_robot_moveit_config -- -j16 -l16
[0.290s] Invoking command in '/home/robot/project/ls65_ros/ls65/elite_ros_ws/build/eli_cs_robot_moveit_config': CMAKE_PREFIX_PATH=/home/robot/project/ls65_ros/ls65/elite_ros_ws/install/eli_cs_robot_description:/home/robot/project/ls65_ros/ls65/elite_ros_ws/install/eli_cs_robot_driver:/home/robot/project/ls65_ros/ls65/elite_ros_ws/install/eli_dashboard_interface:/home/robot/project/ls65_ros/ls65/elite_ros_ws/install/eli_cs_robot_simulation_gz:/home/robot/project/ls65_ros/ls65/elite_ros_ws/install/eli_cs_robot_moveit_config:/home/robot/project/ls65_ros/ls65/elite_ros_ws/install/eli_cs_robot_calibration:/home/robot/project/ls65_ros/ls65/elite_ros_ws/install/eli_cs_controllers:/home/robot/project/ls65_ros/ls65/elite_ros_ws/install/eli_common_interface:/opt/ros/humble /usr/bin/cmake --install /home/robot/project/ls65_ros/ls65/elite_ros_ws/build/eli_cs_robot_moveit_config
[0.300s] -- Install configuration: ""
[0.300s] -- Up-to-date: /home/robot/project/ls65_ros/ls65/elite_ros_ws/install/eli_cs_robot_moveit_config/share/eli_cs_robot_moveit_config/config
[0.300s] -- Up-to-date: /home/robot/project/ls65_ros/ls65/elite_ros_ws/install/eli_cs_robot_moveit_config/share/eli_cs_robot_moveit_config/config/controllers_5f.yaml
[0.300s] -- Up-to-date: /home/robot/project/ls65_ros/ls65/elite_ros_ws/install/eli_cs_robot_moveit_config/share/eli_cs_robot_moveit_config/config/kinematics.yaml
[0.300s] -- Up-to-date: /home/robot/project/ls65_ros/ls65/elite_ros_ws/install/eli_cs_robot_moveit_config/share/eli_cs_robot_moveit_config/config/controllers.yaml
[0.300s] -- Up-to-date: /home/robot/project/ls65_ros/ls65/elite_ros_ws/install/eli_cs_robot_moveit_config/share/eli_cs_robot_moveit_config/config/joint_limits.yaml
[0.300s] -- Up-to-date: /home/robot/project/ls65_ros/ls65/elite_ros_ws/install/eli_cs_robot_moveit_config/share/eli_cs_robot_moveit_config/config/ompl_planning.yaml
[0.300s] -- Up-to-date: /home/robot/project/ls65_ros/ls65/elite_ros_ws/install/eli_cs_robot_moveit_config/share/eli_cs_robot_moveit_config/config/joint_limits_5f.yaml
[0.300s] -- Up-to-date: /home/robot/project/ls65_ros/ls65/elite_ros_ws/install/eli_cs_robot_moveit_config/share/eli_cs_robot_moveit_config/config/cs_servo.yaml
[0.300s] -- Up-to-date: /home/robot/project/ls65_ros/ls65/elite_ros_ws/install/eli_cs_robot_moveit_config/share/eli_cs_robot_moveit_config/launch
[0.301s] -- Up-to-date: /home/robot/project/ls65_ros/ls65/elite_ros_ws/install/eli_cs_robot_moveit_config/share/eli_cs_robot_moveit_config/launch/cs_moveit.launch.py
[0.301s] -- Up-to-date: /home/robot/project/ls65_ros/ls65/elite_ros_ws/install/eli_cs_robot_moveit_config/share/eli_cs_robot_moveit_config/rviz
[0.301s] -- Up-to-date: /home/robot/project/ls65_ros/ls65/elite_ros_ws/install/eli_cs_robot_moveit_config/share/eli_cs_robot_moveit_config/rviz/view_robot.rviz
[0.301s] -- Up-to-date: /home/robot/project/ls65_ros/ls65/elite_ros_ws/install/eli_cs_robot_moveit_config/share/eli_cs_robot_moveit_config/srdf
[0.301s] -- Up-to-date: /home/robot/project/ls65_ros/ls65/elite_ros_ws/install/eli_cs_robot_moveit_config/share/eli_cs_robot_moveit_config/srdf/cs_macro.srdf.xacro
[0.301s] -- Up-to-date: /home/robot/project/ls65_ros/ls65/elite_ros_ws/install/eli_cs_robot_moveit_config/share/eli_cs_robot_moveit_config/srdf/cs.srdf.xacro
[0.301s] -- Up-to-date: /home/robot/project/ls65_ros/ls65/elite_ros_ws/install/eli_cs_robot_moveit_config/share/eli_cs_robot_moveit_config/srdf/cs_macro_5f.srdf.xacro
[0.301s] -- Up-to-date: /home/robot/project/ls65_ros/ls65/elite_ros_ws/install/eli_cs_robot_moveit_config/share/eli_cs_robot_moveit_config/srdf/cs_5f.srdf.xacro
[0.301s] -- Up-to-date: /home/robot/project/ls65_ros/ls65/elite_ros_ws/install/eli_cs_robot_moveit_config/share/eli_cs_robot_moveit_config/environment/pythonpath.sh
[0.301s] -- Up-to-date: /home/robot/project/ls65_ros/ls65/elite_ros_ws/install/eli_cs_robot_moveit_config/share/eli_cs_robot_moveit_config/environment/pythonpath.dsv
[0.301s] -- Up-to-date: /home/robot/project/ls65_ros/ls65/elite_ros_ws/install/eli_cs_robot_moveit_config/local/lib/python3.10/dist-packages/eli_cs_robot_moveit_config-0.0.0-py3.10.egg-info
[0.301s] -- Installing: /home/robot/project/ls65_ros/ls65/elite_ros_ws/install/eli_cs_robot_moveit_config/local/lib/python3.10/dist-packages/eli_cs_robot_moveit_config-0.0.0-py3.10.egg-info/dependency_links.txt
[0.301s] -- Installing: /home/robot/project/ls65_ros/ls65/elite_ros_ws/install/eli_cs_robot_moveit_config/local/lib/python3.10/dist-packages/eli_cs_robot_moveit_config-0.0.0-py3.10.egg-info/top_level.txt
[0.302s] -- Installing: /home/robot/project/ls65_ros/ls65/elite_ros_ws/install/eli_cs_robot_moveit_config/local/lib/python3.10/dist-packages/eli_cs_robot_moveit_config-0.0.0-py3.10.egg-info/SOURCES.txt
[0.302s] -- Installing: /home/robot/project/ls65_ros/ls65/elite_ros_ws/install/eli_cs_robot_moveit_config/local/lib/python3.10/dist-packages/eli_cs_robot_moveit_config-0.0.0-py3.10.egg-info/PKG-INFO
[0.302s] -- Up-to-date: /home/robot/project/ls65_ros/ls65/elite_ros_ws/install/eli_cs_robot_moveit_config/local/lib/python3.10/dist-packages/eli_cs_robot_moveit_config
[0.302s] -- Up-to-date: /home/robot/project/ls65_ros/ls65/elite_ros_ws/install/eli_cs_robot_moveit_config/local/lib/python3.10/dist-packages/eli_cs_robot_moveit_config/__init__.py
[0.302s] -- Up-to-date: /home/robot/project/ls65_ros/ls65/elite_ros_ws/install/eli_cs_robot_moveit_config/local/lib/python3.10/dist-packages/eli_cs_robot_moveit_config/launch_common.py
[0.326s] Listing '/home/robot/project/ls65_ros/ls65/elite_ros_ws/install/eli_cs_robot_moveit_config/local/lib/python3.10/dist-packages/eli_cs_robot_moveit_config'...
[0.329s] -- Up-to-date: /home/robot/project/ls65_ros/ls65/elite_ros_ws/install/eli_cs_robot_moveit_config/local/lib/python3.10/dist-packages/launch_common.py
[0.373s] -- Up-to-date: /home/robot/project/ls65_ros/ls65/elite_ros_ws/install/eli_cs_robot_moveit_config/share/ament_index/resource_index/package_run_dependencies/eli_cs_robot_moveit_config
[0.373s] -- Up-to-date: /home/robot/project/ls65_ros/ls65/elite_ros_ws/install/eli_cs_robot_moveit_config/share/ament_index/resource_index/parent_prefix_path/eli_cs_robot_moveit_config
[0.373s] -- Up-to-date: /home/robot/project/ls65_ros/ls65/elite_ros_ws/install/eli_cs_robot_moveit_config/share/eli_cs_robot_moveit_config/environment/ament_prefix_path.sh
[0.373s] -- Up-to-date: /home/robot/project/ls65_ros/ls65/elite_ros_ws/install/eli_cs_robot_moveit_config/share/eli_cs_robot_moveit_config/environment/ament_prefix_path.dsv
[0.373s] -- Up-to-date: /home/robot/project/ls65_ros/ls65/elite_ros_ws/install/eli_cs_robot_moveit_config/share/eli_cs_robot_moveit_config/environment/path.sh
[0.373s] -- Up-to-date: /home/robot/project/ls65_ros/ls65/elite_ros_ws/install/eli_cs_robot_moveit_config/share/eli_cs_robot_moveit_config/environment/path.dsv
[0.373s] -- Up-to-date: /home/robot/project/ls65_ros/ls65/elite_ros_ws/install/eli_cs_robot_moveit_config/share/eli_cs_robot_moveit_config/local_setup.bash
[0.374s] -- Up-to-date: /home/robot/project/ls65_ros/ls65/elite_ros_ws/install/eli_cs_robot_moveit_config/share/eli_cs_robot_moveit_config/local_setup.sh
[0.374s] -- Up-to-date: /home/robot/project/ls65_ros/ls65/elite_ros_ws/install/eli_cs_robot_moveit_config/share/eli_cs_robot_moveit_config/local_setup.zsh
[0.374s] -- Up-to-date: /home/robot/project/ls65_ros/ls65/elite_ros_ws/install/eli_cs_robot_moveit_config/share/eli_cs_robot_moveit_config/local_setup.dsv
[0.374s] -- Installing: /home/robot/project/ls65_ros/ls65/elite_ros_ws/install/eli_cs_robot_moveit_config/share/eli_cs_robot_moveit_config/package.dsv
[0.374s] -- Up-to-date: /home/robot/project/ls65_ros/ls65/elite_ros_ws/install/eli_cs_robot_moveit_config/share/ament_index/resource_index/packages/eli_cs_robot_moveit_config
[0.375s] -- Up-to-date: /home/robot/project/ls65_ros/ls65/elite_ros_ws/install/eli_cs_robot_moveit_config/share/eli_cs_robot_moveit_config/cmake/eli_cs_robot_moveit_configConfig.cmake
[0.375s] -- Up-to-date: /home/robot/project/ls65_ros/ls65/elite_ros_ws/install/eli_cs_robot_moveit_config/share/eli_cs_robot_moveit_config/cmake/eli_cs_robot_moveit_configConfig-version.cmake
[0.375s] -- Up-to-date: /home/robot/project/ls65_ros/ls65/elite_ros_ws/install/eli_cs_robot_moveit_config/share/eli_cs_robot_moveit_config/package.xml
[0.390s] Invoked command in '/home/robot/project/ls65_ros/ls65/elite_ros_ws/build/eli_cs_robot_moveit_config' returned '0': CMAKE_PREFIX_PATH=/home/robot/project/ls65_ros/ls65/elite_ros_ws/install/eli_cs_robot_description:/home/robot/project/ls65_ros/ls65/elite_ros_ws/install/eli_cs_robot_driver:/home/robot/project/ls65_ros/ls65/elite_ros_ws/install/eli_dashboard_interface:/home/robot/project/ls65_ros/ls65/elite_ros_ws/install/eli_cs_robot_simulation_gz:/home/robot/project/ls65_ros/ls65/elite_ros_ws/install/eli_cs_robot_moveit_config:/home/robot/project/ls65_ros/ls65/elite_ros_ws/install/eli_cs_robot_calibration:/home/robot/project/ls65_ros/ls65/elite_ros_ws/install/eli_cs_controllers:/home/robot/project/ls65_ros/ls65/elite_ros_ws/install/eli_common_interface:/opt/ros/humble /usr/bin/cmake --install /home/robot/project/ls65_ros/ls65/elite_ros_ws/build/eli_cs_robot_moveit_config
