[0.017s] Invoking command in '/home/robot/project/ls65_ros/ls65/elite_ros_ws/build/eli_cs_robot_driver': CMAKE_PREFIX_PATH=/home/robot/project/ls65_ros/ls65/elite_ros_ws/install/eli_dashboard_interface:/home/robot/project/ls65_ros/ls65/elite_ros_ws/install/eli_cs_robot_description:/home/robot/project/ls65_ros/ls65/elite_ros_ws/install/eli_common_interface:/home/robot/project/ls65_ros/ls65/elite_ros_ws/install/eli_cs_robot_driver:/home/robot/project/ls65_ros/ls65/elite_ros_ws/install/eli_cs_robot_simulation_gz:/home/robot/project/ls65_ros/ls65/elite_ros_ws/install/eli_cs_robot_moveit_config:/home/robot/project/ls65_ros/ls65/elite_ros_ws/install/eli_cs_robot_calibration:/home/robot/project/ls65_ros/ls65/elite_ros_ws/install/eli_cs_controllers:/opt/ros/humble LD_LIBRARY_PATH=/home/robot/project/ls65_ros/ls65/elite_ros_ws/install/eli_dashboard_interface/lib:/home/robot/project/ls65_ros/ls65/elite_ros_ws/install/eli_common_interface/lib:/home/robot/project/ls65_ros/ls65/elite_ros_ws/install/eli_cs_robot_driver/lib:/home/robot/project/ls65_ros/ls65/elite_ros_ws/install/eli_cs_controllers/lib:/path/to/cuda-12.4/lib64:/usr/lib/x86_64-linux-gnu/gazebo-11/plugins:/opt/ros/humble/opt/rviz_ogre_vendor/lib:/opt/ros/humble/lib/x86_64-linux-gnu:/opt/ros/humble/lib:/path/to/cuda-12.1/lib64:/home/robot/software/mujoco-3.3.7/mujoco-3.3.7-linux-x86_64/mujoco-3.3.7/lib /usr/bin/cmake --build /home/robot/project/ls65_ros/ls65/elite_ros_ws/build/eli_cs_robot_driver -- -j16 -l16
[0.069s] [  8%] Built target script_node
[0.069s] [ 17%] Built target primary_client_component
[0.069s] [ 26%] Built target example_safe_joint_move
[0.070s] [ 34%] Built target primary_client
[0.073s] [ 43%] Built target dashboard_client
[0.074s] [ 52%] Built target script_node_component
[0.074s] [ 60%] Built target dashboard_client_component
[0.075s] [ 69%] Built target eli_cs_hardware_interface_plugin
[0.075s] [ 78%] Built target eli_ros2_control_node
[0.080s] [ 91%] Built target controller_stopper_node
[0.098s] [100%] Built target eli_components_loader
[0.118s] Invoked command in '/home/robot/project/ls65_ros/ls65/elite_ros_ws/build/eli_cs_robot_driver' returned '0': CMAKE_PREFIX_PATH=/home/robot/project/ls65_ros/ls65/elite_ros_ws/install/eli_dashboard_interface:/home/robot/project/ls65_ros/ls65/elite_ros_ws/install/eli_cs_robot_description:/home/robot/project/ls65_ros/ls65/elite_ros_ws/install/eli_common_interface:/home/robot/project/ls65_ros/ls65/elite_ros_ws/install/eli_cs_robot_driver:/home/robot/project/ls65_ros/ls65/elite_ros_ws/install/eli_cs_robot_simulation_gz:/home/robot/project/ls65_ros/ls65/elite_ros_ws/install/eli_cs_robot_moveit_config:/home/robot/project/ls65_ros/ls65/elite_ros_ws/install/eli_cs_robot_calibration:/home/robot/project/ls65_ros/ls65/elite_ros_ws/install/eli_cs_controllers:/opt/ros/humble LD_LIBRARY_PATH=/home/robot/project/ls65_ros/ls65/elite_ros_ws/install/eli_dashboard_interface/lib:/home/robot/project/ls65_ros/ls65/elite_ros_ws/install/eli_common_interface/lib:/home/robot/project/ls65_ros/ls65/elite_ros_ws/install/eli_cs_robot_driver/lib:/home/robot/project/ls65_ros/ls65/elite_ros_ws/install/eli_cs_controllers/lib:/path/to/cuda-12.4/lib64:/usr/lib/x86_64-linux-gnu/gazebo-11/plugins:/opt/ros/humble/opt/rviz_ogre_vendor/lib:/opt/ros/humble/lib/x86_64-linux-gnu:/opt/ros/humble/lib:/path/to/cuda-12.1/lib64:/home/robot/software/mujoco-3.3.7/mujoco-3.3.7-linux-x86_64/mujoco-3.3.7/lib /usr/bin/cmake --build /home/robot/project/ls65_ros/ls65/elite_ros_ws/build/eli_cs_robot_driver -- -j16 -l16
[0.118s] Invoking command in '/home/robot/project/ls65_ros/ls65/elite_ros_ws/build/eli_cs_robot_driver': CMAKE_PREFIX_PATH=/home/robot/project/ls65_ros/ls65/elite_ros_ws/install/eli_dashboard_interface:/home/robot/project/ls65_ros/ls65/elite_ros_ws/install/eli_cs_robot_description:/home/robot/project/ls65_ros/ls65/elite_ros_ws/install/eli_common_interface:/home/robot/project/ls65_ros/ls65/elite_ros_ws/install/eli_cs_robot_driver:/home/robot/project/ls65_ros/ls65/elite_ros_ws/install/eli_cs_robot_simulation_gz:/home/robot/project/ls65_ros/ls65/elite_ros_ws/install/eli_cs_robot_moveit_config:/home/robot/project/ls65_ros/ls65/elite_ros_ws/install/eli_cs_robot_calibration:/home/robot/project/ls65_ros/ls65/elite_ros_ws/install/eli_cs_controllers:/opt/ros/humble LD_LIBRARY_PATH=/home/robot/project/ls65_ros/ls65/elite_ros_ws/install/eli_dashboard_interface/lib:/home/robot/project/ls65_ros/ls65/elite_ros_ws/install/eli_common_interface/lib:/home/robot/project/ls65_ros/ls65/elite_ros_ws/install/eli_cs_robot_driver/lib:/home/robot/project/ls65_ros/ls65/elite_ros_ws/install/eli_cs_controllers/lib:/path/to/cuda-12.4/lib64:/usr/lib/x86_64-linux-gnu/gazebo-11/plugins:/opt/ros/humble/opt/rviz_ogre_vendor/lib:/opt/ros/humble/lib/x86_64-linux-gnu:/opt/ros/humble/lib:/path/to/cuda-12.1/lib64:/home/robot/software/mujoco-3.3.7/mujoco-3.3.7-linux-x86_64/mujoco-3.3.7/lib /usr/bin/cmake --install /home/robot/project/ls65_ros/ls65/elite_ros_ws/build/eli_cs_robot_driver
[0.122s] -- Install configuration: ""
[0.123s] -- Up-to-date: /home/robot/project/ls65_ros/ls65/elite_ros_ws/install/eli_cs_robot_driver/lib/eli_cs_robot_driver/dashboard_client
[0.124s] -- Up-to-date: /home/robot/project/ls65_ros/ls65/elite_ros_ws/install/eli_cs_robot_driver/lib/libdashboard_client_component.so
[0.124s] -- Up-to-date: /home/robot/project/ls65_ros/ls65/elite_ros_ws/install/eli_cs_robot_driver/lib/eli_cs_robot_driver/primary_client
[0.125s] -- Up-to-date: /home/robot/project/ls65_ros/ls65/elite_ros_ws/install/eli_cs_robot_driver/lib/libprimary_client_component.so
[0.127s] -- Up-to-date: /home/robot/project/ls65_ros/ls65/elite_ros_ws/install/eli_cs_robot_driver/lib/eli_cs_robot_driver/script_node
[0.127s] -- Up-to-date: /home/robot/project/ls65_ros/ls65/elite_ros_ws/install/eli_cs_robot_driver/lib/libscript_node_component.so
[0.127s] -- Up-to-date: /home/robot/project/ls65_ros/ls65/elite_ros_ws/install/eli_cs_robot_driver/lib/eli_cs_robot_driver/eli_components_loader
[0.127s] -- Up-to-date: /home/robot/project/ls65_ros/ls65/elite_ros_ws/install/eli_cs_robot_driver/share/eli_cs_robot_driver/hardware_interface_plugin.xml
[0.128s] -- Up-to-date: /home/robot/project/ls65_ros/ls65/elite_ros_ws/install/eli_cs_robot_driver/lib/libeli_cs_hardware_interface_plugin.so
[0.128s] -- Up-to-date: /home/robot/project/ls65_ros/ls65/elite_ros_ws/install/eli_cs_robot_driver/lib/eli_cs_robot_driver/controller_stopper_node
[0.128s] -- Up-to-date: /home/robot/project/ls65_ros/ls65/elite_ros_ws/install/eli_cs_robot_driver/lib/eli_cs_robot_driver/eli_ros2_control_node
[0.128s] -- Up-to-date: /home/robot/project/ls65_ros/ls65/elite_ros_ws/install/eli_cs_robot_driver/include
[0.128s] -- Up-to-date: /home/robot/project/ls65_ros/ls65/elite_ros_ws/install/eli_cs_robot_driver/include/eli_cs_robot_driver
[0.128s] -- Up-to-date: /home/robot/project/ls65_ros/ls65/elite_ros_ws/install/eli_cs_robot_driver/include/eli_cs_robot_driver/script_node.hpp
[0.128s] -- Up-to-date: /home/robot/project/ls65_ros/ls65/elite_ros_ws/install/eli_cs_robot_driver/include/eli_cs_robot_driver/primary_client.hpp
[0.128s] -- Up-to-date: /home/robot/project/ls65_ros/ls65/elite_ros_ws/install/eli_cs_robot_driver/include/eli_cs_robot_driver/controller_stopper.hpp
[0.129s] -- Up-to-date: /home/robot/project/ls65_ros/ls65/elite_ros_ws/install/eli_cs_robot_driver/include/eli_cs_robot_driver/hardware_interface.hpp
[0.129s] -- Up-to-date: /home/robot/project/ls65_ros/ls65/elite_ros_ws/install/eli_cs_robot_driver/include/eli_cs_robot_driver/dashboard_client.hpp
[0.129s] -- Up-to-date: /home/robot/project/ls65_ros/ls65/elite_ros_ws/install/eli_cs_robot_driver/share/eli_cs_robot_driver/resources
[0.129s] -- Up-to-date: /home/robot/project/ls65_ros/ls65/elite_ros_ws/install/eli_cs_robot_driver/share/eli_cs_robot_driver/resources/output_recipe.txt
[0.129s] -- Up-to-date: /home/robot/project/ls65_ros/ls65/elite_ros_ws/install/eli_cs_robot_driver/share/eli_cs_robot_driver/resources/external_control.script
[0.129s] -- Up-to-date: /home/robot/project/ls65_ros/ls65/elite_ros_ws/install/eli_cs_robot_driver/share/eli_cs_robot_driver/resources/input_recipe.txt
[0.129s] -- Up-to-date: /home/robot/project/ls65_ros/ls65/elite_ros_ws/install/eli_cs_robot_driver/share/eli_cs_robot_driver/config
[0.129s] -- Up-to-date: /home/robot/project/ls65_ros/ls65/elite_ros_ws/install/eli_cs_robot_driver/share/eli_cs_robot_driver/config/elite_cs_controllers_5f.yaml
[0.129s] -- Up-to-date: /home/robot/project/ls65_ros/ls65/elite_ros_ws/install/eli_cs_robot_driver/share/eli_cs_robot_driver/config/cs_update_rate.yaml
[0.129s] -- Up-to-date: /home/robot/project/ls65_ros/ls65/elite_ros_ws/install/eli_cs_robot_driver/share/eli_cs_robot_driver/config/elite_cs_controllers.yaml
[0.130s] -- Up-to-date: /home/robot/project/ls65_ros/ls65/elite_ros_ws/install/eli_cs_robot_driver/share/eli_cs_robot_driver/launch
[0.130s] -- Up-to-date: /home/robot/project/ls65_ros/ls65/elite_ros_ws/install/eli_cs_robot_driver/share/eli_cs_robot_driver/launch/elite_control.launch.py
[0.130s] -- Up-to-date: /home/robot/project/ls65_ros/ls65/elite_ros_ws/install/eli_cs_robot_driver/share/eli_cs_robot_driver/launch/
[0.130s] -- Up-to-date: /home/robot/project/ls65_ros/ls65/elite_ros_ws/install/eli_cs_robot_driver/share/eli_cs_robot_driver/launch//example_joint_trajectory_controller.launch.py
[0.130s] -- Up-to-date: /home/robot/project/ls65_ros/ls65/elite_ros_ws/install/eli_cs_robot_driver/share/eli_cs_robot_driver/launch//example_forward_velocity_controller.launch.py
[0.130s] -- Up-to-date: /home/robot/project/ls65_ros/ls65/elite_ros_ws/install/eli_cs_robot_driver/share/eli_cs_robot_driver/launch//example_scaled_joint_trajectory_controller.launch.py
[0.130s] -- Up-to-date: /home/robot/project/ls65_ros/ls65/elite_ros_ws/install/eli_cs_robot_driver/share/eli_cs_robot_driver/launch//example_safe_joint_move.launch.py
[0.130s] -- Up-to-date: /home/robot/project/ls65_ros/ls65/elite_ros_ws/install/eli_cs_robot_driver/share/eli_cs_robot_driver/config/
[0.130s] -- Up-to-date: /home/robot/project/ls65_ros/ls65/elite_ros_ws/install/eli_cs_robot_driver/share/eli_cs_robot_driver/config//test_goal_publishers_config.yaml
[0.130s] -- Up-to-date: /home/robot/project/ls65_ros/ls65/elite_ros_ws/install/eli_cs_robot_driver/share/eli_cs_robot_driver/config//test_velocity_goal_publishers_config.yaml
[0.130s] -- Up-to-date: /home/robot/project/ls65_ros/ls65/elite_ros_ws/install/eli_cs_robot_driver/share/eli_cs_robot_driver/config//test_goal_publishers_config_cs66a.yaml
[0.131s] -- Up-to-date: /home/robot/project/ls65_ros/ls65/elite_ros_ws/install/eli_cs_robot_driver/lib/eli_cs_robot_driver/example_safe_joint_move_py
[0.131s] -- Up-to-date: /home/robot/project/ls65_ros/ls65/elite_ros_ws/install/eli_cs_robot_driver/lib/eli_cs_robot_driver/example_safe_joint_move
[0.131s] -- Up-to-date: /home/robot/project/ls65_ros/ls65/elite_ros_ws/install/eli_cs_robot_driver/share/eli_cs_robot_driver/environment/library_path.sh
[0.131s] -- Up-to-date: /home/robot/project/ls65_ros/ls65/elite_ros_ws/install/eli_cs_robot_driver/share/eli_cs_robot_driver/environment/library_path.dsv
[0.131s] -- Up-to-date: /home/robot/project/ls65_ros/ls65/elite_ros_ws/install/eli_cs_robot_driver/share/ament_index/resource_index/package_run_dependencies/eli_cs_robot_driver
[0.131s] -- Up-to-date: /home/robot/project/ls65_ros/ls65/elite_ros_ws/install/eli_cs_robot_driver/share/ament_index/resource_index/parent_prefix_path/eli_cs_robot_driver
[0.131s] -- Up-to-date: /home/robot/project/ls65_ros/ls65/elite_ros_ws/install/eli_cs_robot_driver/share/eli_cs_robot_driver/environment/ament_prefix_path.sh
[0.131s] -- Up-to-date: /home/robot/project/ls65_ros/ls65/elite_ros_ws/install/eli_cs_robot_driver/share/eli_cs_robot_driver/environment/ament_prefix_path.dsv
[0.131s] -- Up-to-date: /home/robot/project/ls65_ros/ls65/elite_ros_ws/install/eli_cs_robot_driver/share/eli_cs_robot_driver/environment/path.sh
[0.131s] -- Up-to-date: /home/robot/project/ls65_ros/ls65/elite_ros_ws/install/eli_cs_robot_driver/share/eli_cs_robot_driver/environment/path.dsv
[0.131s] -- Up-to-date: /home/robot/project/ls65_ros/ls65/elite_ros_ws/install/eli_cs_robot_driver/share/eli_cs_robot_driver/local_setup.bash
[0.131s] -- Up-to-date: /home/robot/project/ls65_ros/ls65/elite_ros_ws/install/eli_cs_robot_driver/share/eli_cs_robot_driver/local_setup.sh
[0.131s] -- Up-to-date: /home/robot/project/ls65_ros/ls65/elite_ros_ws/install/eli_cs_robot_driver/share/eli_cs_robot_driver/local_setup.zsh
[0.132s] -- Up-to-date: /home/robot/project/ls65_ros/ls65/elite_ros_ws/install/eli_cs_robot_driver/share/eli_cs_robot_driver/local_setup.dsv
[0.132s] -- Installing: /home/robot/project/ls65_ros/ls65/elite_ros_ws/install/eli_cs_robot_driver/share/eli_cs_robot_driver/package.dsv
[0.132s] -- Up-to-date: /home/robot/project/ls65_ros/ls65/elite_ros_ws/install/eli_cs_robot_driver/share/ament_index/resource_index/packages/eli_cs_robot_driver
[0.133s] -- Up-to-date: /home/robot/project/ls65_ros/ls65/elite_ros_ws/install/eli_cs_robot_driver/share/ament_index/resource_index/rclcpp_components/eli_cs_robot_driver
[0.133s] -- Up-to-date: /home/robot/project/ls65_ros/ls65/elite_ros_ws/install/eli_cs_robot_driver/share/ament_index/resource_index/hardware_interface__pluginlib__plugin/eli_cs_robot_driver
[0.133s] -- Up-to-date: /home/robot/project/ls65_ros/ls65/elite_ros_ws/install/eli_cs_robot_driver/share/eli_cs_robot_driver/cmake/export_dashboard_client_componentExport.cmake
[0.133s] -- Up-to-date: /home/robot/project/ls65_ros/ls65/elite_ros_ws/install/eli_cs_robot_driver/share/eli_cs_robot_driver/cmake/export_dashboard_client_componentExport-noconfig.cmake
[0.133s] -- Up-to-date: /home/robot/project/ls65_ros/ls65/elite_ros_ws/install/eli_cs_robot_driver/share/eli_cs_robot_driver/cmake/export_primary_client_componentExport.cmake
[0.133s] -- Up-to-date: /home/robot/project/ls65_ros/ls65/elite_ros_ws/install/eli_cs_robot_driver/share/eli_cs_robot_driver/cmake/export_primary_client_componentExport-noconfig.cmake
[0.133s] -- Up-to-date: /home/robot/project/ls65_ros/ls65/elite_ros_ws/install/eli_cs_robot_driver/share/eli_cs_robot_driver/cmake/export_script_node_componentExport.cmake
[0.134s] -- Up-to-date: /home/robot/project/ls65_ros/ls65/elite_ros_ws/install/eli_cs_robot_driver/share/eli_cs_robot_driver/cmake/export_script_node_componentExport-noconfig.cmake
[0.134s] -- Up-to-date: /home/robot/project/ls65_ros/ls65/elite_ros_ws/install/eli_cs_robot_driver/share/eli_cs_robot_driver/cmake/ament_cmake_export_targets-extras.cmake
[0.134s] -- Up-to-date: /home/robot/project/ls65_ros/ls65/elite_ros_ws/install/eli_cs_robot_driver/share/eli_cs_robot_driver/cmake/ament_cmake_export_include_directories-extras.cmake
[0.134s] -- Up-to-date: /home/robot/project/ls65_ros/ls65/elite_ros_ws/install/eli_cs_robot_driver/share/eli_cs_robot_driver/cmake/ament_cmake_export_libraries-extras.cmake
[0.134s] -- Up-to-date: /home/robot/project/ls65_ros/ls65/elite_ros_ws/install/eli_cs_robot_driver/share/eli_cs_robot_driver/cmake/ament_cmake_export_dependencies-extras.cmake
[0.134s] -- Up-to-date: /home/robot/project/ls65_ros/ls65/elite_ros_ws/install/eli_cs_robot_driver/share/eli_cs_robot_driver/cmake/eli_cs_robot_driverConfig.cmake
[0.134s] -- Up-to-date: /home/robot/project/ls65_ros/ls65/elite_ros_ws/install/eli_cs_robot_driver/share/eli_cs_robot_driver/cmake/eli_cs_robot_driverConfig-version.cmake
[0.134s] -- Up-to-date: /home/robot/project/ls65_ros/ls65/elite_ros_ws/install/eli_cs_robot_driver/share/eli_cs_robot_driver/package.xml
[0.134s] Invoked command in '/home/robot/project/ls65_ros/ls65/elite_ros_ws/build/eli_cs_robot_driver' returned '0': CMAKE_PREFIX_PATH=/home/robot/project/ls65_ros/ls65/elite_ros_ws/install/eli_dashboard_interface:/home/robot/project/ls65_ros/ls65/elite_ros_ws/install/eli_cs_robot_description:/home/robot/project/ls65_ros/ls65/elite_ros_ws/install/eli_common_interface:/home/robot/project/ls65_ros/ls65/elite_ros_ws/install/eli_cs_robot_driver:/home/robot/project/ls65_ros/ls65/elite_ros_ws/install/eli_cs_robot_simulation_gz:/home/robot/project/ls65_ros/ls65/elite_ros_ws/install/eli_cs_robot_moveit_config:/home/robot/project/ls65_ros/ls65/elite_ros_ws/install/eli_cs_robot_calibration:/home/robot/project/ls65_ros/ls65/elite_ros_ws/install/eli_cs_controllers:/opt/ros/humble LD_LIBRARY_PATH=/home/robot/project/ls65_ros/ls65/elite_ros_ws/install/eli_dashboard_interface/lib:/home/robot/project/ls65_ros/ls65/elite_ros_ws/install/eli_common_interface/lib:/home/robot/project/ls65_ros/ls65/elite_ros_ws/install/eli_cs_robot_driver/lib:/home/robot/project/ls65_ros/ls65/elite_ros_ws/install/eli_cs_controllers/lib:/path/to/cuda-12.4/lib64:/usr/lib/x86_64-linux-gnu/gazebo-11/plugins:/opt/ros/humble/opt/rviz_ogre_vendor/lib:/opt/ros/humble/lib/x86_64-linux-gnu:/opt/ros/humble/lib:/path/to/cuda-12.1/lib64:/home/robot/software/mujoco-3.3.7/mujoco-3.3.7-linux-x86_64/mujoco-3.3.7/lib /usr/bin/cmake --install /home/robot/project/ls65_ros/ls65/elite_ros_ws/build/eli_cs_robot_driver
