-- Found ament_cmake: 1.3.14 (/opt/ros/humble/share/ament_cmake/cmake)
-- Found rclcpp: 16.0.19 (/opt/ros/humble/share/rclcpp/cmake)
-- Found rosidl_generator_c: 3.1.8 (/opt/ros/humble/share/rosidl_generator_c/cmake)
-- Found rosidl_adapter: 3.1.8 (/opt/ros/humble/share/rosidl_adapter/cmake)
-- Found rosidl_generator_cpp: 3.1.8 (/opt/ros/humble/share/rosidl_generator_cpp/cmake)
-- Using all available rosidl_typesupport_c: rosidl_typesupport_fastrtps_c;rosidl_typesupport_introspection_c
-- Using all available rosidl_typesupport_cpp: rosidl_typesupport_fastrtps_cpp;rosidl_typesupport_introspection_cpp
-- Found rmw_implementation_cmake: 6.1.2 (/opt/ros/humble/share/rmw_implementation_cmake/cmake)
-- Found rmw_fastrtps_cpp: 6.2.10 (/opt/ros/humble/share/rmw_fastrtps_cpp/cmake)
-- Using RMW implementation 'rmw_fastrtps_cpp' as default
[31mCMake Error at CMakeLists.txt:11 (find_package):
  By not providing "Findelite-cs-series-sdk.cmake" in CMAKE_MODULE_PATH this
  project has asked CMake to find a package configuration file provided by
  "elite-cs-series-sdk", but CMake did not find one.

  Could not find a package configuration file provided by
  "elite-cs-series-sdk" (requested version 1.1.0) with any of the following
  names:

    elite-cs-series-sdkConfig.cmake
    elite-cs-series-sdk-config.cmake

  Add the installation prefix of "elite-cs-series-sdk" to CMAKE_PREFIX_PATH
  or set "elite-cs-series-sdk_DIR" to a directory containing one of the above
  files.  If "elite-cs-series-sdk" provides a separate development package or
  SDK, be sure it has been installed.

[0m
-- Configuring incomplete, errors occurred!
See also "/home/robot/project/ls65_ros/ls65/elite_ros_ws/build/eli_cs_robot_calibration/CMakeFiles/CMakeOutput.log".
