[0.015s] Invoking command in '/home/robot/project/ls65_ros/ls65/elite_ros_ws/build/eli_cs_robot_calibration': CMAKE_PREFIX_PATH=/opt/ros/humble /usr/bin/cmake /home/robot/project/ls65_ros/ls65/elite_ros_ws/src/eli_cs_robot_calibration -DCMAKE_INSTALL_PREFIX=/home/robot/project/ls65_ros/ls65/elite_ros_ws/install/eli_cs_robot_calibration
[0.022s] -- Found ament_cmake: 1.3.14 (/opt/ros/humble/share/ament_cmake/cmake)
[0.167s] -- Found rclcpp: 16.0.19 (/opt/ros/humble/share/rclcpp/cmake)
[0.204s] -- Found rosidl_generator_c: 3.1.8 (/opt/ros/humble/share/rosidl_generator_c/cmake)
[0.207s] -- Found rosidl_adapter: 3.1.8 (/opt/ros/humble/share/rosidl_adapter/cmake)
[0.214s] -- Found rosidl_generator_cpp: 3.1.8 (/opt/ros/humble/share/rosidl_generator_cpp/cmake)
[0.226s] -- Using all available rosidl_typesupport_c: rosidl_typesupport_fastrtps_c;rosidl_typesupport_introspection_c
[0.241s] -- Using all available rosidl_typesupport_cpp: rosidl_typesupport_fastrtps_cpp;rosidl_typesupport_introspection_cpp
[0.276s] -- Found rmw_implementation_cmake: 6.1.2 (/opt/ros/humble/share/rmw_implementation_cmake/cmake)
[0.277s] -- Found rmw_fastrtps_cpp: 6.2.10 (/opt/ros/humble/share/rmw_fastrtps_cpp/cmake)
[0.383s] -- Using RMW implementation 'rmw_fastrtps_cpp' as default
[0.448s] [31mCMake Error at CMakeLists.txt:11 (find_package):
[0.448s]   By not providing "Findelite-cs-series-sdk.cmake" in CMAKE_MODULE_PATH this
[0.448s]   project has asked CMake to find a package configuration file provided by
[0.448s]   "elite-cs-series-sdk", but CMake did not find one.
[0.448s] 
[0.448s]   Could not find a package configuration file provided by
[0.448s]   "elite-cs-series-sdk" (requested version 1.1.0) with any of the following
[0.449s]   names:
[0.449s] 
[0.449s]     elite-cs-series-sdkConfig.cmake
[0.449s]     elite-cs-series-sdk-config.cmake
[0.449s] 
[0.449s]   Add the installation prefix of "elite-cs-series-sdk" to CMAKE_PREFIX_PATH
[0.449s]   or set "elite-cs-series-sdk_DIR" to a directory containing one of the above
[0.449s]   files.  If "elite-cs-series-sdk" provides a separate development package or
[0.449s]   SDK, be sure it has been installed.
[0.449s] 
[0.449s] [0m
[0.450s] -- Configuring incomplete, errors occurred!
[0.450s] See also "/home/robot/project/ls65_ros/ls65/elite_ros_ws/build/eli_cs_robot_calibration/CMakeFiles/CMakeOutput.log".
[0.455s] Invoked command in '/home/robot/project/ls65_ros/ls65/elite_ros_ws/build/eli_cs_robot_calibration' returned '1': CMAKE_PREFIX_PATH=/opt/ros/humble /usr/bin/cmake /home/robot/project/ls65_ros/ls65/elite_ros_ws/src/eli_cs_robot_calibration -DCMAKE_INSTALL_PREFIX=/home/robot/project/ls65_ros/ls65/elite_ros_ws/install/eli_cs_robot_calibration
