[35m[1mConsolidate compiler generated dependencies of target eli_dashboard_interface__rosidl_generator_c[0m
[ 10%] Built target eli_dashboard_interface__rosidl_generator_c
[ 12%] Built target eli_dashboard_interface__rs
[ 12%] Built target ament_cmake_python_copy_eli_dashboard_interface
[ 14%] Built target eli_dashboard_interface__cpp
[35m[1mConsolidate compiler generated dependencies of target eli_dashboard_interface__rosidl_typesupport_introspection_c[0m
[35m[1mConsolidate compiler generated dependencies of target eli_dashboard_interface__rosidl_typesupport_fastrtps_c[0m
[35m[1mConsolidate compiler generated dependencies of target eli_dashboard_interface__rosidl_typesupport_c[0m
[35m[1mConsolidate compiler generated dependencies of target eli_dashboard_interface__rosidl_typesupport_fastrtps_cpp[0m
[ 25%] Built target eli_dashboard_interface__rosidl_typesupport_introspection_c
[35m[1mConsolidate compiler generated dependencies of target eli_dashboard_interface__rosidl_typesupport_cpp[0m
[35m[1mConsolidate compiler generated dependencies of target eli_dashboard_interface__rosidl_typesupport_introspection_cpp[0m
[ 35%] Built target eli_dashboard_interface__rosidl_typesupport_c
[ 46%] Built target eli_dashboard_interface__rosidl_typesupport_fastrtps_c
[ 57%] Built target eli_dashboard_interface__rosidl_typesupport_cpp
[ 71%] Built target eli_dashboard_interface__rosidl_typesupport_introspection_cpp
[ 79%] Built target eli_dashboard_interface__rosidl_typesupport_fastrtps_cpp
[ 79%] Built target eli_dashboard_interface
[ 81%] Built target eli_dashboard_interface__py
[35m[1mConsolidate compiler generated dependencies of target eli_dashboard_interface__rosidl_generator_py[0m
[ 90%] Built target eli_dashboard_interface__rosidl_generator_py
[35m[1mConsolidate compiler generated dependencies of target eli_dashboard_interface__rosidl_typesupport_fastrtps_c__pyext[0m
[35m[1mConsolidate compiler generated dependencies of target eli_dashboard_interface__rosidl_typesupport_introspection_c__pyext[0m
[35m[1mConsolidate compiler generated dependencies of target eli_dashboard_interface__rosidl_typesupport_c__pyext[0m
[ 96%] Built target eli_dashboard_interface__rosidl_typesupport_introspection_c__pyext
[ 96%] Built target eli_dashboard_interface__rosidl_typesupport_c__pyext
[100%] Built target eli_dashboard_interface__rosidl_typesupport_fastrtps_c__pyext
running egg_info
writing eli_dashboard_interface.egg-info/PKG-INFO
writing dependency_links to eli_dashboard_interface.egg-info/dependency_links.txt
writing top-level names to eli_dashboard_interface.egg-info/top_level.txt
reading manifest file 'eli_dashboard_interface.egg-info/SOURCES.txt'
writing manifest file 'eli_dashboard_interface.egg-info/SOURCES.txt'
[100%] Built target ament_cmake_python_build_eli_dashboard_interface_egg
-- Install configuration: ""
-- Installing: /home/robot/project/ls65_ros/ls65/elite_ros_ws/install/eli_dashboard_interface/share/ament_index/resource_index/rosidl_interfaces/eli_dashboard_interface
-- Installing: /home/robot/project/ls65_ros/ls65/elite_ros_ws/install/eli_dashboard_interface/include/eli_dashboard_interface/eli_dashboard_interface
-- Installing: /home/robot/project/ls65_ros/ls65/elite_ros_ws/install/eli_dashboard_interface/include/eli_dashboard_interface/eli_dashboard_interface/msg
-- Installing: /home/robot/project/ls65_ros/ls65/elite_ros_ws/install/eli_dashboard_interface/include/eli_dashboard_interface/eli_dashboard_interface/msg/rosidl_generator_c__visibility_control.h
-- Installing: /home/robot/project/ls65_ros/ls65/elite_ros_ws/install/eli_dashboard_interface/include/eli_dashboard_interface/eli_dashboard_interface/srv
-- Installing: /home/robot/project/ls65_ros/ls65/elite_ros_ws/install/eli_dashboard_interface/include/eli_dashboard_interface/eli_dashboard_interface/srv/log.h
-- Installing: /home/robot/project/ls65_ros/ls65/elite_ros_ws/install/eli_dashboard_interface/include/eli_dashboard_interface/eli_dashboard_interface/srv/detail
-- Installing: /home/robot/project/ls65_ros/ls65/elite_ros_ws/install/eli_dashboard_interface/include/eli_dashboard_interface/eli_dashboard_interface/srv/detail/log__struct.h
-- Installing: /home/robot/project/ls65_ros/ls65/elite_ros_ws/install/eli_dashboard_interface/include/eli_dashboard_interface/eli_dashboard_interface/srv/detail/custom_request__functions.c
-- Installing: /home/robot/project/ls65_ros/ls65/elite_ros_ws/install/eli_dashboard_interface/include/eli_dashboard_interface/eli_dashboard_interface/srv/detail/log__functions.h
-- Installing: /home/robot/project/ls65_ros/ls65/elite_ros_ws/install/eli_dashboard_interface/include/eli_dashboard_interface/eli_dashboard_interface/srv/detail/load__type_support.h
-- Installing: /home/robot/project/ls65_ros/ls65/elite_ros_ws/install/eli_dashboard_interface/include/eli_dashboard_interface/eli_dashboard_interface/srv/detail/popup__type_support.h
-- Installing: /home/robot/project/ls65_ros/ls65/elite_ros_ws/install/eli_dashboard_interface/include/eli_dashboard_interface/eli_dashboard_interface/srv/detail/popup__functions.c
-- Installing: /home/robot/project/ls65_ros/ls65/elite_ros_ws/install/eli_dashboard_interface/include/eli_dashboard_interface/eli_dashboard_interface/srv/detail/log__type_support.h
-- Installing: /home/robot/project/ls65_ros/ls65/elite_ros_ws/install/eli_dashboard_interface/include/eli_dashboard_interface/eli_dashboard_interface/srv/detail/is_saved__functions.h
-- Installing: /home/robot/project/ls65_ros/ls65/elite_ros_ws/install/eli_dashboard_interface/include/eli_dashboard_interface/eli_dashboard_interface/srv/detail/load__struct.h
-- Installing: /home/robot/project/ls65_ros/ls65/elite_ros_ws/install/eli_dashboard_interface/include/eli_dashboard_interface/eli_dashboard_interface/srv/detail/load__functions.c
-- Installing: /home/robot/project/ls65_ros/ls65/elite_ros_ws/install/eli_dashboard_interface/include/eli_dashboard_interface/eli_dashboard_interface/srv/detail/is_saved__struct.h
-- Installing: /home/robot/project/ls65_ros/ls65/elite_ros_ws/install/eli_dashboard_interface/include/eli_dashboard_interface/eli_dashboard_interface/srv/detail/custom_request__type_support.h
-- Installing: /home/robot/project/ls65_ros/ls65/elite_ros_ws/install/eli_dashboard_interface/include/eli_dashboard_interface/eli_dashboard_interface/srv/detail/log__functions.c
-- Installing: /home/robot/project/ls65_ros/ls65/elite_ros_ws/install/eli_dashboard_interface/include/eli_dashboard_interface/eli_dashboard_interface/srv/detail/is_saved__functions.c
-- Installing: /home/robot/project/ls65_ros/ls65/elite_ros_ws/install/eli_dashboard_interface/include/eli_dashboard_interface/eli_dashboard_interface/srv/detail/is_saved__type_support.h
-- Installing: /home/robot/project/ls65_ros/ls65/elite_ros_ws/install/eli_dashboard_interface/include/eli_dashboard_interface/eli_dashboard_interface/srv/detail/load__functions.h
-- Installing: /home/robot/project/ls65_ros/ls65/elite_ros_ws/install/eli_dashboard_interface/include/eli_dashboard_interface/eli_dashboard_interface/srv/detail/custom_request__functions.h
-- Installing: /home/robot/project/ls65_ros/ls65/elite_ros_ws/install/eli_dashboard_interface/include/eli_dashboard_interface/eli_dashboard_interface/srv/detail/popup__functions.h
-- Installing: /home/robot/project/ls65_ros/ls65/elite_ros_ws/install/eli_dashboard_interface/include/eli_dashboard_interface/eli_dashboard_interface/srv/detail/custom_request__struct.h
-- Installing: /home/robot/project/ls65_ros/ls65/elite_ros_ws/install/eli_dashboard_interface/include/eli_dashboard_interface/eli_dashboard_interface/srv/detail/popup__struct.h
-- Installing: /home/robot/project/ls65_ros/ls65/elite_ros_ws/install/eli_dashboard_interface/include/eli_dashboard_interface/eli_dashboard_interface/srv/custom_request.h
-- Installing: /home/robot/project/ls65_ros/ls65/elite_ros_ws/install/eli_dashboard_interface/include/eli_dashboard_interface/eli_dashboard_interface/srv/is_saved.h
-- Installing: /home/robot/project/ls65_ros/ls65/elite_ros_ws/install/eli_dashboard_interface/include/eli_dashboard_interface/eli_dashboard_interface/srv/load.h
-- Installing: /home/robot/project/ls65_ros/ls65/elite_ros_ws/install/eli_dashboard_interface/include/eli_dashboard_interface/eli_dashboard_interface/srv/popup.h
-- Installing: /home/robot/project/ls65_ros/ls65/elite_ros_ws/install/eli_dashboard_interface/share/eli_dashboard_interface/environment/library_path.sh
-- Installing: /home/robot/project/ls65_ros/ls65/elite_ros_ws/install/eli_dashboard_interface/share/eli_dashboard_interface/environment/library_path.dsv
-- Installing: /home/robot/project/ls65_ros/ls65/elite_ros_ws/install/eli_dashboard_interface/lib/libeli_dashboard_interface__rosidl_generator_c.so
-- Set runtime path of "/home/robot/project/ls65_ros/ls65/elite_ros_ws/install/eli_dashboard_interface/lib/libeli_dashboard_interface__rosidl_generator_c.so" to ""
-- Up-to-date: /home/robot/project/ls65_ros/ls65/elite_ros_ws/install/eli_dashboard_interface/include/eli_dashboard_interface/eli_dashboard_interface
-- Up-to-date: /home/robot/project/ls65_ros/ls65/elite_ros_ws/install/eli_dashboard_interface/include/eli_dashboard_interface/eli_dashboard_interface/msg
-- Installing: /home/robot/project/ls65_ros/ls65/elite_ros_ws/install/eli_dashboard_interface/include/eli_dashboard_interface/eli_dashboard_interface/msg/rosidl_typesupport_fastrtps_c__visibility_control.h
-- Up-to-date: /home/robot/project/ls65_ros/ls65/elite_ros_ws/install/eli_dashboard_interface/include/eli_dashboard_interface/eli_dashboard_interface/srv
-- Up-to-date: /home/robot/project/ls65_ros/ls65/elite_ros_ws/install/eli_dashboard_interface/include/eli_dashboard_interface/eli_dashboard_interface/srv/detail
-- Installing: /home/robot/project/ls65_ros/ls65/elite_ros_ws/install/eli_dashboard_interface/include/eli_dashboard_interface/eli_dashboard_interface/srv/detail/popup__rosidl_typesupport_fastrtps_c.h
-- Installing: /home/robot/project/ls65_ros/ls65/elite_ros_ws/install/eli_dashboard_interface/include/eli_dashboard_interface/eli_dashboard_interface/srv/detail/is_saved__rosidl_typesupport_fastrtps_c.h
-- Installing: /home/robot/project/ls65_ros/ls65/elite_ros_ws/install/eli_dashboard_interface/include/eli_dashboard_interface/eli_dashboard_interface/srv/detail/custom_request__rosidl_typesupport_fastrtps_c.h
-- Installing: /home/robot/project/ls65_ros/ls65/elite_ros_ws/install/eli_dashboard_interface/include/eli_dashboard_interface/eli_dashboard_interface/srv/detail/log__rosidl_typesupport_fastrtps_c.h
-- Installing: /home/robot/project/ls65_ros/ls65/elite_ros_ws/install/eli_dashboard_interface/include/eli_dashboard_interface/eli_dashboard_interface/srv/detail/load__rosidl_typesupport_fastrtps_c.h
-- Installing: /home/robot/project/ls65_ros/ls65/elite_ros_ws/install/eli_dashboard_interface/lib/libeli_dashboard_interface__rosidl_typesupport_fastrtps_c.so
-- Set runtime path of "/home/robot/project/ls65_ros/ls65/elite_ros_ws/install/eli_dashboard_interface/lib/libeli_dashboard_interface__rosidl_typesupport_fastrtps_c.so" to ""
-- Up-to-date: /home/robot/project/ls65_ros/ls65/elite_ros_ws/install/eli_dashboard_interface/include/eli_dashboard_interface/eli_dashboard_interface
-- Up-to-date: /home/robot/project/ls65_ros/ls65/elite_ros_ws/install/eli_dashboard_interface/include/eli_dashboard_interface/eli_dashboard_interface/msg
-- Installing: /home/robot/project/ls65_ros/ls65/elite_ros_ws/install/eli_dashboard_interface/include/eli_dashboard_interface/eli_dashboard_interface/msg/rosidl_typesupport_introspection_c__visibility_control.h
-- Up-to-date: /home/robot/project/ls65_ros/ls65/elite_ros_ws/install/eli_dashboard_interface/include/eli_dashboard_interface/eli_dashboard_interface/srv
-- Up-to-date: /home/robot/project/ls65_ros/ls65/elite_ros_ws/install/eli_dashboard_interface/include/eli_dashboard_interface/eli_dashboard_interface/srv/detail
-- Installing: /home/robot/project/ls65_ros/ls65/elite_ros_ws/install/eli_dashboard_interface/include/eli_dashboard_interface/eli_dashboard_interface/srv/detail/custom_request__type_support.c
-- Installing: /home/robot/project/ls65_ros/ls65/elite_ros_ws/install/eli_dashboard_interface/include/eli_dashboard_interface/eli_dashboard_interface/srv/detail/load__type_support.c
-- Installing: /home/robot/project/ls65_ros/ls65/elite_ros_ws/install/eli_dashboard_interface/include/eli_dashboard_interface/eli_dashboard_interface/srv/detail/is_saved__type_support.c
-- Installing: /home/robot/project/ls65_ros/ls65/elite_ros_ws/install/eli_dashboard_interface/include/eli_dashboard_interface/eli_dashboard_interface/srv/detail/log__type_support.c
-- Installing: /home/robot/project/ls65_ros/ls65/elite_ros_ws/install/eli_dashboard_interface/include/eli_dashboard_interface/eli_dashboard_interface/srv/detail/popup__type_support.c
-- Installing: /home/robot/project/ls65_ros/ls65/elite_ros_ws/install/eli_dashboard_interface/include/eli_dashboard_interface/eli_dashboard_interface/srv/detail/custom_request__rosidl_typesupport_introspection_c.h
-- Installing: /home/robot/project/ls65_ros/ls65/elite_ros_ws/install/eli_dashboard_interface/include/eli_dashboard_interface/eli_dashboard_interface/srv/detail/is_saved__rosidl_typesupport_introspection_c.h
-- Installing: /home/robot/project/ls65_ros/ls65/elite_ros_ws/install/eli_dashboard_interface/include/eli_dashboard_interface/eli_dashboard_interface/srv/detail/popup__rosidl_typesupport_introspection_c.h
-- Installing: /home/robot/project/ls65_ros/ls65/elite_ros_ws/install/eli_dashboard_interface/include/eli_dashboard_interface/eli_dashboard_interface/srv/detail/load__rosidl_typesupport_introspection_c.h
-- Installing: /home/robot/project/ls65_ros/ls65/elite_ros_ws/install/eli_dashboard_interface/include/eli_dashboard_interface/eli_dashboard_interface/srv/detail/log__rosidl_typesupport_introspection_c.h
-- Installing: /home/robot/project/ls65_ros/ls65/elite_ros_ws/install/eli_dashboard_interface/lib/libeli_dashboard_interface__rosidl_typesupport_introspection_c.so
-- Set runtime path of "/home/robot/project/ls65_ros/ls65/elite_ros_ws/install/eli_dashboard_interface/lib/libeli_dashboard_interface__rosidl_typesupport_introspection_c.so" to ""
-- Installing: /home/robot/project/ls65_ros/ls65/elite_ros_ws/install/eli_dashboard_interface/lib/libeli_dashboard_interface__rosidl_typesupport_c.so
-- Set runtime path of "/home/robot/project/ls65_ros/ls65/elite_ros_ws/install/eli_dashboard_interface/lib/libeli_dashboard_interface__rosidl_typesupport_c.so" to ""
-- Up-to-date: /home/robot/project/ls65_ros/ls65/elite_ros_ws/install/eli_dashboard_interface/include/eli_dashboard_interface/eli_dashboard_interface
-- Up-to-date: /home/robot/project/ls65_ros/ls65/elite_ros_ws/install/eli_dashboard_interface/include/eli_dashboard_interface/eli_dashboard_interface/msg
-- Installing: /home/robot/project/ls65_ros/ls65/elite_ros_ws/install/eli_dashboard_interface/include/eli_dashboard_interface/eli_dashboard_interface/msg/rosidl_generator_cpp__visibility_control.hpp
-- Up-to-date: /home/robot/project/ls65_ros/ls65/elite_ros_ws/install/eli_dashboard_interface/include/eli_dashboard_interface/eli_dashboard_interface/srv
-- Up-to-date: /home/robot/project/ls65_ros/ls65/elite_ros_ws/install/eli_dashboard_interface/include/eli_dashboard_interface/eli_dashboard_interface/srv/detail
-- Installing: /home/robot/project/ls65_ros/ls65/elite_ros_ws/install/eli_dashboard_interface/include/eli_dashboard_interface/eli_dashboard_interface/srv/detail/is_saved__type_support.hpp
-- Installing: /home/robot/project/ls65_ros/ls65/elite_ros_ws/install/eli_dashboard_interface/include/eli_dashboard_interface/eli_dashboard_interface/srv/detail/custom_request__traits.hpp
-- Installing: /home/robot/project/ls65_ros/ls65/elite_ros_ws/install/eli_dashboard_interface/include/eli_dashboard_interface/eli_dashboard_interface/srv/detail/custom_request__builder.hpp
-- Installing: /home/robot/project/ls65_ros/ls65/elite_ros_ws/install/eli_dashboard_interface/include/eli_dashboard_interface/eli_dashboard_interface/srv/detail/log__builder.hpp
-- Installing: /home/robot/project/ls65_ros/ls65/elite_ros_ws/install/eli_dashboard_interface/include/eli_dashboard_interface/eli_dashboard_interface/srv/detail/popup__struct.hpp
-- Installing: /home/robot/project/ls65_ros/ls65/elite_ros_ws/install/eli_dashboard_interface/include/eli_dashboard_interface/eli_dashboard_interface/srv/detail/log__type_support.hpp
-- Installing: /home/robot/project/ls65_ros/ls65/elite_ros_ws/install/eli_dashboard_interface/include/eli_dashboard_interface/eli_dashboard_interface/srv/detail/load__struct.hpp
-- Installing: /home/robot/project/ls65_ros/ls65/elite_ros_ws/install/eli_dashboard_interface/include/eli_dashboard_interface/eli_dashboard_interface/srv/detail/popup__builder.hpp
-- Installing: /home/robot/project/ls65_ros/ls65/elite_ros_ws/install/eli_dashboard_interface/include/eli_dashboard_interface/eli_dashboard_interface/srv/detail/log__traits.hpp
-- Installing: /home/robot/project/ls65_ros/ls65/elite_ros_ws/install/eli_dashboard_interface/include/eli_dashboard_interface/eli_dashboard_interface/srv/detail/is_saved__traits.hpp
-- Installing: /home/robot/project/ls65_ros/ls65/elite_ros_ws/install/eli_dashboard_interface/include/eli_dashboard_interface/eli_dashboard_interface/srv/detail/popup__type_support.hpp
-- Installing: /home/robot/project/ls65_ros/ls65/elite_ros_ws/install/eli_dashboard_interface/include/eli_dashboard_interface/eli_dashboard_interface/srv/detail/is_saved__builder.hpp
-- Installing: /home/robot/project/ls65_ros/ls65/elite_ros_ws/install/eli_dashboard_interface/include/eli_dashboard_interface/eli_dashboard_interface/srv/detail/load__traits.hpp
-- Installing: /home/robot/project/ls65_ros/ls65/elite_ros_ws/install/eli_dashboard_interface/include/eli_dashboard_interface/eli_dashboard_interface/srv/detail/load__builder.hpp
-- Installing: /home/robot/project/ls65_ros/ls65/elite_ros_ws/install/eli_dashboard_interface/include/eli_dashboard_interface/eli_dashboard_interface/srv/detail/is_saved__struct.hpp
-- Installing: /home/robot/project/ls65_ros/ls65/elite_ros_ws/install/eli_dashboard_interface/include/eli_dashboard_interface/eli_dashboard_interface/srv/detail/log__struct.hpp
-- Installing: /home/robot/project/ls65_ros/ls65/elite_ros_ws/install/eli_dashboard_interface/include/eli_dashboard_interface/eli_dashboard_interface/srv/detail/popup__traits.hpp
-- Installing: /home/robot/project/ls65_ros/ls65/elite_ros_ws/install/eli_dashboard_interface/include/eli_dashboard_interface/eli_dashboard_interface/srv/detail/custom_request__struct.hpp
-- Installing: /home/robot/project/ls65_ros/ls65/elite_ros_ws/install/eli_dashboard_interface/include/eli_dashboard_interface/eli_dashboard_interface/srv/detail/load__type_support.hpp
-- Installing: /home/robot/project/ls65_ros/ls65/elite_ros_ws/install/eli_dashboard_interface/include/eli_dashboard_interface/eli_dashboard_interface/srv/detail/custom_request__type_support.hpp
-- Installing: /home/robot/project/ls65_ros/ls65/elite_ros_ws/install/eli_dashboard_interface/include/eli_dashboard_interface/eli_dashboard_interface/srv/log.hpp
-- Installing: /home/robot/project/ls65_ros/ls65/elite_ros_ws/install/eli_dashboard_interface/include/eli_dashboard_interface/eli_dashboard_interface/srv/is_saved.hpp
-- Installing: /home/robot/project/ls65_ros/ls65/elite_ros_ws/install/eli_dashboard_interface/include/eli_dashboard_interface/eli_dashboard_interface/srv/custom_request.hpp
-- Installing: /home/robot/project/ls65_ros/ls65/elite_ros_ws/install/eli_dashboard_interface/include/eli_dashboard_interface/eli_dashboard_interface/srv/load.hpp
-- Installing: /home/robot/project/ls65_ros/ls65/elite_ros_ws/install/eli_dashboard_interface/include/eli_dashboard_interface/eli_dashboard_interface/srv/popup.hpp
-- Up-to-date: /home/robot/project/ls65_ros/ls65/elite_ros_ws/install/eli_dashboard_interface/include/eli_dashboard_interface/eli_dashboard_interface
-- Up-to-date: /home/robot/project/ls65_ros/ls65/elite_ros_ws/install/eli_dashboard_interface/include/eli_dashboard_interface/eli_dashboard_interface/msg
-- Installing: /home/robot/project/ls65_ros/ls65/elite_ros_ws/install/eli_dashboard_interface/include/eli_dashboard_interface/eli_dashboard_interface/msg/rosidl_typesupport_fastrtps_cpp__visibility_control.h
-- Up-to-date: /home/robot/project/ls65_ros/ls65/elite_ros_ws/install/eli_dashboard_interface/include/eli_dashboard_interface/eli_dashboard_interface/srv
-- Up-to-date: /home/robot/project/ls65_ros/ls65/elite_ros_ws/install/eli_dashboard_interface/include/eli_dashboard_interface/eli_dashboard_interface/srv/detail
-- Installing: /home/robot/project/ls65_ros/ls65/elite_ros_ws/install/eli_dashboard_interface/include/eli_dashboard_interface/eli_dashboard_interface/srv/detail/dds_fastrtps
-- Installing: /home/robot/project/ls65_ros/ls65/elite_ros_ws/install/eli_dashboard_interface/include/eli_dashboard_interface/eli_dashboard_interface/srv/detail/log__rosidl_typesupport_fastrtps_cpp.hpp
-- Installing: /home/robot/project/ls65_ros/ls65/elite_ros_ws/install/eli_dashboard_interface/include/eli_dashboard_interface/eli_dashboard_interface/srv/detail/load__rosidl_typesupport_fastrtps_cpp.hpp
-- Installing: /home/robot/project/ls65_ros/ls65/elite_ros_ws/install/eli_dashboard_interface/include/eli_dashboard_interface/eli_dashboard_interface/srv/detail/is_saved__rosidl_typesupport_fastrtps_cpp.hpp
-- Installing: /home/robot/project/ls65_ros/ls65/elite_ros_ws/install/eli_dashboard_interface/include/eli_dashboard_interface/eli_dashboard_interface/srv/detail/popup__rosidl_typesupport_fastrtps_cpp.hpp
-- Installing: /home/robot/project/ls65_ros/ls65/elite_ros_ws/install/eli_dashboard_interface/include/eli_dashboard_interface/eli_dashboard_interface/srv/detail/custom_request__rosidl_typesupport_fastrtps_cpp.hpp
-- Installing: /home/robot/project/ls65_ros/ls65/elite_ros_ws/install/eli_dashboard_interface/lib/libeli_dashboard_interface__rosidl_typesupport_fastrtps_cpp.so
-- Set runtime path of "/home/robot/project/ls65_ros/ls65/elite_ros_ws/install/eli_dashboard_interface/lib/libeli_dashboard_interface__rosidl_typesupport_fastrtps_cpp.so" to ""
-- Up-to-date: /home/robot/project/ls65_ros/ls65/elite_ros_ws/install/eli_dashboard_interface/include/eli_dashboard_interface/eli_dashboard_interface
-- Up-to-date: /home/robot/project/ls65_ros/ls65/elite_ros_ws/install/eli_dashboard_interface/include/eli_dashboard_interface/eli_dashboard_interface/srv
-- Up-to-date: /home/robot/project/ls65_ros/ls65/elite_ros_ws/install/eli_dashboard_interface/include/eli_dashboard_interface/eli_dashboard_interface/srv/detail
-- Installing: /home/robot/project/ls65_ros/ls65/elite_ros_ws/install/eli_dashboard_interface/include/eli_dashboard_interface/eli_dashboard_interface/srv/detail/log__rosidl_typesupport_introspection_cpp.hpp
-- Installing: /home/robot/project/ls65_ros/ls65/elite_ros_ws/install/eli_dashboard_interface/include/eli_dashboard_interface/eli_dashboard_interface/srv/detail/custom_request__type_support.cpp
-- Installing: /home/robot/project/ls65_ros/ls65/elite_ros_ws/install/eli_dashboard_interface/include/eli_dashboard_interface/eli_dashboard_interface/srv/detail/load__rosidl_typesupport_introspection_cpp.hpp
-- Installing: /home/robot/project/ls65_ros/ls65/elite_ros_ws/install/eli_dashboard_interface/include/eli_dashboard_interface/eli_dashboard_interface/srv/detail/custom_request__rosidl_typesupport_introspection_cpp.hpp
-- Installing: /home/robot/project/ls65_ros/ls65/elite_ros_ws/install/eli_dashboard_interface/include/eli_dashboard_interface/eli_dashboard_interface/srv/detail/load__type_support.cpp
-- Installing: /home/robot/project/ls65_ros/ls65/elite_ros_ws/install/eli_dashboard_interface/include/eli_dashboard_interface/eli_dashboard_interface/srv/detail/is_saved__rosidl_typesupport_introspection_cpp.hpp
-- Installing: /home/robot/project/ls65_ros/ls65/elite_ros_ws/install/eli_dashboard_interface/include/eli_dashboard_interface/eli_dashboard_interface/srv/detail/popup__type_support.cpp
-- Installing: /home/robot/project/ls65_ros/ls65/elite_ros_ws/install/eli_dashboard_interface/include/eli_dashboard_interface/eli_dashboard_interface/srv/detail/log__type_support.cpp
-- Installing: /home/robot/project/ls65_ros/ls65/elite_ros_ws/install/eli_dashboard_interface/include/eli_dashboard_interface/eli_dashboard_interface/srv/detail/popup__rosidl_typesupport_introspection_cpp.hpp
-- Installing: /home/robot/project/ls65_ros/ls65/elite_ros_ws/install/eli_dashboard_interface/include/eli_dashboard_interface/eli_dashboard_interface/srv/detail/is_saved__type_support.cpp
-- Installing: /home/robot/project/ls65_ros/ls65/elite_ros_ws/install/eli_dashboard_interface/lib/libeli_dashboard_interface__rosidl_typesupport_introspection_cpp.so
-- Set runtime path of "/home/robot/project/ls65_ros/ls65/elite_ros_ws/install/eli_dashboard_interface/lib/libeli_dashboard_interface__rosidl_typesupport_introspection_cpp.so" to ""
-- Installing: /home/robot/project/ls65_ros/ls65/elite_ros_ws/install/eli_dashboard_interface/lib/libeli_dashboard_interface__rosidl_typesupport_cpp.so
-- Set runtime path of "/home/robot/project/ls65_ros/ls65/elite_ros_ws/install/eli_dashboard_interface/lib/libeli_dashboard_interface__rosidl_typesupport_cpp.so" to ""
-- Installing: /home/robot/project/ls65_ros/ls65/elite_ros_ws/install/eli_dashboard_interface/share/eli_dashboard_interface/environment/pythonpath.sh
-- Installing: /home/robot/project/ls65_ros/ls65/elite_ros_ws/install/eli_dashboard_interface/share/eli_dashboard_interface/environment/pythonpath.dsv
-- Installing: /home/robot/project/ls65_ros/ls65/elite_ros_ws/install/eli_dashboard_interface/local/lib/python3.10/dist-packages/eli_dashboard_interface-0.0.1-py3.10.egg-info
-- Installing: /home/robot/project/ls65_ros/ls65/elite_ros_ws/install/eli_dashboard_interface/local/lib/python3.10/dist-packages/eli_dashboard_interface-0.0.1-py3.10.egg-info/dependency_links.txt
-- Installing: /home/robot/project/ls65_ros/ls65/elite_ros_ws/install/eli_dashboard_interface/local/lib/python3.10/dist-packages/eli_dashboard_interface-0.0.1-py3.10.egg-info/top_level.txt
-- Installing: /home/robot/project/ls65_ros/ls65/elite_ros_ws/install/eli_dashboard_interface/local/lib/python3.10/dist-packages/eli_dashboard_interface-0.0.1-py3.10.egg-info/SOURCES.txt
-- Installing: /home/robot/project/ls65_ros/ls65/elite_ros_ws/install/eli_dashboard_interface/local/lib/python3.10/dist-packages/eli_dashboard_interface-0.0.1-py3.10.egg-info/PKG-INFO
-- Installing: /home/robot/project/ls65_ros/ls65/elite_ros_ws/install/eli_dashboard_interface/local/lib/python3.10/dist-packages/eli_dashboard_interface
-- Installing: /home/robot/project/ls65_ros/ls65/elite_ros_ws/install/eli_dashboard_interface/local/lib/python3.10/dist-packages/eli_dashboard_interface/libeli_dashboard_interface__rosidl_generator_py.so
-- Installing: /home/robot/project/ls65_ros/ls65/elite_ros_ws/install/eli_dashboard_interface/local/lib/python3.10/dist-packages/eli_dashboard_interface/_eli_dashboard_interface_s.ep.rosidl_typesupport_c.c
-- Installing: /home/robot/project/ls65_ros/ls65/elite_ros_ws/install/eli_dashboard_interface/local/lib/python3.10/dist-packages/eli_dashboard_interface/__init__.py
-- Installing: /home/robot/project/ls65_ros/ls65/elite_ros_ws/install/eli_dashboard_interface/local/lib/python3.10/dist-packages/eli_dashboard_interface/eli_dashboard_interface_s__rosidl_typesupport_introspection_c.cpython-310-x86_64-linux-gnu.so
-- Installing: /home/robot/project/ls65_ros/ls65/elite_ros_ws/install/eli_dashboard_interface/local/lib/python3.10/dist-packages/eli_dashboard_interface/_eli_dashboard_interface_s.ep.rosidl_typesupport_introspection_c.c
-- Installing: /home/robot/project/ls65_ros/ls65/elite_ros_ws/install/eli_dashboard_interface/local/lib/python3.10/dist-packages/eli_dashboard_interface/eli_dashboard_interface_s__rosidl_typesupport_fastrtps_c.cpython-310-x86_64-linux-gnu.so
-- Installing: /home/robot/project/ls65_ros/ls65/elite_ros_ws/install/eli_dashboard_interface/local/lib/python3.10/dist-packages/eli_dashboard_interface/eli_dashboard_interface_s__rosidl_typesupport_c.cpython-310-x86_64-linux-gnu.so
-- Installing: /home/robot/project/ls65_ros/ls65/elite_ros_ws/install/eli_dashboard_interface/local/lib/python3.10/dist-packages/eli_dashboard_interface/srv
-- Installing: /home/robot/project/ls65_ros/ls65/elite_ros_ws/install/eli_dashboard_interface/local/lib/python3.10/dist-packages/eli_dashboard_interface/srv/_is_saved.py
-- Installing: /home/robot/project/ls65_ros/ls65/elite_ros_ws/install/eli_dashboard_interface/local/lib/python3.10/dist-packages/eli_dashboard_interface/srv/__init__.py
-- Installing: /home/robot/project/ls65_ros/ls65/elite_ros_ws/install/eli_dashboard_interface/local/lib/python3.10/dist-packages/eli_dashboard_interface/srv/_popup_s.c
-- Installing: /home/robot/project/ls65_ros/ls65/elite_ros_ws/install/eli_dashboard_interface/local/lib/python3.10/dist-packages/eli_dashboard_interface/srv/_is_saved_s.c
-- Installing: /home/robot/project/ls65_ros/ls65/elite_ros_ws/install/eli_dashboard_interface/local/lib/python3.10/dist-packages/eli_dashboard_interface/srv/_load_s.c
-- Installing: /home/robot/project/ls65_ros/ls65/elite_ros_ws/install/eli_dashboard_interface/local/lib/python3.10/dist-packages/eli_dashboard_interface/srv/_custom_request.py
-- Installing: /home/robot/project/ls65_ros/ls65/elite_ros_ws/install/eli_dashboard_interface/local/lib/python3.10/dist-packages/eli_dashboard_interface/srv/_custom_request_s.c
-- Installing: /home/robot/project/ls65_ros/ls65/elite_ros_ws/install/eli_dashboard_interface/local/lib/python3.10/dist-packages/eli_dashboard_interface/srv/_log_s.c
-- Installing: /home/robot/project/ls65_ros/ls65/elite_ros_ws/install/eli_dashboard_interface/local/lib/python3.10/dist-packages/eli_dashboard_interface/srv/_log.py
-- Installing: /home/robot/project/ls65_ros/ls65/elite_ros_ws/install/eli_dashboard_interface/local/lib/python3.10/dist-packages/eli_dashboard_interface/srv/_load.py
-- Installing: /home/robot/project/ls65_ros/ls65/elite_ros_ws/install/eli_dashboard_interface/local/lib/python3.10/dist-packages/eli_dashboard_interface/srv/_popup.py
-- Installing: /home/robot/project/ls65_ros/ls65/elite_ros_ws/install/eli_dashboard_interface/local/lib/python3.10/dist-packages/eli_dashboard_interface/_eli_dashboard_interface_s.ep.rosidl_typesupport_fastrtps_c.c
Listing '/home/robot/project/ls65_ros/ls65/elite_ros_ws/install/eli_dashboard_interface/local/lib/python3.10/dist-packages/eli_dashboard_interface'...
Compiling '/home/robot/project/ls65_ros/ls65/elite_ros_ws/install/eli_dashboard_interface/local/lib/python3.10/dist-packages/eli_dashboard_interface/__init__.py'...
Listing '/home/robot/project/ls65_ros/ls65/elite_ros_ws/install/eli_dashboard_interface/local/lib/python3.10/dist-packages/eli_dashboard_interface/srv'...
Compiling '/home/robot/project/ls65_ros/ls65/elite_ros_ws/install/eli_dashboard_interface/local/lib/python3.10/dist-packages/eli_dashboard_interface/srv/__init__.py'...
Compiling '/home/robot/project/ls65_ros/ls65/elite_ros_ws/install/eli_dashboard_interface/local/lib/python3.10/dist-packages/eli_dashboard_interface/srv/_custom_request.py'...
Compiling '/home/robot/project/ls65_ros/ls65/elite_ros_ws/install/eli_dashboard_interface/local/lib/python3.10/dist-packages/eli_dashboard_interface/srv/_is_saved.py'...
Compiling '/home/robot/project/ls65_ros/ls65/elite_ros_ws/install/eli_dashboard_interface/local/lib/python3.10/dist-packages/eli_dashboard_interface/srv/_load.py'...
Compiling '/home/robot/project/ls65_ros/ls65/elite_ros_ws/install/eli_dashboard_interface/local/lib/python3.10/dist-packages/eli_dashboard_interface/srv/_log.py'...
Compiling '/home/robot/project/ls65_ros/ls65/elite_ros_ws/install/eli_dashboard_interface/local/lib/python3.10/dist-packages/eli_dashboard_interface/srv/_popup.py'...
-- Installing: /home/robot/project/ls65_ros/ls65/elite_ros_ws/install/eli_dashboard_interface/local/lib/python3.10/dist-packages/eli_dashboard_interface/eli_dashboard_interface_s__rosidl_typesupport_fastrtps_c.cpython-310-x86_64-linux-gnu.so
-- Set runtime path of "/home/robot/project/ls65_ros/ls65/elite_ros_ws/install/eli_dashboard_interface/local/lib/python3.10/dist-packages/eli_dashboard_interface/eli_dashboard_interface_s__rosidl_typesupport_fastrtps_c.cpython-310-x86_64-linux-gnu.so" to ""
-- Installing: /home/robot/project/ls65_ros/ls65/elite_ros_ws/install/eli_dashboard_interface/local/lib/python3.10/dist-packages/eli_dashboard_interface/eli_dashboard_interface_s__rosidl_typesupport_introspection_c.cpython-310-x86_64-linux-gnu.so
-- Set runtime path of "/home/robot/project/ls65_ros/ls65/elite_ros_ws/install/eli_dashboard_interface/local/lib/python3.10/dist-packages/eli_dashboard_interface/eli_dashboard_interface_s__rosidl_typesupport_introspection_c.cpython-310-x86_64-linux-gnu.so" to ""
-- Installing: /home/robot/project/ls65_ros/ls65/elite_ros_ws/install/eli_dashboard_interface/local/lib/python3.10/dist-packages/eli_dashboard_interface/eli_dashboard_interface_s__rosidl_typesupport_c.cpython-310-x86_64-linux-gnu.so
-- Set runtime path of "/home/robot/project/ls65_ros/ls65/elite_ros_ws/install/eli_dashboard_interface/local/lib/python3.10/dist-packages/eli_dashboard_interface/eli_dashboard_interface_s__rosidl_typesupport_c.cpython-310-x86_64-linux-gnu.so" to ""
-- Installing: /home/robot/project/ls65_ros/ls65/elite_ros_ws/install/eli_dashboard_interface/lib/libeli_dashboard_interface__rosidl_generator_py.so
-- Set runtime path of "/home/robot/project/ls65_ros/ls65/elite_ros_ws/install/eli_dashboard_interface/lib/libeli_dashboard_interface__rosidl_generator_py.so" to ""
-- Installing: /home/robot/project/ls65_ros/ls65/elite_ros_ws/install/eli_dashboard_interface/share/ament_index/resource_index/rust_packages/eli_dashboard_interface
-- Installing: /home/robot/project/ls65_ros/ls65/elite_ros_ws/install/eli_dashboard_interface/share/eli_dashboard_interface/rust
-- Installing: /home/robot/project/ls65_ros/ls65/elite_ros_ws/install/eli_dashboard_interface/share/eli_dashboard_interface/rust/src
-- Installing: /home/robot/project/ls65_ros/ls65/elite_ros_ws/install/eli_dashboard_interface/share/eli_dashboard_interface/rust/src/srv.rs
-- Installing: /home/robot/project/ls65_ros/ls65/elite_ros_ws/install/eli_dashboard_interface/share/eli_dashboard_interface/rust/src/lib.rs
-- Installing: /home/robot/project/ls65_ros/ls65/elite_ros_ws/install/eli_dashboard_interface/share/eli_dashboard_interface/rust/src/srv
-- Installing: /home/robot/project/ls65_ros/ls65/elite_ros_ws/install/eli_dashboard_interface/share/eli_dashboard_interface/rust/src/srv/rmw.rs
-- Installing: /home/robot/project/ls65_ros/ls65/elite_ros_ws/install/eli_dashboard_interface/share/eli_dashboard_interface/rust/build.rs
-- Installing: /home/robot/project/ls65_ros/ls65/elite_ros_ws/install/eli_dashboard_interface/share/eli_dashboard_interface/rust/Cargo.toml
-- Installing: /home/robot/project/ls65_ros/ls65/elite_ros_ws/install/eli_dashboard_interface/share/eli_dashboard_interface/srv/Load.idl
-- Installing: /home/robot/project/ls65_ros/ls65/elite_ros_ws/install/eli_dashboard_interface/share/eli_dashboard_interface/srv/Popup.idl
-- Installing: /home/robot/project/ls65_ros/ls65/elite_ros_ws/install/eli_dashboard_interface/share/eli_dashboard_interface/srv/Log.idl
-- Installing: /home/robot/project/ls65_ros/ls65/elite_ros_ws/install/eli_dashboard_interface/share/eli_dashboard_interface/srv/IsSaved.idl
-- Installing: /home/robot/project/ls65_ros/ls65/elite_ros_ws/install/eli_dashboard_interface/share/eli_dashboard_interface/srv/CustomRequest.idl
-- Installing: /home/robot/project/ls65_ros/ls65/elite_ros_ws/install/eli_dashboard_interface/share/eli_dashboard_interface/srv/Load.srv
-- Installing: /home/robot/project/ls65_ros/ls65/elite_ros_ws/install/eli_dashboard_interface/share/eli_dashboard_interface/srv/Load_Request.msg
-- Installing: /home/robot/project/ls65_ros/ls65/elite_ros_ws/install/eli_dashboard_interface/share/eli_dashboard_interface/srv/Load_Response.msg
-- Installing: /home/robot/project/ls65_ros/ls65/elite_ros_ws/install/eli_dashboard_interface/share/eli_dashboard_interface/srv/Popup.srv
-- Installing: /home/robot/project/ls65_ros/ls65/elite_ros_ws/install/eli_dashboard_interface/share/eli_dashboard_interface/srv/Popup_Request.msg
-- Installing: /home/robot/project/ls65_ros/ls65/elite_ros_ws/install/eli_dashboard_interface/share/eli_dashboard_interface/srv/Popup_Response.msg
-- Installing: /home/robot/project/ls65_ros/ls65/elite_ros_ws/install/eli_dashboard_interface/share/eli_dashboard_interface/srv/Log.srv
-- Installing: /home/robot/project/ls65_ros/ls65/elite_ros_ws/install/eli_dashboard_interface/share/eli_dashboard_interface/srv/Log_Request.msg
-- Installing: /home/robot/project/ls65_ros/ls65/elite_ros_ws/install/eli_dashboard_interface/share/eli_dashboard_interface/srv/Log_Response.msg
-- Installing: /home/robot/project/ls65_ros/ls65/elite_ros_ws/install/eli_dashboard_interface/share/eli_dashboard_interface/srv/IsSaved.srv
-- Installing: /home/robot/project/ls65_ros/ls65/elite_ros_ws/install/eli_dashboard_interface/share/eli_dashboard_interface/srv/IsSaved_Request.msg
-- Installing: /home/robot/project/ls65_ros/ls65/elite_ros_ws/install/eli_dashboard_interface/share/eli_dashboard_interface/srv/IsSaved_Response.msg
-- Installing: /home/robot/project/ls65_ros/ls65/elite_ros_ws/install/eli_dashboard_interface/share/eli_dashboard_interface/srv/CustomRequest.srv
-- Installing: /home/robot/project/ls65_ros/ls65/elite_ros_ws/install/eli_dashboard_interface/share/eli_dashboard_interface/srv/CustomRequest_Request.msg
-- Installing: /home/robot/project/ls65_ros/ls65/elite_ros_ws/install/eli_dashboard_interface/share/eli_dashboard_interface/srv/CustomRequest_Response.msg
-- Installing: /home/robot/project/ls65_ros/ls65/elite_ros_ws/install/eli_dashboard_interface/share/ament_index/resource_index/package_run_dependencies/eli_dashboard_interface
-- Installing: /home/robot/project/ls65_ros/ls65/elite_ros_ws/install/eli_dashboard_interface/share/ament_index/resource_index/parent_prefix_path/eli_dashboard_interface
-- Installing: /home/robot/project/ls65_ros/ls65/elite_ros_ws/install/eli_dashboard_interface/share/eli_dashboard_interface/environment/ament_prefix_path.sh
-- Installing: /home/robot/project/ls65_ros/ls65/elite_ros_ws/install/eli_dashboard_interface/share/eli_dashboard_interface/environment/ament_prefix_path.dsv
-- Installing: /home/robot/project/ls65_ros/ls65/elite_ros_ws/install/eli_dashboard_interface/share/eli_dashboard_interface/environment/path.sh
-- Installing: /home/robot/project/ls65_ros/ls65/elite_ros_ws/install/eli_dashboard_interface/share/eli_dashboard_interface/environment/path.dsv
-- Installing: /home/robot/project/ls65_ros/ls65/elite_ros_ws/install/eli_dashboard_interface/share/eli_dashboard_interface/local_setup.bash
-- Installing: /home/robot/project/ls65_ros/ls65/elite_ros_ws/install/eli_dashboard_interface/share/eli_dashboard_interface/local_setup.sh
-- Installing: /home/robot/project/ls65_ros/ls65/elite_ros_ws/install/eli_dashboard_interface/share/eli_dashboard_interface/local_setup.zsh
-- Installing: /home/robot/project/ls65_ros/ls65/elite_ros_ws/install/eli_dashboard_interface/share/eli_dashboard_interface/local_setup.dsv
-- Installing: /home/robot/project/ls65_ros/ls65/elite_ros_ws/install/eli_dashboard_interface/share/eli_dashboard_interface/package.dsv
-- Installing: /home/robot/project/ls65_ros/ls65/elite_ros_ws/install/eli_dashboard_interface/share/ament_index/resource_index/packages/eli_dashboard_interface
-- Installing: /home/robot/project/ls65_ros/ls65/elite_ros_ws/install/eli_dashboard_interface/share/eli_dashboard_interface/cmake/export_eli_dashboard_interface__rosidl_generator_cExport.cmake
-- Installing: /home/robot/project/ls65_ros/ls65/elite_ros_ws/install/eli_dashboard_interface/share/eli_dashboard_interface/cmake/export_eli_dashboard_interface__rosidl_generator_cExport-noconfig.cmake
-- Installing: /home/robot/project/ls65_ros/ls65/elite_ros_ws/install/eli_dashboard_interface/share/eli_dashboard_interface/cmake/export_eli_dashboard_interface__rosidl_typesupport_fastrtps_cExport.cmake
-- Installing: /home/robot/project/ls65_ros/ls65/elite_ros_ws/install/eli_dashboard_interface/share/eli_dashboard_interface/cmake/export_eli_dashboard_interface__rosidl_typesupport_fastrtps_cExport-noconfig.cmake
-- Installing: /home/robot/project/ls65_ros/ls65/elite_ros_ws/install/eli_dashboard_interface/share/eli_dashboard_interface/cmake/eli_dashboard_interface__rosidl_typesupport_introspection_cExport.cmake
-- Installing: /home/robot/project/ls65_ros/ls65/elite_ros_ws/install/eli_dashboard_interface/share/eli_dashboard_interface/cmake/eli_dashboard_interface__rosidl_typesupport_introspection_cExport-noconfig.cmake
-- Installing: /home/robot/project/ls65_ros/ls65/elite_ros_ws/install/eli_dashboard_interface/share/eli_dashboard_interface/cmake/eli_dashboard_interface__rosidl_typesupport_cExport.cmake
-- Installing: /home/robot/project/ls65_ros/ls65/elite_ros_ws/install/eli_dashboard_interface/share/eli_dashboard_interface/cmake/eli_dashboard_interface__rosidl_typesupport_cExport-noconfig.cmake
-- Installing: /home/robot/project/ls65_ros/ls65/elite_ros_ws/install/eli_dashboard_interface/share/eli_dashboard_interface/cmake/export_eli_dashboard_interface__rosidl_generator_cppExport.cmake
-- Installing: /home/robot/project/ls65_ros/ls65/elite_ros_ws/install/eli_dashboard_interface/share/eli_dashboard_interface/cmake/export_eli_dashboard_interface__rosidl_typesupport_fastrtps_cppExport.cmake
-- Installing: /home/robot/project/ls65_ros/ls65/elite_ros_ws/install/eli_dashboard_interface/share/eli_dashboard_interface/cmake/export_eli_dashboard_interface__rosidl_typesupport_fastrtps_cppExport-noconfig.cmake
-- Installing: /home/robot/project/ls65_ros/ls65/elite_ros_ws/install/eli_dashboard_interface/share/eli_dashboard_interface/cmake/eli_dashboard_interface__rosidl_typesupport_introspection_cppExport.cmake
-- Installing: /home/robot/project/ls65_ros/ls65/elite_ros_ws/install/eli_dashboard_interface/share/eli_dashboard_interface/cmake/eli_dashboard_interface__rosidl_typesupport_introspection_cppExport-noconfig.cmake
-- Installing: /home/robot/project/ls65_ros/ls65/elite_ros_ws/install/eli_dashboard_interface/share/eli_dashboard_interface/cmake/eli_dashboard_interface__rosidl_typesupport_cppExport.cmake
-- Installing: /home/robot/project/ls65_ros/ls65/elite_ros_ws/install/eli_dashboard_interface/share/eli_dashboard_interface/cmake/eli_dashboard_interface__rosidl_typesupport_cppExport-noconfig.cmake
-- Installing: /home/robot/project/ls65_ros/ls65/elite_ros_ws/install/eli_dashboard_interface/share/eli_dashboard_interface/cmake/export_eli_dashboard_interface__rosidl_generator_pyExport.cmake
-- Installing: /home/robot/project/ls65_ros/ls65/elite_ros_ws/install/eli_dashboard_interface/share/eli_dashboard_interface/cmake/export_eli_dashboard_interface__rosidl_generator_pyExport-noconfig.cmake
-- Installing: /home/robot/project/ls65_ros/ls65/elite_ros_ws/install/eli_dashboard_interface/share/eli_dashboard_interface/cmake/rosidl_cmake-extras.cmake
-- Installing: /home/robot/project/ls65_ros/ls65/elite_ros_ws/install/eli_dashboard_interface/share/eli_dashboard_interface/cmake/ament_cmake_export_include_directories-extras.cmake
-- Installing: /home/robot/project/ls65_ros/ls65/elite_ros_ws/install/eli_dashboard_interface/share/eli_dashboard_interface/cmake/ament_cmake_export_libraries-extras.cmake
-- Installing: /home/robot/project/ls65_ros/ls65/elite_ros_ws/install/eli_dashboard_interface/share/eli_dashboard_interface/cmake/ament_cmake_export_targets-extras.cmake
-- Installing: /home/robot/project/ls65_ros/ls65/elite_ros_ws/install/eli_dashboard_interface/share/eli_dashboard_interface/cmake/rosidl_cmake_export_typesupport_targets-extras.cmake
-- Installing: /home/robot/project/ls65_ros/ls65/elite_ros_ws/install/eli_dashboard_interface/share/eli_dashboard_interface/cmake/ament_cmake_export_dependencies-extras.cmake
-- Installing: /home/robot/project/ls65_ros/ls65/elite_ros_ws/install/eli_dashboard_interface/share/eli_dashboard_interface/cmake/rosidl_cmake_export_typesupport_libraries-extras.cmake
-- Installing: /home/robot/project/ls65_ros/ls65/elite_ros_ws/install/eli_dashboard_interface/share/eli_dashboard_interface/cmake/eli_dashboard_interfaceConfig.cmake
-- Installing: /home/robot/project/ls65_ros/ls65/elite_ros_ws/install/eli_dashboard_interface/share/eli_dashboard_interface/cmake/eli_dashboard_interfaceConfig-version.cmake
-- Installing: /home/robot/project/ls65_ros/ls65/elite_ros_ws/install/eli_dashboard_interface/share/eli_dashboard_interface/package.xml
