[0.012s] Invoking command in '/home/robot/project/ls65_ros/ls65/elite_ros_ws/build/eli_dashboard_interface': CMAKE_PREFIX_PATH=${CMAKE_PREFIX_PATH}:/opt/ros/humble /usr/bin/cmake --build /home/robot/project/ls65_ros/ls65/elite_ros_ws/build/eli_dashboard_interface -- -j16 -l16
[0.070s] [  1%] Built target eli_dashboard_interface__cpp
[0.073s] [ 12%] Built target eli_dashboard_interface__rosidl_generator_c
[0.076s] [ 14%] Built target eli_dashboard_interface__rs
[0.092s] [ 14%] Built target ament_cmake_python_copy_eli_dashboard_interface
[0.103s] [ 25%] Built target eli_dashboard_interface__rosidl_typesupport_cpp
[0.103s] [ 43%] Built target eli_dashboard_interface__rosidl_typesupport_introspection_c
[0.103s] [ 46%] Built target eli_dashboard_interface__rosidl_typesupport_fastrtps_cpp
[0.103s] [ 57%] Built target eli_dashboard_interface__rosidl_typesupport_c
[0.103s] [ 68%] Built target eli_dashboard_interface__rosidl_typesupport_fastrtps_c
[0.103s] [ 79%] Built target eli_dashboard_interface__rosidl_typesupport_introspection_cpp
[0.116s] [ 79%] Built target eli_dashboard_interface
[0.131s] [ 81%] Built target eli_dashboard_interface__py
[0.150s] [ 90%] Built target eli_dashboard_interface__rosidl_generator_py
[0.166s] [ 96%] Built target eli_dashboard_interface__rosidl_typesupport_fastrtps_c__pyext
[0.166s] [ 96%] Built target eli_dashboard_interface__rosidl_typesupport_introspection_c__pyext
[0.174s] [100%] Built target eli_dashboard_interface__rosidl_typesupport_c__pyext
[0.297s] running egg_info
[0.297s] writing eli_dashboard_interface.egg-info/PKG-INFO
[0.297s] writing dependency_links to eli_dashboard_interface.egg-info/dependency_links.txt
[0.297s] writing top-level names to eli_dashboard_interface.egg-info/top_level.txt
[0.299s] reading manifest file 'eli_dashboard_interface.egg-info/SOURCES.txt'
[0.299s] writing manifest file 'eli_dashboard_interface.egg-info/SOURCES.txt'
[0.321s] [100%] Built target ament_cmake_python_build_eli_dashboard_interface_egg
[0.330s] Invoked command in '/home/robot/project/ls65_ros/ls65/elite_ros_ws/build/eli_dashboard_interface' returned '0': CMAKE_PREFIX_PATH=${CMAKE_PREFIX_PATH}:/opt/ros/humble /usr/bin/cmake --build /home/robot/project/ls65_ros/ls65/elite_ros_ws/build/eli_dashboard_interface -- -j16 -l16
[0.331s] Invoking command in '/home/robot/project/ls65_ros/ls65/elite_ros_ws/build/eli_dashboard_interface': CMAKE_PREFIX_PATH=${CMAKE_PREFIX_PATH}:/opt/ros/humble /usr/bin/cmake --install /home/robot/project/ls65_ros/ls65/elite_ros_ws/build/eli_dashboard_interface
[0.340s] -- Install configuration: ""
[0.340s] -- Up-to-date: /home/robot/project/ls65_ros/ls65/elite_ros_ws/install/eli_dashboard_interface/share/ament_index/resource_index/rosidl_interfaces/eli_dashboard_interface
[0.340s] -- Up-to-date: /home/robot/project/ls65_ros/ls65/elite_ros_ws/install/eli_dashboard_interface/include/eli_dashboard_interface/eli_dashboard_interface
[0.340s] -- Up-to-date: /home/robot/project/ls65_ros/ls65/elite_ros_ws/install/eli_dashboard_interface/include/eli_dashboard_interface/eli_dashboard_interface/msg
[0.340s] -- Up-to-date: /home/robot/project/ls65_ros/ls65/elite_ros_ws/install/eli_dashboard_interface/include/eli_dashboard_interface/eli_dashboard_interface/msg/rosidl_generator_c__visibility_control.h
[0.340s] -- Up-to-date: /home/robot/project/ls65_ros/ls65/elite_ros_ws/install/eli_dashboard_interface/include/eli_dashboard_interface/eli_dashboard_interface/srv
[0.340s] -- Up-to-date: /home/robot/project/ls65_ros/ls65/elite_ros_ws/install/eli_dashboard_interface/include/eli_dashboard_interface/eli_dashboard_interface/srv/log.h
[0.340s] -- Up-to-date: /home/robot/project/ls65_ros/ls65/elite_ros_ws/install/eli_dashboard_interface/include/eli_dashboard_interface/eli_dashboard_interface/srv/detail
[0.340s] -- Up-to-date: /home/robot/project/ls65_ros/ls65/elite_ros_ws/install/eli_dashboard_interface/include/eli_dashboard_interface/eli_dashboard_interface/srv/detail/log__struct.h
[0.340s] -- Up-to-date: /home/robot/project/ls65_ros/ls65/elite_ros_ws/install/eli_dashboard_interface/include/eli_dashboard_interface/eli_dashboard_interface/srv/detail/custom_request__functions.c
[0.341s] -- Up-to-date: /home/robot/project/ls65_ros/ls65/elite_ros_ws/install/eli_dashboard_interface/include/eli_dashboard_interface/eli_dashboard_interface/srv/detail/log__functions.h
[0.341s] -- Up-to-date: /home/robot/project/ls65_ros/ls65/elite_ros_ws/install/eli_dashboard_interface/include/eli_dashboard_interface/eli_dashboard_interface/srv/detail/load__type_support.h
[0.341s] -- Up-to-date: /home/robot/project/ls65_ros/ls65/elite_ros_ws/install/eli_dashboard_interface/include/eli_dashboard_interface/eli_dashboard_interface/srv/detail/popup__type_support.h
[0.341s] -- Up-to-date: /home/robot/project/ls65_ros/ls65/elite_ros_ws/install/eli_dashboard_interface/include/eli_dashboard_interface/eli_dashboard_interface/srv/detail/popup__functions.c
[0.341s] -- Up-to-date: /home/robot/project/ls65_ros/ls65/elite_ros_ws/install/eli_dashboard_interface/include/eli_dashboard_interface/eli_dashboard_interface/srv/detail/log__type_support.h
[0.341s] -- Up-to-date: /home/robot/project/ls65_ros/ls65/elite_ros_ws/install/eli_dashboard_interface/include/eli_dashboard_interface/eli_dashboard_interface/srv/detail/is_saved__functions.h
[0.341s] -- Up-to-date: /home/robot/project/ls65_ros/ls65/elite_ros_ws/install/eli_dashboard_interface/include/eli_dashboard_interface/eli_dashboard_interface/srv/detail/load__struct.h
[0.341s] -- Up-to-date: /home/robot/project/ls65_ros/ls65/elite_ros_ws/install/eli_dashboard_interface/include/eli_dashboard_interface/eli_dashboard_interface/srv/detail/load__functions.c
[0.341s] -- Up-to-date: /home/robot/project/ls65_ros/ls65/elite_ros_ws/install/eli_dashboard_interface/include/eli_dashboard_interface/eli_dashboard_interface/srv/detail/is_saved__struct.h
[0.341s] -- Up-to-date: /home/robot/project/ls65_ros/ls65/elite_ros_ws/install/eli_dashboard_interface/include/eli_dashboard_interface/eli_dashboard_interface/srv/detail/custom_request__type_support.h
[0.341s] -- Up-to-date: /home/robot/project/ls65_ros/ls65/elite_ros_ws/install/eli_dashboard_interface/include/eli_dashboard_interface/eli_dashboard_interface/srv/detail/log__functions.c
[0.341s] -- Up-to-date: /home/robot/project/ls65_ros/ls65/elite_ros_ws/install/eli_dashboard_interface/include/eli_dashboard_interface/eli_dashboard_interface/srv/detail/is_saved__functions.c
[0.341s] -- Up-to-date: /home/robot/project/ls65_ros/ls65/elite_ros_ws/install/eli_dashboard_interface/include/eli_dashboard_interface/eli_dashboard_interface/srv/detail/is_saved__type_support.h
[0.341s] -- Up-to-date: /home/robot/project/ls65_ros/ls65/elite_ros_ws/install/eli_dashboard_interface/include/eli_dashboard_interface/eli_dashboard_interface/srv/detail/load__functions.h
[0.341s] -- Up-to-date: /home/robot/project/ls65_ros/ls65/elite_ros_ws/install/eli_dashboard_interface/include/eli_dashboard_interface/eli_dashboard_interface/srv/detail/custom_request__functions.h
[0.341s] -- Up-to-date: /home/robot/project/ls65_ros/ls65/elite_ros_ws/install/eli_dashboard_interface/include/eli_dashboard_interface/eli_dashboard_interface/srv/detail/popup__functions.h
[0.341s] -- Up-to-date: /home/robot/project/ls65_ros/ls65/elite_ros_ws/install/eli_dashboard_interface/include/eli_dashboard_interface/eli_dashboard_interface/srv/detail/custom_request__struct.h
[0.341s] -- Up-to-date: /home/robot/project/ls65_ros/ls65/elite_ros_ws/install/eli_dashboard_interface/include/eli_dashboard_interface/eli_dashboard_interface/srv/detail/popup__struct.h
[0.341s] -- Up-to-date: /home/robot/project/ls65_ros/ls65/elite_ros_ws/install/eli_dashboard_interface/include/eli_dashboard_interface/eli_dashboard_interface/srv/custom_request.h
[0.341s] -- Up-to-date: /home/robot/project/ls65_ros/ls65/elite_ros_ws/install/eli_dashboard_interface/include/eli_dashboard_interface/eli_dashboard_interface/srv/is_saved.h
[0.341s] -- Up-to-date: /home/robot/project/ls65_ros/ls65/elite_ros_ws/install/eli_dashboard_interface/include/eli_dashboard_interface/eli_dashboard_interface/srv/load.h
[0.341s] -- Up-to-date: /home/robot/project/ls65_ros/ls65/elite_ros_ws/install/eli_dashboard_interface/include/eli_dashboard_interface/eli_dashboard_interface/srv/popup.h
[0.341s] -- Up-to-date: /home/robot/project/ls65_ros/ls65/elite_ros_ws/install/eli_dashboard_interface/share/eli_dashboard_interface/environment/library_path.sh
[0.341s] -- Up-to-date: /home/robot/project/ls65_ros/ls65/elite_ros_ws/install/eli_dashboard_interface/share/eli_dashboard_interface/environment/library_path.dsv
[0.341s] -- Up-to-date: /home/robot/project/ls65_ros/ls65/elite_ros_ws/install/eli_dashboard_interface/lib/libeli_dashboard_interface__rosidl_generator_c.so
[0.342s] -- Up-to-date: /home/robot/project/ls65_ros/ls65/elite_ros_ws/install/eli_dashboard_interface/include/eli_dashboard_interface/eli_dashboard_interface
[0.342s] -- Up-to-date: /home/robot/project/ls65_ros/ls65/elite_ros_ws/install/eli_dashboard_interface/include/eli_dashboard_interface/eli_dashboard_interface/msg
[0.342s] -- Up-to-date: /home/robot/project/ls65_ros/ls65/elite_ros_ws/install/eli_dashboard_interface/include/eli_dashboard_interface/eli_dashboard_interface/msg/rosidl_typesupport_fastrtps_c__visibility_control.h
[0.342s] -- Up-to-date: /home/robot/project/ls65_ros/ls65/elite_ros_ws/install/eli_dashboard_interface/include/eli_dashboard_interface/eli_dashboard_interface/srv
[0.342s] -- Up-to-date: /home/robot/project/ls65_ros/ls65/elite_ros_ws/install/eli_dashboard_interface/include/eli_dashboard_interface/eli_dashboard_interface/srv/detail
[0.342s] -- Up-to-date: /home/robot/project/ls65_ros/ls65/elite_ros_ws/install/eli_dashboard_interface/include/eli_dashboard_interface/eli_dashboard_interface/srv/detail/popup__rosidl_typesupport_fastrtps_c.h
[0.342s] -- Up-to-date: /home/robot/project/ls65_ros/ls65/elite_ros_ws/install/eli_dashboard_interface/include/eli_dashboard_interface/eli_dashboard_interface/srv/detail/is_saved__rosidl_typesupport_fastrtps_c.h
[0.343s] -- Up-to-date: /home/robot/project/ls65_ros/ls65/elite_ros_ws/install/eli_dashboard_interface/include/eli_dashboard_interface/eli_dashboard_interface/srv/detail/custom_request__rosidl_typesupport_fastrtps_c.h
[0.343s] -- Up-to-date: /home/robot/project/ls65_ros/ls65/elite_ros_ws/install/eli_dashboard_interface/include/eli_dashboard_interface/eli_dashboard_interface/srv/detail/log__rosidl_typesupport_fastrtps_c.h
[0.343s] -- Up-to-date: /home/robot/project/ls65_ros/ls65/elite_ros_ws/install/eli_dashboard_interface/include/eli_dashboard_interface/eli_dashboard_interface/srv/detail/load__rosidl_typesupport_fastrtps_c.h
[0.343s] -- Up-to-date: /home/robot/project/ls65_ros/ls65/elite_ros_ws/install/eli_dashboard_interface/lib/libeli_dashboard_interface__rosidl_typesupport_fastrtps_c.so
[0.343s] -- Up-to-date: /home/robot/project/ls65_ros/ls65/elite_ros_ws/install/eli_dashboard_interface/include/eli_dashboard_interface/eli_dashboard_interface
[0.343s] -- Up-to-date: /home/robot/project/ls65_ros/ls65/elite_ros_ws/install/eli_dashboard_interface/include/eli_dashboard_interface/eli_dashboard_interface/msg
[0.343s] -- Up-to-date: /home/robot/project/ls65_ros/ls65/elite_ros_ws/install/eli_dashboard_interface/include/eli_dashboard_interface/eli_dashboard_interface/msg/rosidl_typesupport_introspection_c__visibility_control.h
[0.343s] -- Up-to-date: /home/robot/project/ls65_ros/ls65/elite_ros_ws/install/eli_dashboard_interface/include/eli_dashboard_interface/eli_dashboard_interface/srv
[0.343s] -- Up-to-date: /home/robot/project/ls65_ros/ls65/elite_ros_ws/install/eli_dashboard_interface/include/eli_dashboard_interface/eli_dashboard_interface/srv/detail
[0.343s] -- Up-to-date: /home/robot/project/ls65_ros/ls65/elite_ros_ws/install/eli_dashboard_interface/include/eli_dashboard_interface/eli_dashboard_interface/srv/detail/custom_request__type_support.c
[0.344s] -- Up-to-date: /home/robot/project/ls65_ros/ls65/elite_ros_ws/install/eli_dashboard_interface/include/eli_dashboard_interface/eli_dashboard_interface/srv/detail/load__type_support.c
[0.344s] -- Up-to-date: /home/robot/project/ls65_ros/ls65/elite_ros_ws/install/eli_dashboard_interface/include/eli_dashboard_interface/eli_dashboard_interface/srv/detail/is_saved__type_support.c
[0.344s] -- Up-to-date: /home/robot/project/ls65_ros/ls65/elite_ros_ws/install/eli_dashboard_interface/include/eli_dashboard_interface/eli_dashboard_interface/srv/detail/log__type_support.c
[0.344s] -- Up-to-date: /home/robot/project/ls65_ros/ls65/elite_ros_ws/install/eli_dashboard_interface/include/eli_dashboard_interface/eli_dashboard_interface/srv/detail/popup__type_support.c
[0.344s] -- Up-to-date: /home/robot/project/ls65_ros/ls65/elite_ros_ws/install/eli_dashboard_interface/include/eli_dashboard_interface/eli_dashboard_interface/srv/detail/custom_request__rosidl_typesupport_introspection_c.h
[0.344s] -- Up-to-date: /home/robot/project/ls65_ros/ls65/elite_ros_ws/install/eli_dashboard_interface/include/eli_dashboard_interface/eli_dashboard_interface/srv/detail/is_saved__rosidl_typesupport_introspection_c.h
[0.344s] -- Up-to-date: /home/robot/project/ls65_ros/ls65/elite_ros_ws/install/eli_dashboard_interface/include/eli_dashboard_interface/eli_dashboard_interface/srv/detail/popup__rosidl_typesupport_introspection_c.h
[0.344s] -- Up-to-date: /home/robot/project/ls65_ros/ls65/elite_ros_ws/install/eli_dashboard_interface/include/eli_dashboard_interface/eli_dashboard_interface/srv/detail/load__rosidl_typesupport_introspection_c.h
[0.344s] -- Up-to-date: /home/robot/project/ls65_ros/ls65/elite_ros_ws/install/eli_dashboard_interface/include/eli_dashboard_interface/eli_dashboard_interface/srv/detail/log__rosidl_typesupport_introspection_c.h
[0.344s] -- Up-to-date: /home/robot/project/ls65_ros/ls65/elite_ros_ws/install/eli_dashboard_interface/lib/libeli_dashboard_interface__rosidl_typesupport_introspection_c.so
[0.345s] -- Up-to-date: /home/robot/project/ls65_ros/ls65/elite_ros_ws/install/eli_dashboard_interface/lib/libeli_dashboard_interface__rosidl_typesupport_c.so
[0.345s] -- Up-to-date: /home/robot/project/ls65_ros/ls65/elite_ros_ws/install/eli_dashboard_interface/include/eli_dashboard_interface/eli_dashboard_interface
[0.345s] -- Up-to-date: /home/robot/project/ls65_ros/ls65/elite_ros_ws/install/eli_dashboard_interface/include/eli_dashboard_interface/eli_dashboard_interface/msg
[0.345s] -- Up-to-date: /home/robot/project/ls65_ros/ls65/elite_ros_ws/install/eli_dashboard_interface/include/eli_dashboard_interface/eli_dashboard_interface/msg/rosidl_generator_cpp__visibility_control.hpp
[0.345s] -- Up-to-date: /home/robot/project/ls65_ros/ls65/elite_ros_ws/install/eli_dashboard_interface/include/eli_dashboard_interface/eli_dashboard_interface/srv
[0.345s] -- Up-to-date: /home/robot/project/ls65_ros/ls65/elite_ros_ws/install/eli_dashboard_interface/include/eli_dashboard_interface/eli_dashboard_interface/srv/detail
[0.345s] -- Up-to-date: /home/robot/project/ls65_ros/ls65/elite_ros_ws/install/eli_dashboard_interface/include/eli_dashboard_interface/eli_dashboard_interface/srv/detail/is_saved__type_support.hpp
[0.346s] -- Up-to-date: /home/robot/project/ls65_ros/ls65/elite_ros_ws/install/eli_dashboard_interface/include/eli_dashboard_interface/eli_dashboard_interface/srv/detail/custom_request__traits.hpp
[0.346s] -- Up-to-date: /home/robot/project/ls65_ros/ls65/elite_ros_ws/install/eli_dashboard_interface/include/eli_dashboard_interface/eli_dashboard_interface/srv/detail/custom_request__builder.hpp
[0.346s] -- Up-to-date: /home/robot/project/ls65_ros/ls65/elite_ros_ws/install/eli_dashboard_interface/include/eli_dashboard_interface/eli_dashboard_interface/srv/detail/log__builder.hpp
[0.346s] -- Up-to-date: /home/robot/project/ls65_ros/ls65/elite_ros_ws/install/eli_dashboard_interface/include/eli_dashboard_interface/eli_dashboard_interface/srv/detail/popup__struct.hpp
[0.346s] -- Up-to-date: /home/robot/project/ls65_ros/ls65/elite_ros_ws/install/eli_dashboard_interface/include/eli_dashboard_interface/eli_dashboard_interface/srv/detail/log__type_support.hpp
[0.346s] -- Up-to-date: /home/robot/project/ls65_ros/ls65/elite_ros_ws/install/eli_dashboard_interface/include/eli_dashboard_interface/eli_dashboard_interface/srv/detail/load__struct.hpp
[0.346s] -- Up-to-date: /home/robot/project/ls65_ros/ls65/elite_ros_ws/install/eli_dashboard_interface/include/eli_dashboard_interface/eli_dashboard_interface/srv/detail/popup__builder.hpp
[0.346s] -- Up-to-date: /home/robot/project/ls65_ros/ls65/elite_ros_ws/install/eli_dashboard_interface/include/eli_dashboard_interface/eli_dashboard_interface/srv/detail/log__traits.hpp
[0.347s] -- Up-to-date: /home/robot/project/ls65_ros/ls65/elite_ros_ws/install/eli_dashboard_interface/include/eli_dashboard_interface/eli_dashboard_interface/srv/detail/is_saved__traits.hpp
[0.347s] -- Up-to-date: /home/robot/project/ls65_ros/ls65/elite_ros_ws/install/eli_dashboard_interface/include/eli_dashboard_interface/eli_dashboard_interface/srv/detail/popup__type_support.hpp
[0.347s] -- Up-to-date: /home/robot/project/ls65_ros/ls65/elite_ros_ws/install/eli_dashboard_interface/include/eli_dashboard_interface/eli_dashboard_interface/srv/detail/is_saved__builder.hpp
[0.347s] -- Up-to-date: /home/robot/project/ls65_ros/ls65/elite_ros_ws/install/eli_dashboard_interface/include/eli_dashboard_interface/eli_dashboard_interface/srv/detail/load__traits.hpp
[0.347s] -- Up-to-date: /home/robot/project/ls65_ros/ls65/elite_ros_ws/install/eli_dashboard_interface/include/eli_dashboard_interface/eli_dashboard_interface/srv/detail/load__builder.hpp
[0.347s] -- Up-to-date: /home/robot/project/ls65_ros/ls65/elite_ros_ws/install/eli_dashboard_interface/include/eli_dashboard_interface/eli_dashboard_interface/srv/detail/is_saved__struct.hpp
[0.347s] -- Up-to-date: /home/robot/project/ls65_ros/ls65/elite_ros_ws/install/eli_dashboard_interface/include/eli_dashboard_interface/eli_dashboard_interface/srv/detail/log__struct.hpp
[0.347s] -- Up-to-date: /home/robot/project/ls65_ros/ls65/elite_ros_ws/install/eli_dashboard_interface/include/eli_dashboard_interface/eli_dashboard_interface/srv/detail/popup__traits.hpp
[0.347s] -- Up-to-date: /home/robot/project/ls65_ros/ls65/elite_ros_ws/install/eli_dashboard_interface/include/eli_dashboard_interface/eli_dashboard_interface/srv/detail/custom_request__struct.hpp
[0.347s] -- Up-to-date: /home/robot/project/ls65_ros/ls65/elite_ros_ws/install/eli_dashboard_interface/include/eli_dashboard_interface/eli_dashboard_interface/srv/detail/load__type_support.hpp
[0.347s] -- Up-to-date: /home/robot/project/ls65_ros/ls65/elite_ros_ws/install/eli_dashboard_interface/include/eli_dashboard_interface/eli_dashboard_interface/srv/detail/custom_request__type_support.hpp
[0.347s] -- Up-to-date: /home/robot/project/ls65_ros/ls65/elite_ros_ws/install/eli_dashboard_interface/include/eli_dashboard_interface/eli_dashboard_interface/srv/log.hpp
[0.348s] -- Up-to-date: /home/robot/project/ls65_ros/ls65/elite_ros_ws/install/eli_dashboard_interface/include/eli_dashboard_interface/eli_dashboard_interface/srv/is_saved.hpp
[0.348s] -- Up-to-date: /home/robot/project/ls65_ros/ls65/elite_ros_ws/install/eli_dashboard_interface/include/eli_dashboard_interface/eli_dashboard_interface/srv/custom_request.hpp
[0.348s] -- Up-to-date: /home/robot/project/ls65_ros/ls65/elite_ros_ws/install/eli_dashboard_interface/include/eli_dashboard_interface/eli_dashboard_interface/srv/load.hpp
[0.348s] -- Up-to-date: /home/robot/project/ls65_ros/ls65/elite_ros_ws/install/eli_dashboard_interface/include/eli_dashboard_interface/eli_dashboard_interface/srv/popup.hpp
[0.348s] -- Up-to-date: /home/robot/project/ls65_ros/ls65/elite_ros_ws/install/eli_dashboard_interface/include/eli_dashboard_interface/eli_dashboard_interface
[0.348s] -- Up-to-date: /home/robot/project/ls65_ros/ls65/elite_ros_ws/install/eli_dashboard_interface/include/eli_dashboard_interface/eli_dashboard_interface/msg
[0.348s] -- Up-to-date: /home/robot/project/ls65_ros/ls65/elite_ros_ws/install/eli_dashboard_interface/include/eli_dashboard_interface/eli_dashboard_interface/msg/rosidl_typesupport_fastrtps_cpp__visibility_control.h
[0.349s] -- Up-to-date: /home/robot/project/ls65_ros/ls65/elite_ros_ws/install/eli_dashboard_interface/include/eli_dashboard_interface/eli_dashboard_interface/srv
[0.349s] -- Up-to-date: /home/robot/project/ls65_ros/ls65/elite_ros_ws/install/eli_dashboard_interface/include/eli_dashboard_interface/eli_dashboard_interface/srv/detail
[0.349s] -- Up-to-date: /home/robot/project/ls65_ros/ls65/elite_ros_ws/install/eli_dashboard_interface/include/eli_dashboard_interface/eli_dashboard_interface/srv/detail/dds_fastrtps
[0.350s] -- Up-to-date: /home/robot/project/ls65_ros/ls65/elite_ros_ws/install/eli_dashboard_interface/include/eli_dashboard_interface/eli_dashboard_interface/srv/detail/log__rosidl_typesupport_fastrtps_cpp.hpp
[0.350s] -- Up-to-date: /home/robot/project/ls65_ros/ls65/elite_ros_ws/install/eli_dashboard_interface/include/eli_dashboard_interface/eli_dashboard_interface/srv/detail/load__rosidl_typesupport_fastrtps_cpp.hpp
[0.350s] -- Up-to-date: /home/robot/project/ls65_ros/ls65/elite_ros_ws/install/eli_dashboard_interface/include/eli_dashboard_interface/eli_dashboard_interface/srv/detail/is_saved__rosidl_typesupport_fastrtps_cpp.hpp
[0.350s] -- Up-to-date: /home/robot/project/ls65_ros/ls65/elite_ros_ws/install/eli_dashboard_interface/include/eli_dashboard_interface/eli_dashboard_interface/srv/detail/popup__rosidl_typesupport_fastrtps_cpp.hpp
[0.350s] -- Up-to-date: /home/robot/project/ls65_ros/ls65/elite_ros_ws/install/eli_dashboard_interface/include/eli_dashboard_interface/eli_dashboard_interface/srv/detail/custom_request__rosidl_typesupport_fastrtps_cpp.hpp
[0.354s] -- Up-to-date: /home/robot/project/ls65_ros/ls65/elite_ros_ws/install/eli_dashboard_interface/lib/libeli_dashboard_interface__rosidl_typesupport_fastrtps_cpp.so
[0.355s] -- Up-to-date: /home/robot/project/ls65_ros/ls65/elite_ros_ws/install/eli_dashboard_interface/include/eli_dashboard_interface/eli_dashboard_interface
[0.355s] -- Up-to-date: /home/robot/project/ls65_ros/ls65/elite_ros_ws/install/eli_dashboard_interface/include/eli_dashboard_interface/eli_dashboard_interface/srv
[0.356s] -- Up-to-date: /home/robot/project/ls65_ros/ls65/elite_ros_ws/install/eli_dashboard_interface/include/eli_dashboard_interface/eli_dashboard_interface/srv/detail
[0.356s] -- Up-to-date: /home/robot/project/ls65_ros/ls65/elite_ros_ws/install/eli_dashboard_interface/include/eli_dashboard_interface/eli_dashboard_interface/srv/detail/log__rosidl_typesupport_introspection_cpp.hpp
[0.357s] -- Up-to-date: /home/robot/project/ls65_ros/ls65/elite_ros_ws/install/eli_dashboard_interface/include/eli_dashboard_interface/eli_dashboard_interface/srv/detail/custom_request__type_support.cpp
[0.357s] -- Up-to-date: /home/robot/project/ls65_ros/ls65/elite_ros_ws/install/eli_dashboard_interface/include/eli_dashboard_interface/eli_dashboard_interface/srv/detail/load__rosidl_typesupport_introspection_cpp.hpp
[0.357s] -- Up-to-date: /home/robot/project/ls65_ros/ls65/elite_ros_ws/install/eli_dashboard_interface/include/eli_dashboard_interface/eli_dashboard_interface/srv/detail/custom_request__rosidl_typesupport_introspection_cpp.hpp
[0.358s] -- Up-to-date: /home/robot/project/ls65_ros/ls65/elite_ros_ws/install/eli_dashboard_interface/include/eli_dashboard_interface/eli_dashboard_interface/srv/detail/load__type_support.cpp
[0.358s] -- Up-to-date: /home/robot/project/ls65_ros/ls65/elite_ros_ws/install/eli_dashboard_interface/include/eli_dashboard_interface/eli_dashboard_interface/srv/detail/is_saved__rosidl_typesupport_introspection_cpp.hpp
[0.358s] -- Up-to-date: /home/robot/project/ls65_ros/ls65/elite_ros_ws/install/eli_dashboard_interface/include/eli_dashboard_interface/eli_dashboard_interface/srv/detail/popup__type_support.cpp
[0.358s] -- Up-to-date: /home/robot/project/ls65_ros/ls65/elite_ros_ws/install/eli_dashboard_interface/include/eli_dashboard_interface/eli_dashboard_interface/srv/detail/log__type_support.cpp
[0.358s] -- Up-to-date: /home/robot/project/ls65_ros/ls65/elite_ros_ws/install/eli_dashboard_interface/include/eli_dashboard_interface/eli_dashboard_interface/srv/detail/popup__rosidl_typesupport_introspection_cpp.hpp
[0.358s] -- Up-to-date: /home/robot/project/ls65_ros/ls65/elite_ros_ws/install/eli_dashboard_interface/include/eli_dashboard_interface/eli_dashboard_interface/srv/detail/is_saved__type_support.cpp
[0.362s] -- Up-to-date: /home/robot/project/ls65_ros/ls65/elite_ros_ws/install/eli_dashboard_interface/lib/libeli_dashboard_interface__rosidl_typesupport_introspection_cpp.so
[0.363s] -- Up-to-date: /home/robot/project/ls65_ros/ls65/elite_ros_ws/install/eli_dashboard_interface/lib/libeli_dashboard_interface__rosidl_typesupport_cpp.so
[0.363s] -- Up-to-date: /home/robot/project/ls65_ros/ls65/elite_ros_ws/install/eli_dashboard_interface/share/eli_dashboard_interface/environment/pythonpath.sh
[0.364s] -- Up-to-date: /home/robot/project/ls65_ros/ls65/elite_ros_ws/install/eli_dashboard_interface/share/eli_dashboard_interface/environment/pythonpath.dsv
[0.364s] -- Up-to-date: /home/robot/project/ls65_ros/ls65/elite_ros_ws/install/eli_dashboard_interface/local/lib/python3.10/dist-packages/eli_dashboard_interface-0.0.1-py3.10.egg-info
[0.364s] -- Installing: /home/robot/project/ls65_ros/ls65/elite_ros_ws/install/eli_dashboard_interface/local/lib/python3.10/dist-packages/eli_dashboard_interface-0.0.1-py3.10.egg-info/dependency_links.txt
[0.364s] -- Installing: /home/robot/project/ls65_ros/ls65/elite_ros_ws/install/eli_dashboard_interface/local/lib/python3.10/dist-packages/eli_dashboard_interface-0.0.1-py3.10.egg-info/top_level.txt
[0.364s] -- Installing: /home/robot/project/ls65_ros/ls65/elite_ros_ws/install/eli_dashboard_interface/local/lib/python3.10/dist-packages/eli_dashboard_interface-0.0.1-py3.10.egg-info/SOURCES.txt
[0.364s] -- Installing: /home/robot/project/ls65_ros/ls65/elite_ros_ws/install/eli_dashboard_interface/local/lib/python3.10/dist-packages/eli_dashboard_interface-0.0.1-py3.10.egg-info/PKG-INFO
[0.364s] -- Up-to-date: /home/robot/project/ls65_ros/ls65/elite_ros_ws/install/eli_dashboard_interface/local/lib/python3.10/dist-packages/eli_dashboard_interface
[0.364s] -- Up-to-date: /home/robot/project/ls65_ros/ls65/elite_ros_ws/install/eli_dashboard_interface/local/lib/python3.10/dist-packages/eli_dashboard_interface/libeli_dashboard_interface__rosidl_generator_py.so
[0.364s] -- Up-to-date: /home/robot/project/ls65_ros/ls65/elite_ros_ws/install/eli_dashboard_interface/local/lib/python3.10/dist-packages/eli_dashboard_interface/_eli_dashboard_interface_s.ep.rosidl_typesupport_c.c
[0.364s] -- Up-to-date: /home/robot/project/ls65_ros/ls65/elite_ros_ws/install/eli_dashboard_interface/local/lib/python3.10/dist-packages/eli_dashboard_interface/__init__.py
[0.364s] -- Up-to-date: /home/robot/project/ls65_ros/ls65/elite_ros_ws/install/eli_dashboard_interface/local/lib/python3.10/dist-packages/eli_dashboard_interface/eli_dashboard_interface_s__rosidl_typesupport_introspection_c.cpython-310-x86_64-linux-gnu.so
[0.364s] -- Up-to-date: /home/robot/project/ls65_ros/ls65/elite_ros_ws/install/eli_dashboard_interface/local/lib/python3.10/dist-packages/eli_dashboard_interface/_eli_dashboard_interface_s.ep.rosidl_typesupport_introspection_c.c
[0.364s] -- Up-to-date: /home/robot/project/ls65_ros/ls65/elite_ros_ws/install/eli_dashboard_interface/local/lib/python3.10/dist-packages/eli_dashboard_interface/eli_dashboard_interface_s__rosidl_typesupport_fastrtps_c.cpython-310-x86_64-linux-gnu.so
[0.364s] -- Up-to-date: /home/robot/project/ls65_ros/ls65/elite_ros_ws/install/eli_dashboard_interface/local/lib/python3.10/dist-packages/eli_dashboard_interface/eli_dashboard_interface_s__rosidl_typesupport_c.cpython-310-x86_64-linux-gnu.so
[0.364s] -- Up-to-date: /home/robot/project/ls65_ros/ls65/elite_ros_ws/install/eli_dashboard_interface/local/lib/python3.10/dist-packages/eli_dashboard_interface/srv
[0.364s] -- Up-to-date: /home/robot/project/ls65_ros/ls65/elite_ros_ws/install/eli_dashboard_interface/local/lib/python3.10/dist-packages/eli_dashboard_interface/srv/_is_saved.py
[0.364s] -- Up-to-date: /home/robot/project/ls65_ros/ls65/elite_ros_ws/install/eli_dashboard_interface/local/lib/python3.10/dist-packages/eli_dashboard_interface/srv/__init__.py
[0.364s] -- Up-to-date: /home/robot/project/ls65_ros/ls65/elite_ros_ws/install/eli_dashboard_interface/local/lib/python3.10/dist-packages/eli_dashboard_interface/srv/_popup_s.c
[0.364s] -- Up-to-date: /home/robot/project/ls65_ros/ls65/elite_ros_ws/install/eli_dashboard_interface/local/lib/python3.10/dist-packages/eli_dashboard_interface/srv/_is_saved_s.c
[0.364s] -- Up-to-date: /home/robot/project/ls65_ros/ls65/elite_ros_ws/install/eli_dashboard_interface/local/lib/python3.10/dist-packages/eli_dashboard_interface/srv/_load_s.c
[0.364s] -- Up-to-date: /home/robot/project/ls65_ros/ls65/elite_ros_ws/install/eli_dashboard_interface/local/lib/python3.10/dist-packages/eli_dashboard_interface/srv/_custom_request.py
[0.365s] -- Up-to-date: /home/robot/project/ls65_ros/ls65/elite_ros_ws/install/eli_dashboard_interface/local/lib/python3.10/dist-packages/eli_dashboard_interface/srv/_custom_request_s.c
[0.365s] -- Up-to-date: /home/robot/project/ls65_ros/ls65/elite_ros_ws/install/eli_dashboard_interface/local/lib/python3.10/dist-packages/eli_dashboard_interface/srv/_log_s.c
[0.365s] -- Up-to-date: /home/robot/project/ls65_ros/ls65/elite_ros_ws/install/eli_dashboard_interface/local/lib/python3.10/dist-packages/eli_dashboard_interface/srv/_log.py
[0.365s] -- Up-to-date: /home/robot/project/ls65_ros/ls65/elite_ros_ws/install/eli_dashboard_interface/local/lib/python3.10/dist-packages/eli_dashboard_interface/srv/_load.py
[0.365s] -- Up-to-date: /home/robot/project/ls65_ros/ls65/elite_ros_ws/install/eli_dashboard_interface/local/lib/python3.10/dist-packages/eli_dashboard_interface/srv/_popup.py
[0.365s] -- Up-to-date: /home/robot/project/ls65_ros/ls65/elite_ros_ws/install/eli_dashboard_interface/local/lib/python3.10/dist-packages/eli_dashboard_interface/_eli_dashboard_interface_s.ep.rosidl_typesupport_fastrtps_c.c
[0.376s] Listing '/home/robot/project/ls65_ros/ls65/elite_ros_ws/install/eli_dashboard_interface/local/lib/python3.10/dist-packages/eli_dashboard_interface'...
[0.376s] Listing '/home/robot/project/ls65_ros/ls65/elite_ros_ws/install/eli_dashboard_interface/local/lib/python3.10/dist-packages/eli_dashboard_interface/srv'...
[0.381s] -- Up-to-date: /home/robot/project/ls65_ros/ls65/elite_ros_ws/install/eli_dashboard_interface/local/lib/python3.10/dist-packages/eli_dashboard_interface/eli_dashboard_interface_s__rosidl_typesupport_fastrtps_c.cpython-310-x86_64-linux-gnu.so
[0.382s] -- Up-to-date: /home/robot/project/ls65_ros/ls65/elite_ros_ws/install/eli_dashboard_interface/local/lib/python3.10/dist-packages/eli_dashboard_interface/eli_dashboard_interface_s__rosidl_typesupport_introspection_c.cpython-310-x86_64-linux-gnu.so
[0.383s] -- Up-to-date: /home/robot/project/ls65_ros/ls65/elite_ros_ws/install/eli_dashboard_interface/local/lib/python3.10/dist-packages/eli_dashboard_interface/eli_dashboard_interface_s__rosidl_typesupport_c.cpython-310-x86_64-linux-gnu.so
[0.384s] -- Up-to-date: /home/robot/project/ls65_ros/ls65/elite_ros_ws/install/eli_dashboard_interface/lib/libeli_dashboard_interface__rosidl_generator_py.so
[0.384s] -- Up-to-date: /home/robot/project/ls65_ros/ls65/elite_ros_ws/install/eli_dashboard_interface/share/ament_index/resource_index/rust_packages/eli_dashboard_interface
[0.384s] -- Up-to-date: /home/robot/project/ls65_ros/ls65/elite_ros_ws/install/eli_dashboard_interface/share/eli_dashboard_interface/rust
[0.384s] -- Up-to-date: /home/robot/project/ls65_ros/ls65/elite_ros_ws/install/eli_dashboard_interface/share/eli_dashboard_interface/rust/src
[0.384s] -- Up-to-date: /home/robot/project/ls65_ros/ls65/elite_ros_ws/install/eli_dashboard_interface/share/eli_dashboard_interface/rust/src/srv.rs
[0.384s] -- Up-to-date: /home/robot/project/ls65_ros/ls65/elite_ros_ws/install/eli_dashboard_interface/share/eli_dashboard_interface/rust/src/lib.rs
[0.384s] -- Up-to-date: /home/robot/project/ls65_ros/ls65/elite_ros_ws/install/eli_dashboard_interface/share/eli_dashboard_interface/rust/src/srv
[0.384s] -- Up-to-date: /home/robot/project/ls65_ros/ls65/elite_ros_ws/install/eli_dashboard_interface/share/eli_dashboard_interface/rust/src/srv/rmw.rs
[0.384s] -- Up-to-date: /home/robot/project/ls65_ros/ls65/elite_ros_ws/install/eli_dashboard_interface/share/eli_dashboard_interface/rust/build.rs
[0.385s] -- Up-to-date: /home/robot/project/ls65_ros/ls65/elite_ros_ws/install/eli_dashboard_interface/share/eli_dashboard_interface/rust/Cargo.toml
[0.385s] -- Up-to-date: /home/robot/project/ls65_ros/ls65/elite_ros_ws/install/eli_dashboard_interface/share/eli_dashboard_interface/srv/Load.idl
[0.385s] -- Up-to-date: /home/robot/project/ls65_ros/ls65/elite_ros_ws/install/eli_dashboard_interface/share/eli_dashboard_interface/srv/Popup.idl
[0.385s] -- Up-to-date: /home/robot/project/ls65_ros/ls65/elite_ros_ws/install/eli_dashboard_interface/share/eli_dashboard_interface/srv/Log.idl
[0.385s] -- Up-to-date: /home/robot/project/ls65_ros/ls65/elite_ros_ws/install/eli_dashboard_interface/share/eli_dashboard_interface/srv/IsSaved.idl
[0.385s] -- Up-to-date: /home/robot/project/ls65_ros/ls65/elite_ros_ws/install/eli_dashboard_interface/share/eli_dashboard_interface/srv/CustomRequest.idl
[0.385s] -- Up-to-date: /home/robot/project/ls65_ros/ls65/elite_ros_ws/install/eli_dashboard_interface/share/eli_dashboard_interface/srv/Load.srv
[0.385s] -- Up-to-date: /home/robot/project/ls65_ros/ls65/elite_ros_ws/install/eli_dashboard_interface/share/eli_dashboard_interface/srv/Load_Request.msg
[0.385s] -- Up-to-date: /home/robot/project/ls65_ros/ls65/elite_ros_ws/install/eli_dashboard_interface/share/eli_dashboard_interface/srv/Load_Response.msg
[0.385s] -- Up-to-date: /home/robot/project/ls65_ros/ls65/elite_ros_ws/install/eli_dashboard_interface/share/eli_dashboard_interface/srv/Popup.srv
[0.385s] -- Up-to-date: /home/robot/project/ls65_ros/ls65/elite_ros_ws/install/eli_dashboard_interface/share/eli_dashboard_interface/srv/Popup_Request.msg
[0.386s] -- Up-to-date: /home/robot/project/ls65_ros/ls65/elite_ros_ws/install/eli_dashboard_interface/share/eli_dashboard_interface/srv/Popup_Response.msg
[0.388s] -- Up-to-date: /home/robot/project/ls65_ros/ls65/elite_ros_ws/install/eli_dashboard_interface/share/eli_dashboard_interface/srv/Log.srv
[0.388s] -- Up-to-date: /home/robot/project/ls65_ros/ls65/elite_ros_ws/install/eli_dashboard_interface/share/eli_dashboard_interface/srv/Log_Request.msg
[0.388s] -- Up-to-date: /home/robot/project/ls65_ros/ls65/elite_ros_ws/install/eli_dashboard_interface/share/eli_dashboard_interface/srv/Log_Response.msg
[0.388s] -- Up-to-date: /home/robot/project/ls65_ros/ls65/elite_ros_ws/install/eli_dashboard_interface/share/eli_dashboard_interface/srv/IsSaved.srv
[0.388s] -- Up-to-date: /home/robot/project/ls65_ros/ls65/elite_ros_ws/install/eli_dashboard_interface/share/eli_dashboard_interface/srv/IsSaved_Request.msg
[0.388s] -- Up-to-date: /home/robot/project/ls65_ros/ls65/elite_ros_ws/install/eli_dashboard_interface/share/eli_dashboard_interface/srv/IsSaved_Response.msg
[0.388s] -- Up-to-date: /home/robot/project/ls65_ros/ls65/elite_ros_ws/install/eli_dashboard_interface/share/eli_dashboard_interface/srv/CustomRequest.srv
[0.388s] -- Up-to-date: /home/robot/project/ls65_ros/ls65/elite_ros_ws/install/eli_dashboard_interface/share/eli_dashboard_interface/srv/CustomRequest_Request.msg
[0.388s] -- Up-to-date: /home/robot/project/ls65_ros/ls65/elite_ros_ws/install/eli_dashboard_interface/share/eli_dashboard_interface/srv/CustomRequest_Response.msg
[0.389s] -- Up-to-date: /home/robot/project/ls65_ros/ls65/elite_ros_ws/install/eli_dashboard_interface/share/ament_index/resource_index/package_run_dependencies/eli_dashboard_interface
[0.389s] -- Up-to-date: /home/robot/project/ls65_ros/ls65/elite_ros_ws/install/eli_dashboard_interface/share/ament_index/resource_index/parent_prefix_path/eli_dashboard_interface
[0.389s] -- Up-to-date: /home/robot/project/ls65_ros/ls65/elite_ros_ws/install/eli_dashboard_interface/share/eli_dashboard_interface/environment/ament_prefix_path.sh
[0.389s] -- Up-to-date: /home/robot/project/ls65_ros/ls65/elite_ros_ws/install/eli_dashboard_interface/share/eli_dashboard_interface/environment/ament_prefix_path.dsv
[0.389s] -- Up-to-date: /home/robot/project/ls65_ros/ls65/elite_ros_ws/install/eli_dashboard_interface/share/eli_dashboard_interface/environment/path.sh
[0.389s] -- Up-to-date: /home/robot/project/ls65_ros/ls65/elite_ros_ws/install/eli_dashboard_interface/share/eli_dashboard_interface/environment/path.dsv
[0.389s] -- Up-to-date: /home/robot/project/ls65_ros/ls65/elite_ros_ws/install/eli_dashboard_interface/share/eli_dashboard_interface/local_setup.bash
[0.389s] -- Up-to-date: /home/robot/project/ls65_ros/ls65/elite_ros_ws/install/eli_dashboard_interface/share/eli_dashboard_interface/local_setup.sh
[0.389s] -- Up-to-date: /home/robot/project/ls65_ros/ls65/elite_ros_ws/install/eli_dashboard_interface/share/eli_dashboard_interface/local_setup.zsh
[0.389s] -- Up-to-date: /home/robot/project/ls65_ros/ls65/elite_ros_ws/install/eli_dashboard_interface/share/eli_dashboard_interface/local_setup.dsv
[0.390s] -- Installing: /home/robot/project/ls65_ros/ls65/elite_ros_ws/install/eli_dashboard_interface/share/eli_dashboard_interface/package.dsv
[0.390s] -- Up-to-date: /home/robot/project/ls65_ros/ls65/elite_ros_ws/install/eli_dashboard_interface/share/ament_index/resource_index/packages/eli_dashboard_interface
[0.390s] -- Up-to-date: /home/robot/project/ls65_ros/ls65/elite_ros_ws/install/eli_dashboard_interface/share/eli_dashboard_interface/cmake/export_eli_dashboard_interface__rosidl_generator_cExport.cmake
[0.390s] -- Up-to-date: /home/robot/project/ls65_ros/ls65/elite_ros_ws/install/eli_dashboard_interface/share/eli_dashboard_interface/cmake/export_eli_dashboard_interface__rosidl_generator_cExport-noconfig.cmake
[0.390s] -- Up-to-date: /home/robot/project/ls65_ros/ls65/elite_ros_ws/install/eli_dashboard_interface/share/eli_dashboard_interface/cmake/export_eli_dashboard_interface__rosidl_typesupport_fastrtps_cExport.cmake
[0.390s] -- Up-to-date: /home/robot/project/ls65_ros/ls65/elite_ros_ws/install/eli_dashboard_interface/share/eli_dashboard_interface/cmake/export_eli_dashboard_interface__rosidl_typesupport_fastrtps_cExport-noconfig.cmake
[0.390s] -- Up-to-date: /home/robot/project/ls65_ros/ls65/elite_ros_ws/install/eli_dashboard_interface/share/eli_dashboard_interface/cmake/eli_dashboard_interface__rosidl_typesupport_introspection_cExport.cmake
[0.390s] -- Up-to-date: /home/robot/project/ls65_ros/ls65/elite_ros_ws/install/eli_dashboard_interface/share/eli_dashboard_interface/cmake/eli_dashboard_interface__rosidl_typesupport_introspection_cExport-noconfig.cmake
[0.390s] -- Up-to-date: /home/robot/project/ls65_ros/ls65/elite_ros_ws/install/eli_dashboard_interface/share/eli_dashboard_interface/cmake/eli_dashboard_interface__rosidl_typesupport_cExport.cmake
[0.390s] -- Up-to-date: /home/robot/project/ls65_ros/ls65/elite_ros_ws/install/eli_dashboard_interface/share/eli_dashboard_interface/cmake/eli_dashboard_interface__rosidl_typesupport_cExport-noconfig.cmake
[0.390s] -- Up-to-date: /home/robot/project/ls65_ros/ls65/elite_ros_ws/install/eli_dashboard_interface/share/eli_dashboard_interface/cmake/export_eli_dashboard_interface__rosidl_generator_cppExport.cmake
[0.391s] -- Up-to-date: /home/robot/project/ls65_ros/ls65/elite_ros_ws/install/eli_dashboard_interface/share/eli_dashboard_interface/cmake/export_eli_dashboard_interface__rosidl_typesupport_fastrtps_cppExport.cmake
[0.391s] -- Up-to-date: /home/robot/project/ls65_ros/ls65/elite_ros_ws/install/eli_dashboard_interface/share/eli_dashboard_interface/cmake/export_eli_dashboard_interface__rosidl_typesupport_fastrtps_cppExport-noconfig.cmake
[0.391s] -- Up-to-date: /home/robot/project/ls65_ros/ls65/elite_ros_ws/install/eli_dashboard_interface/share/eli_dashboard_interface/cmake/eli_dashboard_interface__rosidl_typesupport_introspection_cppExport.cmake
[0.391s] -- Up-to-date: /home/robot/project/ls65_ros/ls65/elite_ros_ws/install/eli_dashboard_interface/share/eli_dashboard_interface/cmake/eli_dashboard_interface__rosidl_typesupport_introspection_cppExport-noconfig.cmake
[0.391s] -- Up-to-date: /home/robot/project/ls65_ros/ls65/elite_ros_ws/install/eli_dashboard_interface/share/eli_dashboard_interface/cmake/eli_dashboard_interface__rosidl_typesupport_cppExport.cmake
[0.391s] -- Up-to-date: /home/robot/project/ls65_ros/ls65/elite_ros_ws/install/eli_dashboard_interface/share/eli_dashboard_interface/cmake/eli_dashboard_interface__rosidl_typesupport_cppExport-noconfig.cmake
[0.392s] -- Up-to-date: /home/robot/project/ls65_ros/ls65/elite_ros_ws/install/eli_dashboard_interface/share/eli_dashboard_interface/cmake/export_eli_dashboard_interface__rosidl_generator_pyExport.cmake
[0.392s] -- Up-to-date: /home/robot/project/ls65_ros/ls65/elite_ros_ws/install/eli_dashboard_interface/share/eli_dashboard_interface/cmake/export_eli_dashboard_interface__rosidl_generator_pyExport-noconfig.cmake
[0.392s] -- Up-to-date: /home/robot/project/ls65_ros/ls65/elite_ros_ws/install/eli_dashboard_interface/share/eli_dashboard_interface/cmake/rosidl_cmake-extras.cmake
[0.392s] -- Up-to-date: /home/robot/project/ls65_ros/ls65/elite_ros_ws/install/eli_dashboard_interface/share/eli_dashboard_interface/cmake/ament_cmake_export_include_directories-extras.cmake
[0.392s] -- Up-to-date: /home/robot/project/ls65_ros/ls65/elite_ros_ws/install/eli_dashboard_interface/share/eli_dashboard_interface/cmake/ament_cmake_export_libraries-extras.cmake
[0.392s] -- Up-to-date: /home/robot/project/ls65_ros/ls65/elite_ros_ws/install/eli_dashboard_interface/share/eli_dashboard_interface/cmake/ament_cmake_export_targets-extras.cmake
[0.392s] -- Up-to-date: /home/robot/project/ls65_ros/ls65/elite_ros_ws/install/eli_dashboard_interface/share/eli_dashboard_interface/cmake/rosidl_cmake_export_typesupport_targets-extras.cmake
[0.392s] -- Up-to-date: /home/robot/project/ls65_ros/ls65/elite_ros_ws/install/eli_dashboard_interface/share/eli_dashboard_interface/cmake/ament_cmake_export_dependencies-extras.cmake
[0.392s] -- Up-to-date: /home/robot/project/ls65_ros/ls65/elite_ros_ws/install/eli_dashboard_interface/share/eli_dashboard_interface/cmake/rosidl_cmake_export_typesupport_libraries-extras.cmake
[0.392s] -- Up-to-date: /home/robot/project/ls65_ros/ls65/elite_ros_ws/install/eli_dashboard_interface/share/eli_dashboard_interface/cmake/eli_dashboard_interfaceConfig.cmake
[0.392s] -- Up-to-date: /home/robot/project/ls65_ros/ls65/elite_ros_ws/install/eli_dashboard_interface/share/eli_dashboard_interface/cmake/eli_dashboard_interfaceConfig-version.cmake
[0.392s] -- Up-to-date: /home/robot/project/ls65_ros/ls65/elite_ros_ws/install/eli_dashboard_interface/share/eli_dashboard_interface/package.xml
[0.394s] Invoked command in '/home/robot/project/ls65_ros/ls65/elite_ros_ws/build/eli_dashboard_interface' returned '0': CMAKE_PREFIX_PATH=${CMAKE_PREFIX_PATH}:/opt/ros/humble /usr/bin/cmake --install /home/robot/project/ls65_ros/ls65/elite_ros_ws/build/eli_dashboard_interface
