-- The C compiler identification is GNU 11.4.0
-- The CXX compiler identification is GNU 11.4.0
-- Detecting C compiler ABI info
-- Detecting C compiler ABI info - done
-- Check for working C compiler: /usr/bin/cc - skipped
-- Detecting C compile features
-- Detecting C compile features - done
-- Detecting CXX compiler ABI info
-- Detecting CXX compiler ABI info - done
-- Check for working CXX compiler: /usr/bin/c++ - skipped
-- Detecting CXX compile features
-- Detecting CXX compile features - done
-- Found ament_cmake: 1.3.14 (/opt/ros/humble/share/ament_cmake/cmake)
-- Found Python3: /usr/bin/python3 (found version "3.10.12") found components: Interpreter 
-- Found angles: 1.15.0 (/opt/ros/humble/share/angles/cmake)
-- Found controller_interface: 2.54.0 (/opt/ros/humble/share/controller_interface/cmake)
-- Found rosidl_generator_c: 3.1.8 (/opt/ros/humble/share/rosidl_generator_c/cmake)
-- Found rosidl_adapter: 3.1.8 (/opt/ros/humble/share/rosidl_adapter/cmake)
-- Found rosidl_generator_cpp: 3.1.8 (/opt/ros/humble/share/rosidl_generator_cpp/cmake)
-- Using all available rosidl_typesupport_c: rosidl_typesupport_fastrtps_c;rosidl_typesupport_introspection_c
-- Using all available rosidl_typesupport_cpp: rosidl_typesupport_fastrtps_cpp;rosidl_typesupport_introspection_cpp
-- Found rmw_implementation_cmake: 6.1.2 (/opt/ros/humble/share/rmw_implementation_cmake/cmake)
-- Found rmw_fastrtps_cpp: 6.2.10 (/opt/ros/humble/share/rmw_fastrtps_cpp/cmake)
-- Found TinyXML2 via Config file: TinyXML2_DIR-NOTFOUND
-- Found OpenSSL: /usr/lib/x86_64-linux-gnu/libcrypto.so (found version "3.0.2")  
-- Found TinyXML2 via Config file: TinyXML2_DIR-NOTFOUND
-- Found FastRTPS: /opt/ros/humble/include  
-- Found TinyXML2 via Config file: TinyXML2_DIR-NOTFOUND
-- Found TinyXML2 via Config file: TinyXML2_DIR-NOTFOUND
-- Using RMW implementation 'rmw_fastrtps_cpp' as default
-- Looking for pthread.h
-- Looking for pthread.h - found
-- Performing Test CMAKE_HAVE_LIBC_PTHREAD
-- Performing Test CMAKE_HAVE_LIBC_PTHREAD - Success
-- Found Threads: TRUE  
-- Found joint_trajectory_controller: 2.53.1 (/opt/ros/humble/share/joint_trajectory_controller/cmake)
-- Found std_srvs: 4.9.1 (/opt/ros/humble/share/std_srvs/cmake)
-- Found eli_common_interface: 0.0.1 (/home/robot/project/ls65_ros/ls65/elite_ros_ws/install/eli_common_interface/share/eli_common_interface/cmake)
-- Configuring done
-- Generating done
-- Build files have been written to: /home/robot/project/ls65_ros/ls65/elite_ros_ws/build/eli_cs_controllers
[  7%] [34m[1mRunning `/opt/ros/humble/bin/generate_parameter_library_cpp /home/robot/project/ls65_ros/ls65/elite_ros_ws/build/eli_cs_controllers/include/eli_cs_controllers/gpio_controller_parameters.hpp /home/robot/project/ls65_ros/ls65/elite_ros_ws/src/eli_cs_controllers/src/gpio_controller_parameters.yaml `[0m
[ 30%] [34m[1mRunning `/opt/ros/humble/bin/generate_parameter_library_cpp /home/robot/project/ls65_ros/ls65/elite_ros_ws/build/eli_cs_controllers/include/eli_cs_controllers/freedrive_controller_parameters.hpp /home/robot/project/ls65_ros/ls65/elite_ros_ws/src/eli_cs_controllers/src/freedrive_controller_parameters.yaml `[0m
[ 30%] [34m[1mRunning `/opt/ros/humble/bin/generate_parameter_library_cpp /home/robot/project/ls65_ros/ls65/elite_ros_ws/build/eli_cs_controllers/include/eli_cs_controllers/scaled_joint_trajectory_controller_parameters.hpp /home/robot/project/ls65_ros/ls65/elite_ros_ws/src/eli_cs_controllers/src/scaled_joint_trajectory_controller_parameters.yaml `[0m
[ 30%] [34m[1mRunning `/opt/ros/humble/bin/generate_parameter_library_cpp /home/robot/project/ls65_ros/ls65/elite_ros_ws/build/eli_cs_controllers/include/eli_cs_controllers/speed_scaling_state_broadcaster_parameters.hpp /home/robot/project/ls65_ros/ls65/elite_ros_ws/src/eli_cs_controllers/src/speed_scaling_state_broadcaster_parameters.yaml `[0m
[ 38%] [34m[1mCreating deprecated header file /home/robot/project/ls65_ros/ls65/elite_ros_ws/build/eli_cs_controllers/include/gpio_controller_parameters.hpp[0m
[ 38%] Built target gpio_controller_parameters
[ 46%] [34m[1mCreating deprecated header file /home/robot/project/ls65_ros/ls65/elite_ros_ws/build/eli_cs_controllers/include/scaled_joint_trajectory_controller_parameters.hpp[0m
[ 46%] Built target scaled_joint_trajectory_controller_parameters
[ 53%] [34m[1mCreating deprecated header file /home/robot/project/ls65_ros/ls65/elite_ros_ws/build/eli_cs_controllers/include/speed_scaling_state_broadcaster_parameters.hpp[0m
[ 61%] [34m[1mCreating deprecated header file /home/robot/project/ls65_ros/ls65/elite_ros_ws/build/eli_cs_controllers/include/freedrive_controller_parameters.hpp[0m
[ 61%] Built target speed_scaling_state_broadcaster_parameters
[ 61%] Built target freedrive_controller_parameters
[ 69%] [32mBuilding CXX object CMakeFiles/eli_cs_controllers.dir/src/speed_scaling_state_broadcaster.cpp.o[0m
[ 76%] [32mBuilding CXX object CMakeFiles/eli_cs_controllers.dir/src/scaled_joint_trajectory_controller.cpp.o[0m
[ 84%] [32mBuilding CXX object CMakeFiles/eli_cs_controllers.dir/src/gpio_controller.cpp.o[0m
[ 92%] [32mBuilding CXX object CMakeFiles/eli_cs_controllers.dir/src/freedrive_controller.cpp.o[0m
[100%] [32m[1mLinking CXX shared library libeli_cs_controllers.so[0m
[100%] Built target eli_cs_controllers
-- Install configuration: ""
-- Installing: /home/robot/project/ls65_ros/ls65/elite_ros_ws/install/eli_cs_controllers/include/eli_cs_controllers
-- Installing: /home/robot/project/ls65_ros/ls65/elite_ros_ws/install/eli_cs_controllers/include/eli_cs_controllers/freedrive_controller_parameters.hpp
-- Installing: /home/robot/project/ls65_ros/ls65/elite_ros_ws/install/eli_cs_controllers/include/eli_cs_controllers/scaled_joint_trajectory_controller_parameters.hpp
-- Installing: /home/robot/project/ls65_ros/ls65/elite_ros_ws/install/eli_cs_controllers/include/eli_cs_controllers/gpio_controller_parameters.hpp
-- Installing: /home/robot/project/ls65_ros/ls65/elite_ros_ws/install/eli_cs_controllers/include/eli_cs_controllers/speed_scaling_state_broadcaster_parameters.hpp
-- Up-to-date: /home/robot/project/ls65_ros/ls65/elite_ros_ws/install/eli_cs_controllers/include/eli_cs_controllers
-- Up-to-date: /home/robot/project/ls65_ros/ls65/elite_ros_ws/install/eli_cs_controllers/include/eli_cs_controllers/freedrive_controller_parameters.hpp
-- Up-to-date: /home/robot/project/ls65_ros/ls65/elite_ros_ws/install/eli_cs_controllers/include/eli_cs_controllers/scaled_joint_trajectory_controller_parameters.hpp
-- Up-to-date: /home/robot/project/ls65_ros/ls65/elite_ros_ws/install/eli_cs_controllers/include/eli_cs_controllers/gpio_controller_parameters.hpp
-- Up-to-date: /home/robot/project/ls65_ros/ls65/elite_ros_ws/install/eli_cs_controllers/include/eli_cs_controllers/speed_scaling_state_broadcaster_parameters.hpp
-- Up-to-date: /home/robot/project/ls65_ros/ls65/elite_ros_ws/install/eli_cs_controllers/include/eli_cs_controllers
-- Up-to-date: /home/robot/project/ls65_ros/ls65/elite_ros_ws/install/eli_cs_controllers/include/eli_cs_controllers/freedrive_controller_parameters.hpp
-- Up-to-date: /home/robot/project/ls65_ros/ls65/elite_ros_ws/install/eli_cs_controllers/include/eli_cs_controllers/scaled_joint_trajectory_controller_parameters.hpp
-- Up-to-date: /home/robot/project/ls65_ros/ls65/elite_ros_ws/install/eli_cs_controllers/include/eli_cs_controllers/gpio_controller_parameters.hpp
-- Up-to-date: /home/robot/project/ls65_ros/ls65/elite_ros_ws/install/eli_cs_controllers/include/eli_cs_controllers/speed_scaling_state_broadcaster_parameters.hpp
-- Up-to-date: /home/robot/project/ls65_ros/ls65/elite_ros_ws/install/eli_cs_controllers/include/eli_cs_controllers
-- Up-to-date: /home/robot/project/ls65_ros/ls65/elite_ros_ws/install/eli_cs_controllers/include/eli_cs_controllers/freedrive_controller_parameters.hpp
-- Up-to-date: /home/robot/project/ls65_ros/ls65/elite_ros_ws/install/eli_cs_controllers/include/eli_cs_controllers/scaled_joint_trajectory_controller_parameters.hpp
-- Up-to-date: /home/robot/project/ls65_ros/ls65/elite_ros_ws/install/eli_cs_controllers/include/eli_cs_controllers/gpio_controller_parameters.hpp
-- Up-to-date: /home/robot/project/ls65_ros/ls65/elite_ros_ws/install/eli_cs_controllers/include/eli_cs_controllers/speed_scaling_state_broadcaster_parameters.hpp
-- Installing: /home/robot/project/ls65_ros/ls65/elite_ros_ws/install/eli_cs_controllers/share/eli_cs_controllers/controller_plugins.xml
-- Installing: /home/robot/project/ls65_ros/ls65/elite_ros_ws/install/eli_cs_controllers/lib/libeli_cs_controllers.so
-- Set runtime path of "/home/robot/project/ls65_ros/ls65/elite_ros_ws/install/eli_cs_controllers/lib/libeli_cs_controllers.so" to ""
-- Up-to-date: /home/robot/project/ls65_ros/ls65/elite_ros_ws/install/eli_cs_controllers/include
-- Up-to-date: /home/robot/project/ls65_ros/ls65/elite_ros_ws/install/eli_cs_controllers/include/eli_cs_controllers
-- Installing: /home/robot/project/ls65_ros/ls65/elite_ros_ws/install/eli_cs_controllers/include/eli_cs_controllers/freedrive_controller.hpp
-- Installing: /home/robot/project/ls65_ros/ls65/elite_ros_ws/install/eli_cs_controllers/include/eli_cs_controllers/speed_scaling_state_broadcaster.hpp
-- Installing: /home/robot/project/ls65_ros/ls65/elite_ros_ws/install/eli_cs_controllers/include/eli_cs_controllers/gpio_controller.hpp
-- Installing: /home/robot/project/ls65_ros/ls65/elite_ros_ws/install/eli_cs_controllers/include/eli_cs_controllers/scaled_joint_trajectory_controller.hpp
-- Up-to-date: /home/robot/project/ls65_ros/ls65/elite_ros_ws/install/eli_cs_controllers/share/eli_cs_controllers/controller_plugins.xml
-- Installing: /home/robot/project/ls65_ros/ls65/elite_ros_ws/install/eli_cs_controllers/share/eli_cs_controllers/environment/library_path.sh
-- Installing: /home/robot/project/ls65_ros/ls65/elite_ros_ws/install/eli_cs_controllers/share/eli_cs_controllers/environment/library_path.dsv
-- Installing: /home/robot/project/ls65_ros/ls65/elite_ros_ws/install/eli_cs_controllers/share/ament_index/resource_index/package_run_dependencies/eli_cs_controllers
-- Installing: /home/robot/project/ls65_ros/ls65/elite_ros_ws/install/eli_cs_controllers/share/ament_index/resource_index/parent_prefix_path/eli_cs_controllers
-- Installing: /home/robot/project/ls65_ros/ls65/elite_ros_ws/install/eli_cs_controllers/share/eli_cs_controllers/environment/ament_prefix_path.sh
-- Installing: /home/robot/project/ls65_ros/ls65/elite_ros_ws/install/eli_cs_controllers/share/eli_cs_controllers/environment/ament_prefix_path.dsv
-- Installing: /home/robot/project/ls65_ros/ls65/elite_ros_ws/install/eli_cs_controllers/share/eli_cs_controllers/environment/path.sh
-- Installing: /home/robot/project/ls65_ros/ls65/elite_ros_ws/install/eli_cs_controllers/share/eli_cs_controllers/environment/path.dsv
-- Installing: /home/robot/project/ls65_ros/ls65/elite_ros_ws/install/eli_cs_controllers/share/eli_cs_controllers/local_setup.bash
-- Installing: /home/robot/project/ls65_ros/ls65/elite_ros_ws/install/eli_cs_controllers/share/eli_cs_controllers/local_setup.sh
-- Installing: /home/robot/project/ls65_ros/ls65/elite_ros_ws/install/eli_cs_controllers/share/eli_cs_controllers/local_setup.zsh
-- Installing: /home/robot/project/ls65_ros/ls65/elite_ros_ws/install/eli_cs_controllers/share/eli_cs_controllers/local_setup.dsv
-- Installing: /home/robot/project/ls65_ros/ls65/elite_ros_ws/install/eli_cs_controllers/share/eli_cs_controllers/package.dsv
-- Installing: /home/robot/project/ls65_ros/ls65/elite_ros_ws/install/eli_cs_controllers/share/ament_index/resource_index/packages/eli_cs_controllers
-- Installing: /home/robot/project/ls65_ros/ls65/elite_ros_ws/install/eli_cs_controllers/share/ament_index/resource_index/controller_interface__pluginlib__plugin/eli_cs_controllers
-- Installing: /home/robot/project/ls65_ros/ls65/elite_ros_ws/install/eli_cs_controllers/share/eli_cs_controllers/cmake/ament_cmake_export_dependencies-extras.cmake
-- Installing: /home/robot/project/ls65_ros/ls65/elite_ros_ws/install/eli_cs_controllers/share/eli_cs_controllers/cmake/ament_cmake_export_include_directories-extras.cmake
-- Installing: /home/robot/project/ls65_ros/ls65/elite_ros_ws/install/eli_cs_controllers/share/eli_cs_controllers/cmake/ament_cmake_export_libraries-extras.cmake
-- Installing: /home/robot/project/ls65_ros/ls65/elite_ros_ws/install/eli_cs_controllers/share/eli_cs_controllers/cmake/eli_cs_controllersConfig.cmake
-- Installing: /home/robot/project/ls65_ros/ls65/elite_ros_ws/install/eli_cs_controllers/share/eli_cs_controllers/cmake/eli_cs_controllersConfig-version.cmake
-- Installing: /home/robot/project/ls65_ros/ls65/elite_ros_ws/install/eli_cs_controllers/share/eli_cs_controllers/package.xml
