[0.022s] Invoking command in '/home/robot/project/ls65_ros/ls65/elite_ros_ws/build/eli_cs_controllers': AMENT_PREFIX_PATH=/home/robot/project/ls65_ros/ls65/elite_ros_ws/install/eli_common_interface:${AMENT_PREFIX_PATH} CMAKE_PREFIX_PATH=/home/robot/project/ls65_ros/ls65/elite_ros_ws/install/eli_common_interface:/opt/ros/humble LD_LIBRARY_PATH=/home/robot/project/ls65_ros/ls65/elite_ros_ws/install/eli_common_interface/lib:${LD_LIBRARY_PATH} PYTHONPATH=/home/robot/project/ls65_ros/ls65/elite_ros_ws/install/eli_common_interface/local/lib/python3.10/dist-packages:${PYTHONPATH} /usr/bin/cmake /home/robot/project/ls65_ros/ls65/elite_ros_ws/src/eli_cs_controllers -DCMAKE_INSTALL_PREFIX=/home/robot/project/ls65_ros/ls65/elite_ros_ws/install/eli_cs_controllers
[0.076s] -- The C compiler identification is GNU 11.4.0
[0.119s] -- The CXX compiler identification is GNU 11.4.0
[0.124s] -- Detecting C compiler ABI info
[0.184s] -- Detecting C compiler ABI info - done
[0.192s] -- Check for working C compiler: /usr/bin/cc - skipped
[0.192s] -- Detecting C compile features
[0.192s] -- Detecting C compile features - done
[0.195s] -- Detecting CXX compiler ABI info
[0.268s] -- Detecting CXX compiler ABI info - done
[0.276s] -- Check for working CXX compiler: /usr/bin/c++ - skipped
[0.276s] -- Detecting CXX compile features
[0.277s] -- Detecting CXX compile features - done
[0.279s] -- Found ament_cmake: 1.3.14 (/opt/ros/humble/share/ament_cmake/cmake)
[0.402s] -- Found Python3: /usr/bin/python3 (found version "3.10.12") found components: Interpreter 
[0.466s] -- Found angles: 1.15.0 (/opt/ros/humble/share/angles/cmake)
[0.473s] -- Found controller_interface: 2.54.0 (/opt/ros/humble/share/controller_interface/cmake)
[0.507s] -- Found rosidl_generator_c: 3.1.8 (/opt/ros/humble/share/rosidl_generator_c/cmake)
[0.510s] -- Found rosidl_adapter: 3.1.8 (/opt/ros/humble/share/rosidl_adapter/cmake)
[0.515s] -- Found rosidl_generator_cpp: 3.1.8 (/opt/ros/humble/share/rosidl_generator_cpp/cmake)
[0.523s] -- Using all available rosidl_typesupport_c: rosidl_typesupport_fastrtps_c;rosidl_typesupport_introspection_c
[0.533s] -- Using all available rosidl_typesupport_cpp: rosidl_typesupport_fastrtps_cpp;rosidl_typesupport_introspection_cpp
[0.965s] -- Found rmw_implementation_cmake: 6.1.2 (/opt/ros/humble/share/rmw_implementation_cmake/cmake)
[0.967s] -- Found rmw_fastrtps_cpp: 6.2.10 (/opt/ros/humble/share/rmw_fastrtps_cpp/cmake)
[0.982s] -- Found TinyXML2 via Config file: TinyXML2_DIR-NOTFOUND
[1.035s] -- Found OpenSSL: /usr/lib/x86_64-linux-gnu/libcrypto.so (found version "3.0.2")  
[1.036s] -- Found TinyXML2 via Config file: TinyXML2_DIR-NOTFOUND
[1.047s] -- Found FastRTPS: /opt/ros/humble/include  
[1.049s] -- Found TinyXML2 via Config file: TinyXML2_DIR-NOTFOUND
[1.056s] -- Found TinyXML2 via Config file: TinyXML2_DIR-NOTFOUND
[1.064s] -- Using RMW implementation 'rmw_fastrtps_cpp' as default
[1.069s] -- Looking for pthread.h
[1.125s] -- Looking for pthread.h - found
[1.125s] -- Performing Test CMAKE_HAVE_LIBC_PTHREAD
[1.181s] -- Performing Test CMAKE_HAVE_LIBC_PTHREAD - Success
[1.182s] -- Found Threads: TRUE  
[1.212s] -- Found joint_trajectory_controller: 2.53.1 (/opt/ros/humble/share/joint_trajectory_controller/cmake)
[1.261s] -- Found std_srvs: 4.9.1 (/opt/ros/humble/share/std_srvs/cmake)
[1.266s] -- Found eli_common_interface: 0.0.1 (/home/robot/project/ls65_ros/ls65/elite_ros_ws/install/eli_common_interface/share/eli_common_interface/cmake)
[1.325s] -- Configuring done
[1.338s] -- Generating done
[1.343s] -- Build files have been written to: /home/robot/project/ls65_ros/ls65/elite_ros_ws/build/eli_cs_controllers
[1.352s] Invoked command in '/home/robot/project/ls65_ros/ls65/elite_ros_ws/build/eli_cs_controllers' returned '0': AMENT_PREFIX_PATH=/home/robot/project/ls65_ros/ls65/elite_ros_ws/install/eli_common_interface:${AMENT_PREFIX_PATH} CMAKE_PREFIX_PATH=/home/robot/project/ls65_ros/ls65/elite_ros_ws/install/eli_common_interface:/opt/ros/humble LD_LIBRARY_PATH=/home/robot/project/ls65_ros/ls65/elite_ros_ws/install/eli_common_interface/lib:${LD_LIBRARY_PATH} PYTHONPATH=/home/robot/project/ls65_ros/ls65/elite_ros_ws/install/eli_common_interface/local/lib/python3.10/dist-packages:${PYTHONPATH} /usr/bin/cmake /home/robot/project/ls65_ros/ls65/elite_ros_ws/src/eli_cs_controllers -DCMAKE_INSTALL_PREFIX=/home/robot/project/ls65_ros/ls65/elite_ros_ws/install/eli_cs_controllers
[1.353s] Invoking command in '/home/robot/project/ls65_ros/ls65/elite_ros_ws/build/eli_cs_controllers': AMENT_PREFIX_PATH=/home/robot/project/ls65_ros/ls65/elite_ros_ws/install/eli_common_interface:${AMENT_PREFIX_PATH} CMAKE_PREFIX_PATH=/home/robot/project/ls65_ros/ls65/elite_ros_ws/install/eli_common_interface:/opt/ros/humble LD_LIBRARY_PATH=/home/robot/project/ls65_ros/ls65/elite_ros_ws/install/eli_common_interface/lib:${LD_LIBRARY_PATH} PYTHONPATH=/home/robot/project/ls65_ros/ls65/elite_ros_ws/install/eli_common_interface/local/lib/python3.10/dist-packages:${PYTHONPATH} /usr/bin/cmake --build /home/robot/project/ls65_ros/ls65/elite_ros_ws/build/eli_cs_controllers -- -j16 -l16
[1.401s] [  7%] [34m[1mRunning `/opt/ros/humble/bin/generate_parameter_library_cpp /home/robot/project/ls65_ros/ls65/elite_ros_ws/build/eli_cs_controllers/include/eli_cs_controllers/gpio_controller_parameters.hpp /home/robot/project/ls65_ros/ls65/elite_ros_ws/src/eli_cs_controllers/src/gpio_controller_parameters.yaml `[0m
[1.407s] [ 30%] [34m[1mRunning `/opt/ros/humble/bin/generate_parameter_library_cpp /home/robot/project/ls65_ros/ls65/elite_ros_ws/build/eli_cs_controllers/include/eli_cs_controllers/freedrive_controller_parameters.hpp /home/robot/project/ls65_ros/ls65/elite_ros_ws/src/eli_cs_controllers/src/freedrive_controller_parameters.yaml `[0m
[1.407s] [ 30%] [34m[1mRunning `/opt/ros/humble/bin/generate_parameter_library_cpp /home/robot/project/ls65_ros/ls65/elite_ros_ws/build/eli_cs_controllers/include/eli_cs_controllers/scaled_joint_trajectory_controller_parameters.hpp /home/robot/project/ls65_ros/ls65/elite_ros_ws/src/eli_cs_controllers/src/scaled_joint_trajectory_controller_parameters.yaml `[0m
[1.407s] [ 30%] [34m[1mRunning `/opt/ros/humble/bin/generate_parameter_library_cpp /home/robot/project/ls65_ros/ls65/elite_ros_ws/build/eli_cs_controllers/include/eli_cs_controllers/speed_scaling_state_broadcaster_parameters.hpp /home/robot/project/ls65_ros/ls65/elite_ros_ws/src/eli_cs_controllers/src/speed_scaling_state_broadcaster_parameters.yaml `[0m
[1.539s] [ 38%] [34m[1mCreating deprecated header file /home/robot/project/ls65_ros/ls65/elite_ros_ws/build/eli_cs_controllers/include/gpio_controller_parameters.hpp[0m
[1.559s] [ 38%] Built target gpio_controller_parameters
[1.574s] [ 46%] [34m[1mCreating deprecated header file /home/robot/project/ls65_ros/ls65/elite_ros_ws/build/eli_cs_controllers/include/scaled_joint_trajectory_controller_parameters.hpp[0m
[1.618s] [ 46%] Built target scaled_joint_trajectory_controller_parameters
[1.634s] [ 53%] [34m[1mCreating deprecated header file /home/robot/project/ls65_ros/ls65/elite_ros_ws/build/eli_cs_controllers/include/speed_scaling_state_broadcaster_parameters.hpp[0m
[1.639s] [ 61%] [34m[1mCreating deprecated header file /home/robot/project/ls65_ros/ls65/elite_ros_ws/build/eli_cs_controllers/include/freedrive_controller_parameters.hpp[0m
[1.660s] [ 61%] Built target speed_scaling_state_broadcaster_parameters
[1.663s] [ 61%] Built target freedrive_controller_parameters
[1.690s] [ 69%] [32mBuilding CXX object CMakeFiles/eli_cs_controllers.dir/src/speed_scaling_state_broadcaster.cpp.o[0m
[1.694s] [ 76%] [32mBuilding CXX object CMakeFiles/eli_cs_controllers.dir/src/scaled_joint_trajectory_controller.cpp.o[0m
[1.701s] [ 84%] [32mBuilding CXX object CMakeFiles/eli_cs_controllers.dir/src/gpio_controller.cpp.o[0m
[1.704s] [ 92%] [32mBuilding CXX object CMakeFiles/eli_cs_controllers.dir/src/freedrive_controller.cpp.o[0m
[12.841s] [100%] [32m[1mLinking CXX shared library libeli_cs_controllers.so[0m
[13.487s] [100%] Built target eli_cs_controllers
[13.497s] Invoked command in '/home/robot/project/ls65_ros/ls65/elite_ros_ws/build/eli_cs_controllers' returned '0': AMENT_PREFIX_PATH=/home/robot/project/ls65_ros/ls65/elite_ros_ws/install/eli_common_interface:${AMENT_PREFIX_PATH} CMAKE_PREFIX_PATH=/home/robot/project/ls65_ros/ls65/elite_ros_ws/install/eli_common_interface:/opt/ros/humble LD_LIBRARY_PATH=/home/robot/project/ls65_ros/ls65/elite_ros_ws/install/eli_common_interface/lib:${LD_LIBRARY_PATH} PYTHONPATH=/home/robot/project/ls65_ros/ls65/elite_ros_ws/install/eli_common_interface/local/lib/python3.10/dist-packages:${PYTHONPATH} /usr/bin/cmake --build /home/robot/project/ls65_ros/ls65/elite_ros_ws/build/eli_cs_controllers -- -j16 -l16
[13.498s] Invoking command in '/home/robot/project/ls65_ros/ls65/elite_ros_ws/build/eli_cs_controllers': AMENT_PREFIX_PATH=/home/robot/project/ls65_ros/ls65/elite_ros_ws/install/eli_common_interface:${AMENT_PREFIX_PATH} CMAKE_PREFIX_PATH=/home/robot/project/ls65_ros/ls65/elite_ros_ws/install/eli_common_interface:/opt/ros/humble LD_LIBRARY_PATH=/home/robot/project/ls65_ros/ls65/elite_ros_ws/install/eli_common_interface/lib:${LD_LIBRARY_PATH} PYTHONPATH=/home/robot/project/ls65_ros/ls65/elite_ros_ws/install/eli_common_interface/local/lib/python3.10/dist-packages:${PYTHONPATH} /usr/bin/cmake --install /home/robot/project/ls65_ros/ls65/elite_ros_ws/build/eli_cs_controllers
[13.503s] -- Install configuration: ""
[13.504s] -- Installing: /home/robot/project/ls65_ros/ls65/elite_ros_ws/install/eli_cs_controllers/include/eli_cs_controllers
[13.504s] -- Installing: /home/robot/project/ls65_ros/ls65/elite_ros_ws/install/eli_cs_controllers/include/eli_cs_controllers/freedrive_controller_parameters.hpp
[13.504s] -- Installing: /home/robot/project/ls65_ros/ls65/elite_ros_ws/install/eli_cs_controllers/include/eli_cs_controllers/scaled_joint_trajectory_controller_parameters.hpp
[13.504s] -- Installing: /home/robot/project/ls65_ros/ls65/elite_ros_ws/install/eli_cs_controllers/include/eli_cs_controllers/gpio_controller_parameters.hpp
[13.504s] -- Installing: /home/robot/project/ls65_ros/ls65/elite_ros_ws/install/eli_cs_controllers/include/eli_cs_controllers/speed_scaling_state_broadcaster_parameters.hpp
[13.504s] -- Up-to-date: /home/robot/project/ls65_ros/ls65/elite_ros_ws/install/eli_cs_controllers/include/eli_cs_controllers
[13.504s] -- Up-to-date: /home/robot/project/ls65_ros/ls65/elite_ros_ws/install/eli_cs_controllers/include/eli_cs_controllers/freedrive_controller_parameters.hpp
[13.504s] -- Up-to-date: /home/robot/project/ls65_ros/ls65/elite_ros_ws/install/eli_cs_controllers/include/eli_cs_controllers/scaled_joint_trajectory_controller_parameters.hpp
[13.504s] -- Up-to-date: /home/robot/project/ls65_ros/ls65/elite_ros_ws/install/eli_cs_controllers/include/eli_cs_controllers/gpio_controller_parameters.hpp
[13.504s] -- Up-to-date: /home/robot/project/ls65_ros/ls65/elite_ros_ws/install/eli_cs_controllers/include/eli_cs_controllers/speed_scaling_state_broadcaster_parameters.hpp
[13.504s] -- Up-to-date: /home/robot/project/ls65_ros/ls65/elite_ros_ws/install/eli_cs_controllers/include/eli_cs_controllers
[13.504s] -- Up-to-date: /home/robot/project/ls65_ros/ls65/elite_ros_ws/install/eli_cs_controllers/include/eli_cs_controllers/freedrive_controller_parameters.hpp
[13.504s] -- Up-to-date: /home/robot/project/ls65_ros/ls65/elite_ros_ws/install/eli_cs_controllers/include/eli_cs_controllers/scaled_joint_trajectory_controller_parameters.hpp
[13.504s] -- Up-to-date: /home/robot/project/ls65_ros/ls65/elite_ros_ws/install/eli_cs_controllers/include/eli_cs_controllers/gpio_controller_parameters.hpp
[13.504s] -- Up-to-date: /home/robot/project/ls65_ros/ls65/elite_ros_ws/install/eli_cs_controllers/include/eli_cs_controllers/speed_scaling_state_broadcaster_parameters.hpp
[13.505s] -- Up-to-date: /home/robot/project/ls65_ros/ls65/elite_ros_ws/install/eli_cs_controllers/include/eli_cs_controllers
[13.505s] -- Up-to-date: /home/robot/project/ls65_ros/ls65/elite_ros_ws/install/eli_cs_controllers/include/eli_cs_controllers/freedrive_controller_parameters.hpp
[13.505s] -- Up-to-date: /home/robot/project/ls65_ros/ls65/elite_ros_ws/install/eli_cs_controllers/include/eli_cs_controllers/scaled_joint_trajectory_controller_parameters.hpp
[13.505s] -- Up-to-date: /home/robot/project/ls65_ros/ls65/elite_ros_ws/install/eli_cs_controllers/include/eli_cs_controllers/gpio_controller_parameters.hpp
[13.505s] -- Up-to-date: /home/robot/project/ls65_ros/ls65/elite_ros_ws/install/eli_cs_controllers/include/eli_cs_controllers/speed_scaling_state_broadcaster_parameters.hpp
[13.505s] -- Installing: /home/robot/project/ls65_ros/ls65/elite_ros_ws/install/eli_cs_controllers/share/eli_cs_controllers/controller_plugins.xml
[13.505s] -- Installing: /home/robot/project/ls65_ros/ls65/elite_ros_ws/install/eli_cs_controllers/lib/libeli_cs_controllers.so
[13.510s] -- Set runtime path of "/home/robot/project/ls65_ros/ls65/elite_ros_ws/install/eli_cs_controllers/lib/libeli_cs_controllers.so" to ""
[13.510s] -- Up-to-date: /home/robot/project/ls65_ros/ls65/elite_ros_ws/install/eli_cs_controllers/include
[13.510s] -- Up-to-date: /home/robot/project/ls65_ros/ls65/elite_ros_ws/install/eli_cs_controllers/include/eli_cs_controllers
[13.511s] -- Installing: /home/robot/project/ls65_ros/ls65/elite_ros_ws/install/eli_cs_controllers/include/eli_cs_controllers/freedrive_controller.hpp
[13.511s] -- Installing: /home/robot/project/ls65_ros/ls65/elite_ros_ws/install/eli_cs_controllers/include/eli_cs_controllers/speed_scaling_state_broadcaster.hpp
[13.511s] -- Installing: /home/robot/project/ls65_ros/ls65/elite_ros_ws/install/eli_cs_controllers/include/eli_cs_controllers/gpio_controller.hpp
[13.511s] -- Installing: /home/robot/project/ls65_ros/ls65/elite_ros_ws/install/eli_cs_controllers/include/eli_cs_controllers/scaled_joint_trajectory_controller.hpp
[13.511s] -- Up-to-date: /home/robot/project/ls65_ros/ls65/elite_ros_ws/install/eli_cs_controllers/share/eli_cs_controllers/controller_plugins.xml
[13.511s] -- Installing: /home/robot/project/ls65_ros/ls65/elite_ros_ws/install/eli_cs_controllers/share/eli_cs_controllers/environment/library_path.sh
[13.511s] -- Installing: /home/robot/project/ls65_ros/ls65/elite_ros_ws/install/eli_cs_controllers/share/eli_cs_controllers/environment/library_path.dsv
[13.511s] -- Installing: /home/robot/project/ls65_ros/ls65/elite_ros_ws/install/eli_cs_controllers/share/ament_index/resource_index/package_run_dependencies/eli_cs_controllers
[13.511s] -- Installing: /home/robot/project/ls65_ros/ls65/elite_ros_ws/install/eli_cs_controllers/share/ament_index/resource_index/parent_prefix_path/eli_cs_controllers
[13.511s] -- Installing: /home/robot/project/ls65_ros/ls65/elite_ros_ws/install/eli_cs_controllers/share/eli_cs_controllers/environment/ament_prefix_path.sh
[13.511s] -- Installing: /home/robot/project/ls65_ros/ls65/elite_ros_ws/install/eli_cs_controllers/share/eli_cs_controllers/environment/ament_prefix_path.dsv
[13.511s] -- Installing: /home/robot/project/ls65_ros/ls65/elite_ros_ws/install/eli_cs_controllers/share/eli_cs_controllers/environment/path.sh
[13.511s] -- Installing: /home/robot/project/ls65_ros/ls65/elite_ros_ws/install/eli_cs_controllers/share/eli_cs_controllers/environment/path.dsv
[13.511s] -- Installing: /home/robot/project/ls65_ros/ls65/elite_ros_ws/install/eli_cs_controllers/share/eli_cs_controllers/local_setup.bash
[13.512s] -- Installing: /home/robot/project/ls65_ros/ls65/elite_ros_ws/install/eli_cs_controllers/share/eli_cs_controllers/local_setup.sh
[13.512s] -- Installing: /home/robot/project/ls65_ros/ls65/elite_ros_ws/install/eli_cs_controllers/share/eli_cs_controllers/local_setup.zsh
[13.512s] -- Installing: /home/robot/project/ls65_ros/ls65/elite_ros_ws/install/eli_cs_controllers/share/eli_cs_controllers/local_setup.dsv
[13.512s] -- Installing: /home/robot/project/ls65_ros/ls65/elite_ros_ws/install/eli_cs_controllers/share/eli_cs_controllers/package.dsv
[13.512s] -- Installing: /home/robot/project/ls65_ros/ls65/elite_ros_ws/install/eli_cs_controllers/share/ament_index/resource_index/packages/eli_cs_controllers
[13.512s] -- Installing: /home/robot/project/ls65_ros/ls65/elite_ros_ws/install/eli_cs_controllers/share/ament_index/resource_index/controller_interface__pluginlib__plugin/eli_cs_controllers
[13.512s] -- Installing: /home/robot/project/ls65_ros/ls65/elite_ros_ws/install/eli_cs_controllers/share/eli_cs_controllers/cmake/ament_cmake_export_dependencies-extras.cmake
[13.512s] -- Installing: /home/robot/project/ls65_ros/ls65/elite_ros_ws/install/eli_cs_controllers/share/eli_cs_controllers/cmake/ament_cmake_export_include_directories-extras.cmake
[13.512s] -- Installing: /home/robot/project/ls65_ros/ls65/elite_ros_ws/install/eli_cs_controllers/share/eli_cs_controllers/cmake/ament_cmake_export_libraries-extras.cmake
[13.512s] -- Installing: /home/robot/project/ls65_ros/ls65/elite_ros_ws/install/eli_cs_controllers/share/eli_cs_controllers/cmake/eli_cs_controllersConfig.cmake
[13.512s] -- Installing: /home/robot/project/ls65_ros/ls65/elite_ros_ws/install/eli_cs_controllers/share/eli_cs_controllers/cmake/eli_cs_controllersConfig-version.cmake
[13.513s] -- Installing: /home/robot/project/ls65_ros/ls65/elite_ros_ws/install/eli_cs_controllers/share/eli_cs_controllers/package.xml
[13.513s] Invoked command in '/home/robot/project/ls65_ros/ls65/elite_ros_ws/build/eli_cs_controllers' returned '0': AMENT_PREFIX_PATH=/home/robot/project/ls65_ros/ls65/elite_ros_ws/install/eli_common_interface:${AMENT_PREFIX_PATH} CMAKE_PREFIX_PATH=/home/robot/project/ls65_ros/ls65/elite_ros_ws/install/eli_common_interface:/opt/ros/humble LD_LIBRARY_PATH=/home/robot/project/ls65_ros/ls65/elite_ros_ws/install/eli_common_interface/lib:${LD_LIBRARY_PATH} PYTHONPATH=/home/robot/project/ls65_ros/ls65/elite_ros_ws/install/eli_common_interface/local/lib/python3.10/dist-packages:${PYTHONPATH} /usr/bin/cmake --install /home/robot/project/ls65_ros/ls65/elite_ros_ws/build/eli_cs_controllers
