-- Install configuration: ""
-- Up-to-date: /home/robot/project/ls65_ros/ls65/elite_ros_ws/install/eli_cs_robot_simulation_gz/share/eli_cs_robot_simulation_gz/config
-- Up-to-date: /home/robot/project/ls65_ros/ls65/elite_ros_ws/install/eli_cs_robot_simulation_gz/share/eli_cs_robot_simulation_gz/config/cs_controllers_5f.yaml
-- Up-to-date: /home/robot/project/ls65_ros/ls65/elite_ros_ws/install/eli_cs_robot_simulation_gz/share/eli_cs_robot_simulation_gz/config/cs_controllers.yaml
-- Up-to-date: /home/robot/project/ls65_ros/ls65/elite_ros_ws/install/eli_cs_robot_simulation_gz/share/eli_cs_robot_simulation_gz/launch
-- Installing: /home/robot/project/ls65_ros/ls65/elite_ros_ws/install/eli_cs_robot_simulation_gz/share/eli_cs_robot_simulation_gz/launch/cs_sim_control.launch.py
-- Up-to-date: /home/robot/project/ls65_ros/ls65/elite_ros_ws/install/eli_cs_robot_simulation_gz/share/eli_cs_robot_simulation_gz/launch/cs_sim_moveit.launch.py
-- Up-to-date: /home/robot/project/ls65_ros/ls65/elite_ros_ws/install/eli_cs_robot_simulation_gz/lib/eli_cs_robot_simulation_gz/gz_control.py
-- Up-to-date: /home/robot/project/ls65_ros/ls65/elite_ros_ws/install/eli_cs_robot_simulation_gz/share/ament_index/resource_index/package_run_dependencies/eli_cs_robot_simulation_gz
-- Up-to-date: /home/robot/project/ls65_ros/ls65/elite_ros_ws/install/eli_cs_robot_simulation_gz/share/ament_index/resource_index/parent_prefix_path/eli_cs_robot_simulation_gz
-- Up-to-date: /home/robot/project/ls65_ros/ls65/elite_ros_ws/install/eli_cs_robot_simulation_gz/share/eli_cs_robot_simulation_gz/environment/ament_prefix_path.sh
-- Up-to-date: /home/robot/project/ls65_ros/ls65/elite_ros_ws/install/eli_cs_robot_simulation_gz/share/eli_cs_robot_simulation_gz/environment/ament_prefix_path.dsv
-- Up-to-date: /home/robot/project/ls65_ros/ls65/elite_ros_ws/install/eli_cs_robot_simulation_gz/share/eli_cs_robot_simulation_gz/environment/path.sh
-- Up-to-date: /home/robot/project/ls65_ros/ls65/elite_ros_ws/install/eli_cs_robot_simulation_gz/share/eli_cs_robot_simulation_gz/environment/path.dsv
-- Up-to-date: /home/robot/project/ls65_ros/ls65/elite_ros_ws/install/eli_cs_robot_simulation_gz/share/eli_cs_robot_simulation_gz/local_setup.bash
-- Up-to-date: /home/robot/project/ls65_ros/ls65/elite_ros_ws/install/eli_cs_robot_simulation_gz/share/eli_cs_robot_simulation_gz/local_setup.sh
-- Up-to-date: /home/robot/project/ls65_ros/ls65/elite_ros_ws/install/eli_cs_robot_simulation_gz/share/eli_cs_robot_simulation_gz/local_setup.zsh
-- Up-to-date: /home/robot/project/ls65_ros/ls65/elite_ros_ws/install/eli_cs_robot_simulation_gz/share/eli_cs_robot_simulation_gz/local_setup.dsv
-- Up-to-date: /home/robot/project/ls65_ros/ls65/elite_ros_ws/install/eli_cs_robot_simulation_gz/share/eli_cs_robot_simulation_gz/package.dsv
-- Up-to-date: /home/robot/project/ls65_ros/ls65/elite_ros_ws/install/eli_cs_robot_simulation_gz/share/ament_index/resource_index/packages/eli_cs_robot_simulation_gz
-- Up-to-date: /home/robot/project/ls65_ros/ls65/elite_ros_ws/install/eli_cs_robot_simulation_gz/share/eli_cs_robot_simulation_gz/cmake/eli_cs_robot_simulation_gzConfig.cmake
-- Up-to-date: /home/robot/project/ls65_ros/ls65/elite_ros_ws/install/eli_cs_robot_simulation_gz/share/eli_cs_robot_simulation_gz/cmake/eli_cs_robot_simulation_gzConfig-version.cmake
-- Up-to-date: /home/robot/project/ls65_ros/ls65/elite_ros_ws/install/eli_cs_robot_simulation_gz/share/eli_cs_robot_simulation_gz/package.xml
