[0.012s] Invoking command in '/home/robot/project/ls65_ros/ls65/elite_ros_ws/build/eli_common_interface': CMAKE_PREFIX_PATH=${CMAKE_PREFIX_PATH}:/opt/ros/humble /usr/bin/cmake --build /home/robot/project/ls65_ros/ls65/elite_ros_ws/build/eli_common_interface -- -j16 -l16
[0.077s] [  1%] Built target eli_common_interface__rs
[0.080s] [  1%] Built target eli_common_interface__cpp
[0.083s] [ 13%] Built target eli_common_interface__rosidl_generator_c
[0.105s] [ 13%] Built target ament_cmake_python_copy_eli_common_interface
[0.110s] [ 24%] Built target eli_common_interface__rosidl_typesupport_c
[0.111s] [ 36%] Built target eli_common_interface__rosidl_typesupport_introspection_cpp
[0.112s] [ 48%] Built target eli_common_interface__rosidl_typesupport_cpp
[0.113s] [ 60%] Built target eli_common_interface__rosidl_typesupport_fastrtps_cpp
[0.115s] [ 71%] Built target eli_common_interface__rosidl_typesupport_fastrtps_c
[0.116s] [ 82%] Built target eli_common_interface__rosidl_typesupport_introspection_c
[0.135s] [ 82%] Built target eli_common_interface
[0.156s] [ 83%] Built target eli_common_interface__py
[0.185s] [ 94%] Built target eli_common_interface__rosidl_generator_py
[0.205s] [ 96%] Built target eli_common_interface__rosidl_typesupport_fastrtps_c__pyext
[0.208s] [ 98%] Built target eli_common_interface__rosidl_typesupport_introspection_c__pyext
[0.210s] [100%] Built target eli_common_interface__rosidl_typesupport_c__pyext
[0.262s] running egg_info
[0.262s] writing eli_common_interface.egg-info/PKG-INFO
[0.263s] writing dependency_links to eli_common_interface.egg-info/dependency_links.txt
[0.263s] writing top-level names to eli_common_interface.egg-info/top_level.txt
[0.265s] reading manifest file 'eli_common_interface.egg-info/SOURCES.txt'
[0.265s] writing manifest file 'eli_common_interface.egg-info/SOURCES.txt'
[0.286s] [100%] Built target ament_cmake_python_build_eli_common_interface_egg
[0.296s] Invoked command in '/home/robot/project/ls65_ros/ls65/elite_ros_ws/build/eli_common_interface' returned '0': CMAKE_PREFIX_PATH=${CMAKE_PREFIX_PATH}:/opt/ros/humble /usr/bin/cmake --build /home/robot/project/ls65_ros/ls65/elite_ros_ws/build/eli_common_interface -- -j16 -l16
[0.298s] Invoking command in '/home/robot/project/ls65_ros/ls65/elite_ros_ws/build/eli_common_interface': CMAKE_PREFIX_PATH=${CMAKE_PREFIX_PATH}:/opt/ros/humble /usr/bin/cmake --install /home/robot/project/ls65_ros/ls65/elite_ros_ws/build/eli_common_interface
[0.307s] -- Install configuration: ""
[0.307s] -- Up-to-date: /home/robot/project/ls65_ros/ls65/elite_ros_ws/install/eli_common_interface/share/ament_index/resource_index/rosidl_interfaces/eli_common_interface
[0.307s] -- Up-to-date: /home/robot/project/ls65_ros/ls65/elite_ros_ws/install/eli_common_interface/include/eli_common_interface/eli_common_interface
[0.307s] -- Up-to-date: /home/robot/project/ls65_ros/ls65/elite_ros_ws/install/eli_common_interface/include/eli_common_interface/eli_common_interface/msg
[0.307s] -- Up-to-date: /home/robot/project/ls65_ros/ls65/elite_ros_ws/install/eli_common_interface/include/eli_common_interface/eli_common_interface/msg/detail
[0.308s] -- Up-to-date: /home/robot/project/ls65_ros/ls65/elite_ros_ws/install/eli_common_interface/include/eli_common_interface/eli_common_interface/msg/detail/tool_data__struct.h
[0.308s] -- Up-to-date: /home/robot/project/ls65_ros/ls65/elite_ros_ws/install/eli_common_interface/include/eli_common_interface/eli_common_interface/msg/detail/io_state__struct.h
[0.308s] -- Up-to-date: /home/robot/project/ls65_ros/ls65/elite_ros_ws/install/eli_common_interface/include/eli_common_interface/eli_common_interface/msg/detail/safety_mode__type_support.h
[0.308s] -- Up-to-date: /home/robot/project/ls65_ros/ls65/elite_ros_ws/install/eli_common_interface/include/eli_common_interface/eli_common_interface/msg/detail/tool_data__functions.c
[0.308s] -- Up-to-date: /home/robot/project/ls65_ros/ls65/elite_ros_ws/install/eli_common_interface/include/eli_common_interface/eli_common_interface/msg/detail/analog__functions.c
[0.308s] -- Up-to-date: /home/robot/project/ls65_ros/ls65/elite_ros_ws/install/eli_common_interface/include/eli_common_interface/eli_common_interface/msg/detail/task_status__functions.h
[0.308s] -- Up-to-date: /home/robot/project/ls65_ros/ls65/elite_ros_ws/install/eli_common_interface/include/eli_common_interface/eli_common_interface/msg/detail/robot_mode__struct.h
[0.308s] -- Up-to-date: /home/robot/project/ls65_ros/ls65/elite_ros_ws/install/eli_common_interface/include/eli_common_interface/eli_common_interface/msg/detail/io_state__type_support.h
[0.308s] -- Up-to-date: /home/robot/project/ls65_ros/ls65/elite_ros_ws/install/eli_common_interface/include/eli_common_interface/eli_common_interface/msg/detail/safety_mode__functions.c
[0.308s] -- Up-to-date: /home/robot/project/ls65_ros/ls65/elite_ros_ws/install/eli_common_interface/include/eli_common_interface/eli_common_interface/msg/detail/task_status__struct.h
[0.309s] -- Up-to-date: /home/robot/project/ls65_ros/ls65/elite_ros_ws/install/eli_common_interface/include/eli_common_interface/eli_common_interface/msg/detail/robot_mode__functions.c
[0.309s] -- Up-to-date: /home/robot/project/ls65_ros/ls65/elite_ros_ws/install/eli_common_interface/include/eli_common_interface/eli_common_interface/msg/detail/analog__functions.h
[0.309s] -- Up-to-date: /home/robot/project/ls65_ros/ls65/elite_ros_ws/install/eli_common_interface/include/eli_common_interface/eli_common_interface/msg/detail/robot_mode__type_support.h
[0.309s] -- Up-to-date: /home/robot/project/ls65_ros/ls65/elite_ros_ws/install/eli_common_interface/include/eli_common_interface/eli_common_interface/msg/detail/tool_data__functions.h
[0.309s] -- Up-to-date: /home/robot/project/ls65_ros/ls65/elite_ros_ws/install/eli_common_interface/include/eli_common_interface/eli_common_interface/msg/detail/robot_mode__functions.h
[0.309s] -- Up-to-date: /home/robot/project/ls65_ros/ls65/elite_ros_ws/install/eli_common_interface/include/eli_common_interface/eli_common_interface/msg/detail/task_status__functions.c
[0.309s] -- Up-to-date: /home/robot/project/ls65_ros/ls65/elite_ros_ws/install/eli_common_interface/include/eli_common_interface/eli_common_interface/msg/detail/analog__type_support.h
[0.309s] -- Up-to-date: /home/robot/project/ls65_ros/ls65/elite_ros_ws/install/eli_common_interface/include/eli_common_interface/eli_common_interface/msg/detail/io_state__functions.c
[0.309s] -- Up-to-date: /home/robot/project/ls65_ros/ls65/elite_ros_ws/install/eli_common_interface/include/eli_common_interface/eli_common_interface/msg/detail/safety_mode__functions.h
[0.309s] -- Up-to-date: /home/robot/project/ls65_ros/ls65/elite_ros_ws/install/eli_common_interface/include/eli_common_interface/eli_common_interface/msg/detail/io_state__functions.h
[0.309s] -- Up-to-date: /home/robot/project/ls65_ros/ls65/elite_ros_ws/install/eli_common_interface/include/eli_common_interface/eli_common_interface/msg/detail/safety_mode__struct.h
[0.309s] -- Up-to-date: /home/robot/project/ls65_ros/ls65/elite_ros_ws/install/eli_common_interface/include/eli_common_interface/eli_common_interface/msg/detail/task_status__type_support.h
[0.309s] -- Up-to-date: /home/robot/project/ls65_ros/ls65/elite_ros_ws/install/eli_common_interface/include/eli_common_interface/eli_common_interface/msg/detail/tool_data__type_support.h
[0.309s] -- Up-to-date: /home/robot/project/ls65_ros/ls65/elite_ros_ws/install/eli_common_interface/include/eli_common_interface/eli_common_interface/msg/detail/analog__struct.h
[0.309s] -- Up-to-date: /home/robot/project/ls65_ros/ls65/elite_ros_ws/install/eli_common_interface/include/eli_common_interface/eli_common_interface/msg/analog.h
[0.309s] -- Up-to-date: /home/robot/project/ls65_ros/ls65/elite_ros_ws/install/eli_common_interface/include/eli_common_interface/eli_common_interface/msg/robot_mode.h
[0.309s] -- Up-to-date: /home/robot/project/ls65_ros/ls65/elite_ros_ws/install/eli_common_interface/include/eli_common_interface/eli_common_interface/msg/task_status.h
[0.309s] -- Up-to-date: /home/robot/project/ls65_ros/ls65/elite_ros_ws/install/eli_common_interface/include/eli_common_interface/eli_common_interface/msg/rosidl_generator_c__visibility_control.h
[0.309s] -- Up-to-date: /home/robot/project/ls65_ros/ls65/elite_ros_ws/install/eli_common_interface/include/eli_common_interface/eli_common_interface/msg/tool_data.h
[0.309s] -- Up-to-date: /home/robot/project/ls65_ros/ls65/elite_ros_ws/install/eli_common_interface/include/eli_common_interface/eli_common_interface/msg/safety_mode.h
[0.310s] -- Up-to-date: /home/robot/project/ls65_ros/ls65/elite_ros_ws/install/eli_common_interface/include/eli_common_interface/eli_common_interface/msg/io_state.h
[0.310s] -- Up-to-date: /home/robot/project/ls65_ros/ls65/elite_ros_ws/install/eli_common_interface/include/eli_common_interface/eli_common_interface/srv
[0.310s] -- Up-to-date: /home/robot/project/ls65_ros/ls65/elite_ros_ws/install/eli_common_interface/include/eli_common_interface/eli_common_interface/srv/detail
[0.310s] -- Up-to-date: /home/robot/project/ls65_ros/ls65/elite_ros_ws/install/eli_common_interface/include/eli_common_interface/eli_common_interface/srv/detail/get_task_status__struct.h
[0.310s] -- Up-to-date: /home/robot/project/ls65_ros/ls65/elite_ros_ws/install/eli_common_interface/include/eli_common_interface/eli_common_interface/srv/detail/set_payload__struct.h
[0.310s] -- Up-to-date: /home/robot/project/ls65_ros/ls65/elite_ros_ws/install/eli_common_interface/include/eli_common_interface/eli_common_interface/srv/detail/get_robot_mode__functions.h
[0.310s] -- Up-to-date: /home/robot/project/ls65_ros/ls65/elite_ros_ws/install/eli_common_interface/include/eli_common_interface/eli_common_interface/srv/detail/set_payload__functions.h
[0.310s] -- Up-to-date: /home/robot/project/ls65_ros/ls65/elite_ros_ws/install/eli_common_interface/include/eli_common_interface/eli_common_interface/srv/detail/set_speed_slider_fraction__struct.h
[0.310s] -- Up-to-date: /home/robot/project/ls65_ros/ls65/elite_ros_ws/install/eli_common_interface/include/eli_common_interface/eli_common_interface/srv/detail/set_payload__type_support.h
[0.310s] -- Up-to-date: /home/robot/project/ls65_ros/ls65/elite_ros_ws/install/eli_common_interface/include/eli_common_interface/eli_common_interface/srv/detail/get_task_status__type_support.h
[0.310s] -- Up-to-date: /home/robot/project/ls65_ros/ls65/elite_ros_ws/install/eli_common_interface/include/eli_common_interface/eli_common_interface/srv/detail/get_safety_mode__type_support.h
[0.310s] -- Up-to-date: /home/robot/project/ls65_ros/ls65/elite_ros_ws/install/eli_common_interface/include/eli_common_interface/eli_common_interface/srv/detail/get_robot_mode__type_support.h
[0.310s] -- Up-to-date: /home/robot/project/ls65_ros/ls65/elite_ros_ws/install/eli_common_interface/include/eli_common_interface/eli_common_interface/srv/detail/get_robot_mode__functions.c
[0.310s] -- Up-to-date: /home/robot/project/ls65_ros/ls65/elite_ros_ws/install/eli_common_interface/include/eli_common_interface/eli_common_interface/srv/detail/set_speed_slider_fraction__type_support.h
[0.310s] -- Up-to-date: /home/robot/project/ls65_ros/ls65/elite_ros_ws/install/eli_common_interface/include/eli_common_interface/eli_common_interface/srv/detail/get_safety_mode__struct.h
[0.310s] -- Up-to-date: /home/robot/project/ls65_ros/ls65/elite_ros_ws/install/eli_common_interface/include/eli_common_interface/eli_common_interface/srv/detail/set_payload__functions.c
[0.310s] -- Up-to-date: /home/robot/project/ls65_ros/ls65/elite_ros_ws/install/eli_common_interface/include/eli_common_interface/eli_common_interface/srv/detail/set_speed_slider_fraction__functions.h
[0.310s] -- Up-to-date: /home/robot/project/ls65_ros/ls65/elite_ros_ws/install/eli_common_interface/include/eli_common_interface/eli_common_interface/srv/detail/set_io__functions.c
[0.310s] -- Up-to-date: /home/robot/project/ls65_ros/ls65/elite_ros_ws/install/eli_common_interface/include/eli_common_interface/eli_common_interface/srv/detail/get_safety_mode__functions.c
[0.310s] -- Up-to-date: /home/robot/project/ls65_ros/ls65/elite_ros_ws/install/eli_common_interface/include/eli_common_interface/eli_common_interface/srv/detail/get_task_status__functions.h
[0.310s] -- Up-to-date: /home/robot/project/ls65_ros/ls65/elite_ros_ws/install/eli_common_interface/include/eli_common_interface/eli_common_interface/srv/detail/get_task_status__functions.c
[0.310s] -- Up-to-date: /home/robot/project/ls65_ros/ls65/elite_ros_ws/install/eli_common_interface/include/eli_common_interface/eli_common_interface/srv/detail/set_io__struct.h
[0.310s] -- Up-to-date: /home/robot/project/ls65_ros/ls65/elite_ros_ws/install/eli_common_interface/include/eli_common_interface/eli_common_interface/srv/detail/get_robot_mode__struct.h
[0.310s] -- Up-to-date: /home/robot/project/ls65_ros/ls65/elite_ros_ws/install/eli_common_interface/include/eli_common_interface/eli_common_interface/srv/detail/set_io__functions.h
[0.310s] -- Up-to-date: /home/robot/project/ls65_ros/ls65/elite_ros_ws/install/eli_common_interface/include/eli_common_interface/eli_common_interface/srv/detail/get_safety_mode__functions.h
[0.310s] -- Up-to-date: /home/robot/project/ls65_ros/ls65/elite_ros_ws/install/eli_common_interface/include/eli_common_interface/eli_common_interface/srv/detail/set_io__type_support.h
[0.311s] -- Up-to-date: /home/robot/project/ls65_ros/ls65/elite_ros_ws/install/eli_common_interface/include/eli_common_interface/eli_common_interface/srv/detail/set_speed_slider_fraction__functions.c
[0.311s] -- Up-to-date: /home/robot/project/ls65_ros/ls65/elite_ros_ws/install/eli_common_interface/include/eli_common_interface/eli_common_interface/srv/get_task_status.h
[0.311s] -- Up-to-date: /home/robot/project/ls65_ros/ls65/elite_ros_ws/install/eli_common_interface/include/eli_common_interface/eli_common_interface/srv/set_io.h
[0.311s] -- Up-to-date: /home/robot/project/ls65_ros/ls65/elite_ros_ws/install/eli_common_interface/include/eli_common_interface/eli_common_interface/srv/get_robot_mode.h
[0.311s] -- Up-to-date: /home/robot/project/ls65_ros/ls65/elite_ros_ws/install/eli_common_interface/include/eli_common_interface/eli_common_interface/srv/set_payload.h
[0.311s] -- Up-to-date: /home/robot/project/ls65_ros/ls65/elite_ros_ws/install/eli_common_interface/include/eli_common_interface/eli_common_interface/srv/set_speed_slider_fraction.h
[0.311s] -- Up-to-date: /home/robot/project/ls65_ros/ls65/elite_ros_ws/install/eli_common_interface/include/eli_common_interface/eli_common_interface/srv/get_safety_mode.h
[0.311s] -- Up-to-date: /home/robot/project/ls65_ros/ls65/elite_ros_ws/install/eli_common_interface/share/eli_common_interface/environment/library_path.sh
[0.311s] -- Up-to-date: /home/robot/project/ls65_ros/ls65/elite_ros_ws/install/eli_common_interface/share/eli_common_interface/environment/library_path.dsv
[0.311s] -- Up-to-date: /home/robot/project/ls65_ros/ls65/elite_ros_ws/install/eli_common_interface/lib/libeli_common_interface__rosidl_generator_c.so
[0.311s] -- Up-to-date: /home/robot/project/ls65_ros/ls65/elite_ros_ws/install/eli_common_interface/include/eli_common_interface/eli_common_interface
[0.311s] -- Up-to-date: /home/robot/project/ls65_ros/ls65/elite_ros_ws/install/eli_common_interface/include/eli_common_interface/eli_common_interface/msg
[0.311s] -- Up-to-date: /home/robot/project/ls65_ros/ls65/elite_ros_ws/install/eli_common_interface/include/eli_common_interface/eli_common_interface/msg/detail
[0.311s] -- Up-to-date: /home/robot/project/ls65_ros/ls65/elite_ros_ws/install/eli_common_interface/include/eli_common_interface/eli_common_interface/msg/detail/analog__rosidl_typesupport_fastrtps_c.h
[0.311s] -- Up-to-date: /home/robot/project/ls65_ros/ls65/elite_ros_ws/install/eli_common_interface/include/eli_common_interface/eli_common_interface/msg/detail/robot_mode__rosidl_typesupport_fastrtps_c.h
[0.311s] -- Up-to-date: /home/robot/project/ls65_ros/ls65/elite_ros_ws/install/eli_common_interface/include/eli_common_interface/eli_common_interface/msg/detail/task_status__rosidl_typesupport_fastrtps_c.h
[0.311s] -- Up-to-date: /home/robot/project/ls65_ros/ls65/elite_ros_ws/install/eli_common_interface/include/eli_common_interface/eli_common_interface/msg/detail/io_state__rosidl_typesupport_fastrtps_c.h
[0.311s] -- Up-to-date: /home/robot/project/ls65_ros/ls65/elite_ros_ws/install/eli_common_interface/include/eli_common_interface/eli_common_interface/msg/detail/tool_data__rosidl_typesupport_fastrtps_c.h
[0.311s] -- Up-to-date: /home/robot/project/ls65_ros/ls65/elite_ros_ws/install/eli_common_interface/include/eli_common_interface/eli_common_interface/msg/detail/safety_mode__rosidl_typesupport_fastrtps_c.h
[0.311s] -- Up-to-date: /home/robot/project/ls65_ros/ls65/elite_ros_ws/install/eli_common_interface/include/eli_common_interface/eli_common_interface/msg/rosidl_typesupport_fastrtps_c__visibility_control.h
[0.311s] -- Up-to-date: /home/robot/project/ls65_ros/ls65/elite_ros_ws/install/eli_common_interface/include/eli_common_interface/eli_common_interface/srv
[0.311s] -- Up-to-date: /home/robot/project/ls65_ros/ls65/elite_ros_ws/install/eli_common_interface/include/eli_common_interface/eli_common_interface/srv/detail
[0.311s] -- Up-to-date: /home/robot/project/ls65_ros/ls65/elite_ros_ws/install/eli_common_interface/include/eli_common_interface/eli_common_interface/srv/detail/get_robot_mode__rosidl_typesupport_fastrtps_c.h
[0.311s] -- Up-to-date: /home/robot/project/ls65_ros/ls65/elite_ros_ws/install/eli_common_interface/include/eli_common_interface/eli_common_interface/srv/detail/set_io__rosidl_typesupport_fastrtps_c.h
[0.311s] -- Up-to-date: /home/robot/project/ls65_ros/ls65/elite_ros_ws/install/eli_common_interface/include/eli_common_interface/eli_common_interface/srv/detail/get_task_status__rosidl_typesupport_fastrtps_c.h
[0.311s] -- Up-to-date: /home/robot/project/ls65_ros/ls65/elite_ros_ws/install/eli_common_interface/include/eli_common_interface/eli_common_interface/srv/detail/set_speed_slider_fraction__rosidl_typesupport_fastrtps_c.h
[0.311s] -- Up-to-date: /home/robot/project/ls65_ros/ls65/elite_ros_ws/install/eli_common_interface/include/eli_common_interface/eli_common_interface/srv/detail/get_safety_mode__rosidl_typesupport_fastrtps_c.h
[0.311s] -- Up-to-date: /home/robot/project/ls65_ros/ls65/elite_ros_ws/install/eli_common_interface/include/eli_common_interface/eli_common_interface/srv/detail/set_payload__rosidl_typesupport_fastrtps_c.h
[0.311s] -- Up-to-date: /home/robot/project/ls65_ros/ls65/elite_ros_ws/install/eli_common_interface/lib/libeli_common_interface__rosidl_typesupport_fastrtps_c.so
[0.312s] -- Up-to-date: /home/robot/project/ls65_ros/ls65/elite_ros_ws/install/eli_common_interface/include/eli_common_interface/eli_common_interface
[0.312s] -- Up-to-date: /home/robot/project/ls65_ros/ls65/elite_ros_ws/install/eli_common_interface/include/eli_common_interface/eli_common_interface/msg
[0.312s] -- Up-to-date: /home/robot/project/ls65_ros/ls65/elite_ros_ws/install/eli_common_interface/include/eli_common_interface/eli_common_interface/msg/detail
[0.312s] -- Up-to-date: /home/robot/project/ls65_ros/ls65/elite_ros_ws/install/eli_common_interface/include/eli_common_interface/eli_common_interface/msg/detail/io_state__rosidl_typesupport_introspection_c.h
[0.312s] -- Up-to-date: /home/robot/project/ls65_ros/ls65/elite_ros_ws/install/eli_common_interface/include/eli_common_interface/eli_common_interface/msg/detail/safety_mode__type_support.c
[0.312s] -- Up-to-date: /home/robot/project/ls65_ros/ls65/elite_ros_ws/install/eli_common_interface/include/eli_common_interface/eli_common_interface/msg/detail/robot_mode__rosidl_typesupport_introspection_c.h
[0.312s] -- Up-to-date: /home/robot/project/ls65_ros/ls65/elite_ros_ws/install/eli_common_interface/include/eli_common_interface/eli_common_interface/msg/detail/analog__rosidl_typesupport_introspection_c.h
[0.312s] -- Up-to-date: /home/robot/project/ls65_ros/ls65/elite_ros_ws/install/eli_common_interface/include/eli_common_interface/eli_common_interface/msg/detail/robot_mode__type_support.c
[0.312s] -- Up-to-date: /home/robot/project/ls65_ros/ls65/elite_ros_ws/install/eli_common_interface/include/eli_common_interface/eli_common_interface/msg/detail/task_status__rosidl_typesupport_introspection_c.h
[0.312s] -- Up-to-date: /home/robot/project/ls65_ros/ls65/elite_ros_ws/install/eli_common_interface/include/eli_common_interface/eli_common_interface/msg/detail/io_state__type_support.c
[0.312s] -- Up-to-date: /home/robot/project/ls65_ros/ls65/elite_ros_ws/install/eli_common_interface/include/eli_common_interface/eli_common_interface/msg/detail/task_status__type_support.c
[0.312s] -- Up-to-date: /home/robot/project/ls65_ros/ls65/elite_ros_ws/install/eli_common_interface/include/eli_common_interface/eli_common_interface/msg/detail/tool_data__type_support.c
[0.312s] -- Up-to-date: /home/robot/project/ls65_ros/ls65/elite_ros_ws/install/eli_common_interface/include/eli_common_interface/eli_common_interface/msg/detail/analog__type_support.c
[0.312s] -- Up-to-date: /home/robot/project/ls65_ros/ls65/elite_ros_ws/install/eli_common_interface/include/eli_common_interface/eli_common_interface/msg/detail/tool_data__rosidl_typesupport_introspection_c.h
[0.312s] -- Up-to-date: /home/robot/project/ls65_ros/ls65/elite_ros_ws/install/eli_common_interface/include/eli_common_interface/eli_common_interface/msg/detail/safety_mode__rosidl_typesupport_introspection_c.h
[0.312s] -- Up-to-date: /home/robot/project/ls65_ros/ls65/elite_ros_ws/install/eli_common_interface/include/eli_common_interface/eli_common_interface/msg/rosidl_typesupport_introspection_c__visibility_control.h
[0.312s] -- Up-to-date: /home/robot/project/ls65_ros/ls65/elite_ros_ws/install/eli_common_interface/include/eli_common_interface/eli_common_interface/srv
[0.312s] -- Up-to-date: /home/robot/project/ls65_ros/ls65/elite_ros_ws/install/eli_common_interface/include/eli_common_interface/eli_common_interface/srv/detail
[0.312s] -- Up-to-date: /home/robot/project/ls65_ros/ls65/elite_ros_ws/install/eli_common_interface/include/eli_common_interface/eli_common_interface/srv/detail/set_io__rosidl_typesupport_introspection_c.h
[0.312s] -- Up-to-date: /home/robot/project/ls65_ros/ls65/elite_ros_ws/install/eli_common_interface/include/eli_common_interface/eli_common_interface/srv/detail/get_task_status__type_support.c
[0.312s] -- Up-to-date: /home/robot/project/ls65_ros/ls65/elite_ros_ws/install/eli_common_interface/include/eli_common_interface/eli_common_interface/srv/detail/set_payload__type_support.c
[0.312s] -- Up-to-date: /home/robot/project/ls65_ros/ls65/elite_ros_ws/install/eli_common_interface/include/eli_common_interface/eli_common_interface/srv/detail/set_speed_slider_fraction__rosidl_typesupport_introspection_c.h
[0.312s] -- Up-to-date: /home/robot/project/ls65_ros/ls65/elite_ros_ws/install/eli_common_interface/include/eli_common_interface/eli_common_interface/srv/detail/get_task_status__rosidl_typesupport_introspection_c.h
[0.312s] -- Up-to-date: /home/robot/project/ls65_ros/ls65/elite_ros_ws/install/eli_common_interface/include/eli_common_interface/eli_common_interface/srv/detail/get_safety_mode__rosidl_typesupport_introspection_c.h
[0.312s] -- Up-to-date: /home/robot/project/ls65_ros/ls65/elite_ros_ws/install/eli_common_interface/include/eli_common_interface/eli_common_interface/srv/detail/set_io__type_support.c
[0.312s] -- Up-to-date: /home/robot/project/ls65_ros/ls65/elite_ros_ws/install/eli_common_interface/include/eli_common_interface/eli_common_interface/srv/detail/set_speed_slider_fraction__type_support.c
[0.312s] -- Up-to-date: /home/robot/project/ls65_ros/ls65/elite_ros_ws/install/eli_common_interface/include/eli_common_interface/eli_common_interface/srv/detail/set_payload__rosidl_typesupport_introspection_c.h
[0.313s] -- Up-to-date: /home/robot/project/ls65_ros/ls65/elite_ros_ws/install/eli_common_interface/include/eli_common_interface/eli_common_interface/srv/detail/get_robot_mode__rosidl_typesupport_introspection_c.h
[0.313s] -- Up-to-date: /home/robot/project/ls65_ros/ls65/elite_ros_ws/install/eli_common_interface/include/eli_common_interface/eli_common_interface/srv/detail/get_robot_mode__type_support.c
[0.313s] -- Up-to-date: /home/robot/project/ls65_ros/ls65/elite_ros_ws/install/eli_common_interface/include/eli_common_interface/eli_common_interface/srv/detail/get_safety_mode__type_support.c
[0.313s] -- Up-to-date: /home/robot/project/ls65_ros/ls65/elite_ros_ws/install/eli_common_interface/lib/libeli_common_interface__rosidl_typesupport_introspection_c.so
[0.313s] -- Up-to-date: /home/robot/project/ls65_ros/ls65/elite_ros_ws/install/eli_common_interface/lib/libeli_common_interface__rosidl_typesupport_c.so
[0.313s] -- Up-to-date: /home/robot/project/ls65_ros/ls65/elite_ros_ws/install/eli_common_interface/include/eli_common_interface/eli_common_interface
[0.313s] -- Up-to-date: /home/robot/project/ls65_ros/ls65/elite_ros_ws/install/eli_common_interface/include/eli_common_interface/eli_common_interface/msg
[0.313s] -- Up-to-date: /home/robot/project/ls65_ros/ls65/elite_ros_ws/install/eli_common_interface/include/eli_common_interface/eli_common_interface/msg/task_status.hpp
[0.313s] -- Up-to-date: /home/robot/project/ls65_ros/ls65/elite_ros_ws/install/eli_common_interface/include/eli_common_interface/eli_common_interface/msg/detail
[0.313s] -- Up-to-date: /home/robot/project/ls65_ros/ls65/elite_ros_ws/install/eli_common_interface/include/eli_common_interface/eli_common_interface/msg/detail/io_state__type_support.hpp
[0.313s] -- Up-to-date: /home/robot/project/ls65_ros/ls65/elite_ros_ws/install/eli_common_interface/include/eli_common_interface/eli_common_interface/msg/detail/robot_mode__struct.hpp
[0.313s] -- Up-to-date: /home/robot/project/ls65_ros/ls65/elite_ros_ws/install/eli_common_interface/include/eli_common_interface/eli_common_interface/msg/detail/tool_data__struct.hpp
[0.313s] -- Up-to-date: /home/robot/project/ls65_ros/ls65/elite_ros_ws/install/eli_common_interface/include/eli_common_interface/eli_common_interface/msg/detail/robot_mode__traits.hpp
[0.313s] -- Up-to-date: /home/robot/project/ls65_ros/ls65/elite_ros_ws/install/eli_common_interface/include/eli_common_interface/eli_common_interface/msg/detail/analog__traits.hpp
[0.313s] -- Up-to-date: /home/robot/project/ls65_ros/ls65/elite_ros_ws/install/eli_common_interface/include/eli_common_interface/eli_common_interface/msg/detail/robot_mode__builder.hpp
[0.313s] -- Up-to-date: /home/robot/project/ls65_ros/ls65/elite_ros_ws/install/eli_common_interface/include/eli_common_interface/eli_common_interface/msg/detail/task_status__type_support.hpp
[0.313s] -- Up-to-date: /home/robot/project/ls65_ros/ls65/elite_ros_ws/install/eli_common_interface/include/eli_common_interface/eli_common_interface/msg/detail/analog__builder.hpp
[0.313s] -- Up-to-date: /home/robot/project/ls65_ros/ls65/elite_ros_ws/install/eli_common_interface/include/eli_common_interface/eli_common_interface/msg/detail/safety_mode__struct.hpp
[0.313s] -- Up-to-date: /home/robot/project/ls65_ros/ls65/elite_ros_ws/install/eli_common_interface/include/eli_common_interface/eli_common_interface/msg/detail/safety_mode__type_support.hpp
[0.313s] -- Up-to-date: /home/robot/project/ls65_ros/ls65/elite_ros_ws/install/eli_common_interface/include/eli_common_interface/eli_common_interface/msg/detail/task_status__struct.hpp
[0.313s] -- Up-to-date: /home/robot/project/ls65_ros/ls65/elite_ros_ws/install/eli_common_interface/include/eli_common_interface/eli_common_interface/msg/detail/io_state__builder.hpp
[0.313s] -- Up-to-date: /home/robot/project/ls65_ros/ls65/elite_ros_ws/install/eli_common_interface/include/eli_common_interface/eli_common_interface/msg/detail/analog__type_support.hpp
[0.313s] -- Up-to-date: /home/robot/project/ls65_ros/ls65/elite_ros_ws/install/eli_common_interface/include/eli_common_interface/eli_common_interface/msg/detail/task_status__builder.hpp
[0.313s] -- Up-to-date: /home/robot/project/ls65_ros/ls65/elite_ros_ws/install/eli_common_interface/include/eli_common_interface/eli_common_interface/msg/detail/tool_data__builder.hpp
[0.313s] -- Up-to-date: /home/robot/project/ls65_ros/ls65/elite_ros_ws/install/eli_common_interface/include/eli_common_interface/eli_common_interface/msg/detail/safety_mode__traits.hpp
[0.313s] -- Up-to-date: /home/robot/project/ls65_ros/ls65/elite_ros_ws/install/eli_common_interface/include/eli_common_interface/eli_common_interface/msg/detail/analog__struct.hpp
[0.313s] -- Up-to-date: /home/robot/project/ls65_ros/ls65/elite_ros_ws/install/eli_common_interface/include/eli_common_interface/eli_common_interface/msg/detail/task_status__traits.hpp
[0.313s] -- Up-to-date: /home/robot/project/ls65_ros/ls65/elite_ros_ws/install/eli_common_interface/include/eli_common_interface/eli_common_interface/msg/detail/tool_data__type_support.hpp
[0.313s] -- Up-to-date: /home/robot/project/ls65_ros/ls65/elite_ros_ws/install/eli_common_interface/include/eli_common_interface/eli_common_interface/msg/detail/safety_mode__builder.hpp
[0.313s] -- Up-to-date: /home/robot/project/ls65_ros/ls65/elite_ros_ws/install/eli_common_interface/include/eli_common_interface/eli_common_interface/msg/detail/tool_data__traits.hpp
[0.313s] -- Up-to-date: /home/robot/project/ls65_ros/ls65/elite_ros_ws/install/eli_common_interface/include/eli_common_interface/eli_common_interface/msg/detail/io_state__struct.hpp
[0.313s] -- Up-to-date: /home/robot/project/ls65_ros/ls65/elite_ros_ws/install/eli_common_interface/include/eli_common_interface/eli_common_interface/msg/detail/io_state__traits.hpp
[0.313s] -- Up-to-date: /home/robot/project/ls65_ros/ls65/elite_ros_ws/install/eli_common_interface/include/eli_common_interface/eli_common_interface/msg/detail/robot_mode__type_support.hpp
[0.313s] -- Up-to-date: /home/robot/project/ls65_ros/ls65/elite_ros_ws/install/eli_common_interface/include/eli_common_interface/eli_common_interface/msg/io_state.hpp
[0.314s] -- Up-to-date: /home/robot/project/ls65_ros/ls65/elite_ros_ws/install/eli_common_interface/include/eli_common_interface/eli_common_interface/msg/robot_mode.hpp
[0.314s] -- Up-to-date: /home/robot/project/ls65_ros/ls65/elite_ros_ws/install/eli_common_interface/include/eli_common_interface/eli_common_interface/msg/safety_mode.hpp
[0.314s] -- Up-to-date: /home/robot/project/ls65_ros/ls65/elite_ros_ws/install/eli_common_interface/include/eli_common_interface/eli_common_interface/msg/rosidl_generator_cpp__visibility_control.hpp
[0.314s] -- Up-to-date: /home/robot/project/ls65_ros/ls65/elite_ros_ws/install/eli_common_interface/include/eli_common_interface/eli_common_interface/msg/tool_data.hpp
[0.314s] -- Up-to-date: /home/robot/project/ls65_ros/ls65/elite_ros_ws/install/eli_common_interface/include/eli_common_interface/eli_common_interface/msg/analog.hpp
[0.314s] -- Up-to-date: /home/robot/project/ls65_ros/ls65/elite_ros_ws/install/eli_common_interface/include/eli_common_interface/eli_common_interface/srv
[0.314s] -- Up-to-date: /home/robot/project/ls65_ros/ls65/elite_ros_ws/install/eli_common_interface/include/eli_common_interface/eli_common_interface/srv/detail
[0.314s] -- Up-to-date: /home/robot/project/ls65_ros/ls65/elite_ros_ws/install/eli_common_interface/include/eli_common_interface/eli_common_interface/srv/detail/get_robot_mode__struct.hpp
[0.314s] -- Up-to-date: /home/robot/project/ls65_ros/ls65/elite_ros_ws/install/eli_common_interface/include/eli_common_interface/eli_common_interface/srv/detail/set_payload__builder.hpp
[0.314s] -- Up-to-date: /home/robot/project/ls65_ros/ls65/elite_ros_ws/install/eli_common_interface/include/eli_common_interface/eli_common_interface/srv/detail/set_payload__traits.hpp
[0.314s] -- Up-to-date: /home/robot/project/ls65_ros/ls65/elite_ros_ws/install/eli_common_interface/include/eli_common_interface/eli_common_interface/srv/detail/get_robot_mode__traits.hpp
[0.314s] -- Up-to-date: /home/robot/project/ls65_ros/ls65/elite_ros_ws/install/eli_common_interface/include/eli_common_interface/eli_common_interface/srv/detail/get_robot_mode__builder.hpp
[0.314s] -- Up-to-date: /home/robot/project/ls65_ros/ls65/elite_ros_ws/install/eli_common_interface/include/eli_common_interface/eli_common_interface/srv/detail/get_safety_mode__type_support.hpp
[0.314s] -- Up-to-date: /home/robot/project/ls65_ros/ls65/elite_ros_ws/install/eli_common_interface/include/eli_common_interface/eli_common_interface/srv/detail/set_speed_slider_fraction__builder.hpp
[0.314s] -- Up-to-date: /home/robot/project/ls65_ros/ls65/elite_ros_ws/install/eli_common_interface/include/eli_common_interface/eli_common_interface/srv/detail/get_task_status__type_support.hpp
[0.314s] -- Up-to-date: /home/robot/project/ls65_ros/ls65/elite_ros_ws/install/eli_common_interface/include/eli_common_interface/eli_common_interface/srv/detail/get_safety_mode__struct.hpp
[0.314s] -- Up-to-date: /home/robot/project/ls65_ros/ls65/elite_ros_ws/install/eli_common_interface/include/eli_common_interface/eli_common_interface/srv/detail/set_io__builder.hpp
[0.314s] -- Up-to-date: /home/robot/project/ls65_ros/ls65/elite_ros_ws/install/eli_common_interface/include/eli_common_interface/eli_common_interface/srv/detail/set_speed_slider_fraction__type_support.hpp
[0.314s] -- Up-to-date: /home/robot/project/ls65_ros/ls65/elite_ros_ws/install/eli_common_interface/include/eli_common_interface/eli_common_interface/srv/detail/set_io__type_support.hpp
[0.314s] -- Up-to-date: /home/robot/project/ls65_ros/ls65/elite_ros_ws/install/eli_common_interface/include/eli_common_interface/eli_common_interface/srv/detail/set_speed_slider_fraction__struct.hpp
[0.314s] -- Up-to-date: /home/robot/project/ls65_ros/ls65/elite_ros_ws/install/eli_common_interface/include/eli_common_interface/eli_common_interface/srv/detail/get_safety_mode__traits.hpp
[0.314s] -- Up-to-date: /home/robot/project/ls65_ros/ls65/elite_ros_ws/install/eli_common_interface/include/eli_common_interface/eli_common_interface/srv/detail/set_payload__type_support.hpp
[0.314s] -- Up-to-date: /home/robot/project/ls65_ros/ls65/elite_ros_ws/install/eli_common_interface/include/eli_common_interface/eli_common_interface/srv/detail/set_speed_slider_fraction__traits.hpp
[0.314s] -- Up-to-date: /home/robot/project/ls65_ros/ls65/elite_ros_ws/install/eli_common_interface/include/eli_common_interface/eli_common_interface/srv/detail/get_task_status__struct.hpp
[0.314s] -- Up-to-date: /home/robot/project/ls65_ros/ls65/elite_ros_ws/install/eli_common_interface/include/eli_common_interface/eli_common_interface/srv/detail/get_task_status__builder.hpp
[0.314s] -- Up-to-date: /home/robot/project/ls65_ros/ls65/elite_ros_ws/install/eli_common_interface/include/eli_common_interface/eli_common_interface/srv/detail/get_robot_mode__type_support.hpp
[0.314s] -- Up-to-date: /home/robot/project/ls65_ros/ls65/elite_ros_ws/install/eli_common_interface/include/eli_common_interface/eli_common_interface/srv/detail/set_payload__struct.hpp
[0.314s] -- Up-to-date: /home/robot/project/ls65_ros/ls65/elite_ros_ws/install/eli_common_interface/include/eli_common_interface/eli_common_interface/srv/detail/get_task_status__traits.hpp
[0.314s] -- Up-to-date: /home/robot/project/ls65_ros/ls65/elite_ros_ws/install/eli_common_interface/include/eli_common_interface/eli_common_interface/srv/detail/set_io__traits.hpp
[0.314s] -- Up-to-date: /home/robot/project/ls65_ros/ls65/elite_ros_ws/install/eli_common_interface/include/eli_common_interface/eli_common_interface/srv/detail/get_safety_mode__builder.hpp
[0.314s] -- Up-to-date: /home/robot/project/ls65_ros/ls65/elite_ros_ws/install/eli_common_interface/include/eli_common_interface/eli_common_interface/srv/detail/set_io__struct.hpp
[0.314s] -- Up-to-date: /home/robot/project/ls65_ros/ls65/elite_ros_ws/install/eli_common_interface/include/eli_common_interface/eli_common_interface/srv/set_io.hpp
[0.314s] -- Up-to-date: /home/robot/project/ls65_ros/ls65/elite_ros_ws/install/eli_common_interface/include/eli_common_interface/eli_common_interface/srv/get_task_status.hpp
[0.314s] -- Up-to-date: /home/robot/project/ls65_ros/ls65/elite_ros_ws/install/eli_common_interface/include/eli_common_interface/eli_common_interface/srv/get_safety_mode.hpp
[0.315s] -- Up-to-date: /home/robot/project/ls65_ros/ls65/elite_ros_ws/install/eli_common_interface/include/eli_common_interface/eli_common_interface/srv/set_speed_slider_fraction.hpp
[0.315s] -- Up-to-date: /home/robot/project/ls65_ros/ls65/elite_ros_ws/install/eli_common_interface/include/eli_common_interface/eli_common_interface/srv/get_robot_mode.hpp
[0.315s] -- Up-to-date: /home/robot/project/ls65_ros/ls65/elite_ros_ws/install/eli_common_interface/include/eli_common_interface/eli_common_interface/srv/set_payload.hpp
[0.315s] -- Up-to-date: /home/robot/project/ls65_ros/ls65/elite_ros_ws/install/eli_common_interface/include/eli_common_interface/eli_common_interface
[0.315s] -- Up-to-date: /home/robot/project/ls65_ros/ls65/elite_ros_ws/install/eli_common_interface/include/eli_common_interface/eli_common_interface/msg
[0.315s] -- Up-to-date: /home/robot/project/ls65_ros/ls65/elite_ros_ws/install/eli_common_interface/include/eli_common_interface/eli_common_interface/msg/detail
[0.315s] -- Up-to-date: /home/robot/project/ls65_ros/ls65/elite_ros_ws/install/eli_common_interface/include/eli_common_interface/eli_common_interface/msg/detail/safety_mode__rosidl_typesupport_fastrtps_cpp.hpp
[0.315s] -- Up-to-date: /home/robot/project/ls65_ros/ls65/elite_ros_ws/install/eli_common_interface/include/eli_common_interface/eli_common_interface/msg/detail/io_state__rosidl_typesupport_fastrtps_cpp.hpp
[0.315s] -- Up-to-date: /home/robot/project/ls65_ros/ls65/elite_ros_ws/install/eli_common_interface/include/eli_common_interface/eli_common_interface/msg/detail/tool_data__rosidl_typesupport_fastrtps_cpp.hpp
[0.315s] -- Up-to-date: /home/robot/project/ls65_ros/ls65/elite_ros_ws/install/eli_common_interface/include/eli_common_interface/eli_common_interface/msg/detail/task_status__rosidl_typesupport_fastrtps_cpp.hpp
[0.315s] -- Up-to-date: /home/robot/project/ls65_ros/ls65/elite_ros_ws/install/eli_common_interface/include/eli_common_interface/eli_common_interface/msg/detail/dds_fastrtps
[0.315s] -- Up-to-date: /home/robot/project/ls65_ros/ls65/elite_ros_ws/install/eli_common_interface/include/eli_common_interface/eli_common_interface/msg/detail/analog__rosidl_typesupport_fastrtps_cpp.hpp
[0.315s] -- Up-to-date: /home/robot/project/ls65_ros/ls65/elite_ros_ws/install/eli_common_interface/include/eli_common_interface/eli_common_interface/msg/detail/robot_mode__rosidl_typesupport_fastrtps_cpp.hpp
[0.315s] -- Up-to-date: /home/robot/project/ls65_ros/ls65/elite_ros_ws/install/eli_common_interface/include/eli_common_interface/eli_common_interface/msg/rosidl_typesupport_fastrtps_cpp__visibility_control.h
[0.315s] -- Up-to-date: /home/robot/project/ls65_ros/ls65/elite_ros_ws/install/eli_common_interface/include/eli_common_interface/eli_common_interface/srv
[0.315s] -- Up-to-date: /home/robot/project/ls65_ros/ls65/elite_ros_ws/install/eli_common_interface/include/eli_common_interface/eli_common_interface/srv/detail
[0.315s] -- Up-to-date: /home/robot/project/ls65_ros/ls65/elite_ros_ws/install/eli_common_interface/include/eli_common_interface/eli_common_interface/srv/detail/set_payload__rosidl_typesupport_fastrtps_cpp.hpp
[0.315s] -- Up-to-date: /home/robot/project/ls65_ros/ls65/elite_ros_ws/install/eli_common_interface/include/eli_common_interface/eli_common_interface/srv/detail/set_speed_slider_fraction__rosidl_typesupport_fastrtps_cpp.hpp
[0.315s] -- Up-to-date: /home/robot/project/ls65_ros/ls65/elite_ros_ws/install/eli_common_interface/include/eli_common_interface/eli_common_interface/srv/detail/get_robot_mode__rosidl_typesupport_fastrtps_cpp.hpp
[0.315s] -- Up-to-date: /home/robot/project/ls65_ros/ls65/elite_ros_ws/install/eli_common_interface/include/eli_common_interface/eli_common_interface/srv/detail/get_safety_mode__rosidl_typesupport_fastrtps_cpp.hpp
[0.315s] -- Up-to-date: /home/robot/project/ls65_ros/ls65/elite_ros_ws/install/eli_common_interface/include/eli_common_interface/eli_common_interface/srv/detail/dds_fastrtps
[0.315s] -- Up-to-date: /home/robot/project/ls65_ros/ls65/elite_ros_ws/install/eli_common_interface/include/eli_common_interface/eli_common_interface/srv/detail/get_task_status__rosidl_typesupport_fastrtps_cpp.hpp
[0.315s] -- Up-to-date: /home/robot/project/ls65_ros/ls65/elite_ros_ws/install/eli_common_interface/include/eli_common_interface/eli_common_interface/srv/detail/set_io__rosidl_typesupport_fastrtps_cpp.hpp
[0.315s] -- Up-to-date: /home/robot/project/ls65_ros/ls65/elite_ros_ws/install/eli_common_interface/lib/libeli_common_interface__rosidl_typesupport_fastrtps_cpp.so
[0.315s] -- Up-to-date: /home/robot/project/ls65_ros/ls65/elite_ros_ws/install/eli_common_interface/include/eli_common_interface/eli_common_interface
[0.315s] -- Up-to-date: /home/robot/project/ls65_ros/ls65/elite_ros_ws/install/eli_common_interface/include/eli_common_interface/eli_common_interface/msg
[0.315s] -- Up-to-date: /home/robot/project/ls65_ros/ls65/elite_ros_ws/install/eli_common_interface/include/eli_common_interface/eli_common_interface/msg/detail
[0.315s] -- Up-to-date: /home/robot/project/ls65_ros/ls65/elite_ros_ws/install/eli_common_interface/include/eli_common_interface/eli_common_interface/msg/detail/task_status__rosidl_typesupport_introspection_cpp.hpp
[0.315s] -- Up-to-date: /home/robot/project/ls65_ros/ls65/elite_ros_ws/install/eli_common_interface/include/eli_common_interface/eli_common_interface/msg/detail/safety_mode__type_support.cpp
[0.315s] -- Up-to-date: /home/robot/project/ls65_ros/ls65/elite_ros_ws/install/eli_common_interface/include/eli_common_interface/eli_common_interface/msg/detail/analog__type_support.cpp
[0.315s] -- Up-to-date: /home/robot/project/ls65_ros/ls65/elite_ros_ws/install/eli_common_interface/include/eli_common_interface/eli_common_interface/msg/detail/io_state__type_support.cpp
[0.315s] -- Up-to-date: /home/robot/project/ls65_ros/ls65/elite_ros_ws/install/eli_common_interface/include/eli_common_interface/eli_common_interface/msg/detail/io_state__rosidl_typesupport_introspection_cpp.hpp
[0.315s] -- Up-to-date: /home/robot/project/ls65_ros/ls65/elite_ros_ws/install/eli_common_interface/include/eli_common_interface/eli_common_interface/msg/detail/analog__rosidl_typesupport_introspection_cpp.hpp
[0.315s] -- Up-to-date: /home/robot/project/ls65_ros/ls65/elite_ros_ws/install/eli_common_interface/include/eli_common_interface/eli_common_interface/msg/detail/robot_mode__type_support.cpp
[0.316s] -- Up-to-date: /home/robot/project/ls65_ros/ls65/elite_ros_ws/install/eli_common_interface/include/eli_common_interface/eli_common_interface/msg/detail/safety_mode__rosidl_typesupport_introspection_cpp.hpp
[0.316s] -- Up-to-date: /home/robot/project/ls65_ros/ls65/elite_ros_ws/install/eli_common_interface/include/eli_common_interface/eli_common_interface/msg/detail/robot_mode__rosidl_typesupport_introspection_cpp.hpp
[0.316s] -- Up-to-date: /home/robot/project/ls65_ros/ls65/elite_ros_ws/install/eli_common_interface/include/eli_common_interface/eli_common_interface/msg/detail/tool_data__type_support.cpp
[0.316s] -- Up-to-date: /home/robot/project/ls65_ros/ls65/elite_ros_ws/install/eli_common_interface/include/eli_common_interface/eli_common_interface/msg/detail/task_status__type_support.cpp
[0.316s] -- Up-to-date: /home/robot/project/ls65_ros/ls65/elite_ros_ws/install/eli_common_interface/include/eli_common_interface/eli_common_interface/msg/detail/tool_data__rosidl_typesupport_introspection_cpp.hpp
[0.316s] -- Up-to-date: /home/robot/project/ls65_ros/ls65/elite_ros_ws/install/eli_common_interface/include/eli_common_interface/eli_common_interface/srv
[0.316s] -- Up-to-date: /home/robot/project/ls65_ros/ls65/elite_ros_ws/install/eli_common_interface/include/eli_common_interface/eli_common_interface/srv/detail
[0.316s] -- Up-to-date: /home/robot/project/ls65_ros/ls65/elite_ros_ws/install/eli_common_interface/include/eli_common_interface/eli_common_interface/srv/detail/set_payload__type_support.cpp
[0.316s] -- Up-to-date: /home/robot/project/ls65_ros/ls65/elite_ros_ws/install/eli_common_interface/include/eli_common_interface/eli_common_interface/srv/detail/get_robot_mode__type_support.cpp
[0.316s] -- Up-to-date: /home/robot/project/ls65_ros/ls65/elite_ros_ws/install/eli_common_interface/include/eli_common_interface/eli_common_interface/srv/detail/set_speed_slider_fraction__type_support.cpp
[0.316s] -- Up-to-date: /home/robot/project/ls65_ros/ls65/elite_ros_ws/install/eli_common_interface/include/eli_common_interface/eli_common_interface/srv/detail/get_safety_mode__type_support.cpp
[0.316s] -- Up-to-date: /home/robot/project/ls65_ros/ls65/elite_ros_ws/install/eli_common_interface/include/eli_common_interface/eli_common_interface/srv/detail/get_task_status__rosidl_typesupport_introspection_cpp.hpp
[0.316s] -- Up-to-date: /home/robot/project/ls65_ros/ls65/elite_ros_ws/install/eli_common_interface/include/eli_common_interface/eli_common_interface/srv/detail/set_io__type_support.cpp
[0.316s] -- Up-to-date: /home/robot/project/ls65_ros/ls65/elite_ros_ws/install/eli_common_interface/include/eli_common_interface/eli_common_interface/srv/detail/get_robot_mode__rosidl_typesupport_introspection_cpp.hpp
[0.316s] -- Up-to-date: /home/robot/project/ls65_ros/ls65/elite_ros_ws/install/eli_common_interface/include/eli_common_interface/eli_common_interface/srv/detail/set_speed_slider_fraction__rosidl_typesupport_introspection_cpp.hpp
[0.316s] -- Up-to-date: /home/robot/project/ls65_ros/ls65/elite_ros_ws/install/eli_common_interface/include/eli_common_interface/eli_common_interface/srv/detail/set_io__rosidl_typesupport_introspection_cpp.hpp
[0.316s] -- Up-to-date: /home/robot/project/ls65_ros/ls65/elite_ros_ws/install/eli_common_interface/include/eli_common_interface/eli_common_interface/srv/detail/get_safety_mode__rosidl_typesupport_introspection_cpp.hpp
[0.316s] -- Up-to-date: /home/robot/project/ls65_ros/ls65/elite_ros_ws/install/eli_common_interface/include/eli_common_interface/eli_common_interface/srv/detail/set_payload__rosidl_typesupport_introspection_cpp.hpp
[0.316s] -- Up-to-date: /home/robot/project/ls65_ros/ls65/elite_ros_ws/install/eli_common_interface/include/eli_common_interface/eli_common_interface/srv/detail/get_task_status__type_support.cpp
[0.316s] -- Up-to-date: /home/robot/project/ls65_ros/ls65/elite_ros_ws/install/eli_common_interface/lib/libeli_common_interface__rosidl_typesupport_introspection_cpp.so
[0.316s] -- Up-to-date: /home/robot/project/ls65_ros/ls65/elite_ros_ws/install/eli_common_interface/lib/libeli_common_interface__rosidl_typesupport_cpp.so
[0.316s] -- Up-to-date: /home/robot/project/ls65_ros/ls65/elite_ros_ws/install/eli_common_interface/share/eli_common_interface/environment/pythonpath.sh
[0.316s] -- Up-to-date: /home/robot/project/ls65_ros/ls65/elite_ros_ws/install/eli_common_interface/share/eli_common_interface/environment/pythonpath.dsv
[0.316s] -- Up-to-date: /home/robot/project/ls65_ros/ls65/elite_ros_ws/install/eli_common_interface/local/lib/python3.10/dist-packages/eli_common_interface-0.0.1-py3.10.egg-info
[0.316s] -- Installing: /home/robot/project/ls65_ros/ls65/elite_ros_ws/install/eli_common_interface/local/lib/python3.10/dist-packages/eli_common_interface-0.0.1-py3.10.egg-info/dependency_links.txt
[0.316s] -- Installing: /home/robot/project/ls65_ros/ls65/elite_ros_ws/install/eli_common_interface/local/lib/python3.10/dist-packages/eli_common_interface-0.0.1-py3.10.egg-info/top_level.txt
[0.316s] -- Installing: /home/robot/project/ls65_ros/ls65/elite_ros_ws/install/eli_common_interface/local/lib/python3.10/dist-packages/eli_common_interface-0.0.1-py3.10.egg-info/SOURCES.txt
[0.316s] -- Installing: /home/robot/project/ls65_ros/ls65/elite_ros_ws/install/eli_common_interface/local/lib/python3.10/dist-packages/eli_common_interface-0.0.1-py3.10.egg-info/PKG-INFO
[0.316s] -- Up-to-date: /home/robot/project/ls65_ros/ls65/elite_ros_ws/install/eli_common_interface/local/lib/python3.10/dist-packages/eli_common_interface
[0.316s] -- Up-to-date: /home/robot/project/ls65_ros/ls65/elite_ros_ws/install/eli_common_interface/local/lib/python3.10/dist-packages/eli_common_interface/_eli_common_interface_s.ep.rosidl_typesupport_introspection_c.c
[0.316s] -- Up-to-date: /home/robot/project/ls65_ros/ls65/elite_ros_ws/install/eli_common_interface/local/lib/python3.10/dist-packages/eli_common_interface/_eli_common_interface_s.ep.rosidl_typesupport_fastrtps_c.c
[0.317s] -- Up-to-date: /home/robot/project/ls65_ros/ls65/elite_ros_ws/install/eli_common_interface/local/lib/python3.10/dist-packages/eli_common_interface/__init__.py
[0.317s] -- Up-to-date: /home/robot/project/ls65_ros/ls65/elite_ros_ws/install/eli_common_interface/local/lib/python3.10/dist-packages/eli_common_interface/eli_common_interface_s__rosidl_typesupport_fastrtps_c.cpython-310-x86_64-linux-gnu.so
[0.317s] -- Up-to-date: /home/robot/project/ls65_ros/ls65/elite_ros_ws/install/eli_common_interface/local/lib/python3.10/dist-packages/eli_common_interface/eli_common_interface_s__rosidl_typesupport_introspection_c.cpython-310-x86_64-linux-gnu.so
[0.317s] -- Up-to-date: /home/robot/project/ls65_ros/ls65/elite_ros_ws/install/eli_common_interface/local/lib/python3.10/dist-packages/eli_common_interface/_eli_common_interface_s.ep.rosidl_typesupport_c.c
[0.317s] -- Up-to-date: /home/robot/project/ls65_ros/ls65/elite_ros_ws/install/eli_common_interface/local/lib/python3.10/dist-packages/eli_common_interface/msg
[0.317s] -- Up-to-date: /home/robot/project/ls65_ros/ls65/elite_ros_ws/install/eli_common_interface/local/lib/python3.10/dist-packages/eli_common_interface/msg/_tool_data_s.c
[0.317s] -- Up-to-date: /home/robot/project/ls65_ros/ls65/elite_ros_ws/install/eli_common_interface/local/lib/python3.10/dist-packages/eli_common_interface/msg/_io_state.py
[0.317s] -- Up-to-date: /home/robot/project/ls65_ros/ls65/elite_ros_ws/install/eli_common_interface/local/lib/python3.10/dist-packages/eli_common_interface/msg/_io_state_s.c
[0.317s] -- Up-to-date: /home/robot/project/ls65_ros/ls65/elite_ros_ws/install/eli_common_interface/local/lib/python3.10/dist-packages/eli_common_interface/msg/_analog.py
[0.317s] -- Up-to-date: /home/robot/project/ls65_ros/ls65/elite_ros_ws/install/eli_common_interface/local/lib/python3.10/dist-packages/eli_common_interface/msg/__init__.py
[0.317s] -- Up-to-date: /home/robot/project/ls65_ros/ls65/elite_ros_ws/install/eli_common_interface/local/lib/python3.10/dist-packages/eli_common_interface/msg/_task_status.py
[0.317s] -- Up-to-date: /home/robot/project/ls65_ros/ls65/elite_ros_ws/install/eli_common_interface/local/lib/python3.10/dist-packages/eli_common_interface/msg/_tool_data.py
[0.317s] -- Up-to-date: /home/robot/project/ls65_ros/ls65/elite_ros_ws/install/eli_common_interface/local/lib/python3.10/dist-packages/eli_common_interface/msg/_safety_mode.py
[0.317s] -- Up-to-date: /home/robot/project/ls65_ros/ls65/elite_ros_ws/install/eli_common_interface/local/lib/python3.10/dist-packages/eli_common_interface/msg/_analog_s.c
[0.317s] -- Up-to-date: /home/robot/project/ls65_ros/ls65/elite_ros_ws/install/eli_common_interface/local/lib/python3.10/dist-packages/eli_common_interface/msg/_task_status_s.c
[0.317s] -- Up-to-date: /home/robot/project/ls65_ros/ls65/elite_ros_ws/install/eli_common_interface/local/lib/python3.10/dist-packages/eli_common_interface/msg/_robot_mode_s.c
[0.317s] -- Up-to-date: /home/robot/project/ls65_ros/ls65/elite_ros_ws/install/eli_common_interface/local/lib/python3.10/dist-packages/eli_common_interface/msg/_safety_mode_s.c
[0.317s] -- Up-to-date: /home/robot/project/ls65_ros/ls65/elite_ros_ws/install/eli_common_interface/local/lib/python3.10/dist-packages/eli_common_interface/msg/_robot_mode.py
[0.317s] -- Up-to-date: /home/robot/project/ls65_ros/ls65/elite_ros_ws/install/eli_common_interface/local/lib/python3.10/dist-packages/eli_common_interface/srv
[0.317s] -- Up-to-date: /home/robot/project/ls65_ros/ls65/elite_ros_ws/install/eli_common_interface/local/lib/python3.10/dist-packages/eli_common_interface/srv/_get_safety_mode.py
[0.317s] -- Up-to-date: /home/robot/project/ls65_ros/ls65/elite_ros_ws/install/eli_common_interface/local/lib/python3.10/dist-packages/eli_common_interface/srv/_get_robot_mode.py
[0.317s] -- Up-to-date: /home/robot/project/ls65_ros/ls65/elite_ros_ws/install/eli_common_interface/local/lib/python3.10/dist-packages/eli_common_interface/srv/_get_task_status_s.c
[0.317s] -- Up-to-date: /home/robot/project/ls65_ros/ls65/elite_ros_ws/install/eli_common_interface/local/lib/python3.10/dist-packages/eli_common_interface/srv/_set_payload.py
[0.317s] -- Up-to-date: /home/robot/project/ls65_ros/ls65/elite_ros_ws/install/eli_common_interface/local/lib/python3.10/dist-packages/eli_common_interface/srv/__init__.py
[0.317s] -- Up-to-date: /home/robot/project/ls65_ros/ls65/elite_ros_ws/install/eli_common_interface/local/lib/python3.10/dist-packages/eli_common_interface/srv/_set_io_s.c
[0.317s] -- Up-to-date: /home/robot/project/ls65_ros/ls65/elite_ros_ws/install/eli_common_interface/local/lib/python3.10/dist-packages/eli_common_interface/srv/_set_payload_s.c
[0.317s] -- Up-to-date: /home/robot/project/ls65_ros/ls65/elite_ros_ws/install/eli_common_interface/local/lib/python3.10/dist-packages/eli_common_interface/srv/_get_robot_mode_s.c
[0.317s] -- Up-to-date: /home/robot/project/ls65_ros/ls65/elite_ros_ws/install/eli_common_interface/local/lib/python3.10/dist-packages/eli_common_interface/srv/_set_speed_slider_fraction_s.c
[0.317s] -- Up-to-date: /home/robot/project/ls65_ros/ls65/elite_ros_ws/install/eli_common_interface/local/lib/python3.10/dist-packages/eli_common_interface/srv/_get_safety_mode_s.c
[0.317s] -- Up-to-date: /home/robot/project/ls65_ros/ls65/elite_ros_ws/install/eli_common_interface/local/lib/python3.10/dist-packages/eli_common_interface/srv/_set_speed_slider_fraction.py
[0.317s] -- Up-to-date: /home/robot/project/ls65_ros/ls65/elite_ros_ws/install/eli_common_interface/local/lib/python3.10/dist-packages/eli_common_interface/srv/_set_io.py
[0.317s] -- Up-to-date: /home/robot/project/ls65_ros/ls65/elite_ros_ws/install/eli_common_interface/local/lib/python3.10/dist-packages/eli_common_interface/srv/_get_task_status.py
[0.317s] -- Up-to-date: /home/robot/project/ls65_ros/ls65/elite_ros_ws/install/eli_common_interface/local/lib/python3.10/dist-packages/eli_common_interface/libeli_common_interface__rosidl_generator_py.so
[0.317s] -- Up-to-date: /home/robot/project/ls65_ros/ls65/elite_ros_ws/install/eli_common_interface/local/lib/python3.10/dist-packages/eli_common_interface/eli_common_interface_s__rosidl_typesupport_c.cpython-310-x86_64-linux-gnu.so
[0.342s] Listing '/home/robot/project/ls65_ros/ls65/elite_ros_ws/install/eli_common_interface/local/lib/python3.10/dist-packages/eli_common_interface'...
[0.342s] Listing '/home/robot/project/ls65_ros/ls65/elite_ros_ws/install/eli_common_interface/local/lib/python3.10/dist-packages/eli_common_interface/msg'...
[0.342s] Listing '/home/robot/project/ls65_ros/ls65/elite_ros_ws/install/eli_common_interface/local/lib/python3.10/dist-packages/eli_common_interface/srv'...
[0.346s] -- Up-to-date: /home/robot/project/ls65_ros/ls65/elite_ros_ws/install/eli_common_interface/local/lib/python3.10/dist-packages/eli_common_interface/eli_common_interface_s__rosidl_typesupport_fastrtps_c.cpython-310-x86_64-linux-gnu.so
[0.347s] -- Up-to-date: /home/robot/project/ls65_ros/ls65/elite_ros_ws/install/eli_common_interface/local/lib/python3.10/dist-packages/eli_common_interface/eli_common_interface_s__rosidl_typesupport_introspection_c.cpython-310-x86_64-linux-gnu.so
[0.347s] -- Up-to-date: /home/robot/project/ls65_ros/ls65/elite_ros_ws/install/eli_common_interface/local/lib/python3.10/dist-packages/eli_common_interface/eli_common_interface_s__rosidl_typesupport_c.cpython-310-x86_64-linux-gnu.so
[0.350s] -- Up-to-date: /home/robot/project/ls65_ros/ls65/elite_ros_ws/install/eli_common_interface/lib/libeli_common_interface__rosidl_generator_py.so
[0.351s] -- Up-to-date: /home/robot/project/ls65_ros/ls65/elite_ros_ws/install/eli_common_interface/share/ament_index/resource_index/rust_packages/eli_common_interface
[0.351s] -- Up-to-date: /home/robot/project/ls65_ros/ls65/elite_ros_ws/install/eli_common_interface/share/eli_common_interface/rust
[0.351s] -- Up-to-date: /home/robot/project/ls65_ros/ls65/elite_ros_ws/install/eli_common_interface/share/eli_common_interface/rust/src
[0.351s] -- Up-to-date: /home/robot/project/ls65_ros/ls65/elite_ros_ws/install/eli_common_interface/share/eli_common_interface/rust/src/msg.rs
[0.351s] -- Up-to-date: /home/robot/project/ls65_ros/ls65/elite_ros_ws/install/eli_common_interface/share/eli_common_interface/rust/src/srv.rs
[0.351s] -- Up-to-date: /home/robot/project/ls65_ros/ls65/elite_ros_ws/install/eli_common_interface/share/eli_common_interface/rust/src/msg
[0.351s] -- Up-to-date: /home/robot/project/ls65_ros/ls65/elite_ros_ws/install/eli_common_interface/share/eli_common_interface/rust/src/msg/rmw.rs
[0.351s] -- Up-to-date: /home/robot/project/ls65_ros/ls65/elite_ros_ws/install/eli_common_interface/share/eli_common_interface/rust/src/lib.rs
[0.352s] -- Up-to-date: /home/robot/project/ls65_ros/ls65/elite_ros_ws/install/eli_common_interface/share/eli_common_interface/rust/src/srv
[0.352s] -- Up-to-date: /home/robot/project/ls65_ros/ls65/elite_ros_ws/install/eli_common_interface/share/eli_common_interface/rust/src/srv/rmw.rs
[0.352s] -- Up-to-date: /home/robot/project/ls65_ros/ls65/elite_ros_ws/install/eli_common_interface/share/eli_common_interface/rust/build.rs
[0.352s] -- Up-to-date: /home/robot/project/ls65_ros/ls65/elite_ros_ws/install/eli_common_interface/share/eli_common_interface/rust/Cargo.toml
[0.352s] -- Up-to-date: /home/robot/project/ls65_ros/ls65/elite_ros_ws/install/eli_common_interface/share/eli_common_interface/srv/GetTaskStatus.idl
[0.352s] -- Up-to-date: /home/robot/project/ls65_ros/ls65/elite_ros_ws/install/eli_common_interface/share/eli_common_interface/srv/GetRobotMode.idl
[0.352s] -- Up-to-date: /home/robot/project/ls65_ros/ls65/elite_ros_ws/install/eli_common_interface/share/eli_common_interface/srv/GetSafetyMode.idl
[0.352s] -- Up-to-date: /home/robot/project/ls65_ros/ls65/elite_ros_ws/install/eli_common_interface/share/eli_common_interface/srv/SetIO.idl
[0.352s] -- Up-to-date: /home/robot/project/ls65_ros/ls65/elite_ros_ws/install/eli_common_interface/share/eli_common_interface/srv/SetSpeedSliderFraction.idl
[0.353s] -- Up-to-date: /home/robot/project/ls65_ros/ls65/elite_ros_ws/install/eli_common_interface/share/eli_common_interface/srv/SetPayload.idl
[0.353s] -- Up-to-date: /home/robot/project/ls65_ros/ls65/elite_ros_ws/install/eli_common_interface/share/eli_common_interface/msg/RobotMode.idl
[0.353s] -- Up-to-date: /home/robot/project/ls65_ros/ls65/elite_ros_ws/install/eli_common_interface/share/eli_common_interface/msg/TaskStatus.idl
[0.354s] -- Up-to-date: /home/robot/project/ls65_ros/ls65/elite_ros_ws/install/eli_common_interface/share/eli_common_interface/msg/SafetyMode.idl
[0.354s] -- Up-to-date: /home/robot/project/ls65_ros/ls65/elite_ros_ws/install/eli_common_interface/share/eli_common_interface/msg/Analog.idl
[0.354s] -- Up-to-date: /home/robot/project/ls65_ros/ls65/elite_ros_ws/install/eli_common_interface/share/eli_common_interface/msg/IOState.idl
[0.354s] -- Up-to-date: /home/robot/project/ls65_ros/ls65/elite_ros_ws/install/eli_common_interface/share/eli_common_interface/msg/ToolData.idl
[0.355s] -- Up-to-date: /home/robot/project/ls65_ros/ls65/elite_ros_ws/install/eli_common_interface/share/eli_common_interface/srv/GetTaskStatus.srv
[0.355s] -- Up-to-date: /home/robot/project/ls65_ros/ls65/elite_ros_ws/install/eli_common_interface/share/eli_common_interface/srv/GetTaskStatus_Request.msg
[0.355s] -- Up-to-date: /home/robot/project/ls65_ros/ls65/elite_ros_ws/install/eli_common_interface/share/eli_common_interface/srv/GetTaskStatus_Response.msg
[0.355s] -- Up-to-date: /home/robot/project/ls65_ros/ls65/elite_ros_ws/install/eli_common_interface/share/eli_common_interface/srv/GetRobotMode.srv
[0.355s] -- Up-to-date: /home/robot/project/ls65_ros/ls65/elite_ros_ws/install/eli_common_interface/share/eli_common_interface/srv/GetRobotMode_Request.msg
[0.355s] -- Up-to-date: /home/robot/project/ls65_ros/ls65/elite_ros_ws/install/eli_common_interface/share/eli_common_interface/srv/GetRobotMode_Response.msg
[0.356s] -- Up-to-date: /home/robot/project/ls65_ros/ls65/elite_ros_ws/install/eli_common_interface/share/eli_common_interface/srv/GetSafetyMode.srv
[0.356s] -- Up-to-date: /home/robot/project/ls65_ros/ls65/elite_ros_ws/install/eli_common_interface/share/eli_common_interface/srv/GetSafetyMode_Request.msg
[0.356s] -- Up-to-date: /home/robot/project/ls65_ros/ls65/elite_ros_ws/install/eli_common_interface/share/eli_common_interface/srv/GetSafetyMode_Response.msg
[0.356s] -- Up-to-date: /home/robot/project/ls65_ros/ls65/elite_ros_ws/install/eli_common_interface/share/eli_common_interface/srv/SetIO.srv
[0.356s] -- Up-to-date: /home/robot/project/ls65_ros/ls65/elite_ros_ws/install/eli_common_interface/share/eli_common_interface/srv/SetIO_Request.msg
[0.356s] -- Up-to-date: /home/robot/project/ls65_ros/ls65/elite_ros_ws/install/eli_common_interface/share/eli_common_interface/srv/SetIO_Response.msg
[0.356s] -- Up-to-date: /home/robot/project/ls65_ros/ls65/elite_ros_ws/install/eli_common_interface/share/eli_common_interface/srv/SetSpeedSliderFraction.srv
[0.356s] -- Up-to-date: /home/robot/project/ls65_ros/ls65/elite_ros_ws/install/eli_common_interface/share/eli_common_interface/srv/SetSpeedSliderFraction_Request.msg
[0.356s] -- Up-to-date: /home/robot/project/ls65_ros/ls65/elite_ros_ws/install/eli_common_interface/share/eli_common_interface/srv/SetSpeedSliderFraction_Response.msg
[0.357s] -- Up-to-date: /home/robot/project/ls65_ros/ls65/elite_ros_ws/install/eli_common_interface/share/eli_common_interface/srv/SetPayload.srv
[0.357s] -- Up-to-date: /home/robot/project/ls65_ros/ls65/elite_ros_ws/install/eli_common_interface/share/eli_common_interface/srv/SetPayload_Request.msg
[0.357s] -- Up-to-date: /home/robot/project/ls65_ros/ls65/elite_ros_ws/install/eli_common_interface/share/eli_common_interface/srv/SetPayload_Response.msg
[0.357s] -- Up-to-date: /home/robot/project/ls65_ros/ls65/elite_ros_ws/install/eli_common_interface/share/eli_common_interface/msg/RobotMode.msg
[0.357s] -- Up-to-date: /home/robot/project/ls65_ros/ls65/elite_ros_ws/install/eli_common_interface/share/eli_common_interface/msg/TaskStatus.msg
[0.357s] -- Up-to-date: /home/robot/project/ls65_ros/ls65/elite_ros_ws/install/eli_common_interface/share/eli_common_interface/msg/SafetyMode.msg
[0.357s] -- Up-to-date: /home/robot/project/ls65_ros/ls65/elite_ros_ws/install/eli_common_interface/share/eli_common_interface/msg/Analog.msg
[0.358s] -- Up-to-date: /home/robot/project/ls65_ros/ls65/elite_ros_ws/install/eli_common_interface/share/eli_common_interface/msg/IOState.msg
[0.358s] -- Up-to-date: /home/robot/project/ls65_ros/ls65/elite_ros_ws/install/eli_common_interface/share/eli_common_interface/msg/ToolData.msg
[0.358s] -- Up-to-date: /home/robot/project/ls65_ros/ls65/elite_ros_ws/install/eli_common_interface/share/ament_index/resource_index/package_run_dependencies/eli_common_interface
[0.359s] -- Up-to-date: /home/robot/project/ls65_ros/ls65/elite_ros_ws/install/eli_common_interface/share/ament_index/resource_index/parent_prefix_path/eli_common_interface
[0.361s] -- Up-to-date: /home/robot/project/ls65_ros/ls65/elite_ros_ws/install/eli_common_interface/share/eli_common_interface/environment/ament_prefix_path.sh
[0.361s] -- Up-to-date: /home/robot/project/ls65_ros/ls65/elite_ros_ws/install/eli_common_interface/share/eli_common_interface/environment/ament_prefix_path.dsv
[0.361s] -- Up-to-date: /home/robot/project/ls65_ros/ls65/elite_ros_ws/install/eli_common_interface/share/eli_common_interface/environment/path.sh
[0.362s] -- Up-to-date: /home/robot/project/ls65_ros/ls65/elite_ros_ws/install/eli_common_interface/share/eli_common_interface/environment/path.dsv
[0.362s] -- Up-to-date: /home/robot/project/ls65_ros/ls65/elite_ros_ws/install/eli_common_interface/share/eli_common_interface/local_setup.bash
[0.363s] -- Up-to-date: /home/robot/project/ls65_ros/ls65/elite_ros_ws/install/eli_common_interface/share/eli_common_interface/local_setup.sh
[0.363s] -- Up-to-date: /home/robot/project/ls65_ros/ls65/elite_ros_ws/install/eli_common_interface/share/eli_common_interface/local_setup.zsh
[0.363s] -- Up-to-date: /home/robot/project/ls65_ros/ls65/elite_ros_ws/install/eli_common_interface/share/eli_common_interface/local_setup.dsv
[0.363s] -- Installing: /home/robot/project/ls65_ros/ls65/elite_ros_ws/install/eli_common_interface/share/eli_common_interface/package.dsv
[0.364s] -- Up-to-date: /home/robot/project/ls65_ros/ls65/elite_ros_ws/install/eli_common_interface/share/ament_index/resource_index/packages/eli_common_interface
[0.364s] -- Up-to-date: /home/robot/project/ls65_ros/ls65/elite_ros_ws/install/eli_common_interface/share/eli_common_interface/cmake/export_eli_common_interface__rosidl_generator_cExport.cmake
[0.364s] -- Up-to-date: /home/robot/project/ls65_ros/ls65/elite_ros_ws/install/eli_common_interface/share/eli_common_interface/cmake/export_eli_common_interface__rosidl_generator_cExport-noconfig.cmake
[0.365s] -- Up-to-date: /home/robot/project/ls65_ros/ls65/elite_ros_ws/install/eli_common_interface/share/eli_common_interface/cmake/export_eli_common_interface__rosidl_typesupport_fastrtps_cExport.cmake
[0.365s] -- Up-to-date: /home/robot/project/ls65_ros/ls65/elite_ros_ws/install/eli_common_interface/share/eli_common_interface/cmake/export_eli_common_interface__rosidl_typesupport_fastrtps_cExport-noconfig.cmake
[0.365s] -- Up-to-date: /home/robot/project/ls65_ros/ls65/elite_ros_ws/install/eli_common_interface/share/eli_common_interface/cmake/eli_common_interface__rosidl_typesupport_introspection_cExport.cmake
[0.365s] -- Up-to-date: /home/robot/project/ls65_ros/ls65/elite_ros_ws/install/eli_common_interface/share/eli_common_interface/cmake/eli_common_interface__rosidl_typesupport_introspection_cExport-noconfig.cmake
[0.365s] -- Up-to-date: /home/robot/project/ls65_ros/ls65/elite_ros_ws/install/eli_common_interface/share/eli_common_interface/cmake/eli_common_interface__rosidl_typesupport_cExport.cmake
[0.365s] -- Up-to-date: /home/robot/project/ls65_ros/ls65/elite_ros_ws/install/eli_common_interface/share/eli_common_interface/cmake/eli_common_interface__rosidl_typesupport_cExport-noconfig.cmake
[0.366s] -- Up-to-date: /home/robot/project/ls65_ros/ls65/elite_ros_ws/install/eli_common_interface/share/eli_common_interface/cmake/export_eli_common_interface__rosidl_generator_cppExport.cmake
[0.366s] -- Up-to-date: /home/robot/project/ls65_ros/ls65/elite_ros_ws/install/eli_common_interface/share/eli_common_interface/cmake/export_eli_common_interface__rosidl_typesupport_fastrtps_cppExport.cmake
[0.366s] -- Up-to-date: /home/robot/project/ls65_ros/ls65/elite_ros_ws/install/eli_common_interface/share/eli_common_interface/cmake/export_eli_common_interface__rosidl_typesupport_fastrtps_cppExport-noconfig.cmake
[0.366s] -- Up-to-date: /home/robot/project/ls65_ros/ls65/elite_ros_ws/install/eli_common_interface/share/eli_common_interface/cmake/eli_common_interface__rosidl_typesupport_introspection_cppExport.cmake
[0.366s] -- Up-to-date: /home/robot/project/ls65_ros/ls65/elite_ros_ws/install/eli_common_interface/share/eli_common_interface/cmake/eli_common_interface__rosidl_typesupport_introspection_cppExport-noconfig.cmake
[0.367s] -- Up-to-date: /home/robot/project/ls65_ros/ls65/elite_ros_ws/install/eli_common_interface/share/eli_common_interface/cmake/eli_common_interface__rosidl_typesupport_cppExport.cmake
[0.367s] -- Up-to-date: /home/robot/project/ls65_ros/ls65/elite_ros_ws/install/eli_common_interface/share/eli_common_interface/cmake/eli_common_interface__rosidl_typesupport_cppExport-noconfig.cmake
[0.367s] -- Up-to-date: /home/robot/project/ls65_ros/ls65/elite_ros_ws/install/eli_common_interface/share/eli_common_interface/cmake/export_eli_common_interface__rosidl_generator_pyExport.cmake
[0.367s] -- Up-to-date: /home/robot/project/ls65_ros/ls65/elite_ros_ws/install/eli_common_interface/share/eli_common_interface/cmake/export_eli_common_interface__rosidl_generator_pyExport-noconfig.cmake
[0.367s] -- Up-to-date: /home/robot/project/ls65_ros/ls65/elite_ros_ws/install/eli_common_interface/share/eli_common_interface/cmake/rosidl_cmake-extras.cmake
[0.367s] -- Up-to-date: /home/robot/project/ls65_ros/ls65/elite_ros_ws/install/eli_common_interface/share/eli_common_interface/cmake/ament_cmake_export_dependencies-extras.cmake
[0.367s] -- Up-to-date: /home/robot/project/ls65_ros/ls65/elite_ros_ws/install/eli_common_interface/share/eli_common_interface/cmake/ament_cmake_export_include_directories-extras.cmake
[0.367s] -- Up-to-date: /home/robot/project/ls65_ros/ls65/elite_ros_ws/install/eli_common_interface/share/eli_common_interface/cmake/ament_cmake_export_libraries-extras.cmake
[0.367s] -- Up-to-date: /home/robot/project/ls65_ros/ls65/elite_ros_ws/install/eli_common_interface/share/eli_common_interface/cmake/ament_cmake_export_targets-extras.cmake
[0.367s] -- Up-to-date: /home/robot/project/ls65_ros/ls65/elite_ros_ws/install/eli_common_interface/share/eli_common_interface/cmake/rosidl_cmake_export_typesupport_targets-extras.cmake
[0.367s] -- Up-to-date: /home/robot/project/ls65_ros/ls65/elite_ros_ws/install/eli_common_interface/share/eli_common_interface/cmake/rosidl_cmake_export_typesupport_libraries-extras.cmake
[0.367s] -- Up-to-date: /home/robot/project/ls65_ros/ls65/elite_ros_ws/install/eli_common_interface/share/eli_common_interface/cmake/eli_common_interfaceConfig.cmake
[0.367s] -- Up-to-date: /home/robot/project/ls65_ros/ls65/elite_ros_ws/install/eli_common_interface/share/eli_common_interface/cmake/eli_common_interfaceConfig-version.cmake
[0.367s] -- Up-to-date: /home/robot/project/ls65_ros/ls65/elite_ros_ws/install/eli_common_interface/share/eli_common_interface/package.xml
[0.367s] Invoked command in '/home/robot/project/ls65_ros/ls65/elite_ros_ws/build/eli_common_interface' returned '0': CMAKE_PREFIX_PATH=${CMAKE_PREFIX_PATH}:/opt/ros/humble /usr/bin/cmake --install /home/robot/project/ls65_ros/ls65/elite_ros_ws/build/eli_common_interface
