[  1%] [34m[1mGenerating C code for ROS interfaces[0m
[  3%] [34m[1mGenerating Rust code for ROS interfaces[0m
[  4%] [34m[1mGenerating C++ code for ROS interfaces[0m
[  4%] Built target ament_cmake_python_copy_eli_dashboard_interface
running egg_info
creating eli_dashboard_interface.egg-info
writing eli_dashboard_interface.egg-info/PKG-INFO
writing dependency_links to eli_dashboard_interface.egg-info/dependency_links.txt
writing top-level names to eli_dashboard_interface.egg-info/top_level.txt
writing manifest file 'eli_dashboard_interface.egg-info/SOURCES.txt'
reading manifest file 'eli_dashboard_interface.egg-info/SOURCES.txt'
writing manifest file 'eli_dashboard_interface.egg-info/SOURCES.txt'
[  4%] Built target ament_cmake_python_build_eli_dashboard_interface_egg
[  4%] Built target eli_dashboard_interface__rs
[  4%] Built target eli_dashboard_interface__cpp
[  6%] [34m[1mGenerating C++ type support dispatch for ROS interfaces[0m
[  9%] [34m[1mGenerating C++ introspection for ROS interfaces[0m
[  9%] [34m[1mGenerating C++ type support for eProsima Fast-RTPS[0m
[ 10%] [32mBuilding C object CMakeFiles/eli_dashboard_interface__rosidl_generator_c.dir/rosidl_generator_c/eli_dashboard_interface/srv/detail/load__functions.c.o[0m
[ 12%] [32mBuilding C object CMakeFiles/eli_dashboard_interface__rosidl_generator_c.dir/rosidl_generator_c/eli_dashboard_interface/srv/detail/log__functions.c.o[0m
[ 15%] [32mBuilding C object CMakeFiles/eli_dashboard_interface__rosidl_generator_c.dir/rosidl_generator_c/eli_dashboard_interface/srv/detail/popup__functions.c.o[0m
[ 15%] [32mBuilding C object CMakeFiles/eli_dashboard_interface__rosidl_generator_c.dir/rosidl_generator_c/eli_dashboard_interface/srv/detail/is_saved__functions.c.o[0m
[ 17%] [32mBuilding C object CMakeFiles/eli_dashboard_interface__rosidl_generator_c.dir/rosidl_generator_c/eli_dashboard_interface/srv/detail/custom_request__functions.c.o[0m
[ 18%] [32m[1mLinking C shared library libeli_dashboard_interface__rosidl_generator_c.so[0m
[ 21%] [32mBuilding CXX object CMakeFiles/eli_dashboard_interface__rosidl_typesupport_cpp.dir/rosidl_typesupport_cpp/eli_dashboard_interface/srv/popup__type_support.cpp.o[0m
[ 21%] [32mBuilding CXX object CMakeFiles/eli_dashboard_interface__rosidl_typesupport_cpp.dir/rosidl_typesupport_cpp/eli_dashboard_interface/srv/log__type_support.cpp.o[0m
[ 23%] [32mBuilding CXX object CMakeFiles/eli_dashboard_interface__rosidl_typesupport_cpp.dir/rosidl_typesupport_cpp/eli_dashboard_interface/srv/custom_request__type_support.cpp.o[0m
[ 23%] Built target eli_dashboard_interface__rosidl_generator_c
[ 25%] [32mBuilding CXX object CMakeFiles/eli_dashboard_interface__rosidl_typesupport_cpp.dir/rosidl_typesupport_cpp/eli_dashboard_interface/srv/is_saved__type_support.cpp.o[0m
[ 26%] [32mBuilding CXX object CMakeFiles/eli_dashboard_interface__rosidl_typesupport_cpp.dir/rosidl_typesupport_cpp/eli_dashboard_interface/srv/load__type_support.cpp.o[0m
[ 28%] [34m[1mGenerating C type support dispatch for ROS interfaces[0m
[ 29%] [34m[1mGenerating C type support for eProsima Fast-RTPS[0m
[ 31%] [34m[1mGenerating C introspection for ROS interfaces[0m
[ 32%] [32mBuilding CXX object CMakeFiles/eli_dashboard_interface__rosidl_typesupport_introspection_cpp.dir/rosidl_typesupport_introspection_cpp/eli_dashboard_interface/srv/detail/log__type_support.cpp.o[0m
[ 34%] [32mBuilding CXX object CMakeFiles/eli_dashboard_interface__rosidl_typesupport_introspection_cpp.dir/rosidl_typesupport_introspection_cpp/eli_dashboard_interface/srv/detail/custom_request__type_support.cpp.o[0m
[ 37%] [32mBuilding CXX object CMakeFiles/eli_dashboard_interface__rosidl_typesupport_introspection_cpp.dir/rosidl_typesupport_introspection_cpp/eli_dashboard_interface/srv/detail/load__type_support.cpp.o[0m
[ 37%] [32mBuilding CXX object CMakeFiles/eli_dashboard_interface__rosidl_typesupport_introspection_cpp.dir/rosidl_typesupport_introspection_cpp/eli_dashboard_interface/srv/detail/popup__type_support.cpp.o[0m
[ 39%] [32mBuilding CXX object CMakeFiles/eli_dashboard_interface__rosidl_typesupport_introspection_cpp.dir/rosidl_typesupport_introspection_cpp/eli_dashboard_interface/srv/detail/is_saved__type_support.cpp.o[0m
[ 40%] [32mBuilding CXX object CMakeFiles/eli_dashboard_interface__rosidl_typesupport_fastrtps_cpp.dir/rosidl_typesupport_fastrtps_cpp/eli_dashboard_interface/srv/detail/dds_fastrtps/log__type_support.cpp.o[0m
[ 43%] [32mBuilding CXX object CMakeFiles/eli_dashboard_interface__rosidl_typesupport_fastrtps_cpp.dir/rosidl_typesupport_fastrtps_cpp/eli_dashboard_interface/srv/detail/dds_fastrtps/popup__type_support.cpp.o[0m
[ 43%] [32mBuilding CXX object CMakeFiles/eli_dashboard_interface__rosidl_typesupport_fastrtps_cpp.dir/rosidl_typesupport_fastrtps_cpp/eli_dashboard_interface/srv/detail/dds_fastrtps/load__type_support.cpp.o[0m
[ 45%] [32mBuilding CXX object CMakeFiles/eli_dashboard_interface__rosidl_typesupport_c.dir/rosidl_typesupport_c/eli_dashboard_interface/srv/load__type_support.cpp.o[0m
[ 46%] [32mBuilding CXX object CMakeFiles/eli_dashboard_interface__rosidl_typesupport_c.dir/rosidl_typesupport_c/eli_dashboard_interface/srv/popup__type_support.cpp.o[0m
[ 48%] [32mBuilding CXX object CMakeFiles/eli_dashboard_interface__rosidl_typesupport_c.dir/rosidl_typesupport_c/eli_dashboard_interface/srv/log__type_support.cpp.o[0m
[ 50%] [32mBuilding CXX object CMakeFiles/eli_dashboard_interface__rosidl_typesupport_c.dir/rosidl_typesupport_c/eli_dashboard_interface/srv/is_saved__type_support.cpp.o[0m
[ 51%] [32mBuilding CXX object CMakeFiles/eli_dashboard_interface__rosidl_typesupport_c.dir/rosidl_typesupport_c/eli_dashboard_interface/srv/custom_request__type_support.cpp.o[0m
[ 53%] [32m[1mLinking CXX shared library libeli_dashboard_interface__rosidl_typesupport_cpp.so[0m
[ 54%] [32mBuilding CXX object CMakeFiles/eli_dashboard_interface__rosidl_typesupport_fastrtps_cpp.dir/rosidl_typesupport_fastrtps_cpp/eli_dashboard_interface/srv/detail/dds_fastrtps/is_saved__type_support.cpp.o[0m
[ 56%] [32mBuilding CXX object CMakeFiles/eli_dashboard_interface__rosidl_typesupport_fastrtps_cpp.dir/rosidl_typesupport_fastrtps_cpp/eli_dashboard_interface/srv/detail/dds_fastrtps/custom_request__type_support.cpp.o[0m
[ 57%] [32m[1mLinking CXX shared library libeli_dashboard_interface__rosidl_typesupport_c.so[0m
[ 59%] [32mBuilding C object CMakeFiles/eli_dashboard_interface__rosidl_typesupport_introspection_c.dir/rosidl_typesupport_introspection_c/eli_dashboard_interface/srv/detail/load__type_support.c.o[0m
[ 62%] [32mBuilding CXX object CMakeFiles/eli_dashboard_interface__rosidl_typesupport_fastrtps_c.dir/rosidl_typesupport_fastrtps_c/eli_dashboard_interface/srv/detail/load__type_support_c.cpp.o[0m
[ 64%] [32mBuilding CXX object CMakeFiles/eli_dashboard_interface__rosidl_typesupport_fastrtps_c.dir/rosidl_typesupport_fastrtps_c/eli_dashboard_interface/srv/detail/log__type_support_c.cpp.o[0m
[ 60%] [32mBuilding CXX object CMakeFiles/eli_dashboard_interface__rosidl_typesupport_fastrtps_c.dir/rosidl_typesupport_fastrtps_c/eli_dashboard_interface/srv/detail/popup__type_support_c.cpp.o[0m
[ 64%] Built target eli_dashboard_interface__rosidl_typesupport_cpp
[ 65%] [32mBuilding C object CMakeFiles/eli_dashboard_interface__rosidl_typesupport_introspection_c.dir/rosidl_typesupport_introspection_c/eli_dashboard_interface/srv/detail/popup__type_support.c.o[0m
[ 67%] [32mBuilding C object CMakeFiles/eli_dashboard_interface__rosidl_typesupport_introspection_c.dir/rosidl_typesupport_introspection_c/eli_dashboard_interface/srv/detail/log__type_support.c.o[0m
[ 68%] [32mBuilding CXX object CMakeFiles/eli_dashboard_interface__rosidl_typesupport_fastrtps_c.dir/rosidl_typesupport_fastrtps_c/eli_dashboard_interface/srv/detail/is_saved__type_support_c.cpp.o[0m
[ 68%] Built target eli_dashboard_interface__rosidl_typesupport_c
[ 70%] [32mBuilding C object CMakeFiles/eli_dashboard_interface__rosidl_typesupport_introspection_c.dir/rosidl_typesupport_introspection_c/eli_dashboard_interface/srv/detail/is_saved__type_support.c.o[0m
[ 71%] [32mBuilding C object CMakeFiles/eli_dashboard_interface__rosidl_typesupport_introspection_c.dir/rosidl_typesupport_introspection_c/eli_dashboard_interface/srv/detail/custom_request__type_support.c.o[0m
[ 73%] [32mBuilding CXX object CMakeFiles/eli_dashboard_interface__rosidl_typesupport_fastrtps_c.dir/rosidl_typesupport_fastrtps_c/eli_dashboard_interface/srv/detail/custom_request__type_support_c.cpp.o[0m
[ 75%] [32m[1mLinking C shared library libeli_dashboard_interface__rosidl_typesupport_introspection_c.so[0m
[ 75%] Built target eli_dashboard_interface__rosidl_typesupport_introspection_c
[ 76%] [32m[1mLinking CXX shared library libeli_dashboard_interface__rosidl_typesupport_introspection_cpp.so[0m
[ 76%] Built target eli_dashboard_interface__rosidl_typesupport_introspection_cpp
[ 78%] [32m[1mLinking CXX shared library libeli_dashboard_interface__rosidl_typesupport_fastrtps_cpp.so[0m
[ 79%] [32m[1mLinking CXX shared library libeli_dashboard_interface__rosidl_typesupport_fastrtps_c.so[0m
[ 79%] Built target eli_dashboard_interface__rosidl_typesupport_fastrtps_cpp
[ 79%] Built target eli_dashboard_interface__rosidl_typesupport_fastrtps_c
[ 79%] Built target eli_dashboard_interface
[ 81%] [34m[1mGenerating Python code for ROS interfaces[0m
[ 81%] Built target eli_dashboard_interface__py
[ 82%] [32mBuilding C object CMakeFiles/eli_dashboard_interface__rosidl_generator_py.dir/rosidl_generator_py/eli_dashboard_interface/srv/_load_s.c.o[0m
[ 84%] [32mBuilding C object CMakeFiles/eli_dashboard_interface__rosidl_generator_py.dir/rosidl_generator_py/eli_dashboard_interface/srv/_log_s.c.o[0m
[ 85%] [32mBuilding C object CMakeFiles/eli_dashboard_interface__rosidl_generator_py.dir/rosidl_generator_py/eli_dashboard_interface/srv/_popup_s.c.o[0m
[ 87%] [32mBuilding C object CMakeFiles/eli_dashboard_interface__rosidl_generator_py.dir/rosidl_generator_py/eli_dashboard_interface/srv/_custom_request_s.c.o[0m
[ 89%] [32mBuilding C object CMakeFiles/eli_dashboard_interface__rosidl_generator_py.dir/rosidl_generator_py/eli_dashboard_interface/srv/_is_saved_s.c.o[0m
[ 90%] [32m[1mLinking C shared library rosidl_generator_py/eli_dashboard_interface/libeli_dashboard_interface__rosidl_generator_py.so[0m
[ 90%] Built target eli_dashboard_interface__rosidl_generator_py
[ 95%] [32mBuilding C object CMakeFiles/eli_dashboard_interface__rosidl_typesupport_introspection_c__pyext.dir/rosidl_generator_py/eli_dashboard_interface/_eli_dashboard_interface_s.ep.rosidl_typesupport_introspection_c.c.o[0m
[ 95%] [32mBuilding C object CMakeFiles/eli_dashboard_interface__rosidl_typesupport_fastrtps_c__pyext.dir/rosidl_generator_py/eli_dashboard_interface/_eli_dashboard_interface_s.ep.rosidl_typesupport_fastrtps_c.c.o[0m
[ 95%] [32mBuilding C object CMakeFiles/eli_dashboard_interface__rosidl_typesupport_c__pyext.dir/rosidl_generator_py/eli_dashboard_interface/_eli_dashboard_interface_s.ep.rosidl_typesupport_c.c.o[0m
[ 96%] [32m[1mLinking C shared library rosidl_generator_py/eli_dashboard_interface/eli_dashboard_interface_s__rosidl_typesupport_fastrtps_c.cpython-310-x86_64-linux-gnu.so[0m
[ 98%] [32m[1mLinking C shared library rosidl_generator_py/eli_dashboard_interface/eli_dashboard_interface_s__rosidl_typesupport_introspection_c.cpython-310-x86_64-linux-gnu.so[0m
[100%] [32m[1mLinking C shared library rosidl_generator_py/eli_dashboard_interface/eli_dashboard_interface_s__rosidl_typesupport_c.cpython-310-x86_64-linux-gnu.so[0m
[100%] Built target eli_dashboard_interface__rosidl_typesupport_introspection_c__pyext
[100%] Built target eli_dashboard_interface__rosidl_typesupport_fastrtps_c__pyext
[100%] Built target eli_dashboard_interface__rosidl_typesupport_c__pyext
