[0.016s] Invoking command in '/home/robot/project/ls65_ros/ls65/elite_ros_ws/build/eli_dashboard_interface': CMAKE_PREFIX_PATH=/opt/ros/humble /usr/bin/cmake --build /home/robot/project/ls65_ros/ls65/elite_ros_ws/build/eli_dashboard_interface -- -j16 -l16
[0.053s] [  1%] [34m[1mGenerating C code for ROS interfaces[0m
[0.057s] [  3%] [34m[1mGenerating Rust code for ROS interfaces[0m
[0.063s] [  4%] [34m[1mGenerating C++ code for ROS interfaces[0m
[0.064s] [  4%] Built target ament_cmake_python_copy_eli_dashboard_interface
[0.259s] running egg_info
[0.259s] creating eli_dashboard_interface.egg-info
[0.259s] writing eli_dashboard_interface.egg-info/PKG-INFO
[0.260s] writing dependency_links to eli_dashboard_interface.egg-info/dependency_links.txt
[0.260s] writing top-level names to eli_dashboard_interface.egg-info/top_level.txt
[0.260s] writing manifest file 'eli_dashboard_interface.egg-info/SOURCES.txt'
[0.269s] reading manifest file 'eli_dashboard_interface.egg-info/SOURCES.txt'
[0.269s] writing manifest file 'eli_dashboard_interface.egg-info/SOURCES.txt'
[0.291s] [  4%] Built target ament_cmake_python_build_eli_dashboard_interface_egg
[0.431s] [  4%] Built target eli_dashboard_interface__rs
[0.533s] [  4%] Built target eli_dashboard_interface__cpp
[0.541s] [  6%] [34m[1mGenerating C++ type support dispatch for ROS interfaces[0m
[0.543s] [  9%] [34m[1mGenerating C++ introspection for ROS interfaces[0m
[0.543s] [  9%] [34m[1mGenerating C++ type support for eProsima Fast-RTPS[0m
[0.673s] [ 10%] [32mBuilding C object CMakeFiles/eli_dashboard_interface__rosidl_generator_c.dir/rosidl_generator_c/eli_dashboard_interface/srv/detail/load__functions.c.o[0m
[0.674s] [ 12%] [32mBuilding C object CMakeFiles/eli_dashboard_interface__rosidl_generator_c.dir/rosidl_generator_c/eli_dashboard_interface/srv/detail/log__functions.c.o[0m
[0.674s] [ 15%] [32mBuilding C object CMakeFiles/eli_dashboard_interface__rosidl_generator_c.dir/rosidl_generator_c/eli_dashboard_interface/srv/detail/popup__functions.c.o[0m
[0.674s] [ 15%] [32mBuilding C object CMakeFiles/eli_dashboard_interface__rosidl_generator_c.dir/rosidl_generator_c/eli_dashboard_interface/srv/detail/is_saved__functions.c.o[0m
[0.675s] [ 17%] [32mBuilding C object CMakeFiles/eli_dashboard_interface__rosidl_generator_c.dir/rosidl_generator_c/eli_dashboard_interface/srv/detail/custom_request__functions.c.o[0m
[0.872s] [ 18%] [32m[1mLinking C shared library libeli_dashboard_interface__rosidl_generator_c.so[0m
[0.907s] [ 21%] [32mBuilding CXX object CMakeFiles/eli_dashboard_interface__rosidl_typesupport_cpp.dir/rosidl_typesupport_cpp/eli_dashboard_interface/srv/popup__type_support.cpp.o[0m
[0.907s] [ 21%] [32mBuilding CXX object CMakeFiles/eli_dashboard_interface__rosidl_typesupport_cpp.dir/rosidl_typesupport_cpp/eli_dashboard_interface/srv/log__type_support.cpp.o[0m
[0.908s] [ 23%] [32mBuilding CXX object CMakeFiles/eli_dashboard_interface__rosidl_typesupport_cpp.dir/rosidl_typesupport_cpp/eli_dashboard_interface/srv/custom_request__type_support.cpp.o[0m
[0.909s] [ 23%] Built target eli_dashboard_interface__rosidl_generator_c
[0.910s] [ 25%] [32mBuilding CXX object CMakeFiles/eli_dashboard_interface__rosidl_typesupport_cpp.dir/rosidl_typesupport_cpp/eli_dashboard_interface/srv/is_saved__type_support.cpp.o[0m
[0.910s] [ 26%] [32mBuilding CXX object CMakeFiles/eli_dashboard_interface__rosidl_typesupport_cpp.dir/rosidl_typesupport_cpp/eli_dashboard_interface/srv/load__type_support.cpp.o[0m
[0.917s] [ 28%] [34m[1mGenerating C type support dispatch for ROS interfaces[0m
[0.918s] [ 29%] [34m[1mGenerating C type support for eProsima Fast-RTPS[0m
[0.918s] [ 31%] [34m[1mGenerating C introspection for ROS interfaces[0m
[0.985s] [ 32%] [32mBuilding CXX object CMakeFiles/eli_dashboard_interface__rosidl_typesupport_introspection_cpp.dir/rosidl_typesupport_introspection_cpp/eli_dashboard_interface/srv/detail/log__type_support.cpp.o[0m
[0.987s] [ 34%] [32mBuilding CXX object CMakeFiles/eli_dashboard_interface__rosidl_typesupport_introspection_cpp.dir/rosidl_typesupport_introspection_cpp/eli_dashboard_interface/srv/detail/custom_request__type_support.cpp.o[0m
[0.987s] [ 37%] [32mBuilding CXX object CMakeFiles/eli_dashboard_interface__rosidl_typesupport_introspection_cpp.dir/rosidl_typesupport_introspection_cpp/eli_dashboard_interface/srv/detail/load__type_support.cpp.o[0m
[0.987s] [ 37%] [32mBuilding CXX object CMakeFiles/eli_dashboard_interface__rosidl_typesupport_introspection_cpp.dir/rosidl_typesupport_introspection_cpp/eli_dashboard_interface/srv/detail/popup__type_support.cpp.o[0m
[0.987s] [ 39%] [32mBuilding CXX object CMakeFiles/eli_dashboard_interface__rosidl_typesupport_introspection_cpp.dir/rosidl_typesupport_introspection_cpp/eli_dashboard_interface/srv/detail/is_saved__type_support.cpp.o[0m
[1.076s] [ 40%] [32mBuilding CXX object CMakeFiles/eli_dashboard_interface__rosidl_typesupport_fastrtps_cpp.dir/rosidl_typesupport_fastrtps_cpp/eli_dashboard_interface/srv/detail/dds_fastrtps/log__type_support.cpp.o[0m
[1.077s] [ 43%] [32mBuilding CXX object CMakeFiles/eli_dashboard_interface__rosidl_typesupport_fastrtps_cpp.dir/rosidl_typesupport_fastrtps_cpp/eli_dashboard_interface/srv/detail/dds_fastrtps/popup__type_support.cpp.o[0m
[1.077s] [ 43%] [32mBuilding CXX object CMakeFiles/eli_dashboard_interface__rosidl_typesupport_fastrtps_cpp.dir/rosidl_typesupport_fastrtps_cpp/eli_dashboard_interface/srv/detail/dds_fastrtps/load__type_support.cpp.o[0m
[1.500s] [ 45%] [32mBuilding CXX object CMakeFiles/eli_dashboard_interface__rosidl_typesupport_c.dir/rosidl_typesupport_c/eli_dashboard_interface/srv/load__type_support.cpp.o[0m
[1.542s] [ 46%] [32mBuilding CXX object CMakeFiles/eli_dashboard_interface__rosidl_typesupport_c.dir/rosidl_typesupport_c/eli_dashboard_interface/srv/popup__type_support.cpp.o[0m
[1.546s] [ 48%] [32mBuilding CXX object CMakeFiles/eli_dashboard_interface__rosidl_typesupport_c.dir/rosidl_typesupport_c/eli_dashboard_interface/srv/log__type_support.cpp.o[0m
[1.558s] [ 50%] [32mBuilding CXX object CMakeFiles/eli_dashboard_interface__rosidl_typesupport_c.dir/rosidl_typesupport_c/eli_dashboard_interface/srv/is_saved__type_support.cpp.o[0m
[1.564s] [ 51%] [32mBuilding CXX object CMakeFiles/eli_dashboard_interface__rosidl_typesupport_c.dir/rosidl_typesupport_c/eli_dashboard_interface/srv/custom_request__type_support.cpp.o[0m
[1.569s] [ 53%] [32m[1mLinking CXX shared library libeli_dashboard_interface__rosidl_typesupport_cpp.so[0m
[1.598s] [ 54%] [32mBuilding CXX object CMakeFiles/eli_dashboard_interface__rosidl_typesupport_fastrtps_cpp.dir/rosidl_typesupport_fastrtps_cpp/eli_dashboard_interface/srv/detail/dds_fastrtps/is_saved__type_support.cpp.o[0m
[1.617s] [ 56%] [32mBuilding CXX object CMakeFiles/eli_dashboard_interface__rosidl_typesupport_fastrtps_cpp.dir/rosidl_typesupport_fastrtps_cpp/eli_dashboard_interface/srv/detail/dds_fastrtps/custom_request__type_support.cpp.o[0m
[1.646s] [ 57%] [32m[1mLinking CXX shared library libeli_dashboard_interface__rosidl_typesupport_c.so[0m
[1.666s] [ 59%] [32mBuilding C object CMakeFiles/eli_dashboard_interface__rosidl_typesupport_introspection_c.dir/rosidl_typesupport_introspection_c/eli_dashboard_interface/srv/detail/load__type_support.c.o[0m
[1.666s] [ 62%] [32mBuilding CXX object CMakeFiles/eli_dashboard_interface__rosidl_typesupport_fastrtps_c.dir/rosidl_typesupport_fastrtps_c/eli_dashboard_interface/srv/detail/load__type_support_c.cpp.o[0m
[1.668s] [ 64%] [32mBuilding CXX object CMakeFiles/eli_dashboard_interface__rosidl_typesupport_fastrtps_c.dir/rosidl_typesupport_fastrtps_c/eli_dashboard_interface/srv/detail/log__type_support_c.cpp.o[0m
[1.670s] [ 60%] [32mBuilding CXX object CMakeFiles/eli_dashboard_interface__rosidl_typesupport_fastrtps_c.dir/rosidl_typesupport_fastrtps_c/eli_dashboard_interface/srv/detail/popup__type_support_c.cpp.o[0m
[1.682s] [ 64%] Built target eli_dashboard_interface__rosidl_typesupport_cpp
[1.701s] [ 65%] [32mBuilding C object CMakeFiles/eli_dashboard_interface__rosidl_typesupport_introspection_c.dir/rosidl_typesupport_introspection_c/eli_dashboard_interface/srv/detail/popup__type_support.c.o[0m
[1.748s] [ 67%] [32mBuilding C object CMakeFiles/eli_dashboard_interface__rosidl_typesupport_introspection_c.dir/rosidl_typesupport_introspection_c/eli_dashboard_interface/srv/detail/log__type_support.c.o[0m
[1.753s] [ 68%] [32mBuilding CXX object CMakeFiles/eli_dashboard_interface__rosidl_typesupport_fastrtps_c.dir/rosidl_typesupport_fastrtps_c/eli_dashboard_interface/srv/detail/is_saved__type_support_c.cpp.o[0m
[1.754s] [ 68%] Built target eli_dashboard_interface__rosidl_typesupport_c
[1.762s] [ 70%] [32mBuilding C object CMakeFiles/eli_dashboard_interface__rosidl_typesupport_introspection_c.dir/rosidl_typesupport_introspection_c/eli_dashboard_interface/srv/detail/is_saved__type_support.c.o[0m
[1.789s] [ 71%] [32mBuilding C object CMakeFiles/eli_dashboard_interface__rosidl_typesupport_introspection_c.dir/rosidl_typesupport_introspection_c/eli_dashboard_interface/srv/detail/custom_request__type_support.c.o[0m
[1.790s] [ 73%] [32mBuilding CXX object CMakeFiles/eli_dashboard_interface__rosidl_typesupport_fastrtps_c.dir/rosidl_typesupport_fastrtps_c/eli_dashboard_interface/srv/detail/custom_request__type_support_c.cpp.o[0m
[1.848s] [ 75%] [32m[1mLinking C shared library libeli_dashboard_interface__rosidl_typesupport_introspection_c.so[0m
[1.907s] [ 75%] Built target eli_dashboard_interface__rosidl_typesupport_introspection_c
[1.963s] [ 76%] [32m[1mLinking CXX shared library libeli_dashboard_interface__rosidl_typesupport_introspection_cpp.so[0m
[2.118s] [ 76%] Built target eli_dashboard_interface__rosidl_typesupport_introspection_cpp
[2.286s] [ 78%] [32m[1mLinking CXX shared library libeli_dashboard_interface__rosidl_typesupport_fastrtps_cpp.so[0m
[2.305s] [ 79%] [32m[1mLinking CXX shared library libeli_dashboard_interface__rosidl_typesupport_fastrtps_c.so[0m
[2.384s] [ 79%] Built target eli_dashboard_interface__rosidl_typesupport_fastrtps_cpp
[2.410s] [ 79%] Built target eli_dashboard_interface__rosidl_typesupport_fastrtps_c
[2.435s] [ 79%] Built target eli_dashboard_interface
[2.478s] [ 81%] [34m[1mGenerating Python code for ROS interfaces[0m
[4.009s] [ 81%] Built target eli_dashboard_interface__py
[4.041s] [ 82%] [32mBuilding C object CMakeFiles/eli_dashboard_interface__rosidl_generator_py.dir/rosidl_generator_py/eli_dashboard_interface/srv/_load_s.c.o[0m
[4.049s] [ 84%] [32mBuilding C object CMakeFiles/eli_dashboard_interface__rosidl_generator_py.dir/rosidl_generator_py/eli_dashboard_interface/srv/_log_s.c.o[0m
[4.051s] [ 85%] [32mBuilding C object CMakeFiles/eli_dashboard_interface__rosidl_generator_py.dir/rosidl_generator_py/eli_dashboard_interface/srv/_popup_s.c.o[0m
[4.052s] [ 87%] [32mBuilding C object CMakeFiles/eli_dashboard_interface__rosidl_generator_py.dir/rosidl_generator_py/eli_dashboard_interface/srv/_custom_request_s.c.o[0m
[4.059s] [ 89%] [32mBuilding C object CMakeFiles/eli_dashboard_interface__rosidl_generator_py.dir/rosidl_generator_py/eli_dashboard_interface/srv/_is_saved_s.c.o[0m
[4.214s] [ 90%] [32m[1mLinking C shared library rosidl_generator_py/eli_dashboard_interface/libeli_dashboard_interface__rosidl_generator_py.so[0m
[4.263s] [ 90%] Built target eli_dashboard_interface__rosidl_generator_py
[4.287s] [ 95%] [32mBuilding C object CMakeFiles/eli_dashboard_interface__rosidl_typesupport_introspection_c__pyext.dir/rosidl_generator_py/eli_dashboard_interface/_eli_dashboard_interface_s.ep.rosidl_typesupport_introspection_c.c.o[0m
[4.287s] [ 95%] [32mBuilding C object CMakeFiles/eli_dashboard_interface__rosidl_typesupport_fastrtps_c__pyext.dir/rosidl_generator_py/eli_dashboard_interface/_eli_dashboard_interface_s.ep.rosidl_typesupport_fastrtps_c.c.o[0m
[4.287s] [ 95%] [32mBuilding C object CMakeFiles/eli_dashboard_interface__rosidl_typesupport_c__pyext.dir/rosidl_generator_py/eli_dashboard_interface/_eli_dashboard_interface_s.ep.rosidl_typesupport_c.c.o[0m
[4.390s] [ 96%] [32m[1mLinking C shared library rosidl_generator_py/eli_dashboard_interface/eli_dashboard_interface_s__rosidl_typesupport_fastrtps_c.cpython-310-x86_64-linux-gnu.so[0m
[4.395s] [ 98%] [32m[1mLinking C shared library rosidl_generator_py/eli_dashboard_interface/eli_dashboard_interface_s__rosidl_typesupport_introspection_c.cpython-310-x86_64-linux-gnu.so[0m
[4.405s] [100%] [32m[1mLinking C shared library rosidl_generator_py/eli_dashboard_interface/eli_dashboard_interface_s__rosidl_typesupport_c.cpython-310-x86_64-linux-gnu.so[0m
[4.422s] [100%] Built target eli_dashboard_interface__rosidl_typesupport_introspection_c__pyext
[4.423s] [100%] Built target eli_dashboard_interface__rosidl_typesupport_fastrtps_c__pyext
[4.439s] [100%] Built target eli_dashboard_interface__rosidl_typesupport_c__pyext
