[0.017s] Invoking command in '/home/robot/project/ls65_ros/ls65/elite_ros_ws/build/eli_cs_robot_description': CMAKE_PREFIX_PATH=${CMAKE_PREFIX_PATH}:/opt/ros/humble /usr/bin/cmake --build /home/robot/project/ls65_ros/ls65/elite_ros_ws/build/eli_cs_robot_description -- -j16 -l16
[0.067s] Invoked command in '/home/robot/project/ls65_ros/ls65/elite_ros_ws/build/eli_cs_robot_description' returned '0': CMAKE_PREFIX_PATH=${CMAKE_PREFIX_PATH}:/opt/ros/humble /usr/bin/cmake --build /home/robot/project/ls65_ros/ls65/elite_ros_ws/build/eli_cs_robot_description -- -j16 -l16
[0.077s] Invoking command in '/home/robot/project/ls65_ros/ls65/elite_ros_ws/build/eli_cs_robot_description': CMAKE_PREFIX_PATH=${CMAKE_PREFIX_PATH}:/opt/ros/humble /usr/bin/cmake --install /home/robot/project/ls65_ros/ls65/elite_ros_ws/build/eli_cs_robot_description
[0.086s] -- Install configuration: ""
[0.087s] -- Up-to-date: /home/robot/project/ls65_ros/ls65/elite_ros_ws/install/eli_cs_robot_description/share/eli_cs_robot_description/config
[0.087s] -- Up-to-date: /home/robot/project/ls65_ros/ls65/elite_ros_ws/install/eli_cs_robot_description/share/eli_cs_robot_description/config/initial_positions_a_type.yaml
[0.087s] -- Up-to-date: /home/robot/project/ls65_ros/ls65/elite_ros_ws/install/eli_cs_robot_description/share/eli_cs_robot_description/config/cs612
[0.087s] -- Up-to-date: /home/robot/project/ls65_ros/ls65/elite_ros_ws/install/eli_cs_robot_description/share/eli_cs_robot_description/config/cs612/physical_parameters.yaml
[0.087s] -- Up-to-date: /home/robot/project/ls65_ros/ls65/elite_ros_ws/install/eli_cs_robot_description/share/eli_cs_robot_description/config/cs612/joint_limits.yaml
[0.087s] -- Up-to-date: /home/robot/project/ls65_ros/ls65/elite_ros_ws/install/eli_cs_robot_description/share/eli_cs_robot_description/config/cs612/default_kinematics.yaml
[0.087s] -- Up-to-date: /home/robot/project/ls65_ros/ls65/elite_ros_ws/install/eli_cs_robot_description/share/eli_cs_robot_description/config/cs612/visual_parameters.yaml
[0.087s] -- Up-to-date: /home/robot/project/ls65_ros/ls65/elite_ros_ws/install/eli_cs_robot_description/share/eli_cs_robot_description/config/initial_positions_h_type.yaml
[0.087s] -- Up-to-date: /home/robot/project/ls65_ros/ls65/elite_ros_ws/install/eli_cs_robot_description/share/eli_cs_robot_description/config/ls65
[0.088s] -- Up-to-date: /home/robot/project/ls65_ros/ls65/elite_ros_ws/install/eli_cs_robot_description/share/eli_cs_robot_description/config/ls65/physical_parameters.yaml
[0.088s] -- Up-to-date: /home/robot/project/ls65_ros/ls65/elite_ros_ws/install/eli_cs_robot_description/share/eli_cs_robot_description/config/ls65/joint_limits.yaml
[0.088s] -- Up-to-date: /home/robot/project/ls65_ros/ls65/elite_ros_ws/install/eli_cs_robot_description/share/eli_cs_robot_description/config/ls65/default_kinematics.yaml
[0.088s] -- Up-to-date: /home/robot/project/ls65_ros/ls65/elite_ros_ws/install/eli_cs_robot_description/share/eli_cs_robot_description/config/ls65/visual_parameters.yaml
[0.088s] -- Up-to-date: /home/robot/project/ls65_ros/ls65/elite_ros_ws/install/eli_cs_robot_description/share/eli_cs_robot_description/config/initial_positions.yaml
[0.088s] -- Up-to-date: /home/robot/project/ls65_ros/ls65/elite_ros_ws/install/eli_cs_robot_description/share/eli_cs_robot_description/config/cs66
[0.088s] -- Up-to-date: /home/robot/project/ls65_ros/ls65/elite_ros_ws/install/eli_cs_robot_description/share/eli_cs_robot_description/config/cs66/physical_parameters.yaml
[0.088s] -- Up-to-date: /home/robot/project/ls65_ros/ls65/elite_ros_ws/install/eli_cs_robot_description/share/eli_cs_robot_description/config/cs66/joint_limits.yaml
[0.088s] -- Up-to-date: /home/robot/project/ls65_ros/ls65/elite_ros_ws/install/eli_cs_robot_description/share/eli_cs_robot_description/config/cs66/default_kinematics.yaml
[0.088s] -- Up-to-date: /home/robot/project/ls65_ros/ls65/elite_ros_ws/install/eli_cs_robot_description/share/eli_cs_robot_description/config/cs66/visual_parameters.yaml
[0.088s] -- Up-to-date: /home/robot/project/ls65_ros/ls65/elite_ros_ws/install/eli_cs_robot_description/share/eli_cs_robot_description/config/cs68
[0.088s] -- Up-to-date: /home/robot/project/ls65_ros/ls65/elite_ros_ws/install/eli_cs_robot_description/share/eli_cs_robot_description/config/cs68/physical_parameters.yaml
[0.088s] -- Up-to-date: /home/robot/project/ls65_ros/ls65/elite_ros_ws/install/eli_cs_robot_description/share/eli_cs_robot_description/config/cs68/joint_limits.yaml
[0.089s] -- Up-to-date: /home/robot/project/ls65_ros/ls65/elite_ros_ws/install/eli_cs_robot_description/share/eli_cs_robot_description/config/cs68/default_kinematics.yaml
[0.089s] -- Up-to-date: /home/robot/project/ls65_ros/ls65/elite_ros_ws/install/eli_cs_robot_description/share/eli_cs_robot_description/config/cs68/visual_parameters.yaml
[0.089s] -- Up-to-date: /home/robot/project/ls65_ros/ls65/elite_ros_ws/install/eli_cs_robot_description/share/eli_cs_robot_description/config/cs625
[0.089s] -- Up-to-date: /home/robot/project/ls65_ros/ls65/elite_ros_ws/install/eli_cs_robot_description/share/eli_cs_robot_description/config/cs625/physical_parameters.yaml
[0.089s] -- Up-to-date: /home/robot/project/ls65_ros/ls65/elite_ros_ws/install/eli_cs_robot_description/share/eli_cs_robot_description/config/cs625/joint_limits.yaml
[0.089s] -- Up-to-date: /home/robot/project/ls65_ros/ls65/elite_ros_ws/install/eli_cs_robot_description/share/eli_cs_robot_description/config/cs625/default_kinematics.yaml
[0.089s] -- Up-to-date: /home/robot/project/ls65_ros/ls65/elite_ros_ws/install/eli_cs_robot_description/share/eli_cs_robot_description/config/cs625/visual_parameters.yaml
[0.089s] -- Up-to-date: /home/robot/project/ls65_ros/ls65/elite_ros_ws/install/eli_cs_robot_description/share/eli_cs_robot_description/config/cs63
[0.089s] -- Up-to-date: /home/robot/project/ls65_ros/ls65/elite_ros_ws/install/eli_cs_robot_description/share/eli_cs_robot_description/config/cs63/physical_parameters.yaml
[0.089s] -- Up-to-date: /home/robot/project/ls65_ros/ls65/elite_ros_ws/install/eli_cs_robot_description/share/eli_cs_robot_description/config/cs63/joint_limits.yaml
[0.089s] -- Up-to-date: /home/robot/project/ls65_ros/ls65/elite_ros_ws/install/eli_cs_robot_description/share/eli_cs_robot_description/config/cs63/default_kinematics.yaml
[0.089s] -- Up-to-date: /home/robot/project/ls65_ros/ls65/elite_ros_ws/install/eli_cs_robot_description/share/eli_cs_robot_description/config/cs63/visual_parameters.yaml
[0.090s] -- Up-to-date: /home/robot/project/ls65_ros/ls65/elite_ros_ws/install/eli_cs_robot_description/share/eli_cs_robot_description/config/cs620
[0.090s] -- Up-to-date: /home/robot/project/ls65_ros/ls65/elite_ros_ws/install/eli_cs_robot_description/share/eli_cs_robot_description/config/cs620/physical_parameters.yaml
[0.090s] -- Up-to-date: /home/robot/project/ls65_ros/ls65/elite_ros_ws/install/eli_cs_robot_description/share/eli_cs_robot_description/config/cs620/joint_limits.yaml
[0.090s] -- Up-to-date: /home/robot/project/ls65_ros/ls65/elite_ros_ws/install/eli_cs_robot_description/share/eli_cs_robot_description/config/cs620/default_kinematics.yaml
[0.090s] -- Up-to-date: /home/robot/project/ls65_ros/ls65/elite_ros_ws/install/eli_cs_robot_description/share/eli_cs_robot_description/config/cs620/visual_parameters.yaml
[0.090s] -- Up-to-date: /home/robot/project/ls65_ros/ls65/elite_ros_ws/install/eli_cs_robot_description/share/eli_cs_robot_description/config/cs616
[0.090s] -- Up-to-date: /home/robot/project/ls65_ros/ls65/elite_ros_ws/install/eli_cs_robot_description/share/eli_cs_robot_description/config/cs616/physical_parameters.yaml
[0.090s] -- Up-to-date: /home/robot/project/ls65_ros/ls65/elite_ros_ws/install/eli_cs_robot_description/share/eli_cs_robot_description/config/cs616/joint_limits.yaml
[0.090s] -- Up-to-date: /home/robot/project/ls65_ros/ls65/elite_ros_ws/install/eli_cs_robot_description/share/eli_cs_robot_description/config/cs616/default_kinematics.yaml
[0.090s] -- Up-to-date: /home/robot/project/ls65_ros/ls65/elite_ros_ws/install/eli_cs_robot_description/share/eli_cs_robot_description/config/cs616/visual_parameters.yaml
[0.090s] -- Up-to-date: /home/robot/project/ls65_ros/ls65/elite_ros_ws/install/eli_cs_robot_description/share/eli_cs_robot_description/config/cs66a
[0.090s] -- Up-to-date: /home/robot/project/ls65_ros/ls65/elite_ros_ws/install/eli_cs_robot_description/share/eli_cs_robot_description/config/cs66a/physical_parameters.yaml
[0.090s] -- Up-to-date: /home/robot/project/ls65_ros/ls65/elite_ros_ws/install/eli_cs_robot_description/share/eli_cs_robot_description/config/cs66a/joint_limits.yaml
[0.090s] -- Up-to-date: /home/robot/project/ls65_ros/ls65/elite_ros_ws/install/eli_cs_robot_description/share/eli_cs_robot_description/config/cs66a/default_kinematics.yaml
[0.091s] -- Up-to-date: /home/robot/project/ls65_ros/ls65/elite_ros_ws/install/eli_cs_robot_description/share/eli_cs_robot_description/config/cs66a/visual_parameters.yaml
[0.091s] -- Up-to-date: /home/robot/project/ls65_ros/ls65/elite_ros_ws/install/eli_cs_robot_description/share/eli_cs_robot_description/config/cs618f
[0.091s] -- Up-to-date: /home/robot/project/ls65_ros/ls65/elite_ros_ws/install/eli_cs_robot_description/share/eli_cs_robot_description/config/cs618f/physical_parameters.yaml
[0.091s] -- Up-to-date: /home/robot/project/ls65_ros/ls65/elite_ros_ws/install/eli_cs_robot_description/share/eli_cs_robot_description/config/cs618f/joint_limits.yaml
[0.091s] -- Up-to-date: /home/robot/project/ls65_ros/ls65/elite_ros_ws/install/eli_cs_robot_description/share/eli_cs_robot_description/config/cs618f/default_kinematics.yaml
[0.091s] -- Up-to-date: /home/robot/project/ls65_ros/ls65/elite_ros_ws/install/eli_cs_robot_description/share/eli_cs_robot_description/config/cs618f/visual_parameters.yaml
[0.091s] -- Up-to-date: /home/robot/project/ls65_ros/ls65/elite_ros_ws/install/eli_cs_robot_description/share/eli_cs_robot_description/config/cs520h
[0.091s] -- Up-to-date: /home/robot/project/ls65_ros/ls65/elite_ros_ws/install/eli_cs_robot_description/share/eli_cs_robot_description/config/cs520h/physical_parameters.yaml
[0.091s] -- Up-to-date: /home/robot/project/ls65_ros/ls65/elite_ros_ws/install/eli_cs_robot_description/share/eli_cs_robot_description/config/cs520h/joint_limits.yaml
[0.091s] -- Up-to-date: /home/robot/project/ls65_ros/ls65/elite_ros_ws/install/eli_cs_robot_description/share/eli_cs_robot_description/config/cs520h/default_kinematics.yaml
[0.091s] -- Up-to-date: /home/robot/project/ls65_ros/ls65/elite_ros_ws/install/eli_cs_robot_description/share/eli_cs_robot_description/config/cs520h/visual_parameters.yaml
[0.091s] -- Up-to-date: /home/robot/project/ls65_ros/ls65/elite_ros_ws/install/eli_cs_robot_description/share/eli_cs_robot_description/launch
[0.091s] -- Up-to-date: /home/robot/project/ls65_ros/ls65/elite_ros_ws/install/eli_cs_robot_description/share/eli_cs_robot_description/launch/view_cs.launch.py
[0.091s] -- Up-to-date: /home/robot/project/ls65_ros/ls65/elite_ros_ws/install/eli_cs_robot_description/share/eli_cs_robot_description/meshes
[0.091s] -- Up-to-date: /home/robot/project/ls65_ros/ls65/elite_ros_ws/install/eli_cs_robot_description/share/eli_cs_robot_description/meshes/cs612
[0.091s] -- Up-to-date: /home/robot/project/ls65_ros/ls65/elite_ros_ws/install/eli_cs_robot_description/share/eli_cs_robot_description/meshes/cs612/visual
[0.091s] -- Up-to-date: /home/robot/project/ls65_ros/ls65/elite_ros_ws/install/eli_cs_robot_description/share/eli_cs_robot_description/meshes/cs612/visual/wrist2.dae
[0.091s] -- Up-to-date: /home/robot/project/ls65_ros/ls65/elite_ros_ws/install/eli_cs_robot_description/share/eli_cs_robot_description/meshes/cs612/visual/wrist3.dae
[0.091s] -- Up-to-date: /home/robot/project/ls65_ros/ls65/elite_ros_ws/install/eli_cs_robot_description/share/eli_cs_robot_description/meshes/cs612/visual/base.dae
[0.092s] -- Up-to-date: /home/robot/project/ls65_ros/ls65/elite_ros_ws/install/eli_cs_robot_description/share/eli_cs_robot_description/meshes/cs612/visual/upperarm.dae
[0.092s] -- Up-to-date: /home/robot/project/ls65_ros/ls65/elite_ros_ws/install/eli_cs_robot_description/share/eli_cs_robot_description/meshes/cs612/visual/wrist1.dae
[0.092s] -- Up-to-date: /home/robot/project/ls65_ros/ls65/elite_ros_ws/install/eli_cs_robot_description/share/eli_cs_robot_description/meshes/cs612/visual/forearm.dae
[0.092s] -- Up-to-date: /home/robot/project/ls65_ros/ls65/elite_ros_ws/install/eli_cs_robot_description/share/eli_cs_robot_description/meshes/cs612/visual/shoulder.dae
[0.092s] -- Up-to-date: /home/robot/project/ls65_ros/ls65/elite_ros_ws/install/eli_cs_robot_description/share/eli_cs_robot_description/meshes/cs612/collision
[0.092s] -- Up-to-date: /home/robot/project/ls65_ros/ls65/elite_ros_ws/install/eli_cs_robot_description/share/eli_cs_robot_description/meshes/cs612/collision/shoulder.stl
[0.092s] -- Up-to-date: /home/robot/project/ls65_ros/ls65/elite_ros_ws/install/eli_cs_robot_description/share/eli_cs_robot_description/meshes/cs612/collision/base.stl
[0.092s] -- Up-to-date: /home/robot/project/ls65_ros/ls65/elite_ros_ws/install/eli_cs_robot_description/share/eli_cs_robot_description/meshes/cs612/collision/upperarm.stl
[0.092s] -- Up-to-date: /home/robot/project/ls65_ros/ls65/elite_ros_ws/install/eli_cs_robot_description/share/eli_cs_robot_description/meshes/cs612/collision/wrist2.stl
[0.092s] -- Up-to-date: /home/robot/project/ls65_ros/ls65/elite_ros_ws/install/eli_cs_robot_description/share/eli_cs_robot_description/meshes/cs612/collision/wrist1.stl
[0.092s] -- Up-to-date: /home/robot/project/ls65_ros/ls65/elite_ros_ws/install/eli_cs_robot_description/share/eli_cs_robot_description/meshes/cs612/collision/wrist3.stl
[0.092s] -- Up-to-date: /home/robot/project/ls65_ros/ls65/elite_ros_ws/install/eli_cs_robot_description/share/eli_cs_robot_description/meshes/cs612/collision/forearm.stl
[0.092s] -- Up-to-date: /home/robot/project/ls65_ros/ls65/elite_ros_ws/install/eli_cs_robot_description/share/eli_cs_robot_description/meshes/ls65
[0.092s] -- Up-to-date: /home/robot/project/ls65_ros/ls65/elite_ros_ws/install/eli_cs_robot_description/share/eli_cs_robot_description/meshes/ls65/visual
[0.092s] -- Up-to-date: /home/robot/project/ls65_ros/ls65/elite_ros_ws/install/eli_cs_robot_description/share/eli_cs_robot_description/meshes/ls65/visual/wrist2.dae
[0.092s] -- Up-to-date: /home/robot/project/ls65_ros/ls65/elite_ros_ws/install/eli_cs_robot_description/share/eli_cs_robot_description/meshes/ls65/visual/wrist3.dae
[0.092s] -- Up-to-date: /home/robot/project/ls65_ros/ls65/elite_ros_ws/install/eli_cs_robot_description/share/eli_cs_robot_description/meshes/ls65/visual/base.dae
[0.092s] -- Up-to-date: /home/robot/project/ls65_ros/ls65/elite_ros_ws/install/eli_cs_robot_description/share/eli_cs_robot_description/meshes/ls65/visual/upperarm.dae
[0.092s] -- Up-to-date: /home/robot/project/ls65_ros/ls65/elite_ros_ws/install/eli_cs_robot_description/share/eli_cs_robot_description/meshes/ls65/visual/wrist1.dae
[0.092s] -- Up-to-date: /home/robot/project/ls65_ros/ls65/elite_ros_ws/install/eli_cs_robot_description/share/eli_cs_robot_description/meshes/ls65/visual/forearm.dae
[0.092s] -- Up-to-date: /home/robot/project/ls65_ros/ls65/elite_ros_ws/install/eli_cs_robot_description/share/eli_cs_robot_description/meshes/ls65/visual/shoulder.dae
[0.092s] -- Up-to-date: /home/robot/project/ls65_ros/ls65/elite_ros_ws/install/eli_cs_robot_description/share/eli_cs_robot_description/meshes/ls65/collision
[0.093s] -- Up-to-date: /home/robot/project/ls65_ros/ls65/elite_ros_ws/install/eli_cs_robot_description/share/eli_cs_robot_description/meshes/ls65/collision/shoulder.stl
[0.093s] -- Up-to-date: /home/robot/project/ls65_ros/ls65/elite_ros_ws/install/eli_cs_robot_description/share/eli_cs_robot_description/meshes/ls65/collision/base.stl
[0.093s] -- Up-to-date: /home/robot/project/ls65_ros/ls65/elite_ros_ws/install/eli_cs_robot_description/share/eli_cs_robot_description/meshes/ls65/collision/upperarm.stl
[0.093s] -- Up-to-date: /home/robot/project/ls65_ros/ls65/elite_ros_ws/install/eli_cs_robot_description/share/eli_cs_robot_description/meshes/ls65/collision/wrist2.stl
[0.093s] -- Up-to-date: /home/robot/project/ls65_ros/ls65/elite_ros_ws/install/eli_cs_robot_description/share/eli_cs_robot_description/meshes/ls65/collision/wrist1.stl
[0.093s] -- Up-to-date: /home/robot/project/ls65_ros/ls65/elite_ros_ws/install/eli_cs_robot_description/share/eli_cs_robot_description/meshes/ls65/collision/wrist3.stl
[0.093s] -- Up-to-date: /home/robot/project/ls65_ros/ls65/elite_ros_ws/install/eli_cs_robot_description/share/eli_cs_robot_description/meshes/ls65/collision/forearm.stl
[0.093s] -- Up-to-date: /home/robot/project/ls65_ros/ls65/elite_ros_ws/install/eli_cs_robot_description/share/eli_cs_robot_description/meshes/cs66
[0.093s] -- Up-to-date: /home/robot/project/ls65_ros/ls65/elite_ros_ws/install/eli_cs_robot_description/share/eli_cs_robot_description/meshes/cs66/visual
[0.093s] -- Up-to-date: /home/robot/project/ls65_ros/ls65/elite_ros_ws/install/eli_cs_robot_description/share/eli_cs_robot_description/meshes/cs66/visual/wrist2.dae
[0.093s] -- Up-to-date: /home/robot/project/ls65_ros/ls65/elite_ros_ws/install/eli_cs_robot_description/share/eli_cs_robot_description/meshes/cs66/visual/wrist3.dae
[0.094s] -- Up-to-date: /home/robot/project/ls65_ros/ls65/elite_ros_ws/install/eli_cs_robot_description/share/eli_cs_robot_description/meshes/cs66/visual/base.dae
[0.094s] -- Up-to-date: /home/robot/project/ls65_ros/ls65/elite_ros_ws/install/eli_cs_robot_description/share/eli_cs_robot_description/meshes/cs66/visual/upperarm.dae
[0.094s] -- Up-to-date: /home/robot/project/ls65_ros/ls65/elite_ros_ws/install/eli_cs_robot_description/share/eli_cs_robot_description/meshes/cs66/visual/wrist1.dae
[0.094s] -- Up-to-date: /home/robot/project/ls65_ros/ls65/elite_ros_ws/install/eli_cs_robot_description/share/eli_cs_robot_description/meshes/cs66/visual/forearm.dae
[0.094s] -- Up-to-date: /home/robot/project/ls65_ros/ls65/elite_ros_ws/install/eli_cs_robot_description/share/eli_cs_robot_description/meshes/cs66/visual/shoulder.dae
[0.094s] -- Up-to-date: /home/robot/project/ls65_ros/ls65/elite_ros_ws/install/eli_cs_robot_description/share/eli_cs_robot_description/meshes/cs66/collision
[0.094s] -- Up-to-date: /home/robot/project/ls65_ros/ls65/elite_ros_ws/install/eli_cs_robot_description/share/eli_cs_robot_description/meshes/cs66/collision/shoulder.stl
[0.094s] -- Up-to-date: /home/robot/project/ls65_ros/ls65/elite_ros_ws/install/eli_cs_robot_description/share/eli_cs_robot_description/meshes/cs66/collision/base.stl
[0.094s] -- Up-to-date: /home/robot/project/ls65_ros/ls65/elite_ros_ws/install/eli_cs_robot_description/share/eli_cs_robot_description/meshes/cs66/collision/upperarm.stl
[0.094s] -- Up-to-date: /home/robot/project/ls65_ros/ls65/elite_ros_ws/install/eli_cs_robot_description/share/eli_cs_robot_description/meshes/cs66/collision/wrist2.stl
[0.095s] -- Up-to-date: /home/robot/project/ls65_ros/ls65/elite_ros_ws/install/eli_cs_robot_description/share/eli_cs_robot_description/meshes/cs66/collision/wrist1.stl
[0.095s] -- Up-to-date: /home/robot/project/ls65_ros/ls65/elite_ros_ws/install/eli_cs_robot_description/share/eli_cs_robot_description/meshes/cs66/collision/wrist3.stl
[0.095s] -- Up-to-date: /home/robot/project/ls65_ros/ls65/elite_ros_ws/install/eli_cs_robot_description/share/eli_cs_robot_description/meshes/cs66/collision/forearm.stl
[0.095s] -- Up-to-date: /home/robot/project/ls65_ros/ls65/elite_ros_ws/install/eli_cs_robot_description/share/eli_cs_robot_description/meshes/cs68
[0.095s] -- Up-to-date: /home/robot/project/ls65_ros/ls65/elite_ros_ws/install/eli_cs_robot_description/share/eli_cs_robot_description/meshes/cs68/visual
[0.095s] -- Up-to-date: /home/robot/project/ls65_ros/ls65/elite_ros_ws/install/eli_cs_robot_description/share/eli_cs_robot_description/meshes/cs68/visual/wrist2.dae
[0.095s] -- Up-to-date: /home/robot/project/ls65_ros/ls65/elite_ros_ws/install/eli_cs_robot_description/share/eli_cs_robot_description/meshes/cs68/visual/wrist3.dae
[0.096s] -- Up-to-date: /home/robot/project/ls65_ros/ls65/elite_ros_ws/install/eli_cs_robot_description/share/eli_cs_robot_description/meshes/cs68/visual/base.dae
[0.097s] -- Up-to-date: /home/robot/project/ls65_ros/ls65/elite_ros_ws/install/eli_cs_robot_description/share/eli_cs_robot_description/meshes/cs68/visual/upperarm.dae
[0.097s] -- Up-to-date: /home/robot/project/ls65_ros/ls65/elite_ros_ws/install/eli_cs_robot_description/share/eli_cs_robot_description/meshes/cs68/visual/wrist1.dae
[0.097s] -- Up-to-date: /home/robot/project/ls65_ros/ls65/elite_ros_ws/install/eli_cs_robot_description/share/eli_cs_robot_description/meshes/cs68/visual/forearm.dae
[0.098s] -- Up-to-date: /home/robot/project/ls65_ros/ls65/elite_ros_ws/install/eli_cs_robot_description/share/eli_cs_robot_description/meshes/cs68/visual/shoulder.dae
[0.099s] -- Up-to-date: /home/robot/project/ls65_ros/ls65/elite_ros_ws/install/eli_cs_robot_description/share/eli_cs_robot_description/meshes/cs68/collision
[0.099s] -- Up-to-date: /home/robot/project/ls65_ros/ls65/elite_ros_ws/install/eli_cs_robot_description/share/eli_cs_robot_description/meshes/cs68/collision/shoulder.stl
[0.099s] -- Up-to-date: /home/robot/project/ls65_ros/ls65/elite_ros_ws/install/eli_cs_robot_description/share/eli_cs_robot_description/meshes/cs68/collision/base.stl
[0.100s] -- Up-to-date: /home/robot/project/ls65_ros/ls65/elite_ros_ws/install/eli_cs_robot_description/share/eli_cs_robot_description/meshes/cs68/collision/upperarm.stl
[0.100s] -- Up-to-date: /home/robot/project/ls65_ros/ls65/elite_ros_ws/install/eli_cs_robot_description/share/eli_cs_robot_description/meshes/cs68/collision/wrist2.stl
[0.100s] -- Up-to-date: /home/robot/project/ls65_ros/ls65/elite_ros_ws/install/eli_cs_robot_description/share/eli_cs_robot_description/meshes/cs68/collision/wrist1.stl
[0.100s] -- Up-to-date: /home/robot/project/ls65_ros/ls65/elite_ros_ws/install/eli_cs_robot_description/share/eli_cs_robot_description/meshes/cs68/collision/wrist3.stl
[0.100s] -- Up-to-date: /home/robot/project/ls65_ros/ls65/elite_ros_ws/install/eli_cs_robot_description/share/eli_cs_robot_description/meshes/cs68/collision/forearm.stl
[0.100s] -- Up-to-date: /home/robot/project/ls65_ros/ls65/elite_ros_ws/install/eli_cs_robot_description/share/eli_cs_robot_description/meshes/cs625
[0.100s] -- Up-to-date: /home/robot/project/ls65_ros/ls65/elite_ros_ws/install/eli_cs_robot_description/share/eli_cs_robot_description/meshes/cs625/visual
[0.101s] -- Up-to-date: /home/robot/project/ls65_ros/ls65/elite_ros_ws/install/eli_cs_robot_description/share/eli_cs_robot_description/meshes/cs625/visual/wrist2.dae
[0.101s] -- Up-to-date: /home/robot/project/ls65_ros/ls65/elite_ros_ws/install/eli_cs_robot_description/share/eli_cs_robot_description/meshes/cs625/visual/wrist3.dae
[0.101s] -- Up-to-date: /home/robot/project/ls65_ros/ls65/elite_ros_ws/install/eli_cs_robot_description/share/eli_cs_robot_description/meshes/cs625/visual/base.dae
[0.101s] -- Up-to-date: /home/robot/project/ls65_ros/ls65/elite_ros_ws/install/eli_cs_robot_description/share/eli_cs_robot_description/meshes/cs625/visual/upperarm.dae
[0.101s] -- Up-to-date: /home/robot/project/ls65_ros/ls65/elite_ros_ws/install/eli_cs_robot_description/share/eli_cs_robot_description/meshes/cs625/visual/wrist1.dae
[0.101s] -- Up-to-date: /home/robot/project/ls65_ros/ls65/elite_ros_ws/install/eli_cs_robot_description/share/eli_cs_robot_description/meshes/cs625/visual/forearm.dae
[0.101s] -- Up-to-date: /home/robot/project/ls65_ros/ls65/elite_ros_ws/install/eli_cs_robot_description/share/eli_cs_robot_description/meshes/cs625/visual/shoulder.dae
[0.101s] -- Up-to-date: /home/robot/project/ls65_ros/ls65/elite_ros_ws/install/eli_cs_robot_description/share/eli_cs_robot_description/meshes/cs625/collision
[0.101s] -- Up-to-date: /home/robot/project/ls65_ros/ls65/elite_ros_ws/install/eli_cs_robot_description/share/eli_cs_robot_description/meshes/cs625/collision/shoulder.stl
[0.101s] -- Up-to-date: /home/robot/project/ls65_ros/ls65/elite_ros_ws/install/eli_cs_robot_description/share/eli_cs_robot_description/meshes/cs625/collision/base.stl
[0.101s] -- Up-to-date: /home/robot/project/ls65_ros/ls65/elite_ros_ws/install/eli_cs_robot_description/share/eli_cs_robot_description/meshes/cs625/collision/upperarm.stl
[0.101s] -- Up-to-date: /home/robot/project/ls65_ros/ls65/elite_ros_ws/install/eli_cs_robot_description/share/eli_cs_robot_description/meshes/cs625/collision/wrist2.stl
[0.101s] -- Up-to-date: /home/robot/project/ls65_ros/ls65/elite_ros_ws/install/eli_cs_robot_description/share/eli_cs_robot_description/meshes/cs625/collision/wrist1.stl
[0.101s] -- Up-to-date: /home/robot/project/ls65_ros/ls65/elite_ros_ws/install/eli_cs_robot_description/share/eli_cs_robot_description/meshes/cs625/collision/wrist3.stl
[0.101s] -- Up-to-date: /home/robot/project/ls65_ros/ls65/elite_ros_ws/install/eli_cs_robot_description/share/eli_cs_robot_description/meshes/cs625/collision/forearm.stl
[0.101s] -- Up-to-date: /home/robot/project/ls65_ros/ls65/elite_ros_ws/install/eli_cs_robot_description/share/eli_cs_robot_description/meshes/cs63
[0.101s] -- Up-to-date: /home/robot/project/ls65_ros/ls65/elite_ros_ws/install/eli_cs_robot_description/share/eli_cs_robot_description/meshes/cs63/visual
[0.101s] -- Up-to-date: /home/robot/project/ls65_ros/ls65/elite_ros_ws/install/eli_cs_robot_description/share/eli_cs_robot_description/meshes/cs63/visual/wrist2.dae
[0.102s] -- Up-to-date: /home/robot/project/ls65_ros/ls65/elite_ros_ws/install/eli_cs_robot_description/share/eli_cs_robot_description/meshes/cs63/visual/wrist3.dae
[0.102s] -- Up-to-date: /home/robot/project/ls65_ros/ls65/elite_ros_ws/install/eli_cs_robot_description/share/eli_cs_robot_description/meshes/cs63/visual/base.dae
[0.102s] -- Up-to-date: /home/robot/project/ls65_ros/ls65/elite_ros_ws/install/eli_cs_robot_description/share/eli_cs_robot_description/meshes/cs63/visual/upperarm.dae
[0.102s] -- Up-to-date: /home/robot/project/ls65_ros/ls65/elite_ros_ws/install/eli_cs_robot_description/share/eli_cs_robot_description/meshes/cs63/visual/wrist1.dae
[0.102s] -- Up-to-date: /home/robot/project/ls65_ros/ls65/elite_ros_ws/install/eli_cs_robot_description/share/eli_cs_robot_description/meshes/cs63/visual/forearm.dae
[0.102s] -- Up-to-date: /home/robot/project/ls65_ros/ls65/elite_ros_ws/install/eli_cs_robot_description/share/eli_cs_robot_description/meshes/cs63/visual/shoulder.dae
[0.102s] -- Up-to-date: /home/robot/project/ls65_ros/ls65/elite_ros_ws/install/eli_cs_robot_description/share/eli_cs_robot_description/meshes/cs63/collision
[0.102s] -- Up-to-date: /home/robot/project/ls65_ros/ls65/elite_ros_ws/install/eli_cs_robot_description/share/eli_cs_robot_description/meshes/cs63/collision/shoulder.stl
[0.102s] -- Up-to-date: /home/robot/project/ls65_ros/ls65/elite_ros_ws/install/eli_cs_robot_description/share/eli_cs_robot_description/meshes/cs63/collision/base.stl
[0.102s] -- Up-to-date: /home/robot/project/ls65_ros/ls65/elite_ros_ws/install/eli_cs_robot_description/share/eli_cs_robot_description/meshes/cs63/collision/upperarm.stl
[0.102s] -- Up-to-date: /home/robot/project/ls65_ros/ls65/elite_ros_ws/install/eli_cs_robot_description/share/eli_cs_robot_description/meshes/cs63/collision/wrist2.stl
[0.102s] -- Up-to-date: /home/robot/project/ls65_ros/ls65/elite_ros_ws/install/eli_cs_robot_description/share/eli_cs_robot_description/meshes/cs63/collision/wrist1.stl
[0.102s] -- Up-to-date: /home/robot/project/ls65_ros/ls65/elite_ros_ws/install/eli_cs_robot_description/share/eli_cs_robot_description/meshes/cs63/collision/wrist3.stl
[0.102s] -- Up-to-date: /home/robot/project/ls65_ros/ls65/elite_ros_ws/install/eli_cs_robot_description/share/eli_cs_robot_description/meshes/cs63/collision/forearm.stl
[0.102s] -- Up-to-date: /home/robot/project/ls65_ros/ls65/elite_ros_ws/install/eli_cs_robot_description/share/eli_cs_robot_description/meshes/cs620
[0.102s] -- Up-to-date: /home/robot/project/ls65_ros/ls65/elite_ros_ws/install/eli_cs_robot_description/share/eli_cs_robot_description/meshes/cs620/visual
[0.103s] -- Up-to-date: /home/robot/project/ls65_ros/ls65/elite_ros_ws/install/eli_cs_robot_description/share/eli_cs_robot_description/meshes/cs620/visual/wrist2.dae
[0.103s] -- Up-to-date: /home/robot/project/ls65_ros/ls65/elite_ros_ws/install/eli_cs_robot_description/share/eli_cs_robot_description/meshes/cs620/visual/wrist3.dae
[0.103s] -- Up-to-date: /home/robot/project/ls65_ros/ls65/elite_ros_ws/install/eli_cs_robot_description/share/eli_cs_robot_description/meshes/cs620/visual/base.dae
[0.103s] -- Up-to-date: /home/robot/project/ls65_ros/ls65/elite_ros_ws/install/eli_cs_robot_description/share/eli_cs_robot_description/meshes/cs620/visual/upperarm.dae
[0.103s] -- Up-to-date: /home/robot/project/ls65_ros/ls65/elite_ros_ws/install/eli_cs_robot_description/share/eli_cs_robot_description/meshes/cs620/visual/wrist1.dae
[0.103s] -- Up-to-date: /home/robot/project/ls65_ros/ls65/elite_ros_ws/install/eli_cs_robot_description/share/eli_cs_robot_description/meshes/cs620/visual/forearm.dae
[0.103s] -- Up-to-date: /home/robot/project/ls65_ros/ls65/elite_ros_ws/install/eli_cs_robot_description/share/eli_cs_robot_description/meshes/cs620/visual/shoulder.dae
[0.103s] -- Up-to-date: /home/robot/project/ls65_ros/ls65/elite_ros_ws/install/eli_cs_robot_description/share/eli_cs_robot_description/meshes/cs620/collision
[0.103s] -- Up-to-date: /home/robot/project/ls65_ros/ls65/elite_ros_ws/install/eli_cs_robot_description/share/eli_cs_robot_description/meshes/cs620/collision/shoulder.stl
[0.103s] -- Up-to-date: /home/robot/project/ls65_ros/ls65/elite_ros_ws/install/eli_cs_robot_description/share/eli_cs_robot_description/meshes/cs620/collision/base.stl
[0.103s] -- Up-to-date: /home/robot/project/ls65_ros/ls65/elite_ros_ws/install/eli_cs_robot_description/share/eli_cs_robot_description/meshes/cs620/collision/upperarm.stl
[0.103s] -- Up-to-date: /home/robot/project/ls65_ros/ls65/elite_ros_ws/install/eli_cs_robot_description/share/eli_cs_robot_description/meshes/cs620/collision/wrist2.stl
[0.103s] -- Up-to-date: /home/robot/project/ls65_ros/ls65/elite_ros_ws/install/eli_cs_robot_description/share/eli_cs_robot_description/meshes/cs620/collision/wrist1.stl
[0.103s] -- Up-to-date: /home/robot/project/ls65_ros/ls65/elite_ros_ws/install/eli_cs_robot_description/share/eli_cs_robot_description/meshes/cs620/collision/wrist3.stl
[0.103s] -- Up-to-date: /home/robot/project/ls65_ros/ls65/elite_ros_ws/install/eli_cs_robot_description/share/eli_cs_robot_description/meshes/cs620/collision/forearm.stl
[0.103s] -- Up-to-date: /home/robot/project/ls65_ros/ls65/elite_ros_ws/install/eli_cs_robot_description/share/eli_cs_robot_description/meshes/cs616
[0.103s] -- Up-to-date: /home/robot/project/ls65_ros/ls65/elite_ros_ws/install/eli_cs_robot_description/share/eli_cs_robot_description/meshes/cs616/visual
[0.103s] -- Up-to-date: /home/robot/project/ls65_ros/ls65/elite_ros_ws/install/eli_cs_robot_description/share/eli_cs_robot_description/meshes/cs616/visual/wrist2.dae
[0.103s] -- Up-to-date: /home/robot/project/ls65_ros/ls65/elite_ros_ws/install/eli_cs_robot_description/share/eli_cs_robot_description/meshes/cs616/visual/wrist3.dae
[0.103s] -- Up-to-date: /home/robot/project/ls65_ros/ls65/elite_ros_ws/install/eli_cs_robot_description/share/eli_cs_robot_description/meshes/cs616/visual/base.dae
[0.104s] -- Up-to-date: /home/robot/project/ls65_ros/ls65/elite_ros_ws/install/eli_cs_robot_description/share/eli_cs_robot_description/meshes/cs616/visual/upperarm.dae
[0.104s] -- Up-to-date: /home/robot/project/ls65_ros/ls65/elite_ros_ws/install/eli_cs_robot_description/share/eli_cs_robot_description/meshes/cs616/visual/wrist1.dae
[0.104s] -- Up-to-date: /home/robot/project/ls65_ros/ls65/elite_ros_ws/install/eli_cs_robot_description/share/eli_cs_robot_description/meshes/cs616/visual/forearm.dae
[0.104s] -- Up-to-date: /home/robot/project/ls65_ros/ls65/elite_ros_ws/install/eli_cs_robot_description/share/eli_cs_robot_description/meshes/cs616/visual/shoulder.dae
[0.104s] -- Up-to-date: /home/robot/project/ls65_ros/ls65/elite_ros_ws/install/eli_cs_robot_description/share/eli_cs_robot_description/meshes/cs616/collision
[0.104s] -- Up-to-date: /home/robot/project/ls65_ros/ls65/elite_ros_ws/install/eli_cs_robot_description/share/eli_cs_robot_description/meshes/cs616/collision/shoulder.stl
[0.104s] -- Up-to-date: /home/robot/project/ls65_ros/ls65/elite_ros_ws/install/eli_cs_robot_description/share/eli_cs_robot_description/meshes/cs616/collision/base.stl
[0.104s] -- Up-to-date: /home/robot/project/ls65_ros/ls65/elite_ros_ws/install/eli_cs_robot_description/share/eli_cs_robot_description/meshes/cs616/collision/upperarm.stl
[0.104s] -- Up-to-date: /home/robot/project/ls65_ros/ls65/elite_ros_ws/install/eli_cs_robot_description/share/eli_cs_robot_description/meshes/cs616/collision/wrist2.stl
[0.104s] -- Up-to-date: /home/robot/project/ls65_ros/ls65/elite_ros_ws/install/eli_cs_robot_description/share/eli_cs_robot_description/meshes/cs616/collision/wrist1.stl
[0.104s] -- Up-to-date: /home/robot/project/ls65_ros/ls65/elite_ros_ws/install/eli_cs_robot_description/share/eli_cs_robot_description/meshes/cs616/collision/wrist3.stl
[0.104s] -- Up-to-date: /home/robot/project/ls65_ros/ls65/elite_ros_ws/install/eli_cs_robot_description/share/eli_cs_robot_description/meshes/cs616/collision/forearm.stl
[0.104s] -- Up-to-date: /home/robot/project/ls65_ros/ls65/elite_ros_ws/install/eli_cs_robot_description/share/eli_cs_robot_description/meshes/cs66a
[0.104s] -- Up-to-date: /home/robot/project/ls65_ros/ls65/elite_ros_ws/install/eli_cs_robot_description/share/eli_cs_robot_description/meshes/cs66a/visual
[0.104s] -- Up-to-date: /home/robot/project/ls65_ros/ls65/elite_ros_ws/install/eli_cs_robot_description/share/eli_cs_robot_description/meshes/cs66a/visual/wrist2.dae
[0.104s] -- Up-to-date: /home/robot/project/ls65_ros/ls65/elite_ros_ws/install/eli_cs_robot_description/share/eli_cs_robot_description/meshes/cs66a/visual/wrist3.dae
[0.104s] -- Up-to-date: /home/robot/project/ls65_ros/ls65/elite_ros_ws/install/eli_cs_robot_description/share/eli_cs_robot_description/meshes/cs66a/visual/base.dae
[0.105s] -- Up-to-date: /home/robot/project/ls65_ros/ls65/elite_ros_ws/install/eli_cs_robot_description/share/eli_cs_robot_description/meshes/cs66a/visual/upperarm.dae
[0.105s] -- Up-to-date: /home/robot/project/ls65_ros/ls65/elite_ros_ws/install/eli_cs_robot_description/share/eli_cs_robot_description/meshes/cs66a/visual/wrist1.dae
[0.105s] -- Up-to-date: /home/robot/project/ls65_ros/ls65/elite_ros_ws/install/eli_cs_robot_description/share/eli_cs_robot_description/meshes/cs66a/visual/forearm.dae
[0.105s] -- Up-to-date: /home/robot/project/ls65_ros/ls65/elite_ros_ws/install/eli_cs_robot_description/share/eli_cs_robot_description/meshes/cs66a/visual/shoulder.dae
[0.105s] -- Up-to-date: /home/robot/project/ls65_ros/ls65/elite_ros_ws/install/eli_cs_robot_description/share/eli_cs_robot_description/meshes/cs66a/collision
[0.105s] -- Up-to-date: /home/robot/project/ls65_ros/ls65/elite_ros_ws/install/eli_cs_robot_description/share/eli_cs_robot_description/meshes/cs66a/collision/shoulder.stl
[0.105s] -- Up-to-date: /home/robot/project/ls65_ros/ls65/elite_ros_ws/install/eli_cs_robot_description/share/eli_cs_robot_description/meshes/cs66a/collision/base.stl
[0.105s] -- Up-to-date: /home/robot/project/ls65_ros/ls65/elite_ros_ws/install/eli_cs_robot_description/share/eli_cs_robot_description/meshes/cs66a/collision/upperarm.stl
[0.105s] -- Up-to-date: /home/robot/project/ls65_ros/ls65/elite_ros_ws/install/eli_cs_robot_description/share/eli_cs_robot_description/meshes/cs66a/collision/wrist2.stl
[0.105s] -- Up-to-date: /home/robot/project/ls65_ros/ls65/elite_ros_ws/install/eli_cs_robot_description/share/eli_cs_robot_description/meshes/cs66a/collision/wrist1.stl
[0.105s] -- Up-to-date: /home/robot/project/ls65_ros/ls65/elite_ros_ws/install/eli_cs_robot_description/share/eli_cs_robot_description/meshes/cs66a/collision/wrist3.stl
[0.105s] -- Up-to-date: /home/robot/project/ls65_ros/ls65/elite_ros_ws/install/eli_cs_robot_description/share/eli_cs_robot_description/meshes/cs66a/collision/forearm.stl
[0.105s] -- Up-to-date: /home/robot/project/ls65_ros/ls65/elite_ros_ws/install/eli_cs_robot_description/share/eli_cs_robot_description/meshes/cs618f
[0.105s] -- Up-to-date: /home/robot/project/ls65_ros/ls65/elite_ros_ws/install/eli_cs_robot_description/share/eli_cs_robot_description/meshes/cs618f/visual
[0.105s] -- Up-to-date: /home/robot/project/ls65_ros/ls65/elite_ros_ws/install/eli_cs_robot_description/share/eli_cs_robot_description/meshes/cs618f/visual/wrist2.dae
[0.106s] -- Up-to-date: /home/robot/project/ls65_ros/ls65/elite_ros_ws/install/eli_cs_robot_description/share/eli_cs_robot_description/meshes/cs618f/visual/wrist3.dae
[0.106s] -- Up-to-date: /home/robot/project/ls65_ros/ls65/elite_ros_ws/install/eli_cs_robot_description/share/eli_cs_robot_description/meshes/cs618f/visual/base.dae
[0.106s] -- Up-to-date: /home/robot/project/ls65_ros/ls65/elite_ros_ws/install/eli_cs_robot_description/share/eli_cs_robot_description/meshes/cs618f/visual/upperarm.dae
[0.106s] -- Up-to-date: /home/robot/project/ls65_ros/ls65/elite_ros_ws/install/eli_cs_robot_description/share/eli_cs_robot_description/meshes/cs618f/visual/wrist1.dae
[0.106s] -- Up-to-date: /home/robot/project/ls65_ros/ls65/elite_ros_ws/install/eli_cs_robot_description/share/eli_cs_robot_description/meshes/cs618f/visual/forearm.dae
[0.106s] -- Up-to-date: /home/robot/project/ls65_ros/ls65/elite_ros_ws/install/eli_cs_robot_description/share/eli_cs_robot_description/meshes/cs618f/visual/shoulder.dae
[0.107s] -- Up-to-date: /home/robot/project/ls65_ros/ls65/elite_ros_ws/install/eli_cs_robot_description/share/eli_cs_robot_description/meshes/cs618f/collision
[0.107s] -- Up-to-date: /home/robot/project/ls65_ros/ls65/elite_ros_ws/install/eli_cs_robot_description/share/eli_cs_robot_description/meshes/cs618f/collision/shoulder.stl
[0.107s] -- Up-to-date: /home/robot/project/ls65_ros/ls65/elite_ros_ws/install/eli_cs_robot_description/share/eli_cs_robot_description/meshes/cs618f/collision/base.stl
[0.107s] -- Up-to-date: /home/robot/project/ls65_ros/ls65/elite_ros_ws/install/eli_cs_robot_description/share/eli_cs_robot_description/meshes/cs618f/collision/upperarm.stl
[0.107s] -- Up-to-date: /home/robot/project/ls65_ros/ls65/elite_ros_ws/install/eli_cs_robot_description/share/eli_cs_robot_description/meshes/cs618f/collision/wrist2.stl
[0.107s] -- Up-to-date: /home/robot/project/ls65_ros/ls65/elite_ros_ws/install/eli_cs_robot_description/share/eli_cs_robot_description/meshes/cs618f/collision/wrist1.stl
[0.107s] -- Up-to-date: /home/robot/project/ls65_ros/ls65/elite_ros_ws/install/eli_cs_robot_description/share/eli_cs_robot_description/meshes/cs618f/collision/wrist3.stl
[0.107s] -- Up-to-date: /home/robot/project/ls65_ros/ls65/elite_ros_ws/install/eli_cs_robot_description/share/eli_cs_robot_description/meshes/cs618f/collision/forearm.stl
[0.108s] -- Up-to-date: /home/robot/project/ls65_ros/ls65/elite_ros_ws/install/eli_cs_robot_description/share/eli_cs_robot_description/meshes/cs520h
[0.108s] -- Up-to-date: /home/robot/project/ls65_ros/ls65/elite_ros_ws/install/eli_cs_robot_description/share/eli_cs_robot_description/meshes/cs520h/visual
[0.108s] -- Up-to-date: /home/robot/project/ls65_ros/ls65/elite_ros_ws/install/eli_cs_robot_description/share/eli_cs_robot_description/meshes/cs520h/visual/wrist2.dae
[0.108s] -- Up-to-date: /home/robot/project/ls65_ros/ls65/elite_ros_ws/install/eli_cs_robot_description/share/eli_cs_robot_description/meshes/cs520h/visual/base.dae
[0.108s] -- Up-to-date: /home/robot/project/ls65_ros/ls65/elite_ros_ws/install/eli_cs_robot_description/share/eli_cs_robot_description/meshes/cs520h/visual/upperarm.dae
[0.108s] -- Up-to-date: /home/robot/project/ls65_ros/ls65/elite_ros_ws/install/eli_cs_robot_description/share/eli_cs_robot_description/meshes/cs520h/visual/wrist1.dae
[0.108s] -- Up-to-date: /home/robot/project/ls65_ros/ls65/elite_ros_ws/install/eli_cs_robot_description/share/eli_cs_robot_description/meshes/cs520h/visual/forearm.dae
[0.109s] -- Up-to-date: /home/robot/project/ls65_ros/ls65/elite_ros_ws/install/eli_cs_robot_description/share/eli_cs_robot_description/meshes/cs520h/visual/shoulder.dae
[0.109s] -- Up-to-date: /home/robot/project/ls65_ros/ls65/elite_ros_ws/install/eli_cs_robot_description/share/eli_cs_robot_description/meshes/cs520h/collision
[0.109s] -- Up-to-date: /home/robot/project/ls65_ros/ls65/elite_ros_ws/install/eli_cs_robot_description/share/eli_cs_robot_description/meshes/cs520h/collision/shoulder.stl
[0.109s] -- Up-to-date: /home/robot/project/ls65_ros/ls65/elite_ros_ws/install/eli_cs_robot_description/share/eli_cs_robot_description/meshes/cs520h/collision/base.stl
[0.109s] -- Up-to-date: /home/robot/project/ls65_ros/ls65/elite_ros_ws/install/eli_cs_robot_description/share/eli_cs_robot_description/meshes/cs520h/collision/upperarm.stl
[0.109s] -- Up-to-date: /home/robot/project/ls65_ros/ls65/elite_ros_ws/install/eli_cs_robot_description/share/eli_cs_robot_description/meshes/cs520h/collision/wrist2.stl
[0.109s] -- Up-to-date: /home/robot/project/ls65_ros/ls65/elite_ros_ws/install/eli_cs_robot_description/share/eli_cs_robot_description/meshes/cs520h/collision/wrist1.stl
[0.109s] -- Up-to-date: /home/robot/project/ls65_ros/ls65/elite_ros_ws/install/eli_cs_robot_description/share/eli_cs_robot_description/meshes/cs520h/collision/forearm.stl
[0.109s] -- Up-to-date: /home/robot/project/ls65_ros/ls65/elite_ros_ws/install/eli_cs_robot_description/share/eli_cs_robot_description/rviz
[0.109s] -- Up-to-date: /home/robot/project/ls65_ros/ls65/elite_ros_ws/install/eli_cs_robot_description/share/eli_cs_robot_description/rviz/view_robot.rviz
[0.109s] -- Up-to-date: /home/robot/project/ls65_ros/ls65/elite_ros_ws/install/eli_cs_robot_description/share/eli_cs_robot_description/urdf
[0.109s] -- Up-to-date: /home/robot/project/ls65_ros/ls65/elite_ros_ws/install/eli_cs_robot_description/share/eli_cs_robot_description/urdf/inc
[0.109s] -- Up-to-date: /home/robot/project/ls65_ros/ls65/elite_ros_ws/install/eli_cs_robot_description/share/eli_cs_robot_description/urdf/inc/cs_common.xacro
[0.109s] -- Up-to-date: /home/robot/project/ls65_ros/ls65/elite_ros_ws/install/eli_cs_robot_description/share/eli_cs_robot_description/urdf/inc/cs_transmissions.xacro
[0.109s] -- Up-to-date: /home/robot/project/ls65_ros/ls65/elite_ros_ws/install/eli_cs_robot_description/share/eli_cs_robot_description/urdf/cs_macro.xacro
[0.109s] -- Up-to-date: /home/robot/project/ls65_ros/ls65/elite_ros_ws/install/eli_cs_robot_description/share/eli_cs_robot_description/urdf/ls65_robot.urdf
[0.109s] -- Up-to-date: /home/robot/project/ls65_ros/ls65/elite_ros_ws/install/eli_cs_robot_description/share/eli_cs_robot_description/urdf/cs.urdf.xacro
[0.109s] -- Up-to-date: /home/robot/project/ls65_ros/ls65/elite_ros_ws/install/eli_cs_robot_description/share/eli_cs_robot_description/urdf/cs.ros2_control.xacro
[0.109s] -- Up-to-date: /home/robot/project/ls65_ros/ls65/elite_ros_ws/install/eli_cs_robot_description/share/eli_cs_robot_description/urdf_5f
[0.110s] -- Up-to-date: /home/robot/project/ls65_ros/ls65/elite_ros_ws/install/eli_cs_robot_description/share/eli_cs_robot_description/urdf_5f/inc
[0.110s] -- Up-to-date: /home/robot/project/ls65_ros/ls65/elite_ros_ws/install/eli_cs_robot_description/share/eli_cs_robot_description/urdf_5f/inc/cs_common.xacro
[0.110s] -- Up-to-date: /home/robot/project/ls65_ros/ls65/elite_ros_ws/install/eli_cs_robot_description/share/eli_cs_robot_description/urdf_5f/inc/cs_transmissions.xacro
[0.110s] -- Up-to-date: /home/robot/project/ls65_ros/ls65/elite_ros_ws/install/eli_cs_robot_description/share/eli_cs_robot_description/urdf_5f/cs_macro.xacro
[0.110s] -- Up-to-date: /home/robot/project/ls65_ros/ls65/elite_ros_ws/install/eli_cs_robot_description/share/eli_cs_robot_description/urdf_5f/cs.urdf.xacro
[0.110s] -- Up-to-date: /home/robot/project/ls65_ros/ls65/elite_ros_ws/install/eli_cs_robot_description/share/eli_cs_robot_description/urdf_5f/cs.ros2_control.xacro
[0.110s] -- Up-to-date: /home/robot/project/ls65_ros/ls65/elite_ros_ws/install/eli_cs_robot_description/share/eli_cs_robot_description/test
[0.110s] -- Up-to-date: /home/robot/project/ls65_ros/ls65/elite_ros_ws/install/eli_cs_robot_description/share/eli_cs_robot_description/test/test_view_cs_launch.py
[0.110s] -- Up-to-date: /home/robot/project/ls65_ros/ls65/elite_ros_ws/install/eli_cs_robot_description/share/eli_cs_robot_description/test/test_cs_urdf_xacro.py
[0.110s] -- Up-to-date: /home/robot/project/ls65_ros/ls65/elite_ros_ws/install/eli_cs_robot_description/share/ament_index/resource_index/package_run_dependencies/eli_cs_robot_description
[0.110s] -- Up-to-date: /home/robot/project/ls65_ros/ls65/elite_ros_ws/install/eli_cs_robot_description/share/ament_index/resource_index/parent_prefix_path/eli_cs_robot_description
[0.110s] -- Up-to-date: /home/robot/project/ls65_ros/ls65/elite_ros_ws/install/eli_cs_robot_description/share/eli_cs_robot_description/environment/ament_prefix_path.sh
[0.110s] -- Up-to-date: /home/robot/project/ls65_ros/ls65/elite_ros_ws/install/eli_cs_robot_description/share/eli_cs_robot_description/environment/ament_prefix_path.dsv
[0.110s] -- Up-to-date: /home/robot/project/ls65_ros/ls65/elite_ros_ws/install/eli_cs_robot_description/share/eli_cs_robot_description/environment/path.sh
[0.111s] -- Up-to-date: /home/robot/project/ls65_ros/ls65/elite_ros_ws/install/eli_cs_robot_description/share/eli_cs_robot_description/environment/path.dsv
[0.111s] -- Up-to-date: /home/robot/project/ls65_ros/ls65/elite_ros_ws/install/eli_cs_robot_description/share/eli_cs_robot_description/local_setup.bash
[0.111s] -- Up-to-date: /home/robot/project/ls65_ros/ls65/elite_ros_ws/install/eli_cs_robot_description/share/eli_cs_robot_description/local_setup.sh
[0.111s] -- Up-to-date: /home/robot/project/ls65_ros/ls65/elite_ros_ws/install/eli_cs_robot_description/share/eli_cs_robot_description/local_setup.zsh
[0.111s] -- Up-to-date: /home/robot/project/ls65_ros/ls65/elite_ros_ws/install/eli_cs_robot_description/share/eli_cs_robot_description/local_setup.dsv
[0.111s] -- Installing: /home/robot/project/ls65_ros/ls65/elite_ros_ws/install/eli_cs_robot_description/share/eli_cs_robot_description/package.dsv
[0.111s] -- Up-to-date: /home/robot/project/ls65_ros/ls65/elite_ros_ws/install/eli_cs_robot_description/share/ament_index/resource_index/packages/eli_cs_robot_description
[0.111s] -- Up-to-date: /home/robot/project/ls65_ros/ls65/elite_ros_ws/install/eli_cs_robot_description/share/eli_cs_robot_description/cmake/eli_cs_robot_descriptionConfig.cmake
[0.111s] -- Up-to-date: /home/robot/project/ls65_ros/ls65/elite_ros_ws/install/eli_cs_robot_description/share/eli_cs_robot_description/cmake/eli_cs_robot_descriptionConfig-version.cmake
[0.111s] -- Up-to-date: /home/robot/project/ls65_ros/ls65/elite_ros_ws/install/eli_cs_robot_description/share/eli_cs_robot_description/package.xml
[0.111s] Invoked command in '/home/robot/project/ls65_ros/ls65/elite_ros_ws/build/eli_cs_robot_description' returned '0': CMAKE_PREFIX_PATH=${CMAKE_PREFIX_PATH}:/opt/ros/humble /usr/bin/cmake --install /home/robot/project/ls65_ros/ls65/elite_ros_ws/build/eli_cs_robot_description
