[ 15%] Built target scaled_joint_trajectory_controller_parameters
[ 30%] Built target speed_scaling_state_broadcaster_parameters
[ 46%] Built target gpio_controller_parameters
[ 61%] Built target freedrive_controller_parameters
[35m[1mConsolidate compiler generated dependencies of target eli_cs_controllers[0m
[100%] Built target eli_cs_controllers
-- Install configuration: ""
-- Up-to-date: /home/robot/project/ls65_ros/ls65/elite_ros_ws/install/eli_cs_controllers/include/eli_cs_controllers
-- Up-to-date: /home/robot/project/ls65_ros/ls65/elite_ros_ws/install/eli_cs_controllers/include/eli_cs_controllers/freedrive_controller_parameters.hpp
-- Up-to-date: /home/robot/project/ls65_ros/ls65/elite_ros_ws/install/eli_cs_controllers/include/eli_cs_controllers/scaled_joint_trajectory_controller_parameters.hpp
-- Up-to-date: /home/robot/project/ls65_ros/ls65/elite_ros_ws/install/eli_cs_controllers/include/eli_cs_controllers/gpio_controller_parameters.hpp
-- Up-to-date: /home/robot/project/ls65_ros/ls65/elite_ros_ws/install/eli_cs_controllers/include/eli_cs_controllers/speed_scaling_state_broadcaster_parameters.hpp
-- Up-to-date: /home/robot/project/ls65_ros/ls65/elite_ros_ws/install/eli_cs_controllers/include/eli_cs_controllers
-- Up-to-date: /home/robot/project/ls65_ros/ls65/elite_ros_ws/install/eli_cs_controllers/include/eli_cs_controllers/freedrive_controller_parameters.hpp
-- Up-to-date: /home/robot/project/ls65_ros/ls65/elite_ros_ws/install/eli_cs_controllers/include/eli_cs_controllers/scaled_joint_trajectory_controller_parameters.hpp
-- Up-to-date: /home/robot/project/ls65_ros/ls65/elite_ros_ws/install/eli_cs_controllers/include/eli_cs_controllers/gpio_controller_parameters.hpp
-- Up-to-date: /home/robot/project/ls65_ros/ls65/elite_ros_ws/install/eli_cs_controllers/include/eli_cs_controllers/speed_scaling_state_broadcaster_parameters.hpp
-- Up-to-date: /home/robot/project/ls65_ros/ls65/elite_ros_ws/install/eli_cs_controllers/include/eli_cs_controllers
-- Up-to-date: /home/robot/project/ls65_ros/ls65/elite_ros_ws/install/eli_cs_controllers/include/eli_cs_controllers/freedrive_controller_parameters.hpp
-- Up-to-date: /home/robot/project/ls65_ros/ls65/elite_ros_ws/install/eli_cs_controllers/include/eli_cs_controllers/scaled_joint_trajectory_controller_parameters.hpp
-- Up-to-date: /home/robot/project/ls65_ros/ls65/elite_ros_ws/install/eli_cs_controllers/include/eli_cs_controllers/gpio_controller_parameters.hpp
-- Up-to-date: /home/robot/project/ls65_ros/ls65/elite_ros_ws/install/eli_cs_controllers/include/eli_cs_controllers/speed_scaling_state_broadcaster_parameters.hpp
-- Up-to-date: /home/robot/project/ls65_ros/ls65/elite_ros_ws/install/eli_cs_controllers/include/eli_cs_controllers
-- Up-to-date: /home/robot/project/ls65_ros/ls65/elite_ros_ws/install/eli_cs_controllers/include/eli_cs_controllers/freedrive_controller_parameters.hpp
-- Up-to-date: /home/robot/project/ls65_ros/ls65/elite_ros_ws/install/eli_cs_controllers/include/eli_cs_controllers/scaled_joint_trajectory_controller_parameters.hpp
-- Up-to-date: /home/robot/project/ls65_ros/ls65/elite_ros_ws/install/eli_cs_controllers/include/eli_cs_controllers/gpio_controller_parameters.hpp
-- Up-to-date: /home/robot/project/ls65_ros/ls65/elite_ros_ws/install/eli_cs_controllers/include/eli_cs_controllers/speed_scaling_state_broadcaster_parameters.hpp
-- Up-to-date: /home/robot/project/ls65_ros/ls65/elite_ros_ws/install/eli_cs_controllers/share/eli_cs_controllers/controller_plugins.xml
-- Up-to-date: /home/robot/project/ls65_ros/ls65/elite_ros_ws/install/eli_cs_controllers/lib/libeli_cs_controllers.so
-- Up-to-date: /home/robot/project/ls65_ros/ls65/elite_ros_ws/install/eli_cs_controllers/include
-- Up-to-date: /home/robot/project/ls65_ros/ls65/elite_ros_ws/install/eli_cs_controllers/include/eli_cs_controllers
-- Up-to-date: /home/robot/project/ls65_ros/ls65/elite_ros_ws/install/eli_cs_controllers/include/eli_cs_controllers/freedrive_controller.hpp
-- Up-to-date: /home/robot/project/ls65_ros/ls65/elite_ros_ws/install/eli_cs_controllers/include/eli_cs_controllers/speed_scaling_state_broadcaster.hpp
-- Up-to-date: /home/robot/project/ls65_ros/ls65/elite_ros_ws/install/eli_cs_controllers/include/eli_cs_controllers/gpio_controller.hpp
-- Up-to-date: /home/robot/project/ls65_ros/ls65/elite_ros_ws/install/eli_cs_controllers/include/eli_cs_controllers/scaled_joint_trajectory_controller.hpp
-- Up-to-date: /home/robot/project/ls65_ros/ls65/elite_ros_ws/install/eli_cs_controllers/share/eli_cs_controllers/controller_plugins.xml
-- Up-to-date: /home/robot/project/ls65_ros/ls65/elite_ros_ws/install/eli_cs_controllers/share/eli_cs_controllers/environment/library_path.sh
-- Up-to-date: /home/robot/project/ls65_ros/ls65/elite_ros_ws/install/eli_cs_controllers/share/eli_cs_controllers/environment/library_path.dsv
-- Up-to-date: /home/robot/project/ls65_ros/ls65/elite_ros_ws/install/eli_cs_controllers/share/ament_index/resource_index/package_run_dependencies/eli_cs_controllers
-- Up-to-date: /home/robot/project/ls65_ros/ls65/elite_ros_ws/install/eli_cs_controllers/share/ament_index/resource_index/parent_prefix_path/eli_cs_controllers
-- Up-to-date: /home/robot/project/ls65_ros/ls65/elite_ros_ws/install/eli_cs_controllers/share/eli_cs_controllers/environment/ament_prefix_path.sh
-- Up-to-date: /home/robot/project/ls65_ros/ls65/elite_ros_ws/install/eli_cs_controllers/share/eli_cs_controllers/environment/ament_prefix_path.dsv
-- Up-to-date: /home/robot/project/ls65_ros/ls65/elite_ros_ws/install/eli_cs_controllers/share/eli_cs_controllers/environment/path.sh
-- Up-to-date: /home/robot/project/ls65_ros/ls65/elite_ros_ws/install/eli_cs_controllers/share/eli_cs_controllers/environment/path.dsv
-- Up-to-date: /home/robot/project/ls65_ros/ls65/elite_ros_ws/install/eli_cs_controllers/share/eli_cs_controllers/local_setup.bash
-- Up-to-date: /home/robot/project/ls65_ros/ls65/elite_ros_ws/install/eli_cs_controllers/share/eli_cs_controllers/local_setup.sh
-- Up-to-date: /home/robot/project/ls65_ros/ls65/elite_ros_ws/install/eli_cs_controllers/share/eli_cs_controllers/local_setup.zsh
-- Up-to-date: /home/robot/project/ls65_ros/ls65/elite_ros_ws/install/eli_cs_controllers/share/eli_cs_controllers/local_setup.dsv
-- Installing: /home/robot/project/ls65_ros/ls65/elite_ros_ws/install/eli_cs_controllers/share/eli_cs_controllers/package.dsv
-- Up-to-date: /home/robot/project/ls65_ros/ls65/elite_ros_ws/install/eli_cs_controllers/share/ament_index/resource_index/packages/eli_cs_controllers
-- Up-to-date: /home/robot/project/ls65_ros/ls65/elite_ros_ws/install/eli_cs_controllers/share/ament_index/resource_index/controller_interface__pluginlib__plugin/eli_cs_controllers
-- Up-to-date: /home/robot/project/ls65_ros/ls65/elite_ros_ws/install/eli_cs_controllers/share/eli_cs_controllers/cmake/ament_cmake_export_dependencies-extras.cmake
-- Up-to-date: /home/robot/project/ls65_ros/ls65/elite_ros_ws/install/eli_cs_controllers/share/eli_cs_controllers/cmake/ament_cmake_export_include_directories-extras.cmake
-- Up-to-date: /home/robot/project/ls65_ros/ls65/elite_ros_ws/install/eli_cs_controllers/share/eli_cs_controllers/cmake/ament_cmake_export_libraries-extras.cmake
-- Up-to-date: /home/robot/project/ls65_ros/ls65/elite_ros_ws/install/eli_cs_controllers/share/eli_cs_controllers/cmake/eli_cs_controllersConfig.cmake
-- Up-to-date: /home/robot/project/ls65_ros/ls65/elite_ros_ws/install/eli_cs_controllers/share/eli_cs_controllers/cmake/eli_cs_controllersConfig-version.cmake
-- Up-to-date: /home/robot/project/ls65_ros/ls65/elite_ros_ws/install/eli_cs_controllers/share/eli_cs_controllers/package.xml
