-- The C compiler identification is GNU 11.4.0
-- The CXX compiler identification is GNU 11.4.0
-- Detecting C compiler ABI info
-- Detecting C compiler ABI info - done
-- Check for working C compiler: /usr/bin/cc - skipped
-- Detecting C compile features
-- Detecting C compile features - done
-- Detecting CXX compiler ABI info
-- Detecting CXX compiler ABI info - done
-- Check for working CXX compiler: /usr/bin/c++ - skipped
-- Detecting CXX compile features
-- Detecting CXX compile features - done
-- Found ament_cmake: 1.3.14 (/opt/ros/humble/share/ament_cmake/cmake)
-- Found Python3: /usr/bin/python3 (found version "3.10.12") found components: Interpreter 
-- Found rclpy: 3.3.21 (/opt/ros/humble/share/rclpy/cmake)
-- Configuring done
-- Generating done
-- Build files have been written to: /home/robot/project/ls65_ros/ls65/elite_ros_ws/build/eli_cs_robot_simulation_gz
-- Install configuration: ""
-- Installing: /home/robot/project/ls65_ros/ls65/elite_ros_ws/install/eli_cs_robot_simulation_gz/share/eli_cs_robot_simulation_gz/config
-- Installing: /home/robot/project/ls65_ros/ls65/elite_ros_ws/install/eli_cs_robot_simulation_gz/share/eli_cs_robot_simulation_gz/config/cs_controllers_5f.yaml
-- Installing: /home/robot/project/ls65_ros/ls65/elite_ros_ws/install/eli_cs_robot_simulation_gz/share/eli_cs_robot_simulation_gz/config/cs_controllers.yaml
-- Installing: /home/robot/project/ls65_ros/ls65/elite_ros_ws/install/eli_cs_robot_simulation_gz/share/eli_cs_robot_simulation_gz/launch
-- Installing: /home/robot/project/ls65_ros/ls65/elite_ros_ws/install/eli_cs_robot_simulation_gz/share/eli_cs_robot_simulation_gz/launch/cs_sim_control.launch.py
-- Installing: /home/robot/project/ls65_ros/ls65/elite_ros_ws/install/eli_cs_robot_simulation_gz/share/eli_cs_robot_simulation_gz/launch/cs_sim_moveit.launch.py
-- Installing: /home/robot/project/ls65_ros/ls65/elite_ros_ws/install/eli_cs_robot_simulation_gz/lib/eli_cs_robot_simulation_gz/gz_control.py
-- Installing: /home/robot/project/ls65_ros/ls65/elite_ros_ws/install/eli_cs_robot_simulation_gz/share/ament_index/resource_index/package_run_dependencies/eli_cs_robot_simulation_gz
-- Installing: /home/robot/project/ls65_ros/ls65/elite_ros_ws/install/eli_cs_robot_simulation_gz/share/ament_index/resource_index/parent_prefix_path/eli_cs_robot_simulation_gz
-- Installing: /home/robot/project/ls65_ros/ls65/elite_ros_ws/install/eli_cs_robot_simulation_gz/share/eli_cs_robot_simulation_gz/environment/ament_prefix_path.sh
-- Installing: /home/robot/project/ls65_ros/ls65/elite_ros_ws/install/eli_cs_robot_simulation_gz/share/eli_cs_robot_simulation_gz/environment/ament_prefix_path.dsv
-- Installing: /home/robot/project/ls65_ros/ls65/elite_ros_ws/install/eli_cs_robot_simulation_gz/share/eli_cs_robot_simulation_gz/environment/path.sh
-- Installing: /home/robot/project/ls65_ros/ls65/elite_ros_ws/install/eli_cs_robot_simulation_gz/share/eli_cs_robot_simulation_gz/environment/path.dsv
-- Installing: /home/robot/project/ls65_ros/ls65/elite_ros_ws/install/eli_cs_robot_simulation_gz/share/eli_cs_robot_simulation_gz/local_setup.bash
-- Installing: /home/robot/project/ls65_ros/ls65/elite_ros_ws/install/eli_cs_robot_simulation_gz/share/eli_cs_robot_simulation_gz/local_setup.sh
-- Installing: /home/robot/project/ls65_ros/ls65/elite_ros_ws/install/eli_cs_robot_simulation_gz/share/eli_cs_robot_simulation_gz/local_setup.zsh
-- Installing: /home/robot/project/ls65_ros/ls65/elite_ros_ws/install/eli_cs_robot_simulation_gz/share/eli_cs_robot_simulation_gz/local_setup.dsv
-- Installing: /home/robot/project/ls65_ros/ls65/elite_ros_ws/install/eli_cs_robot_simulation_gz/share/eli_cs_robot_simulation_gz/package.dsv
-- Installing: /home/robot/project/ls65_ros/ls65/elite_ros_ws/install/eli_cs_robot_simulation_gz/share/ament_index/resource_index/packages/eli_cs_robot_simulation_gz
-- Installing: /home/robot/project/ls65_ros/ls65/elite_ros_ws/install/eli_cs_robot_simulation_gz/share/eli_cs_robot_simulation_gz/cmake/eli_cs_robot_simulation_gzConfig.cmake
-- Installing: /home/robot/project/ls65_ros/ls65/elite_ros_ws/install/eli_cs_robot_simulation_gz/share/eli_cs_robot_simulation_gz/cmake/eli_cs_robot_simulation_gzConfig-version.cmake
-- Installing: /home/robot/project/ls65_ros/ls65/elite_ros_ws/install/eli_cs_robot_simulation_gz/share/eli_cs_robot_simulation_gz/package.xml
