[0.008s] Invoking command in '/home/robot/project/ls65_ros/ls65/elite_ros_ws/build/eli_cs_robot_simulation_gz': CMAKE_PREFIX_PATH=/home/robot/project/ls65_ros/ls65/elite_ros_ws/install/eli_cs_robot_moveit_config:/home/robot/project/ls65_ros/ls65/elite_ros_ws/install/eli_cs_robot_description:/home/robot/project/ls65_ros/ls65/elite_ros_ws/install/eli_cs_robot_driver:/home/robot/project/ls65_ros/ls65/elite_ros_ws/install/eli_dashboard_interface:/home/robot/project/ls65_ros/ls65/elite_ros_ws/install/eli_cs_robot_calibration:/home/robot/project/ls65_ros/ls65/elite_ros_ws/install/eli_cs_controllers:/home/robot/project/ls65_ros/ls65/elite_ros_ws/install/eli_common_interface:/opt/ros/humble /usr/bin/cmake /home/robot/project/ls65_ros/ls65/elite_ros_ws/src/eli_cs_robot_simulation_gz -DCMAKE_INSTALL_PREFIX=/home/robot/project/ls65_ros/ls65/elite_ros_ws/install/eli_cs_robot_simulation_gz
[0.054s] -- The C compiler identification is GNU 11.4.0
[0.091s] -- The CXX compiler identification is GNU 11.4.0
[0.097s] -- Detecting C compiler ABI info
[0.144s] -- Detecting C compiler ABI info - done
[0.148s] -- Check for working C compiler: /usr/bin/cc - skipped
[0.148s] -- Detecting C compile features
[0.149s] -- Detecting C compile features - done
[0.150s] -- Detecting CXX compiler ABI info
[0.211s] -- Detecting CXX compiler ABI info - done
[0.216s] -- Check for working CXX compiler: /usr/bin/c++ - skipped
[0.217s] -- Detecting CXX compile features
[0.217s] -- Detecting CXX compile features - done
[0.218s] -- Found ament_cmake: 1.3.14 (/opt/ros/humble/share/ament_cmake/cmake)
[0.320s] -- Found Python3: /usr/bin/python3 (found version "3.10.12") found components: Interpreter 
[0.538s] -- Found rclpy: 3.3.21 (/opt/ros/humble/share/rclpy/cmake)
[0.584s] -- Configuring done
[0.586s] -- Generating done
[0.587s] -- Build files have been written to: /home/robot/project/ls65_ros/ls65/elite_ros_ws/build/eli_cs_robot_simulation_gz
[0.589s] Invoked command in '/home/robot/project/ls65_ros/ls65/elite_ros_ws/build/eli_cs_robot_simulation_gz' returned '0': CMAKE_PREFIX_PATH=/home/robot/project/ls65_ros/ls65/elite_ros_ws/install/eli_cs_robot_moveit_config:/home/robot/project/ls65_ros/ls65/elite_ros_ws/install/eli_cs_robot_description:/home/robot/project/ls65_ros/ls65/elite_ros_ws/install/eli_cs_robot_driver:/home/robot/project/ls65_ros/ls65/elite_ros_ws/install/eli_dashboard_interface:/home/robot/project/ls65_ros/ls65/elite_ros_ws/install/eli_cs_robot_calibration:/home/robot/project/ls65_ros/ls65/elite_ros_ws/install/eli_cs_controllers:/home/robot/project/ls65_ros/ls65/elite_ros_ws/install/eli_common_interface:/opt/ros/humble /usr/bin/cmake /home/robot/project/ls65_ros/ls65/elite_ros_ws/src/eli_cs_robot_simulation_gz -DCMAKE_INSTALL_PREFIX=/home/robot/project/ls65_ros/ls65/elite_ros_ws/install/eli_cs_robot_simulation_gz
[0.590s] Invoking command in '/home/robot/project/ls65_ros/ls65/elite_ros_ws/build/eli_cs_robot_simulation_gz': CMAKE_PREFIX_PATH=/home/robot/project/ls65_ros/ls65/elite_ros_ws/install/eli_cs_robot_moveit_config:/home/robot/project/ls65_ros/ls65/elite_ros_ws/install/eli_cs_robot_description:/home/robot/project/ls65_ros/ls65/elite_ros_ws/install/eli_cs_robot_driver:/home/robot/project/ls65_ros/ls65/elite_ros_ws/install/eli_dashboard_interface:/home/robot/project/ls65_ros/ls65/elite_ros_ws/install/eli_cs_robot_calibration:/home/robot/project/ls65_ros/ls65/elite_ros_ws/install/eli_cs_controllers:/home/robot/project/ls65_ros/ls65/elite_ros_ws/install/eli_common_interface:/opt/ros/humble /usr/bin/cmake --build /home/robot/project/ls65_ros/ls65/elite_ros_ws/build/eli_cs_robot_simulation_gz -- -j16 -l16
[0.623s] Invoked command in '/home/robot/project/ls65_ros/ls65/elite_ros_ws/build/eli_cs_robot_simulation_gz' returned '0': CMAKE_PREFIX_PATH=/home/robot/project/ls65_ros/ls65/elite_ros_ws/install/eli_cs_robot_moveit_config:/home/robot/project/ls65_ros/ls65/elite_ros_ws/install/eli_cs_robot_description:/home/robot/project/ls65_ros/ls65/elite_ros_ws/install/eli_cs_robot_driver:/home/robot/project/ls65_ros/ls65/elite_ros_ws/install/eli_dashboard_interface:/home/robot/project/ls65_ros/ls65/elite_ros_ws/install/eli_cs_robot_calibration:/home/robot/project/ls65_ros/ls65/elite_ros_ws/install/eli_cs_controllers:/home/robot/project/ls65_ros/ls65/elite_ros_ws/install/eli_common_interface:/opt/ros/humble /usr/bin/cmake --build /home/robot/project/ls65_ros/ls65/elite_ros_ws/build/eli_cs_robot_simulation_gz -- -j16 -l16
[0.625s] Invoking command in '/home/robot/project/ls65_ros/ls65/elite_ros_ws/build/eli_cs_robot_simulation_gz': CMAKE_PREFIX_PATH=/home/robot/project/ls65_ros/ls65/elite_ros_ws/install/eli_cs_robot_moveit_config:/home/robot/project/ls65_ros/ls65/elite_ros_ws/install/eli_cs_robot_description:/home/robot/project/ls65_ros/ls65/elite_ros_ws/install/eli_cs_robot_driver:/home/robot/project/ls65_ros/ls65/elite_ros_ws/install/eli_dashboard_interface:/home/robot/project/ls65_ros/ls65/elite_ros_ws/install/eli_cs_robot_calibration:/home/robot/project/ls65_ros/ls65/elite_ros_ws/install/eli_cs_controllers:/home/robot/project/ls65_ros/ls65/elite_ros_ws/install/eli_common_interface:/opt/ros/humble /usr/bin/cmake --install /home/robot/project/ls65_ros/ls65/elite_ros_ws/build/eli_cs_robot_simulation_gz
[0.630s] -- Install configuration: ""
[0.630s] -- Installing: /home/robot/project/ls65_ros/ls65/elite_ros_ws/install/eli_cs_robot_simulation_gz/share/eli_cs_robot_simulation_gz/config
[0.630s] -- Installing: /home/robot/project/ls65_ros/ls65/elite_ros_ws/install/eli_cs_robot_simulation_gz/share/eli_cs_robot_simulation_gz/config/cs_controllers_5f.yaml
[0.630s] -- Installing: /home/robot/project/ls65_ros/ls65/elite_ros_ws/install/eli_cs_robot_simulation_gz/share/eli_cs_robot_simulation_gz/config/cs_controllers.yaml
[0.630s] -- Installing: /home/robot/project/ls65_ros/ls65/elite_ros_ws/install/eli_cs_robot_simulation_gz/share/eli_cs_robot_simulation_gz/launch
[0.630s] -- Installing: /home/robot/project/ls65_ros/ls65/elite_ros_ws/install/eli_cs_robot_simulation_gz/share/eli_cs_robot_simulation_gz/launch/cs_sim_control.launch.py
[0.630s] -- Installing: /home/robot/project/ls65_ros/ls65/elite_ros_ws/install/eli_cs_robot_simulation_gz/share/eli_cs_robot_simulation_gz/launch/cs_sim_moveit.launch.py
[0.631s] -- Installing: /home/robot/project/ls65_ros/ls65/elite_ros_ws/install/eli_cs_robot_simulation_gz/lib/eli_cs_robot_simulation_gz/gz_control.py
[0.631s] -- Installing: /home/robot/project/ls65_ros/ls65/elite_ros_ws/install/eli_cs_robot_simulation_gz/share/ament_index/resource_index/package_run_dependencies/eli_cs_robot_simulation_gz
[0.631s] -- Installing: /home/robot/project/ls65_ros/ls65/elite_ros_ws/install/eli_cs_robot_simulation_gz/share/ament_index/resource_index/parent_prefix_path/eli_cs_robot_simulation_gz
[0.631s] -- Installing: /home/robot/project/ls65_ros/ls65/elite_ros_ws/install/eli_cs_robot_simulation_gz/share/eli_cs_robot_simulation_gz/environment/ament_prefix_path.sh
[0.631s] -- Installing: /home/robot/project/ls65_ros/ls65/elite_ros_ws/install/eli_cs_robot_simulation_gz/share/eli_cs_robot_simulation_gz/environment/ament_prefix_path.dsv
[0.631s] -- Installing: /home/robot/project/ls65_ros/ls65/elite_ros_ws/install/eli_cs_robot_simulation_gz/share/eli_cs_robot_simulation_gz/environment/path.sh
[0.631s] -- Installing: /home/robot/project/ls65_ros/ls65/elite_ros_ws/install/eli_cs_robot_simulation_gz/share/eli_cs_robot_simulation_gz/environment/path.dsv
[0.631s] -- Installing: /home/robot/project/ls65_ros/ls65/elite_ros_ws/install/eli_cs_robot_simulation_gz/share/eli_cs_robot_simulation_gz/local_setup.bash
[0.631s] -- Installing: /home/robot/project/ls65_ros/ls65/elite_ros_ws/install/eli_cs_robot_simulation_gz/share/eli_cs_robot_simulation_gz/local_setup.sh
[0.631s] -- Installing: /home/robot/project/ls65_ros/ls65/elite_ros_ws/install/eli_cs_robot_simulation_gz/share/eli_cs_robot_simulation_gz/local_setup.zsh
[0.631s] -- Installing: /home/robot/project/ls65_ros/ls65/elite_ros_ws/install/eli_cs_robot_simulation_gz/share/eli_cs_robot_simulation_gz/local_setup.dsv
[0.631s] -- Installing: /home/robot/project/ls65_ros/ls65/elite_ros_ws/install/eli_cs_robot_simulation_gz/share/eli_cs_robot_simulation_gz/package.dsv
[0.631s] -- Installing: /home/robot/project/ls65_ros/ls65/elite_ros_ws/install/eli_cs_robot_simulation_gz/share/ament_index/resource_index/packages/eli_cs_robot_simulation_gz
[0.631s] -- Installing: /home/robot/project/ls65_ros/ls65/elite_ros_ws/install/eli_cs_robot_simulation_gz/share/eli_cs_robot_simulation_gz/cmake/eli_cs_robot_simulation_gzConfig.cmake
[0.631s] -- Installing: /home/robot/project/ls65_ros/ls65/elite_ros_ws/install/eli_cs_robot_simulation_gz/share/eli_cs_robot_simulation_gz/cmake/eli_cs_robot_simulation_gzConfig-version.cmake
[0.631s] -- Installing: /home/robot/project/ls65_ros/ls65/elite_ros_ws/install/eli_cs_robot_simulation_gz/share/eli_cs_robot_simulation_gz/package.xml
[0.633s] Invoked command in '/home/robot/project/ls65_ros/ls65/elite_ros_ws/build/eli_cs_robot_simulation_gz' returned '0': CMAKE_PREFIX_PATH=/home/robot/project/ls65_ros/ls65/elite_ros_ws/install/eli_cs_robot_moveit_config:/home/robot/project/ls65_ros/ls65/elite_ros_ws/install/eli_cs_robot_description:/home/robot/project/ls65_ros/ls65/elite_ros_ws/install/eli_cs_robot_driver:/home/robot/project/ls65_ros/ls65/elite_ros_ws/install/eli_dashboard_interface:/home/robot/project/ls65_ros/ls65/elite_ros_ws/install/eli_cs_robot_calibration:/home/robot/project/ls65_ros/ls65/elite_ros_ws/install/eli_cs_controllers:/home/robot/project/ls65_ros/ls65/elite_ros_ws/install/eli_common_interface:/opt/ros/humble /usr/bin/cmake --install /home/robot/project/ls65_ros/ls65/elite_ros_ws/build/eli_cs_robot_simulation_gz
