-- The C compiler identification is GNU 11.4.0
-- The CXX compiler identification is GNU 11.4.0
-- Detecting C compiler ABI info
-- Detecting C compiler ABI info - done
-- Check for working C compiler: /usr/bin/cc - skipped
-- Detecting C compile features
-- Detecting C compile features - done
-- Detecting CXX compiler ABI info
-- Detecting CXX compiler ABI info - done
-- Check for working CXX compiler: /usr/bin/c++ - skipped
-- Detecting CXX compile features
-- Detecting CXX compile features - done
-- Found ament_cmake: 1.3.14 (/opt/ros/humble/share/ament_cmake/cmake)
-- Found Python3: /usr/bin/python3 (found version "3.10.12") found components: Interpreter 
-- Found rclcpp: 16.0.19 (/opt/ros/humble/share/rclcpp/cmake)
-- Found rosidl_generator_c: 3.1.8 (/opt/ros/humble/share/rosidl_generator_c/cmake)
-- Found rosidl_adapter: 3.1.8 (/opt/ros/humble/share/rosidl_adapter/cmake)
-- Found rosidl_generator_cpp: 3.1.8 (/opt/ros/humble/share/rosidl_generator_cpp/cmake)
-- Using all available rosidl_typesupport_c: rosidl_typesupport_fastrtps_c;rosidl_typesupport_introspection_c
-- Using all available rosidl_typesupport_cpp: rosidl_typesupport_fastrtps_cpp;rosidl_typesupport_introspection_cpp
-- Found rmw_implementation_cmake: 6.1.2 (/opt/ros/humble/share/rmw_implementation_cmake/cmake)
-- Found rmw_fastrtps_cpp: 6.2.10 (/opt/ros/humble/share/rmw_fastrtps_cpp/cmake)
-- Found OpenSSL: /usr/lib/x86_64-linux-gnu/libcrypto.so (found version "3.0.2")  
-- Found FastRTPS: /opt/ros/humble/include  
-- Using RMW implementation 'rmw_fastrtps_cpp' as default
-- Looking for pthread.h
-- Looking for pthread.h - found
-- Performing Test CMAKE_HAVE_LIBC_PTHREAD
-- Performing Test CMAKE_HAVE_LIBC_PTHREAD - Success
-- Found Threads: TRUE  
-- Found rclcpp_components: 16.0.19 (/opt/ros/humble/share/rclcpp_components/cmake)
-- Found std_srvs: 4.9.1 (/opt/ros/humble/share/std_srvs/cmake)
-- Found eli_dashboard_interface: 0.0.1 (/home/robot/project/ls65_ros/ls65/elite_ros_ws/install/eli_dashboard_interface/share/eli_dashboard_interface/cmake)
-- Found eli_common_interface: 0.0.1 (/home/robot/project/ls65_ros/ls65/elite_ros_ws/install/eli_common_interface/share/eli_common_interface/cmake)
-- Found hardware_interface: 2.54.0 (/opt/ros/humble/share/hardware_interface/cmake)
-- Found tf2_geometry_msgs: 0.25.20 (/opt/ros/humble/share/tf2_geometry_msgs/cmake)
-- Found eigen3_cmake_module: 0.1.1 (/opt/ros/humble/share/eigen3_cmake_module/cmake)
-- Found Eigen3: TRUE (found version "3.4.0") 
-- Ensuring Eigen3 include directory is part of orocos-kdl CMake target
-- Found controller_manager: 2.54.0 (/opt/ros/humble/share/controller_manager/cmake)
-- Found ament_lint_auto: 0.12.15 (/opt/ros/humble/share/ament_lint_auto/cmake)
-- Found python_cmake_module: 0.10.0 (/opt/ros/humble/share/python_cmake_module/cmake)
-- Found PythonInterp: /usr/bin/python3 (found suitable version "3.10.12", minimum required is "3.6") 
-- Found PythonLibs: /usr/lib/x86_64-linux-gnu/libpython3.10.so (found suitable version "3.10.12", minimum required is "3.5") 
-- Using PYTHON_EXECUTABLE: /usr/bin/python3
-- Using PYTHON_INCLUDE_DIRS: /usr/include/python3.10
-- Using PYTHON_LIBRARIES: /usr/lib/x86_64-linux-gnu/libpython3.10.so
-- Found PythonExtra: .so  
-- Added test 'cppcheck' to perform static code analysis on C / C++ code
-- Configured cppcheck include dirs: /home/robot/project/ls65_ros/ls65/elite_ros_ws/src/eli_cs_robot_driver/include
-- Configured cppcheck exclude dirs and/or files: 
-- Added test 'flake8' to check Python code syntax and style conventions
-- Added test 'lint_cmake' to check CMake code style
-- Added test 'pep257' to check Python code against some of the docstring style conventions in PEP 257
-- Added test 'uncrustify' to check C / C++ code style
-- Configured uncrustify additional arguments: 
-- Added test 'xmllint' to check XML markup files
-- Configuring done
-- Generating done
-- Build files have been written to: /home/robot/project/ls65_ros/ls65/elite_ros_ws/build/eli_cs_robot_driver
[  4%] [32mBuilding CXX object CMakeFiles/primary_client.dir/rclcpp_components/node_main_primary_client.cpp.o[0m
[  8%] [32mBuilding CXX object CMakeFiles/dashboard_client_component.dir/src/dashboard_client.cpp.o[0m
[ 13%] [32mBuilding CXX object CMakeFiles/script_node_component.dir/src/script_node.cpp.o[0m
[ 17%] [32mBuilding CXX object CMakeFiles/dashboard_client.dir/rclcpp_components/node_main_dashboard_client.cpp.o[0m
[ 21%] [32mBuilding CXX object CMakeFiles/eli_cs_hardware_interface_plugin.dir/src/hardware_interface.cpp.o[0m
[ 26%] [32mBuilding CXX object CMakeFiles/primary_client_component.dir/src/primary_client.cpp.o[0m
[ 30%] [32mBuilding CXX object CMakeFiles/controller_stopper_node.dir/src/controller_stopper_node.cpp.o[0m
[ 34%] [32mBuilding CXX object CMakeFiles/controller_stopper_node.dir/src/controller_stopper.cpp.o[0m
[ 39%] [32mBuilding CXX object CMakeFiles/example_safe_joint_move.dir/example/cpp/example_safe_joint_move.cpp.o[0m
[ 43%] [32mBuilding CXX object CMakeFiles/eli_ros2_control_node.dir/src/control_node.cpp.o[0m
[ 47%] [32mBuilding CXX object CMakeFiles/script_node.dir/rclcpp_components/node_main_script_node.cpp.o[0m
[ 52%] [32m[1mLinking CXX executable primary_client[0m
[ 52%] Built target primary_client
[ 56%] [32m[1mLinking CXX executable script_node[0m
[ 56%] Built target script_node
[ 60%] [32m[1mLinking CXX executable dashboard_client[0m
[ 60%] Built target dashboard_client
[ 65%] [32m[1mLinking CXX shared library libprimary_client_component.so[0m
[ 65%] Built target primary_client_component
[ 69%] [32m[1mLinking CXX executable eli_ros2_control_node[0m
[ 69%] Built target eli_ros2_control_node
[ 73%] [32m[1mLinking CXX shared library libeli_cs_hardware_interface_plugin.so[0m
[ 73%] Built target eli_cs_hardware_interface_plugin
[ 78%] [32m[1mLinking CXX shared library libdashboard_client_component.so[0m
[ 78%] Built target dashboard_client_component
[ 82%] [32m[1mLinking CXX shared library libscript_node_component.so[0m
[ 82%] Built target script_node_component
[ 86%] [32mBuilding CXX object CMakeFiles/eli_components_loader.dir/src/load_components.cpp.o[0m
[ 91%] [32m[1mLinking CXX executable controller_stopper_node[0m
[ 91%] Built target controller_stopper_node
[ 95%] [32m[1mLinking CXX executable example_safe_joint_move[0m
[ 95%] Built target example_safe_joint_move
[100%] [32m[1mLinking CXX executable eli_components_loader[0m
[100%] Built target eli_components_loader
-- Install configuration: ""
-- Installing: /home/robot/project/ls65_ros/ls65/elite_ros_ws/install/eli_cs_robot_driver/lib/eli_cs_robot_driver/dashboard_client
-- Set runtime path of "/home/robot/project/ls65_ros/ls65/elite_ros_ws/install/eli_cs_robot_driver/lib/eli_cs_robot_driver/dashboard_client" to ""
-- Installing: /home/robot/project/ls65_ros/ls65/elite_ros_ws/install/eli_cs_robot_driver/lib/libdashboard_client_component.so
-- Set runtime path of "/home/robot/project/ls65_ros/ls65/elite_ros_ws/install/eli_cs_robot_driver/lib/libdashboard_client_component.so" to ""
-- Installing: /home/robot/project/ls65_ros/ls65/elite_ros_ws/install/eli_cs_robot_driver/lib/eli_cs_robot_driver/primary_client
-- Set runtime path of "/home/robot/project/ls65_ros/ls65/elite_ros_ws/install/eli_cs_robot_driver/lib/eli_cs_robot_driver/primary_client" to ""
-- Installing: /home/robot/project/ls65_ros/ls65/elite_ros_ws/install/eli_cs_robot_driver/lib/libprimary_client_component.so
-- Set runtime path of "/home/robot/project/ls65_ros/ls65/elite_ros_ws/install/eli_cs_robot_driver/lib/libprimary_client_component.so" to ""
-- Installing: /home/robot/project/ls65_ros/ls65/elite_ros_ws/install/eli_cs_robot_driver/lib/eli_cs_robot_driver/script_node
-- Set runtime path of "/home/robot/project/ls65_ros/ls65/elite_ros_ws/install/eli_cs_robot_driver/lib/eli_cs_robot_driver/script_node" to ""
-- Installing: /home/robot/project/ls65_ros/ls65/elite_ros_ws/install/eli_cs_robot_driver/lib/libscript_node_component.so
-- Set runtime path of "/home/robot/project/ls65_ros/ls65/elite_ros_ws/install/eli_cs_robot_driver/lib/libscript_node_component.so" to ""
-- Installing: /home/robot/project/ls65_ros/ls65/elite_ros_ws/install/eli_cs_robot_driver/lib/eli_cs_robot_driver/eli_components_loader
-- Set runtime path of "/home/robot/project/ls65_ros/ls65/elite_ros_ws/install/eli_cs_robot_driver/lib/eli_cs_robot_driver/eli_components_loader" to ""
-- Installing: /home/robot/project/ls65_ros/ls65/elite_ros_ws/install/eli_cs_robot_driver/share/eli_cs_robot_driver/hardware_interface_plugin.xml
-- Installing: /home/robot/project/ls65_ros/ls65/elite_ros_ws/install/eli_cs_robot_driver/lib/libeli_cs_hardware_interface_plugin.so
-- Set runtime path of "/home/robot/project/ls65_ros/ls65/elite_ros_ws/install/eli_cs_robot_driver/lib/libeli_cs_hardware_interface_plugin.so" to ""
-- Installing: /home/robot/project/ls65_ros/ls65/elite_ros_ws/install/eli_cs_robot_driver/lib/eli_cs_robot_driver/controller_stopper_node
-- Set runtime path of "/home/robot/project/ls65_ros/ls65/elite_ros_ws/install/eli_cs_robot_driver/lib/eli_cs_robot_driver/controller_stopper_node" to ""
-- Installing: /home/robot/project/ls65_ros/ls65/elite_ros_ws/install/eli_cs_robot_driver/lib/eli_cs_robot_driver/eli_ros2_control_node
-- Set runtime path of "/home/robot/project/ls65_ros/ls65/elite_ros_ws/install/eli_cs_robot_driver/lib/eli_cs_robot_driver/eli_ros2_control_node" to ""
-- Installing: /home/robot/project/ls65_ros/ls65/elite_ros_ws/install/eli_cs_robot_driver/include
-- Installing: /home/robot/project/ls65_ros/ls65/elite_ros_ws/install/eli_cs_robot_driver/include/eli_cs_robot_driver
-- Installing: /home/robot/project/ls65_ros/ls65/elite_ros_ws/install/eli_cs_robot_driver/include/eli_cs_robot_driver/script_node.hpp
-- Installing: /home/robot/project/ls65_ros/ls65/elite_ros_ws/install/eli_cs_robot_driver/include/eli_cs_robot_driver/primary_client.hpp
-- Installing: /home/robot/project/ls65_ros/ls65/elite_ros_ws/install/eli_cs_robot_driver/include/eli_cs_robot_driver/controller_stopper.hpp
-- Installing: /home/robot/project/ls65_ros/ls65/elite_ros_ws/install/eli_cs_robot_driver/include/eli_cs_robot_driver/hardware_interface.hpp
-- Installing: /home/robot/project/ls65_ros/ls65/elite_ros_ws/install/eli_cs_robot_driver/include/eli_cs_robot_driver/dashboard_client.hpp
-- Installing: /home/robot/project/ls65_ros/ls65/elite_ros_ws/install/eli_cs_robot_driver/share/eli_cs_robot_driver/resources
-- Installing: /home/robot/project/ls65_ros/ls65/elite_ros_ws/install/eli_cs_robot_driver/share/eli_cs_robot_driver/resources/output_recipe.txt
-- Installing: /home/robot/project/ls65_ros/ls65/elite_ros_ws/install/eli_cs_robot_driver/share/eli_cs_robot_driver/resources/external_control.script
-- Installing: /home/robot/project/ls65_ros/ls65/elite_ros_ws/install/eli_cs_robot_driver/share/eli_cs_robot_driver/resources/input_recipe.txt
-- Installing: /home/robot/project/ls65_ros/ls65/elite_ros_ws/install/eli_cs_robot_driver/share/eli_cs_robot_driver/config
-- Installing: /home/robot/project/ls65_ros/ls65/elite_ros_ws/install/eli_cs_robot_driver/share/eli_cs_robot_driver/config/elite_cs_controllers_5f.yaml
-- Installing: /home/robot/project/ls65_ros/ls65/elite_ros_ws/install/eli_cs_robot_driver/share/eli_cs_robot_driver/config/cs_update_rate.yaml
-- Installing: /home/robot/project/ls65_ros/ls65/elite_ros_ws/install/eli_cs_robot_driver/share/eli_cs_robot_driver/config/elite_cs_controllers.yaml
-- Installing: /home/robot/project/ls65_ros/ls65/elite_ros_ws/install/eli_cs_robot_driver/share/eli_cs_robot_driver/launch
-- Installing: /home/robot/project/ls65_ros/ls65/elite_ros_ws/install/eli_cs_robot_driver/share/eli_cs_robot_driver/launch/elite_control.launch.py
-- Up-to-date: /home/robot/project/ls65_ros/ls65/elite_ros_ws/install/eli_cs_robot_driver/share/eli_cs_robot_driver/launch/
-- Installing: /home/robot/project/ls65_ros/ls65/elite_ros_ws/install/eli_cs_robot_driver/share/eli_cs_robot_driver/launch//example_joint_trajectory_controller.launch.py
-- Installing: /home/robot/project/ls65_ros/ls65/elite_ros_ws/install/eli_cs_robot_driver/share/eli_cs_robot_driver/launch//example_forward_velocity_controller.launch.py
-- Installing: /home/robot/project/ls65_ros/ls65/elite_ros_ws/install/eli_cs_robot_driver/share/eli_cs_robot_driver/launch//example_scaled_joint_trajectory_controller.launch.py
-- Installing: /home/robot/project/ls65_ros/ls65/elite_ros_ws/install/eli_cs_robot_driver/share/eli_cs_robot_driver/launch//example_safe_joint_move.launch.py
-- Up-to-date: /home/robot/project/ls65_ros/ls65/elite_ros_ws/install/eli_cs_robot_driver/share/eli_cs_robot_driver/config/
-- Installing: /home/robot/project/ls65_ros/ls65/elite_ros_ws/install/eli_cs_robot_driver/share/eli_cs_robot_driver/config//test_goal_publishers_config.yaml
-- Installing: /home/robot/project/ls65_ros/ls65/elite_ros_ws/install/eli_cs_robot_driver/share/eli_cs_robot_driver/config//test_velocity_goal_publishers_config.yaml
-- Installing: /home/robot/project/ls65_ros/ls65/elite_ros_ws/install/eli_cs_robot_driver/share/eli_cs_robot_driver/config//test_goal_publishers_config_cs66a.yaml
-- Installing: /home/robot/project/ls65_ros/ls65/elite_ros_ws/install/eli_cs_robot_driver/lib/eli_cs_robot_driver/example_safe_joint_move_py
-- Installing: /home/robot/project/ls65_ros/ls65/elite_ros_ws/install/eli_cs_robot_driver/lib/eli_cs_robot_driver/example_safe_joint_move
-- Set runtime path of "/home/robot/project/ls65_ros/ls65/elite_ros_ws/install/eli_cs_robot_driver/lib/eli_cs_robot_driver/example_safe_joint_move" to ""
-- Installing: /home/robot/project/ls65_ros/ls65/elite_ros_ws/install/eli_cs_robot_driver/share/eli_cs_robot_driver/environment/library_path.sh
-- Installing: /home/robot/project/ls65_ros/ls65/elite_ros_ws/install/eli_cs_robot_driver/share/eli_cs_robot_driver/environment/library_path.dsv
-- Installing: /home/robot/project/ls65_ros/ls65/elite_ros_ws/install/eli_cs_robot_driver/share/ament_index/resource_index/package_run_dependencies/eli_cs_robot_driver
-- Installing: /home/robot/project/ls65_ros/ls65/elite_ros_ws/install/eli_cs_robot_driver/share/ament_index/resource_index/parent_prefix_path/eli_cs_robot_driver
-- Installing: /home/robot/project/ls65_ros/ls65/elite_ros_ws/install/eli_cs_robot_driver/share/eli_cs_robot_driver/environment/ament_prefix_path.sh
-- Installing: /home/robot/project/ls65_ros/ls65/elite_ros_ws/install/eli_cs_robot_driver/share/eli_cs_robot_driver/environment/ament_prefix_path.dsv
-- Installing: /home/robot/project/ls65_ros/ls65/elite_ros_ws/install/eli_cs_robot_driver/share/eli_cs_robot_driver/environment/path.sh
-- Installing: /home/robot/project/ls65_ros/ls65/elite_ros_ws/install/eli_cs_robot_driver/share/eli_cs_robot_driver/environment/path.dsv
-- Installing: /home/robot/project/ls65_ros/ls65/elite_ros_ws/install/eli_cs_robot_driver/share/eli_cs_robot_driver/local_setup.bash
-- Installing: /home/robot/project/ls65_ros/ls65/elite_ros_ws/install/eli_cs_robot_driver/share/eli_cs_robot_driver/local_setup.sh
-- Installing: /home/robot/project/ls65_ros/ls65/elite_ros_ws/install/eli_cs_robot_driver/share/eli_cs_robot_driver/local_setup.zsh
-- Installing: /home/robot/project/ls65_ros/ls65/elite_ros_ws/install/eli_cs_robot_driver/share/eli_cs_robot_driver/local_setup.dsv
-- Installing: /home/robot/project/ls65_ros/ls65/elite_ros_ws/install/eli_cs_robot_driver/share/eli_cs_robot_driver/package.dsv
-- Installing: /home/robot/project/ls65_ros/ls65/elite_ros_ws/install/eli_cs_robot_driver/share/ament_index/resource_index/packages/eli_cs_robot_driver
-- Installing: /home/robot/project/ls65_ros/ls65/elite_ros_ws/install/eli_cs_robot_driver/share/ament_index/resource_index/rclcpp_components/eli_cs_robot_driver
-- Installing: /home/robot/project/ls65_ros/ls65/elite_ros_ws/install/eli_cs_robot_driver/share/ament_index/resource_index/hardware_interface__pluginlib__plugin/eli_cs_robot_driver
-- Installing: /home/robot/project/ls65_ros/ls65/elite_ros_ws/install/eli_cs_robot_driver/share/eli_cs_robot_driver/cmake/export_dashboard_client_componentExport.cmake
-- Installing: /home/robot/project/ls65_ros/ls65/elite_ros_ws/install/eli_cs_robot_driver/share/eli_cs_robot_driver/cmake/export_dashboard_client_componentExport-noconfig.cmake
-- Installing: /home/robot/project/ls65_ros/ls65/elite_ros_ws/install/eli_cs_robot_driver/share/eli_cs_robot_driver/cmake/export_primary_client_componentExport.cmake
-- Installing: /home/robot/project/ls65_ros/ls65/elite_ros_ws/install/eli_cs_robot_driver/share/eli_cs_robot_driver/cmake/export_primary_client_componentExport-noconfig.cmake
-- Installing: /home/robot/project/ls65_ros/ls65/elite_ros_ws/install/eli_cs_robot_driver/share/eli_cs_robot_driver/cmake/export_script_node_componentExport.cmake
-- Installing: /home/robot/project/ls65_ros/ls65/elite_ros_ws/install/eli_cs_robot_driver/share/eli_cs_robot_driver/cmake/export_script_node_componentExport-noconfig.cmake
-- Installing: /home/robot/project/ls65_ros/ls65/elite_ros_ws/install/eli_cs_robot_driver/share/eli_cs_robot_driver/cmake/ament_cmake_export_targets-extras.cmake
-- Installing: /home/robot/project/ls65_ros/ls65/elite_ros_ws/install/eli_cs_robot_driver/share/eli_cs_robot_driver/cmake/ament_cmake_export_include_directories-extras.cmake
-- Installing: /home/robot/project/ls65_ros/ls65/elite_ros_ws/install/eli_cs_robot_driver/share/eli_cs_robot_driver/cmake/ament_cmake_export_libraries-extras.cmake
-- Installing: /home/robot/project/ls65_ros/ls65/elite_ros_ws/install/eli_cs_robot_driver/share/eli_cs_robot_driver/cmake/ament_cmake_export_dependencies-extras.cmake
-- Installing: /home/robot/project/ls65_ros/ls65/elite_ros_ws/install/eli_cs_robot_driver/share/eli_cs_robot_driver/cmake/eli_cs_robot_driverConfig.cmake
-- Installing: /home/robot/project/ls65_ros/ls65/elite_ros_ws/install/eli_cs_robot_driver/share/eli_cs_robot_driver/cmake/eli_cs_robot_driverConfig-version.cmake
-- Installing: /home/robot/project/ls65_ros/ls65/elite_ros_ws/install/eli_cs_robot_driver/share/eli_cs_robot_driver/package.xml
