[0.009s] Invoking command in '/home/robot/project/ls65_ros/ls65/elite_ros_ws/build/eli_cs_robot_driver': AMENT_PREFIX_PATH=/home/robot/project/ls65_ros/ls65/elite_ros_ws/install/eli_dashboard_interface:/home/robot/project/ls65_ros/ls65/elite_ros_ws/install/eli_cs_robot_description:/home/robot/project/ls65_ros/ls65/elite_ros_ws/install/eli_common_interface:${AMENT_PREFIX_PATH} CMAKE_PREFIX_PATH=/home/robot/project/ls65_ros/ls65/elite_ros_ws/install/eli_dashboard_interface:/home/robot/project/ls65_ros/ls65/elite_ros_ws/install/eli_cs_robot_description:/home/robot/project/ls65_ros/ls65/elite_ros_ws/install/eli_common_interface:/opt/ros/humble LD_LIBRARY_PATH=/home/robot/project/ls65_ros/ls65/elite_ros_ws/install/eli_dashboard_interface/lib:/home/robot/project/ls65_ros/ls65/elite_ros_ws/install/eli_common_interface/lib:${LD_LIBRARY_PATH} PYTHONPATH=/home/robot/project/ls65_ros/ls65/elite_ros_ws/install/eli_dashboard_interface/local/lib/python3.10/dist-packages:/home/robot/project/ls65_ros/ls65/elite_ros_ws/install/eli_common_interface/local/lib/python3.10/dist-packages:${PYTHONPATH} /usr/bin/cmake /home/robot/project/ls65_ros/ls65/elite_ros_ws/src/eli_cs_robot_driver -DCMAKE_INSTALL_PREFIX=/home/robot/project/ls65_ros/ls65/elite_ros_ws/install/eli_cs_robot_driver
[0.059s] -- The C compiler identification is GNU 11.4.0
[0.109s] -- The CXX compiler identification is GNU 11.4.0
[0.114s] -- Detecting C compiler ABI info
[0.178s] -- Detecting C compiler ABI info - done
[0.184s] -- Check for working C compiler: /usr/bin/cc - skipped
[0.184s] -- Detecting C compile features
[0.185s] -- Detecting C compile features - done
[0.187s] -- Detecting CXX compiler ABI info
[0.255s] -- Detecting CXX compiler ABI info - done
[0.263s] -- Check for working CXX compiler: /usr/bin/c++ - skipped
[0.263s] -- Detecting CXX compile features
[0.263s] -- Detecting CXX compile features - done
[0.264s] -- Found ament_cmake: 1.3.14 (/opt/ros/humble/share/ament_cmake/cmake)
[0.390s] -- Found Python3: /usr/bin/python3 (found version "3.10.12") found components: Interpreter 
[0.455s] -- Found rclcpp: 16.0.19 (/opt/ros/humble/share/rclcpp/cmake)
[0.479s] -- Found rosidl_generator_c: 3.1.8 (/opt/ros/humble/share/rosidl_generator_c/cmake)
[0.482s] -- Found rosidl_adapter: 3.1.8 (/opt/ros/humble/share/rosidl_adapter/cmake)
[0.487s] -- Found rosidl_generator_cpp: 3.1.8 (/opt/ros/humble/share/rosidl_generator_cpp/cmake)
[0.495s] -- Using all available rosidl_typesupport_c: rosidl_typesupport_fastrtps_c;rosidl_typesupport_introspection_c
[0.506s] -- Using all available rosidl_typesupport_cpp: rosidl_typesupport_fastrtps_cpp;rosidl_typesupport_introspection_cpp
[0.534s] -- Found rmw_implementation_cmake: 6.1.2 (/opt/ros/humble/share/rmw_implementation_cmake/cmake)
[0.536s] -- Found rmw_fastrtps_cpp: 6.2.10 (/opt/ros/humble/share/rmw_fastrtps_cpp/cmake)
[0.601s] -- Found OpenSSL: /usr/lib/x86_64-linux-gnu/libcrypto.so (found version "3.0.2")  
[0.621s] -- Found FastRTPS: /opt/ros/humble/include  
[0.650s] -- Using RMW implementation 'rmw_fastrtps_cpp' as default
[0.655s] -- Looking for pthread.h
[0.719s] -- Looking for pthread.h - found
[0.719s] -- Performing Test CMAKE_HAVE_LIBC_PTHREAD
[0.782s] -- Performing Test CMAKE_HAVE_LIBC_PTHREAD - Success
[0.783s] -- Found Threads: TRUE  
[0.818s] -- Found rclcpp_components: 16.0.19 (/opt/ros/humble/share/rclcpp_components/cmake)
[0.956s] -- Found std_srvs: 4.9.1 (/opt/ros/humble/share/std_srvs/cmake)
[1.018s] -- Found eli_dashboard_interface: 0.0.1 (/home/robot/project/ls65_ros/ls65/elite_ros_ws/install/eli_dashboard_interface/share/eli_dashboard_interface/cmake)
[1.024s] -- Found eli_common_interface: 0.0.1 (/home/robot/project/ls65_ros/ls65/elite_ros_ws/install/eli_common_interface/share/eli_common_interface/cmake)
[1.041s] -- Found hardware_interface: 2.54.0 (/opt/ros/humble/share/hardware_interface/cmake)
[1.138s] -- Found tf2_geometry_msgs: 0.25.20 (/opt/ros/humble/share/tf2_geometry_msgs/cmake)
[1.169s] -- Found eigen3_cmake_module: 0.1.1 (/opt/ros/humble/share/eigen3_cmake_module/cmake)
[1.170s] -- Found Eigen3: TRUE (found version "3.4.0") 
[1.170s] -- Ensuring Eigen3 include directory is part of orocos-kdl CMake target
[1.222s] -- Found controller_manager: 2.54.0 (/opt/ros/humble/share/controller_manager/cmake)
[1.271s] -- Found ament_lint_auto: 0.12.15 (/opt/ros/humble/share/ament_lint_auto/cmake)
[1.334s] -- Found python_cmake_module: 0.10.0 (/opt/ros/humble/share/python_cmake_module/cmake)
[1.349s] -- Found PythonInterp: /usr/bin/python3 (found suitable version "3.10.12", minimum required is "3.6") 
[1.354s] -- Found PythonLibs: /usr/lib/x86_64-linux-gnu/libpython3.10.so (found suitable version "3.10.12", minimum required is "3.5") 
[1.354s] -- Using PYTHON_EXECUTABLE: /usr/bin/python3
[1.354s] -- Using PYTHON_INCLUDE_DIRS: /usr/include/python3.10
[1.354s] -- Using PYTHON_LIBRARIES: /usr/lib/x86_64-linux-gnu/libpython3.10.so
[1.378s] -- Found PythonExtra: .so  
[1.387s] -- Added test 'cppcheck' to perform static code analysis on C / C++ code
[1.388s] -- Configured cppcheck include dirs: /home/robot/project/ls65_ros/ls65/elite_ros_ws/src/eli_cs_robot_driver/include
[1.388s] -- Configured cppcheck exclude dirs and/or files: 
[1.389s] -- Added test 'flake8' to check Python code syntax and style conventions
[1.390s] -- Added test 'lint_cmake' to check CMake code style
[1.391s] -- Added test 'pep257' to check Python code against some of the docstring style conventions in PEP 257
[1.394s] -- Added test 'uncrustify' to check C / C++ code style
[1.394s] -- Configured uncrustify additional arguments: 
[1.395s] -- Added test 'xmllint' to check XML markup files
[1.397s] -- Configuring done
[1.459s] -- Generating done
[1.483s] -- Build files have been written to: /home/robot/project/ls65_ros/ls65/elite_ros_ws/build/eli_cs_robot_driver
[1.494s] Invoked command in '/home/robot/project/ls65_ros/ls65/elite_ros_ws/build/eli_cs_robot_driver' returned '0': AMENT_PREFIX_PATH=/home/robot/project/ls65_ros/ls65/elite_ros_ws/install/eli_dashboard_interface:/home/robot/project/ls65_ros/ls65/elite_ros_ws/install/eli_cs_robot_description:/home/robot/project/ls65_ros/ls65/elite_ros_ws/install/eli_common_interface:${AMENT_PREFIX_PATH} CMAKE_PREFIX_PATH=/home/robot/project/ls65_ros/ls65/elite_ros_ws/install/eli_dashboard_interface:/home/robot/project/ls65_ros/ls65/elite_ros_ws/install/eli_cs_robot_description:/home/robot/project/ls65_ros/ls65/elite_ros_ws/install/eli_common_interface:/opt/ros/humble LD_LIBRARY_PATH=/home/robot/project/ls65_ros/ls65/elite_ros_ws/install/eli_dashboard_interface/lib:/home/robot/project/ls65_ros/ls65/elite_ros_ws/install/eli_common_interface/lib:${LD_LIBRARY_PATH} PYTHONPATH=/home/robot/project/ls65_ros/ls65/elite_ros_ws/install/eli_dashboard_interface/local/lib/python3.10/dist-packages:/home/robot/project/ls65_ros/ls65/elite_ros_ws/install/eli_common_interface/local/lib/python3.10/dist-packages:${PYTHONPATH} /usr/bin/cmake /home/robot/project/ls65_ros/ls65/elite_ros_ws/src/eli_cs_robot_driver -DCMAKE_INSTALL_PREFIX=/home/robot/project/ls65_ros/ls65/elite_ros_ws/install/eli_cs_robot_driver
[1.496s] Invoking command in '/home/robot/project/ls65_ros/ls65/elite_ros_ws/build/eli_cs_robot_driver': AMENT_PREFIX_PATH=/home/robot/project/ls65_ros/ls65/elite_ros_ws/install/eli_dashboard_interface:/home/robot/project/ls65_ros/ls65/elite_ros_ws/install/eli_cs_robot_description:/home/robot/project/ls65_ros/ls65/elite_ros_ws/install/eli_common_interface:${AMENT_PREFIX_PATH} CMAKE_PREFIX_PATH=/home/robot/project/ls65_ros/ls65/elite_ros_ws/install/eli_dashboard_interface:/home/robot/project/ls65_ros/ls65/elite_ros_ws/install/eli_cs_robot_description:/home/robot/project/ls65_ros/ls65/elite_ros_ws/install/eli_common_interface:/opt/ros/humble LD_LIBRARY_PATH=/home/robot/project/ls65_ros/ls65/elite_ros_ws/install/eli_dashboard_interface/lib:/home/robot/project/ls65_ros/ls65/elite_ros_ws/install/eli_common_interface/lib:${LD_LIBRARY_PATH} PYTHONPATH=/home/robot/project/ls65_ros/ls65/elite_ros_ws/install/eli_dashboard_interface/local/lib/python3.10/dist-packages:/home/robot/project/ls65_ros/ls65/elite_ros_ws/install/eli_common_interface/local/lib/python3.10/dist-packages:${PYTHONPATH} /usr/bin/cmake --build /home/robot/project/ls65_ros/ls65/elite_ros_ws/build/eli_cs_robot_driver -- -j16 -l16
[1.549s] [  4%] [32mBuilding CXX object CMakeFiles/primary_client.dir/rclcpp_components/node_main_primary_client.cpp.o[0m
[1.549s] [  8%] [32mBuilding CXX object CMakeFiles/dashboard_client_component.dir/src/dashboard_client.cpp.o[0m
[1.551s] [ 13%] [32mBuilding CXX object CMakeFiles/script_node_component.dir/src/script_node.cpp.o[0m
[1.553s] [ 17%] [32mBuilding CXX object CMakeFiles/dashboard_client.dir/rclcpp_components/node_main_dashboard_client.cpp.o[0m
[1.553s] [ 21%] [32mBuilding CXX object CMakeFiles/eli_cs_hardware_interface_plugin.dir/src/hardware_interface.cpp.o[0m
[1.556s] [ 26%] [32mBuilding CXX object CMakeFiles/primary_client_component.dir/src/primary_client.cpp.o[0m
[1.556s] [ 30%] [32mBuilding CXX object CMakeFiles/controller_stopper_node.dir/src/controller_stopper_node.cpp.o[0m
[1.558s] [ 34%] [32mBuilding CXX object CMakeFiles/controller_stopper_node.dir/src/controller_stopper.cpp.o[0m
[1.560s] [ 39%] [32mBuilding CXX object CMakeFiles/example_safe_joint_move.dir/example/cpp/example_safe_joint_move.cpp.o[0m
[1.563s] [ 43%] [32mBuilding CXX object CMakeFiles/eli_ros2_control_node.dir/src/control_node.cpp.o[0m
[1.568s] [ 47%] [32mBuilding CXX object CMakeFiles/script_node.dir/rclcpp_components/node_main_script_node.cpp.o[0m
[6.134s] [ 52%] [32m[1mLinking CXX executable primary_client[0m
[6.327s] [ 52%] Built target primary_client
[6.415s] [ 56%] [32m[1mLinking CXX executable script_node[0m
[6.606s] [ 56%] Built target script_node
[6.632s] [ 60%] [32m[1mLinking CXX executable dashboard_client[0m
[6.806s] [ 60%] Built target dashboard_client
[7.151s] [ 65%] [32m[1mLinking CXX shared library libprimary_client_component.so[0m
[7.597s] [ 65%] Built target primary_client_component
[8.621s] [ 69%] [32m[1mLinking CXX executable eli_ros2_control_node[0m
[8.823s] [ 69%] Built target eli_ros2_control_node
[8.913s] [ 73%] [32m[1mLinking CXX shared library libeli_cs_hardware_interface_plugin.so[0m
[9.201s] [ 73%] Built target eli_cs_hardware_interface_plugin
[10.103s] [ 78%] [32m[1mLinking CXX shared library libdashboard_client_component.so[0m
[10.575s] [ 78%] Built target dashboard_client_component
[11.870s] [ 82%] [32m[1mLinking CXX shared library libscript_node_component.so[0m
[12.359s] [ 82%] Built target script_node_component
[12.381s] [ 86%] [32mBuilding CXX object CMakeFiles/eli_components_loader.dir/src/load_components.cpp.o[0m
[12.429s] [ 91%] [32m[1mLinking CXX executable controller_stopper_node[0m
[12.927s] [ 91%] Built target controller_stopper_node
[12.995s] [ 95%] [32m[1mLinking CXX executable example_safe_joint_move[0m
[13.381s] [ 95%] Built target example_safe_joint_move
[14.636s] [100%] [32m[1mLinking CXX executable eli_components_loader[0m
[14.913s] [100%] Built target eli_components_loader
[14.924s] Invoked command in '/home/robot/project/ls65_ros/ls65/elite_ros_ws/build/eli_cs_robot_driver' returned '0': AMENT_PREFIX_PATH=/home/robot/project/ls65_ros/ls65/elite_ros_ws/install/eli_dashboard_interface:/home/robot/project/ls65_ros/ls65/elite_ros_ws/install/eli_cs_robot_description:/home/robot/project/ls65_ros/ls65/elite_ros_ws/install/eli_common_interface:${AMENT_PREFIX_PATH} CMAKE_PREFIX_PATH=/home/robot/project/ls65_ros/ls65/elite_ros_ws/install/eli_dashboard_interface:/home/robot/project/ls65_ros/ls65/elite_ros_ws/install/eli_cs_robot_description:/home/robot/project/ls65_ros/ls65/elite_ros_ws/install/eli_common_interface:/opt/ros/humble LD_LIBRARY_PATH=/home/robot/project/ls65_ros/ls65/elite_ros_ws/install/eli_dashboard_interface/lib:/home/robot/project/ls65_ros/ls65/elite_ros_ws/install/eli_common_interface/lib:${LD_LIBRARY_PATH} PYTHONPATH=/home/robot/project/ls65_ros/ls65/elite_ros_ws/install/eli_dashboard_interface/local/lib/python3.10/dist-packages:/home/robot/project/ls65_ros/ls65/elite_ros_ws/install/eli_common_interface/local/lib/python3.10/dist-packages:${PYTHONPATH} /usr/bin/cmake --build /home/robot/project/ls65_ros/ls65/elite_ros_ws/build/eli_cs_robot_driver -- -j16 -l16
[14.925s] Invoking command in '/home/robot/project/ls65_ros/ls65/elite_ros_ws/build/eli_cs_robot_driver': AMENT_PREFIX_PATH=/home/robot/project/ls65_ros/ls65/elite_ros_ws/install/eli_dashboard_interface:/home/robot/project/ls65_ros/ls65/elite_ros_ws/install/eli_cs_robot_description:/home/robot/project/ls65_ros/ls65/elite_ros_ws/install/eli_common_interface:${AMENT_PREFIX_PATH} CMAKE_PREFIX_PATH=/home/robot/project/ls65_ros/ls65/elite_ros_ws/install/eli_dashboard_interface:/home/robot/project/ls65_ros/ls65/elite_ros_ws/install/eli_cs_robot_description:/home/robot/project/ls65_ros/ls65/elite_ros_ws/install/eli_common_interface:/opt/ros/humble LD_LIBRARY_PATH=/home/robot/project/ls65_ros/ls65/elite_ros_ws/install/eli_dashboard_interface/lib:/home/robot/project/ls65_ros/ls65/elite_ros_ws/install/eli_common_interface/lib:${LD_LIBRARY_PATH} PYTHONPATH=/home/robot/project/ls65_ros/ls65/elite_ros_ws/install/eli_dashboard_interface/local/lib/python3.10/dist-packages:/home/robot/project/ls65_ros/ls65/elite_ros_ws/install/eli_common_interface/local/lib/python3.10/dist-packages:${PYTHONPATH} /usr/bin/cmake --install /home/robot/project/ls65_ros/ls65/elite_ros_ws/build/eli_cs_robot_driver
[14.932s] -- Install configuration: ""
[14.932s] -- Installing: /home/robot/project/ls65_ros/ls65/elite_ros_ws/install/eli_cs_robot_driver/lib/eli_cs_robot_driver/dashboard_client
[14.932s] -- Set runtime path of "/home/robot/project/ls65_ros/ls65/elite_ros_ws/install/eli_cs_robot_driver/lib/eli_cs_robot_driver/dashboard_client" to ""
[14.932s] -- Installing: /home/robot/project/ls65_ros/ls65/elite_ros_ws/install/eli_cs_robot_driver/lib/libdashboard_client_component.so
[14.935s] -- Set runtime path of "/home/robot/project/ls65_ros/ls65/elite_ros_ws/install/eli_cs_robot_driver/lib/libdashboard_client_component.so" to ""
[14.935s] -- Installing: /home/robot/project/ls65_ros/ls65/elite_ros_ws/install/eli_cs_robot_driver/lib/eli_cs_robot_driver/primary_client
[14.935s] -- Set runtime path of "/home/robot/project/ls65_ros/ls65/elite_ros_ws/install/eli_cs_robot_driver/lib/eli_cs_robot_driver/primary_client" to ""
[14.935s] -- Installing: /home/robot/project/ls65_ros/ls65/elite_ros_ws/install/eli_cs_robot_driver/lib/libprimary_client_component.so
[14.936s] -- Set runtime path of "/home/robot/project/ls65_ros/ls65/elite_ros_ws/install/eli_cs_robot_driver/lib/libprimary_client_component.so" to ""
[14.936s] -- Installing: /home/robot/project/ls65_ros/ls65/elite_ros_ws/install/eli_cs_robot_driver/lib/eli_cs_robot_driver/script_node
[14.936s] -- Set runtime path of "/home/robot/project/ls65_ros/ls65/elite_ros_ws/install/eli_cs_robot_driver/lib/eli_cs_robot_driver/script_node" to ""
[14.936s] -- Installing: /home/robot/project/ls65_ros/ls65/elite_ros_ws/install/eli_cs_robot_driver/lib/libscript_node_component.so
[14.939s] -- Set runtime path of "/home/robot/project/ls65_ros/ls65/elite_ros_ws/install/eli_cs_robot_driver/lib/libscript_node_component.so" to ""
[14.939s] -- Installing: /home/robot/project/ls65_ros/ls65/elite_ros_ws/install/eli_cs_robot_driver/lib/eli_cs_robot_driver/eli_components_loader
[14.939s] -- Set runtime path of "/home/robot/project/ls65_ros/ls65/elite_ros_ws/install/eli_cs_robot_driver/lib/eli_cs_robot_driver/eli_components_loader" to ""
[14.939s] -- Installing: /home/robot/project/ls65_ros/ls65/elite_ros_ws/install/eli_cs_robot_driver/share/eli_cs_robot_driver/hardware_interface_plugin.xml
[14.939s] -- Installing: /home/robot/project/ls65_ros/ls65/elite_ros_ws/install/eli_cs_robot_driver/lib/libeli_cs_hardware_interface_plugin.so
[14.940s] -- Set runtime path of "/home/robot/project/ls65_ros/ls65/elite_ros_ws/install/eli_cs_robot_driver/lib/libeli_cs_hardware_interface_plugin.so" to ""
[14.940s] -- Installing: /home/robot/project/ls65_ros/ls65/elite_ros_ws/install/eli_cs_robot_driver/lib/eli_cs_robot_driver/controller_stopper_node
[14.942s] -- Set runtime path of "/home/robot/project/ls65_ros/ls65/elite_ros_ws/install/eli_cs_robot_driver/lib/eli_cs_robot_driver/controller_stopper_node" to ""
[14.942s] -- Installing: /home/robot/project/ls65_ros/ls65/elite_ros_ws/install/eli_cs_robot_driver/lib/eli_cs_robot_driver/eli_ros2_control_node
[14.942s] -- Set runtime path of "/home/robot/project/ls65_ros/ls65/elite_ros_ws/install/eli_cs_robot_driver/lib/eli_cs_robot_driver/eli_ros2_control_node" to ""
[14.942s] -- Installing: /home/robot/project/ls65_ros/ls65/elite_ros_ws/install/eli_cs_robot_driver/include
[14.942s] -- Installing: /home/robot/project/ls65_ros/ls65/elite_ros_ws/install/eli_cs_robot_driver/include/eli_cs_robot_driver
[14.942s] -- Installing: /home/robot/project/ls65_ros/ls65/elite_ros_ws/install/eli_cs_robot_driver/include/eli_cs_robot_driver/script_node.hpp
[14.942s] -- Installing: /home/robot/project/ls65_ros/ls65/elite_ros_ws/install/eli_cs_robot_driver/include/eli_cs_robot_driver/primary_client.hpp
[14.942s] -- Installing: /home/robot/project/ls65_ros/ls65/elite_ros_ws/install/eli_cs_robot_driver/include/eli_cs_robot_driver/controller_stopper.hpp
[14.942s] -- Installing: /home/robot/project/ls65_ros/ls65/elite_ros_ws/install/eli_cs_robot_driver/include/eli_cs_robot_driver/hardware_interface.hpp
[14.942s] -- Installing: /home/robot/project/ls65_ros/ls65/elite_ros_ws/install/eli_cs_robot_driver/include/eli_cs_robot_driver/dashboard_client.hpp
[14.942s] -- Installing: /home/robot/project/ls65_ros/ls65/elite_ros_ws/install/eli_cs_robot_driver/share/eli_cs_robot_driver/resources
[14.942s] -- Installing: /home/robot/project/ls65_ros/ls65/elite_ros_ws/install/eli_cs_robot_driver/share/eli_cs_robot_driver/resources/output_recipe.txt
[14.943s] -- Installing: /home/robot/project/ls65_ros/ls65/elite_ros_ws/install/eli_cs_robot_driver/share/eli_cs_robot_driver/resources/external_control.script
[14.943s] -- Installing: /home/robot/project/ls65_ros/ls65/elite_ros_ws/install/eli_cs_robot_driver/share/eli_cs_robot_driver/resources/input_recipe.txt
[14.943s] -- Installing: /home/robot/project/ls65_ros/ls65/elite_ros_ws/install/eli_cs_robot_driver/share/eli_cs_robot_driver/config
[14.943s] -- Installing: /home/robot/project/ls65_ros/ls65/elite_ros_ws/install/eli_cs_robot_driver/share/eli_cs_robot_driver/config/elite_cs_controllers_5f.yaml
[14.943s] -- Installing: /home/robot/project/ls65_ros/ls65/elite_ros_ws/install/eli_cs_robot_driver/share/eli_cs_robot_driver/config/cs_update_rate.yaml
[14.943s] -- Installing: /home/robot/project/ls65_ros/ls65/elite_ros_ws/install/eli_cs_robot_driver/share/eli_cs_robot_driver/config/elite_cs_controllers.yaml
[14.943s] -- Installing: /home/robot/project/ls65_ros/ls65/elite_ros_ws/install/eli_cs_robot_driver/share/eli_cs_robot_driver/launch
[14.943s] -- Installing: /home/robot/project/ls65_ros/ls65/elite_ros_ws/install/eli_cs_robot_driver/share/eli_cs_robot_driver/launch/elite_control.launch.py
[14.943s] -- Up-to-date: /home/robot/project/ls65_ros/ls65/elite_ros_ws/install/eli_cs_robot_driver/share/eli_cs_robot_driver/launch/
[14.943s] -- Installing: /home/robot/project/ls65_ros/ls65/elite_ros_ws/install/eli_cs_robot_driver/share/eli_cs_robot_driver/launch//example_joint_trajectory_controller.launch.py
[14.943s] -- Installing: /home/robot/project/ls65_ros/ls65/elite_ros_ws/install/eli_cs_robot_driver/share/eli_cs_robot_driver/launch//example_forward_velocity_controller.launch.py
[14.943s] -- Installing: /home/robot/project/ls65_ros/ls65/elite_ros_ws/install/eli_cs_robot_driver/share/eli_cs_robot_driver/launch//example_scaled_joint_trajectory_controller.launch.py
[14.943s] -- Installing: /home/robot/project/ls65_ros/ls65/elite_ros_ws/install/eli_cs_robot_driver/share/eli_cs_robot_driver/launch//example_safe_joint_move.launch.py
[14.943s] -- Up-to-date: /home/robot/project/ls65_ros/ls65/elite_ros_ws/install/eli_cs_robot_driver/share/eli_cs_robot_driver/config/
[14.943s] -- Installing: /home/robot/project/ls65_ros/ls65/elite_ros_ws/install/eli_cs_robot_driver/share/eli_cs_robot_driver/config//test_goal_publishers_config.yaml
[14.943s] -- Installing: /home/robot/project/ls65_ros/ls65/elite_ros_ws/install/eli_cs_robot_driver/share/eli_cs_robot_driver/config//test_velocity_goal_publishers_config.yaml
[14.943s] -- Installing: /home/robot/project/ls65_ros/ls65/elite_ros_ws/install/eli_cs_robot_driver/share/eli_cs_robot_driver/config//test_goal_publishers_config_cs66a.yaml
[14.943s] -- Installing: /home/robot/project/ls65_ros/ls65/elite_ros_ws/install/eli_cs_robot_driver/lib/eli_cs_robot_driver/example_safe_joint_move_py
[14.943s] -- Installing: /home/robot/project/ls65_ros/ls65/elite_ros_ws/install/eli_cs_robot_driver/lib/eli_cs_robot_driver/example_safe_joint_move
[14.945s] -- Set runtime path of "/home/robot/project/ls65_ros/ls65/elite_ros_ws/install/eli_cs_robot_driver/lib/eli_cs_robot_driver/example_safe_joint_move" to ""
[14.945s] -- Installing: /home/robot/project/ls65_ros/ls65/elite_ros_ws/install/eli_cs_robot_driver/share/eli_cs_robot_driver/environment/library_path.sh
[14.945s] -- Installing: /home/robot/project/ls65_ros/ls65/elite_ros_ws/install/eli_cs_robot_driver/share/eli_cs_robot_driver/environment/library_path.dsv
[14.945s] -- Installing: /home/robot/project/ls65_ros/ls65/elite_ros_ws/install/eli_cs_robot_driver/share/ament_index/resource_index/package_run_dependencies/eli_cs_robot_driver
[14.945s] -- Installing: /home/robot/project/ls65_ros/ls65/elite_ros_ws/install/eli_cs_robot_driver/share/ament_index/resource_index/parent_prefix_path/eli_cs_robot_driver
[14.945s] -- Installing: /home/robot/project/ls65_ros/ls65/elite_ros_ws/install/eli_cs_robot_driver/share/eli_cs_robot_driver/environment/ament_prefix_path.sh
[14.945s] -- Installing: /home/robot/project/ls65_ros/ls65/elite_ros_ws/install/eli_cs_robot_driver/share/eli_cs_robot_driver/environment/ament_prefix_path.dsv
[14.945s] -- Installing: /home/robot/project/ls65_ros/ls65/elite_ros_ws/install/eli_cs_robot_driver/share/eli_cs_robot_driver/environment/path.sh
[14.945s] -- Installing: /home/robot/project/ls65_ros/ls65/elite_ros_ws/install/eli_cs_robot_driver/share/eli_cs_robot_driver/environment/path.dsv
[14.945s] -- Installing: /home/robot/project/ls65_ros/ls65/elite_ros_ws/install/eli_cs_robot_driver/share/eli_cs_robot_driver/local_setup.bash
[14.945s] -- Installing: /home/robot/project/ls65_ros/ls65/elite_ros_ws/install/eli_cs_robot_driver/share/eli_cs_robot_driver/local_setup.sh
[14.946s] -- Installing: /home/robot/project/ls65_ros/ls65/elite_ros_ws/install/eli_cs_robot_driver/share/eli_cs_robot_driver/local_setup.zsh
[14.946s] -- Installing: /home/robot/project/ls65_ros/ls65/elite_ros_ws/install/eli_cs_robot_driver/share/eli_cs_robot_driver/local_setup.dsv
[14.946s] -- Installing: /home/robot/project/ls65_ros/ls65/elite_ros_ws/install/eli_cs_robot_driver/share/eli_cs_robot_driver/package.dsv
[14.946s] -- Installing: /home/robot/project/ls65_ros/ls65/elite_ros_ws/install/eli_cs_robot_driver/share/ament_index/resource_index/packages/eli_cs_robot_driver
[14.946s] -- Installing: /home/robot/project/ls65_ros/ls65/elite_ros_ws/install/eli_cs_robot_driver/share/ament_index/resource_index/rclcpp_components/eli_cs_robot_driver
[14.946s] -- Installing: /home/robot/project/ls65_ros/ls65/elite_ros_ws/install/eli_cs_robot_driver/share/ament_index/resource_index/hardware_interface__pluginlib__plugin/eli_cs_robot_driver
[14.946s] -- Installing: /home/robot/project/ls65_ros/ls65/elite_ros_ws/install/eli_cs_robot_driver/share/eli_cs_robot_driver/cmake/export_dashboard_client_componentExport.cmake
[14.946s] -- Installing: /home/robot/project/ls65_ros/ls65/elite_ros_ws/install/eli_cs_robot_driver/share/eli_cs_robot_driver/cmake/export_dashboard_client_componentExport-noconfig.cmake
[14.946s] -- Installing: /home/robot/project/ls65_ros/ls65/elite_ros_ws/install/eli_cs_robot_driver/share/eli_cs_robot_driver/cmake/export_primary_client_componentExport.cmake
[14.946s] -- Installing: /home/robot/project/ls65_ros/ls65/elite_ros_ws/install/eli_cs_robot_driver/share/eli_cs_robot_driver/cmake/export_primary_client_componentExport-noconfig.cmake
[14.946s] -- Installing: /home/robot/project/ls65_ros/ls65/elite_ros_ws/install/eli_cs_robot_driver/share/eli_cs_robot_driver/cmake/export_script_node_componentExport.cmake
[14.946s] -- Installing: /home/robot/project/ls65_ros/ls65/elite_ros_ws/install/eli_cs_robot_driver/share/eli_cs_robot_driver/cmake/export_script_node_componentExport-noconfig.cmake
[14.946s] -- Installing: /home/robot/project/ls65_ros/ls65/elite_ros_ws/install/eli_cs_robot_driver/share/eli_cs_robot_driver/cmake/ament_cmake_export_targets-extras.cmake
[14.946s] -- Installing: /home/robot/project/ls65_ros/ls65/elite_ros_ws/install/eli_cs_robot_driver/share/eli_cs_robot_driver/cmake/ament_cmake_export_include_directories-extras.cmake
[14.946s] -- Installing: /home/robot/project/ls65_ros/ls65/elite_ros_ws/install/eli_cs_robot_driver/share/eli_cs_robot_driver/cmake/ament_cmake_export_libraries-extras.cmake
[14.946s] -- Installing: /home/robot/project/ls65_ros/ls65/elite_ros_ws/install/eli_cs_robot_driver/share/eli_cs_robot_driver/cmake/ament_cmake_export_dependencies-extras.cmake
[14.946s] -- Installing: /home/robot/project/ls65_ros/ls65/elite_ros_ws/install/eli_cs_robot_driver/share/eli_cs_robot_driver/cmake/eli_cs_robot_driverConfig.cmake
[14.946s] -- Installing: /home/robot/project/ls65_ros/ls65/elite_ros_ws/install/eli_cs_robot_driver/share/eli_cs_robot_driver/cmake/eli_cs_robot_driverConfig-version.cmake
[14.946s] -- Installing: /home/robot/project/ls65_ros/ls65/elite_ros_ws/install/eli_cs_robot_driver/share/eli_cs_robot_driver/package.xml
[14.948s] Invoked command in '/home/robot/project/ls65_ros/ls65/elite_ros_ws/build/eli_cs_robot_driver' returned '0': AMENT_PREFIX_PATH=/home/robot/project/ls65_ros/ls65/elite_ros_ws/install/eli_dashboard_interface:/home/robot/project/ls65_ros/ls65/elite_ros_ws/install/eli_cs_robot_description:/home/robot/project/ls65_ros/ls65/elite_ros_ws/install/eli_common_interface:${AMENT_PREFIX_PATH} CMAKE_PREFIX_PATH=/home/robot/project/ls65_ros/ls65/elite_ros_ws/install/eli_dashboard_interface:/home/robot/project/ls65_ros/ls65/elite_ros_ws/install/eli_cs_robot_description:/home/robot/project/ls65_ros/ls65/elite_ros_ws/install/eli_common_interface:/opt/ros/humble LD_LIBRARY_PATH=/home/robot/project/ls65_ros/ls65/elite_ros_ws/install/eli_dashboard_interface/lib:/home/robot/project/ls65_ros/ls65/elite_ros_ws/install/eli_common_interface/lib:${LD_LIBRARY_PATH} PYTHONPATH=/home/robot/project/ls65_ros/ls65/elite_ros_ws/install/eli_dashboard_interface/local/lib/python3.10/dist-packages:/home/robot/project/ls65_ros/ls65/elite_ros_ws/install/eli_common_interface/local/lib/python3.10/dist-packages:${PYTHONPATH} /usr/bin/cmake --install /home/robot/project/ls65_ros/ls65/elite_ros_ws/build/eli_cs_robot_driver
