-- Found ament_cmake: 1.3.14 (/opt/ros/humble/share/ament_cmake/cmake)
-- Found rclcpp: 16.0.19 (/opt/ros/humble/share/rclcpp/cmake)
-- Found rosidl_generator_c: 3.1.8 (/opt/ros/humble/share/rosidl_generator_c/cmake)
-- Found rosidl_adapter: 3.1.8 (/opt/ros/humble/share/rosidl_adapter/cmake)
-- Found rosidl_generator_cpp: 3.1.8 (/opt/ros/humble/share/rosidl_generator_cpp/cmake)
-- Using all available rosidl_typesupport_c: rosidl_typesupport_fastrtps_c;rosidl_typesupport_introspection_c
-- Using all available rosidl_typesupport_cpp: rosidl_typesupport_fastrtps_cpp;rosidl_typesupport_introspection_cpp
-- Found rmw_implementation_cmake: 6.1.2 (/opt/ros/humble/share/rmw_implementation_cmake/cmake)
-- Found rmw_fastrtps_cpp: 6.2.10 (/opt/ros/humble/share/rmw_fastrtps_cpp/cmake)
-- Using RMW implementation 'rmw_fastrtps_cpp' as default
-- Found ament_lint_auto: 0.12.15 (/opt/ros/humble/share/ament_lint_auto/cmake)
-- Added test 'cppcheck' to perform static code analysis on C / C++ code
-- Configured cppcheck include dirs: /home/robot/project/ls65_ros/ls65/elite_ros_ws/src/eli_cs_robot_calibration/include
-- Configured cppcheck exclude dirs and/or files: 
-- Added test 'flake8' to check Python code syntax and style conventions
-- Added test 'lint_cmake' to check CMake code style
-- Added test 'pep257' to check Python code against some of the docstring style conventions in PEP 257
-- Added test 'uncrustify' to check C / C++ code style
-- Configured uncrustify additional arguments: 
-- Added test 'xmllint' to check XML markup files
-- Configuring done
-- Generating done
-- Build files have been written to: /home/robot/project/ls65_ros/ls65/elite_ros_ws/build/eli_cs_robot_calibration
[ 20%] [32mBuilding CXX object CMakeFiles/calibration.dir/src/calibration.cpp.o[0m
[ 40%] [32mBuilding CXX object CMakeFiles/calibration.dir/src/calibration_consumer.cpp.o[0m
[ 60%] [32m[1mLinking CXX static library libcalibration.a[0m
[ 60%] Built target calibration
[ 80%] [32mBuilding CXX object CMakeFiles/calibration_correction.dir/src/calibration_correction.cpp.o[0m
[100%] [32m[1mLinking CXX executable calibration_correction[0m
[100%] Built target calibration_correction
-- Install configuration: ""
-- Installing: /home/robot/project/ls65_ros/ls65/elite_ros_ws/install/eli_cs_robot_calibration/lib/eli_cs_robot_calibration/calibration_correction
-- Set runtime path of "/home/robot/project/ls65_ros/ls65/elite_ros_ws/install/eli_cs_robot_calibration/lib/eli_cs_robot_calibration/calibration_correction" to ""
-- Installing: /home/robot/project/ls65_ros/ls65/elite_ros_ws/install/eli_cs_robot_calibration/include
-- Installing: /home/robot/project/ls65_ros/ls65/elite_ros_ws/install/eli_cs_robot_calibration/include/cs_calibration
-- Installing: /home/robot/project/ls65_ros/ls65/elite_ros_ws/install/eli_cs_robot_calibration/include/cs_calibration/calibration.hpp
-- Installing: /home/robot/project/ls65_ros/ls65/elite_ros_ws/install/eli_cs_robot_calibration/include/cs_calibration/calibration_consumer.hpp
-- Installing: /home/robot/project/ls65_ros/ls65/elite_ros_ws/install/eli_cs_robot_calibration/share/eli_cs_robot_calibration/launch
-- Installing: /home/robot/project/ls65_ros/ls65/elite_ros_ws/install/eli_cs_robot_calibration/share/eli_cs_robot_calibration/launch/calibration_correction.launch.py
-- Installing: /home/robot/project/ls65_ros/ls65/elite_ros_ws/install/eli_cs_robot_calibration/share/ament_index/resource_index/package_run_dependencies/eli_cs_robot_calibration
-- Installing: /home/robot/project/ls65_ros/ls65/elite_ros_ws/install/eli_cs_robot_calibration/share/ament_index/resource_index/parent_prefix_path/eli_cs_robot_calibration
-- Installing: /home/robot/project/ls65_ros/ls65/elite_ros_ws/install/eli_cs_robot_calibration/share/eli_cs_robot_calibration/environment/ament_prefix_path.sh
-- Installing: /home/robot/project/ls65_ros/ls65/elite_ros_ws/install/eli_cs_robot_calibration/share/eli_cs_robot_calibration/environment/ament_prefix_path.dsv
-- Installing: /home/robot/project/ls65_ros/ls65/elite_ros_ws/install/eli_cs_robot_calibration/share/eli_cs_robot_calibration/environment/path.sh
-- Installing: /home/robot/project/ls65_ros/ls65/elite_ros_ws/install/eli_cs_robot_calibration/share/eli_cs_robot_calibration/environment/path.dsv
-- Installing: /home/robot/project/ls65_ros/ls65/elite_ros_ws/install/eli_cs_robot_calibration/share/eli_cs_robot_calibration/local_setup.bash
-- Installing: /home/robot/project/ls65_ros/ls65/elite_ros_ws/install/eli_cs_robot_calibration/share/eli_cs_robot_calibration/local_setup.sh
-- Installing: /home/robot/project/ls65_ros/ls65/elite_ros_ws/install/eli_cs_robot_calibration/share/eli_cs_robot_calibration/local_setup.zsh
-- Installing: /home/robot/project/ls65_ros/ls65/elite_ros_ws/install/eli_cs_robot_calibration/share/eli_cs_robot_calibration/local_setup.dsv
-- Installing: /home/robot/project/ls65_ros/ls65/elite_ros_ws/install/eli_cs_robot_calibration/share/eli_cs_robot_calibration/package.dsv
-- Installing: /home/robot/project/ls65_ros/ls65/elite_ros_ws/install/eli_cs_robot_calibration/share/ament_index/resource_index/packages/eli_cs_robot_calibration
-- Installing: /home/robot/project/ls65_ros/ls65/elite_ros_ws/install/eli_cs_robot_calibration/share/eli_cs_robot_calibration/cmake/ament_cmake_export_include_directories-extras.cmake
-- Installing: /home/robot/project/ls65_ros/ls65/elite_ros_ws/install/eli_cs_robot_calibration/share/eli_cs_robot_calibration/cmake/ament_cmake_export_dependencies-extras.cmake
-- Installing: /home/robot/project/ls65_ros/ls65/elite_ros_ws/install/eli_cs_robot_calibration/share/eli_cs_robot_calibration/cmake/eli_cs_robot_calibrationConfig.cmake
-- Installing: /home/robot/project/ls65_ros/ls65/elite_ros_ws/install/eli_cs_robot_calibration/share/eli_cs_robot_calibration/cmake/eli_cs_robot_calibrationConfig-version.cmake
-- Installing: /home/robot/project/ls65_ros/ls65/elite_ros_ws/install/eli_cs_robot_calibration/share/eli_cs_robot_calibration/package.xml
