[0.014s] Invoking command in '/home/robot/project/ls65_ros/ls65/elite_ros_ws/build/eli_cs_robot_calibration': CMAKE_PREFIX_PATH=/opt/ros/humble /usr/bin/cmake /home/robot/project/ls65_ros/ls65/elite_ros_ws/src/eli_cs_robot_calibration -DCMAKE_INSTALL_PREFIX=/home/robot/project/ls65_ros/ls65/elite_ros_ws/install/eli_cs_robot_calibration
[0.026s] -- Found ament_cmake: 1.3.14 (/opt/ros/humble/share/ament_cmake/cmake)
[0.174s] -- Found rclcpp: 16.0.19 (/opt/ros/humble/share/rclcpp/cmake)
[0.200s] -- Found rosidl_generator_c: 3.1.8 (/opt/ros/humble/share/rosidl_generator_c/cmake)
[0.202s] -- Found rosidl_adapter: 3.1.8 (/opt/ros/humble/share/rosidl_adapter/cmake)
[0.206s] -- Found rosidl_generator_cpp: 3.1.8 (/opt/ros/humble/share/rosidl_generator_cpp/cmake)
[0.212s] -- Using all available rosidl_typesupport_c: rosidl_typesupport_fastrtps_c;rosidl_typesupport_introspection_c
[0.221s] -- Using all available rosidl_typesupport_cpp: rosidl_typesupport_fastrtps_cpp;rosidl_typesupport_introspection_cpp
[0.244s] -- Found rmw_implementation_cmake: 6.1.2 (/opt/ros/humble/share/rmw_implementation_cmake/cmake)
[0.245s] -- Found rmw_fastrtps_cpp: 6.2.10 (/opt/ros/humble/share/rmw_fastrtps_cpp/cmake)
[0.342s] -- Using RMW implementation 'rmw_fastrtps_cpp' as default
[0.423s] -- Found ament_lint_auto: 0.12.15 (/opt/ros/humble/share/ament_lint_auto/cmake)
[0.480s] -- Added test 'cppcheck' to perform static code analysis on C / C++ code
[0.480s] -- Configured cppcheck include dirs: /home/robot/project/ls65_ros/ls65/elite_ros_ws/src/eli_cs_robot_calibration/include
[0.480s] -- Configured cppcheck exclude dirs and/or files: 
[0.480s] -- Added test 'flake8' to check Python code syntax and style conventions
[0.480s] -- Added test 'lint_cmake' to check CMake code style
[0.480s] -- Added test 'pep257' to check Python code against some of the docstring style conventions in PEP 257
[0.481s] -- Added test 'uncrustify' to check C / C++ code style
[0.481s] -- Configured uncrustify additional arguments: 
[0.481s] -- Added test 'xmllint' to check XML markup files
[0.482s] -- Configuring done
[0.488s] -- Generating done
[0.490s] -- Build files have been written to: /home/robot/project/ls65_ros/ls65/elite_ros_ws/build/eli_cs_robot_calibration
[0.496s] Invoked command in '/home/robot/project/ls65_ros/ls65/elite_ros_ws/build/eli_cs_robot_calibration' returned '0': CMAKE_PREFIX_PATH=/opt/ros/humble /usr/bin/cmake /home/robot/project/ls65_ros/ls65/elite_ros_ws/src/eli_cs_robot_calibration -DCMAKE_INSTALL_PREFIX=/home/robot/project/ls65_ros/ls65/elite_ros_ws/install/eli_cs_robot_calibration
[0.497s] Invoking command in '/home/robot/project/ls65_ros/ls65/elite_ros_ws/build/eli_cs_robot_calibration': CMAKE_PREFIX_PATH=/opt/ros/humble /usr/bin/cmake --build /home/robot/project/ls65_ros/ls65/elite_ros_ws/build/eli_cs_robot_calibration -- -j16 -l16
[0.537s] [ 20%] [32mBuilding CXX object CMakeFiles/calibration.dir/src/calibration.cpp.o[0m
[0.537s] [ 40%] [32mBuilding CXX object CMakeFiles/calibration.dir/src/calibration_consumer.cpp.o[0m
[8.211s] [ 60%] [32m[1mLinking CXX static library libcalibration.a[0m
[8.271s] [ 60%] Built target calibration
[8.296s] [ 80%] [32mBuilding CXX object CMakeFiles/calibration_correction.dir/src/calibration_correction.cpp.o[0m
[11.907s] [100%] [32m[1mLinking CXX executable calibration_correction[0m
[12.152s] [100%] Built target calibration_correction
[12.165s] Invoked command in '/home/robot/project/ls65_ros/ls65/elite_ros_ws/build/eli_cs_robot_calibration' returned '0': CMAKE_PREFIX_PATH=/opt/ros/humble /usr/bin/cmake --build /home/robot/project/ls65_ros/ls65/elite_ros_ws/build/eli_cs_robot_calibration -- -j16 -l16
[12.167s] Invoking command in '/home/robot/project/ls65_ros/ls65/elite_ros_ws/build/eli_cs_robot_calibration': CMAKE_PREFIX_PATH=/opt/ros/humble /usr/bin/cmake --install /home/robot/project/ls65_ros/ls65/elite_ros_ws/build/eli_cs_robot_calibration
[12.177s] -- Install configuration: ""
[12.177s] -- Installing: /home/robot/project/ls65_ros/ls65/elite_ros_ws/install/eli_cs_robot_calibration/lib/eli_cs_robot_calibration/calibration_correction
[12.178s] -- Set runtime path of "/home/robot/project/ls65_ros/ls65/elite_ros_ws/install/eli_cs_robot_calibration/lib/eli_cs_robot_calibration/calibration_correction" to ""
[12.178s] -- Installing: /home/robot/project/ls65_ros/ls65/elite_ros_ws/install/eli_cs_robot_calibration/include
[12.178s] -- Installing: /home/robot/project/ls65_ros/ls65/elite_ros_ws/install/eli_cs_robot_calibration/include/cs_calibration
[12.178s] -- Installing: /home/robot/project/ls65_ros/ls65/elite_ros_ws/install/eli_cs_robot_calibration/include/cs_calibration/calibration.hpp
[12.178s] -- Installing: /home/robot/project/ls65_ros/ls65/elite_ros_ws/install/eli_cs_robot_calibration/include/cs_calibration/calibration_consumer.hpp
[12.178s] -- Installing: /home/robot/project/ls65_ros/ls65/elite_ros_ws/install/eli_cs_robot_calibration/share/eli_cs_robot_calibration/launch
[12.179s] -- Installing: /home/robot/project/ls65_ros/ls65/elite_ros_ws/install/eli_cs_robot_calibration/share/eli_cs_robot_calibration/launch/calibration_correction.launch.py
[12.179s] -- Installing: /home/robot/project/ls65_ros/ls65/elite_ros_ws/install/eli_cs_robot_calibration/share/ament_index/resource_index/package_run_dependencies/eli_cs_robot_calibration
[12.179s] -- Installing: /home/robot/project/ls65_ros/ls65/elite_ros_ws/install/eli_cs_robot_calibration/share/ament_index/resource_index/parent_prefix_path/eli_cs_robot_calibration
[12.179s] -- Installing: /home/robot/project/ls65_ros/ls65/elite_ros_ws/install/eli_cs_robot_calibration/share/eli_cs_robot_calibration/environment/ament_prefix_path.sh
[12.179s] -- Installing: /home/robot/project/ls65_ros/ls65/elite_ros_ws/install/eli_cs_robot_calibration/share/eli_cs_robot_calibration/environment/ament_prefix_path.dsv
[12.179s] -- Installing: /home/robot/project/ls65_ros/ls65/elite_ros_ws/install/eli_cs_robot_calibration/share/eli_cs_robot_calibration/environment/path.sh
[12.180s] -- Installing: /home/robot/project/ls65_ros/ls65/elite_ros_ws/install/eli_cs_robot_calibration/share/eli_cs_robot_calibration/environment/path.dsv
[12.180s] -- Installing: /home/robot/project/ls65_ros/ls65/elite_ros_ws/install/eli_cs_robot_calibration/share/eli_cs_robot_calibration/local_setup.bash
[12.180s] -- Installing: /home/robot/project/ls65_ros/ls65/elite_ros_ws/install/eli_cs_robot_calibration/share/eli_cs_robot_calibration/local_setup.sh
[12.180s] -- Installing: /home/robot/project/ls65_ros/ls65/elite_ros_ws/install/eli_cs_robot_calibration/share/eli_cs_robot_calibration/local_setup.zsh
[12.180s] -- Installing: /home/robot/project/ls65_ros/ls65/elite_ros_ws/install/eli_cs_robot_calibration/share/eli_cs_robot_calibration/local_setup.dsv
[12.180s] -- Installing: /home/robot/project/ls65_ros/ls65/elite_ros_ws/install/eli_cs_robot_calibration/share/eli_cs_robot_calibration/package.dsv
[12.180s] -- Installing: /home/robot/project/ls65_ros/ls65/elite_ros_ws/install/eli_cs_robot_calibration/share/ament_index/resource_index/packages/eli_cs_robot_calibration
[12.181s] -- Installing: /home/robot/project/ls65_ros/ls65/elite_ros_ws/install/eli_cs_robot_calibration/share/eli_cs_robot_calibration/cmake/ament_cmake_export_include_directories-extras.cmake
[12.181s] -- Installing: /home/robot/project/ls65_ros/ls65/elite_ros_ws/install/eli_cs_robot_calibration/share/eli_cs_robot_calibration/cmake/ament_cmake_export_dependencies-extras.cmake
[12.181s] -- Installing: /home/robot/project/ls65_ros/ls65/elite_ros_ws/install/eli_cs_robot_calibration/share/eli_cs_robot_calibration/cmake/eli_cs_robot_calibrationConfig.cmake
[12.181s] -- Installing: /home/robot/project/ls65_ros/ls65/elite_ros_ws/install/eli_cs_robot_calibration/share/eli_cs_robot_calibration/cmake/eli_cs_robot_calibrationConfig-version.cmake
[12.181s] -- Installing: /home/robot/project/ls65_ros/ls65/elite_ros_ws/install/eli_cs_robot_calibration/share/eli_cs_robot_calibration/package.xml
[12.184s] Invoked command in '/home/robot/project/ls65_ros/ls65/elite_ros_ws/build/eli_cs_robot_calibration' returned '0': CMAKE_PREFIX_PATH=/opt/ros/humble /usr/bin/cmake --install /home/robot/project/ls65_ros/ls65/elite_ros_ws/build/eli_cs_robot_calibration
