-- Install configuration: ""
-- Installing: /home/robot/project/ls65_ros/ls65/elite_ros_ws/install/eli_cs_robot_description/share/eli_cs_robot_description/config
-- Installing: /home/robot/project/ls65_ros/ls65/elite_ros_ws/install/eli_cs_robot_description/share/eli_cs_robot_description/config/initial_positions_a_type.yaml
-- Installing: /home/robot/project/ls65_ros/ls65/elite_ros_ws/install/eli_cs_robot_description/share/eli_cs_robot_description/config/cs612
-- Installing: /home/robot/project/ls65_ros/ls65/elite_ros_ws/install/eli_cs_robot_description/share/eli_cs_robot_description/config/cs612/physical_parameters.yaml
-- Installing: /home/robot/project/ls65_ros/ls65/elite_ros_ws/install/eli_cs_robot_description/share/eli_cs_robot_description/config/cs612/joint_limits.yaml
-- Installing: /home/robot/project/ls65_ros/ls65/elite_ros_ws/install/eli_cs_robot_description/share/eli_cs_robot_description/config/cs612/default_kinematics.yaml
-- Installing: /home/robot/project/ls65_ros/ls65/elite_ros_ws/install/eli_cs_robot_description/share/eli_cs_robot_description/config/cs612/visual_parameters.yaml
-- Installing: /home/robot/project/ls65_ros/ls65/elite_ros_ws/install/eli_cs_robot_description/share/eli_cs_robot_description/config/initial_positions_h_type.yaml
-- Installing: /home/robot/project/ls65_ros/ls65/elite_ros_ws/install/eli_cs_robot_description/share/eli_cs_robot_description/config/ls65
-- Installing: /home/robot/project/ls65_ros/ls65/elite_ros_ws/install/eli_cs_robot_description/share/eli_cs_robot_description/config/ls65/physical_parameters.yaml
-- Installing: /home/robot/project/ls65_ros/ls65/elite_ros_ws/install/eli_cs_robot_description/share/eli_cs_robot_description/config/ls65/joint_limits.yaml
-- Installing: /home/robot/project/ls65_ros/ls65/elite_ros_ws/install/eli_cs_robot_description/share/eli_cs_robot_description/config/ls65/default_kinematics.yaml
-- Installing: /home/robot/project/ls65_ros/ls65/elite_ros_ws/install/eli_cs_robot_description/share/eli_cs_robot_description/config/ls65/visual_parameters.yaml
-- Installing: /home/robot/project/ls65_ros/ls65/elite_ros_ws/install/eli_cs_robot_description/share/eli_cs_robot_description/config/initial_positions.yaml
-- Installing: /home/robot/project/ls65_ros/ls65/elite_ros_ws/install/eli_cs_robot_description/share/eli_cs_robot_description/config/cs66
-- Installing: /home/robot/project/ls65_ros/ls65/elite_ros_ws/install/eli_cs_robot_description/share/eli_cs_robot_description/config/cs66/physical_parameters.yaml
-- Installing: /home/robot/project/ls65_ros/ls65/elite_ros_ws/install/eli_cs_robot_description/share/eli_cs_robot_description/config/cs66/joint_limits.yaml
-- Installing: /home/robot/project/ls65_ros/ls65/elite_ros_ws/install/eli_cs_robot_description/share/eli_cs_robot_description/config/cs66/default_kinematics.yaml
-- Installing: /home/robot/project/ls65_ros/ls65/elite_ros_ws/install/eli_cs_robot_description/share/eli_cs_robot_description/config/cs66/visual_parameters.yaml
-- Installing: /home/robot/project/ls65_ros/ls65/elite_ros_ws/install/eli_cs_robot_description/share/eli_cs_robot_description/config/cs68
-- Installing: /home/robot/project/ls65_ros/ls65/elite_ros_ws/install/eli_cs_robot_description/share/eli_cs_robot_description/config/cs68/physical_parameters.yaml
-- Installing: /home/robot/project/ls65_ros/ls65/elite_ros_ws/install/eli_cs_robot_description/share/eli_cs_robot_description/config/cs68/joint_limits.yaml
-- Installing: /home/robot/project/ls65_ros/ls65/elite_ros_ws/install/eli_cs_robot_description/share/eli_cs_robot_description/config/cs68/default_kinematics.yaml
-- Installing: /home/robot/project/ls65_ros/ls65/elite_ros_ws/install/eli_cs_robot_description/share/eli_cs_robot_description/config/cs68/visual_parameters.yaml
-- Installing: /home/robot/project/ls65_ros/ls65/elite_ros_ws/install/eli_cs_robot_description/share/eli_cs_robot_description/config/cs625
-- Installing: /home/robot/project/ls65_ros/ls65/elite_ros_ws/install/eli_cs_robot_description/share/eli_cs_robot_description/config/cs625/physical_parameters.yaml
-- Installing: /home/robot/project/ls65_ros/ls65/elite_ros_ws/install/eli_cs_robot_description/share/eli_cs_robot_description/config/cs625/joint_limits.yaml
-- Installing: /home/robot/project/ls65_ros/ls65/elite_ros_ws/install/eli_cs_robot_description/share/eli_cs_robot_description/config/cs625/default_kinematics.yaml
-- Installing: /home/robot/project/ls65_ros/ls65/elite_ros_ws/install/eli_cs_robot_description/share/eli_cs_robot_description/config/cs625/visual_parameters.yaml
-- Installing: /home/robot/project/ls65_ros/ls65/elite_ros_ws/install/eli_cs_robot_description/share/eli_cs_robot_description/config/cs63
-- Installing: /home/robot/project/ls65_ros/ls65/elite_ros_ws/install/eli_cs_robot_description/share/eli_cs_robot_description/config/cs63/physical_parameters.yaml
-- Installing: /home/robot/project/ls65_ros/ls65/elite_ros_ws/install/eli_cs_robot_description/share/eli_cs_robot_description/config/cs63/joint_limits.yaml
-- Installing: /home/robot/project/ls65_ros/ls65/elite_ros_ws/install/eli_cs_robot_description/share/eli_cs_robot_description/config/cs63/default_kinematics.yaml
-- Installing: /home/robot/project/ls65_ros/ls65/elite_ros_ws/install/eli_cs_robot_description/share/eli_cs_robot_description/config/cs63/visual_parameters.yaml
-- Installing: /home/robot/project/ls65_ros/ls65/elite_ros_ws/install/eli_cs_robot_description/share/eli_cs_robot_description/config/cs620
-- Installing: /home/robot/project/ls65_ros/ls65/elite_ros_ws/install/eli_cs_robot_description/share/eli_cs_robot_description/config/cs620/physical_parameters.yaml
-- Installing: /home/robot/project/ls65_ros/ls65/elite_ros_ws/install/eli_cs_robot_description/share/eli_cs_robot_description/config/cs620/joint_limits.yaml
-- Installing: /home/robot/project/ls65_ros/ls65/elite_ros_ws/install/eli_cs_robot_description/share/eli_cs_robot_description/config/cs620/default_kinematics.yaml
-- Installing: /home/robot/project/ls65_ros/ls65/elite_ros_ws/install/eli_cs_robot_description/share/eli_cs_robot_description/config/cs620/visual_parameters.yaml
-- Installing: /home/robot/project/ls65_ros/ls65/elite_ros_ws/install/eli_cs_robot_description/share/eli_cs_robot_description/config/cs616
-- Installing: /home/robot/project/ls65_ros/ls65/elite_ros_ws/install/eli_cs_robot_description/share/eli_cs_robot_description/config/cs616/physical_parameters.yaml
-- Installing: /home/robot/project/ls65_ros/ls65/elite_ros_ws/install/eli_cs_robot_description/share/eli_cs_robot_description/config/cs616/joint_limits.yaml
-- Installing: /home/robot/project/ls65_ros/ls65/elite_ros_ws/install/eli_cs_robot_description/share/eli_cs_robot_description/config/cs616/default_kinematics.yaml
-- Installing: /home/robot/project/ls65_ros/ls65/elite_ros_ws/install/eli_cs_robot_description/share/eli_cs_robot_description/config/cs616/visual_parameters.yaml
-- Installing: /home/robot/project/ls65_ros/ls65/elite_ros_ws/install/eli_cs_robot_description/share/eli_cs_robot_description/config/cs66a
-- Installing: /home/robot/project/ls65_ros/ls65/elite_ros_ws/install/eli_cs_robot_description/share/eli_cs_robot_description/config/cs66a/physical_parameters.yaml
-- Installing: /home/robot/project/ls65_ros/ls65/elite_ros_ws/install/eli_cs_robot_description/share/eli_cs_robot_description/config/cs66a/joint_limits.yaml
-- Installing: /home/robot/project/ls65_ros/ls65/elite_ros_ws/install/eli_cs_robot_description/share/eli_cs_robot_description/config/cs66a/default_kinematics.yaml
-- Installing: /home/robot/project/ls65_ros/ls65/elite_ros_ws/install/eli_cs_robot_description/share/eli_cs_robot_description/config/cs66a/visual_parameters.yaml
-- Installing: /home/robot/project/ls65_ros/ls65/elite_ros_ws/install/eli_cs_robot_description/share/eli_cs_robot_description/config/cs618f
-- Installing: /home/robot/project/ls65_ros/ls65/elite_ros_ws/install/eli_cs_robot_description/share/eli_cs_robot_description/config/cs618f/physical_parameters.yaml
-- Installing: /home/robot/project/ls65_ros/ls65/elite_ros_ws/install/eli_cs_robot_description/share/eli_cs_robot_description/config/cs618f/joint_limits.yaml
-- Installing: /home/robot/project/ls65_ros/ls65/elite_ros_ws/install/eli_cs_robot_description/share/eli_cs_robot_description/config/cs618f/default_kinematics.yaml
-- Installing: /home/robot/project/ls65_ros/ls65/elite_ros_ws/install/eli_cs_robot_description/share/eli_cs_robot_description/config/cs618f/visual_parameters.yaml
-- Installing: /home/robot/project/ls65_ros/ls65/elite_ros_ws/install/eli_cs_robot_description/share/eli_cs_robot_description/config/cs520h
-- Installing: /home/robot/project/ls65_ros/ls65/elite_ros_ws/install/eli_cs_robot_description/share/eli_cs_robot_description/config/cs520h/physical_parameters.yaml
-- Installing: /home/robot/project/ls65_ros/ls65/elite_ros_ws/install/eli_cs_robot_description/share/eli_cs_robot_description/config/cs520h/joint_limits.yaml
-- Installing: /home/robot/project/ls65_ros/ls65/elite_ros_ws/install/eli_cs_robot_description/share/eli_cs_robot_description/config/cs520h/default_kinematics.yaml
-- Installing: /home/robot/project/ls65_ros/ls65/elite_ros_ws/install/eli_cs_robot_description/share/eli_cs_robot_description/config/cs520h/visual_parameters.yaml
-- Installing: /home/robot/project/ls65_ros/ls65/elite_ros_ws/install/eli_cs_robot_description/share/eli_cs_robot_description/launch
-- Installing: /home/robot/project/ls65_ros/ls65/elite_ros_ws/install/eli_cs_robot_description/share/eli_cs_robot_description/launch/view_cs.launch.py
-- Installing: /home/robot/project/ls65_ros/ls65/elite_ros_ws/install/eli_cs_robot_description/share/eli_cs_robot_description/meshes
-- Installing: /home/robot/project/ls65_ros/ls65/elite_ros_ws/install/eli_cs_robot_description/share/eli_cs_robot_description/meshes/cs612
-- Installing: /home/robot/project/ls65_ros/ls65/elite_ros_ws/install/eli_cs_robot_description/share/eli_cs_robot_description/meshes/cs612/visual
-- Installing: /home/robot/project/ls65_ros/ls65/elite_ros_ws/install/eli_cs_robot_description/share/eli_cs_robot_description/meshes/cs612/visual/wrist2.dae
-- Installing: /home/robot/project/ls65_ros/ls65/elite_ros_ws/install/eli_cs_robot_description/share/eli_cs_robot_description/meshes/cs612/visual/wrist3.dae
-- Installing: /home/robot/project/ls65_ros/ls65/elite_ros_ws/install/eli_cs_robot_description/share/eli_cs_robot_description/meshes/cs612/visual/base.dae
-- Installing: /home/robot/project/ls65_ros/ls65/elite_ros_ws/install/eli_cs_robot_description/share/eli_cs_robot_description/meshes/cs612/visual/upperarm.dae
-- Installing: /home/robot/project/ls65_ros/ls65/elite_ros_ws/install/eli_cs_robot_description/share/eli_cs_robot_description/meshes/cs612/visual/wrist1.dae
-- Installing: /home/robot/project/ls65_ros/ls65/elite_ros_ws/install/eli_cs_robot_description/share/eli_cs_robot_description/meshes/cs612/visual/forearm.dae
-- Installing: /home/robot/project/ls65_ros/ls65/elite_ros_ws/install/eli_cs_robot_description/share/eli_cs_robot_description/meshes/cs612/visual/shoulder.dae
-- Installing: /home/robot/project/ls65_ros/ls65/elite_ros_ws/install/eli_cs_robot_description/share/eli_cs_robot_description/meshes/cs612/collision
-- Installing: /home/robot/project/ls65_ros/ls65/elite_ros_ws/install/eli_cs_robot_description/share/eli_cs_robot_description/meshes/cs612/collision/shoulder.stl
-- Installing: /home/robot/project/ls65_ros/ls65/elite_ros_ws/install/eli_cs_robot_description/share/eli_cs_robot_description/meshes/cs612/collision/base.stl
-- Installing: /home/robot/project/ls65_ros/ls65/elite_ros_ws/install/eli_cs_robot_description/share/eli_cs_robot_description/meshes/cs612/collision/upperarm.stl
-- Installing: /home/robot/project/ls65_ros/ls65/elite_ros_ws/install/eli_cs_robot_description/share/eli_cs_robot_description/meshes/cs612/collision/wrist2.stl
-- Installing: /home/robot/project/ls65_ros/ls65/elite_ros_ws/install/eli_cs_robot_description/share/eli_cs_robot_description/meshes/cs612/collision/wrist1.stl
-- Installing: /home/robot/project/ls65_ros/ls65/elite_ros_ws/install/eli_cs_robot_description/share/eli_cs_robot_description/meshes/cs612/collision/wrist3.stl
-- Installing: /home/robot/project/ls65_ros/ls65/elite_ros_ws/install/eli_cs_robot_description/share/eli_cs_robot_description/meshes/cs612/collision/forearm.stl
-- Installing: /home/robot/project/ls65_ros/ls65/elite_ros_ws/install/eli_cs_robot_description/share/eli_cs_robot_description/meshes/ls65
-- Installing: /home/robot/project/ls65_ros/ls65/elite_ros_ws/install/eli_cs_robot_description/share/eli_cs_robot_description/meshes/ls65/visual
-- Installing: /home/robot/project/ls65_ros/ls65/elite_ros_ws/install/eli_cs_robot_description/share/eli_cs_robot_description/meshes/ls65/visual/wrist2.dae
-- Installing: /home/robot/project/ls65_ros/ls65/elite_ros_ws/install/eli_cs_robot_description/share/eli_cs_robot_description/meshes/ls65/visual/wrist3.dae
-- Installing: /home/robot/project/ls65_ros/ls65/elite_ros_ws/install/eli_cs_robot_description/share/eli_cs_robot_description/meshes/ls65/visual/base.dae
-- Installing: /home/robot/project/ls65_ros/ls65/elite_ros_ws/install/eli_cs_robot_description/share/eli_cs_robot_description/meshes/ls65/visual/upperarm.dae
-- Installing: /home/robot/project/ls65_ros/ls65/elite_ros_ws/install/eli_cs_robot_description/share/eli_cs_robot_description/meshes/ls65/visual/wrist1.dae
-- Installing: /home/robot/project/ls65_ros/ls65/elite_ros_ws/install/eli_cs_robot_description/share/eli_cs_robot_description/meshes/ls65/visual/forearm.dae
-- Installing: /home/robot/project/ls65_ros/ls65/elite_ros_ws/install/eli_cs_robot_description/share/eli_cs_robot_description/meshes/ls65/visual/shoulder.dae
-- Installing: /home/robot/project/ls65_ros/ls65/elite_ros_ws/install/eli_cs_robot_description/share/eli_cs_robot_description/meshes/ls65/collision
-- Installing: /home/robot/project/ls65_ros/ls65/elite_ros_ws/install/eli_cs_robot_description/share/eli_cs_robot_description/meshes/ls65/collision/shoulder.stl
-- Installing: /home/robot/project/ls65_ros/ls65/elite_ros_ws/install/eli_cs_robot_description/share/eli_cs_robot_description/meshes/ls65/collision/base.stl
-- Installing: /home/robot/project/ls65_ros/ls65/elite_ros_ws/install/eli_cs_robot_description/share/eli_cs_robot_description/meshes/ls65/collision/upperarm.stl
-- Installing: /home/robot/project/ls65_ros/ls65/elite_ros_ws/install/eli_cs_robot_description/share/eli_cs_robot_description/meshes/ls65/collision/wrist2.stl
-- Installing: /home/robot/project/ls65_ros/ls65/elite_ros_ws/install/eli_cs_robot_description/share/eli_cs_robot_description/meshes/ls65/collision/wrist1.stl
-- Installing: /home/robot/project/ls65_ros/ls65/elite_ros_ws/install/eli_cs_robot_description/share/eli_cs_robot_description/meshes/ls65/collision/wrist3.stl
-- Installing: /home/robot/project/ls65_ros/ls65/elite_ros_ws/install/eli_cs_robot_description/share/eli_cs_robot_description/meshes/ls65/collision/forearm.stl
-- Installing: /home/robot/project/ls65_ros/ls65/elite_ros_ws/install/eli_cs_robot_description/share/eli_cs_robot_description/meshes/cs66
-- Installing: /home/robot/project/ls65_ros/ls65/elite_ros_ws/install/eli_cs_robot_description/share/eli_cs_robot_description/meshes/cs66/visual
-- Installing: /home/robot/project/ls65_ros/ls65/elite_ros_ws/install/eli_cs_robot_description/share/eli_cs_robot_description/meshes/cs66/visual/wrist2.dae
-- Installing: /home/robot/project/ls65_ros/ls65/elite_ros_ws/install/eli_cs_robot_description/share/eli_cs_robot_description/meshes/cs66/visual/wrist3.dae
-- Installing: /home/robot/project/ls65_ros/ls65/elite_ros_ws/install/eli_cs_robot_description/share/eli_cs_robot_description/meshes/cs66/visual/base.dae
-- Installing: /home/robot/project/ls65_ros/ls65/elite_ros_ws/install/eli_cs_robot_description/share/eli_cs_robot_description/meshes/cs66/visual/upperarm.dae
-- Installing: /home/robot/project/ls65_ros/ls65/elite_ros_ws/install/eli_cs_robot_description/share/eli_cs_robot_description/meshes/cs66/visual/wrist1.dae
-- Installing: /home/robot/project/ls65_ros/ls65/elite_ros_ws/install/eli_cs_robot_description/share/eli_cs_robot_description/meshes/cs66/visual/forearm.dae
-- Installing: /home/robot/project/ls65_ros/ls65/elite_ros_ws/install/eli_cs_robot_description/share/eli_cs_robot_description/meshes/cs66/visual/shoulder.dae
-- Installing: /home/robot/project/ls65_ros/ls65/elite_ros_ws/install/eli_cs_robot_description/share/eli_cs_robot_description/meshes/cs66/collision
-- Installing: /home/robot/project/ls65_ros/ls65/elite_ros_ws/install/eli_cs_robot_description/share/eli_cs_robot_description/meshes/cs66/collision/shoulder.stl
-- Installing: /home/robot/project/ls65_ros/ls65/elite_ros_ws/install/eli_cs_robot_description/share/eli_cs_robot_description/meshes/cs66/collision/base.stl
-- Installing: /home/robot/project/ls65_ros/ls65/elite_ros_ws/install/eli_cs_robot_description/share/eli_cs_robot_description/meshes/cs66/collision/upperarm.stl
-- Installing: /home/robot/project/ls65_ros/ls65/elite_ros_ws/install/eli_cs_robot_description/share/eli_cs_robot_description/meshes/cs66/collision/wrist2.stl
-- Installing: /home/robot/project/ls65_ros/ls65/elite_ros_ws/install/eli_cs_robot_description/share/eli_cs_robot_description/meshes/cs66/collision/wrist1.stl
-- Installing: /home/robot/project/ls65_ros/ls65/elite_ros_ws/install/eli_cs_robot_description/share/eli_cs_robot_description/meshes/cs66/collision/wrist3.stl
-- Installing: /home/robot/project/ls65_ros/ls65/elite_ros_ws/install/eli_cs_robot_description/share/eli_cs_robot_description/meshes/cs66/collision/forearm.stl
-- Installing: /home/robot/project/ls65_ros/ls65/elite_ros_ws/install/eli_cs_robot_description/share/eli_cs_robot_description/meshes/cs68
-- Installing: /home/robot/project/ls65_ros/ls65/elite_ros_ws/install/eli_cs_robot_description/share/eli_cs_robot_description/meshes/cs68/visual
-- Installing: /home/robot/project/ls65_ros/ls65/elite_ros_ws/install/eli_cs_robot_description/share/eli_cs_robot_description/meshes/cs68/visual/wrist2.dae
-- Installing: /home/robot/project/ls65_ros/ls65/elite_ros_ws/install/eli_cs_robot_description/share/eli_cs_robot_description/meshes/cs68/visual/wrist3.dae
-- Installing: /home/robot/project/ls65_ros/ls65/elite_ros_ws/install/eli_cs_robot_description/share/eli_cs_robot_description/meshes/cs68/visual/base.dae
-- Installing: /home/robot/project/ls65_ros/ls65/elite_ros_ws/install/eli_cs_robot_description/share/eli_cs_robot_description/meshes/cs68/visual/upperarm.dae
-- Installing: /home/robot/project/ls65_ros/ls65/elite_ros_ws/install/eli_cs_robot_description/share/eli_cs_robot_description/meshes/cs68/visual/wrist1.dae
-- Installing: /home/robot/project/ls65_ros/ls65/elite_ros_ws/install/eli_cs_robot_description/share/eli_cs_robot_description/meshes/cs68/visual/forearm.dae
-- Installing: /home/robot/project/ls65_ros/ls65/elite_ros_ws/install/eli_cs_robot_description/share/eli_cs_robot_description/meshes/cs68/visual/shoulder.dae
-- Installing: /home/robot/project/ls65_ros/ls65/elite_ros_ws/install/eli_cs_robot_description/share/eli_cs_robot_description/meshes/cs68/collision
-- Installing: /home/robot/project/ls65_ros/ls65/elite_ros_ws/install/eli_cs_robot_description/share/eli_cs_robot_description/meshes/cs68/collision/shoulder.stl
-- Installing: /home/robot/project/ls65_ros/ls65/elite_ros_ws/install/eli_cs_robot_description/share/eli_cs_robot_description/meshes/cs68/collision/base.stl
-- Installing: /home/robot/project/ls65_ros/ls65/elite_ros_ws/install/eli_cs_robot_description/share/eli_cs_robot_description/meshes/cs68/collision/upperarm.stl
-- Installing: /home/robot/project/ls65_ros/ls65/elite_ros_ws/install/eli_cs_robot_description/share/eli_cs_robot_description/meshes/cs68/collision/wrist2.stl
-- Installing: /home/robot/project/ls65_ros/ls65/elite_ros_ws/install/eli_cs_robot_description/share/eli_cs_robot_description/meshes/cs68/collision/wrist1.stl
-- Installing: /home/robot/project/ls65_ros/ls65/elite_ros_ws/install/eli_cs_robot_description/share/eli_cs_robot_description/meshes/cs68/collision/wrist3.stl
-- Installing: /home/robot/project/ls65_ros/ls65/elite_ros_ws/install/eli_cs_robot_description/share/eli_cs_robot_description/meshes/cs68/collision/forearm.stl
-- Installing: /home/robot/project/ls65_ros/ls65/elite_ros_ws/install/eli_cs_robot_description/share/eli_cs_robot_description/meshes/cs625
-- Installing: /home/robot/project/ls65_ros/ls65/elite_ros_ws/install/eli_cs_robot_description/share/eli_cs_robot_description/meshes/cs625/visual
-- Installing: /home/robot/project/ls65_ros/ls65/elite_ros_ws/install/eli_cs_robot_description/share/eli_cs_robot_description/meshes/cs625/visual/wrist2.dae
-- Installing: /home/robot/project/ls65_ros/ls65/elite_ros_ws/install/eli_cs_robot_description/share/eli_cs_robot_description/meshes/cs625/visual/wrist3.dae
-- Installing: /home/robot/project/ls65_ros/ls65/elite_ros_ws/install/eli_cs_robot_description/share/eli_cs_robot_description/meshes/cs625/visual/base.dae
-- Installing: /home/robot/project/ls65_ros/ls65/elite_ros_ws/install/eli_cs_robot_description/share/eli_cs_robot_description/meshes/cs625/visual/upperarm.dae
-- Installing: /home/robot/project/ls65_ros/ls65/elite_ros_ws/install/eli_cs_robot_description/share/eli_cs_robot_description/meshes/cs625/visual/wrist1.dae
-- Installing: /home/robot/project/ls65_ros/ls65/elite_ros_ws/install/eli_cs_robot_description/share/eli_cs_robot_description/meshes/cs625/visual/forearm.dae
-- Installing: /home/robot/project/ls65_ros/ls65/elite_ros_ws/install/eli_cs_robot_description/share/eli_cs_robot_description/meshes/cs625/visual/shoulder.dae
-- Installing: /home/robot/project/ls65_ros/ls65/elite_ros_ws/install/eli_cs_robot_description/share/eli_cs_robot_description/meshes/cs625/collision
-- Installing: /home/robot/project/ls65_ros/ls65/elite_ros_ws/install/eli_cs_robot_description/share/eli_cs_robot_description/meshes/cs625/collision/shoulder.stl
-- Installing: /home/robot/project/ls65_ros/ls65/elite_ros_ws/install/eli_cs_robot_description/share/eli_cs_robot_description/meshes/cs625/collision/base.stl
-- Installing: /home/robot/project/ls65_ros/ls65/elite_ros_ws/install/eli_cs_robot_description/share/eli_cs_robot_description/meshes/cs625/collision/upperarm.stl
-- Installing: /home/robot/project/ls65_ros/ls65/elite_ros_ws/install/eli_cs_robot_description/share/eli_cs_robot_description/meshes/cs625/collision/wrist2.stl
-- Installing: /home/robot/project/ls65_ros/ls65/elite_ros_ws/install/eli_cs_robot_description/share/eli_cs_robot_description/meshes/cs625/collision/wrist1.stl
-- Installing: /home/robot/project/ls65_ros/ls65/elite_ros_ws/install/eli_cs_robot_description/share/eli_cs_robot_description/meshes/cs625/collision/wrist3.stl
-- Installing: /home/robot/project/ls65_ros/ls65/elite_ros_ws/install/eli_cs_robot_description/share/eli_cs_robot_description/meshes/cs625/collision/forearm.stl
-- Installing: /home/robot/project/ls65_ros/ls65/elite_ros_ws/install/eli_cs_robot_description/share/eli_cs_robot_description/meshes/cs63
-- Installing: /home/robot/project/ls65_ros/ls65/elite_ros_ws/install/eli_cs_robot_description/share/eli_cs_robot_description/meshes/cs63/visual
-- Installing: /home/robot/project/ls65_ros/ls65/elite_ros_ws/install/eli_cs_robot_description/share/eli_cs_robot_description/meshes/cs63/visual/wrist2.dae
-- Installing: /home/robot/project/ls65_ros/ls65/elite_ros_ws/install/eli_cs_robot_description/share/eli_cs_robot_description/meshes/cs63/visual/wrist3.dae
-- Installing: /home/robot/project/ls65_ros/ls65/elite_ros_ws/install/eli_cs_robot_description/share/eli_cs_robot_description/meshes/cs63/visual/base.dae
-- Installing: /home/robot/project/ls65_ros/ls65/elite_ros_ws/install/eli_cs_robot_description/share/eli_cs_robot_description/meshes/cs63/visual/upperarm.dae
-- Installing: /home/robot/project/ls65_ros/ls65/elite_ros_ws/install/eli_cs_robot_description/share/eli_cs_robot_description/meshes/cs63/visual/wrist1.dae
-- Installing: /home/robot/project/ls65_ros/ls65/elite_ros_ws/install/eli_cs_robot_description/share/eli_cs_robot_description/meshes/cs63/visual/forearm.dae
-- Installing: /home/robot/project/ls65_ros/ls65/elite_ros_ws/install/eli_cs_robot_description/share/eli_cs_robot_description/meshes/cs63/visual/shoulder.dae
-- Installing: /home/robot/project/ls65_ros/ls65/elite_ros_ws/install/eli_cs_robot_description/share/eli_cs_robot_description/meshes/cs63/collision
-- Installing: /home/robot/project/ls65_ros/ls65/elite_ros_ws/install/eli_cs_robot_description/share/eli_cs_robot_description/meshes/cs63/collision/shoulder.stl
-- Installing: /home/robot/project/ls65_ros/ls65/elite_ros_ws/install/eli_cs_robot_description/share/eli_cs_robot_description/meshes/cs63/collision/base.stl
-- Installing: /home/robot/project/ls65_ros/ls65/elite_ros_ws/install/eli_cs_robot_description/share/eli_cs_robot_description/meshes/cs63/collision/upperarm.stl
-- Installing: /home/robot/project/ls65_ros/ls65/elite_ros_ws/install/eli_cs_robot_description/share/eli_cs_robot_description/meshes/cs63/collision/wrist2.stl
-- Installing: /home/robot/project/ls65_ros/ls65/elite_ros_ws/install/eli_cs_robot_description/share/eli_cs_robot_description/meshes/cs63/collision/wrist1.stl
-- Installing: /home/robot/project/ls65_ros/ls65/elite_ros_ws/install/eli_cs_robot_description/share/eli_cs_robot_description/meshes/cs63/collision/wrist3.stl
-- Installing: /home/robot/project/ls65_ros/ls65/elite_ros_ws/install/eli_cs_robot_description/share/eli_cs_robot_description/meshes/cs63/collision/forearm.stl
-- Installing: /home/robot/project/ls65_ros/ls65/elite_ros_ws/install/eli_cs_robot_description/share/eli_cs_robot_description/meshes/cs620
-- Installing: /home/robot/project/ls65_ros/ls65/elite_ros_ws/install/eli_cs_robot_description/share/eli_cs_robot_description/meshes/cs620/visual
-- Installing: /home/robot/project/ls65_ros/ls65/elite_ros_ws/install/eli_cs_robot_description/share/eli_cs_robot_description/meshes/cs620/visual/wrist2.dae
-- Installing: /home/robot/project/ls65_ros/ls65/elite_ros_ws/install/eli_cs_robot_description/share/eli_cs_robot_description/meshes/cs620/visual/wrist3.dae
-- Installing: /home/robot/project/ls65_ros/ls65/elite_ros_ws/install/eli_cs_robot_description/share/eli_cs_robot_description/meshes/cs620/visual/base.dae
-- Installing: /home/robot/project/ls65_ros/ls65/elite_ros_ws/install/eli_cs_robot_description/share/eli_cs_robot_description/meshes/cs620/visual/upperarm.dae
-- Installing: /home/robot/project/ls65_ros/ls65/elite_ros_ws/install/eli_cs_robot_description/share/eli_cs_robot_description/meshes/cs620/visual/wrist1.dae
-- Installing: /home/robot/project/ls65_ros/ls65/elite_ros_ws/install/eli_cs_robot_description/share/eli_cs_robot_description/meshes/cs620/visual/forearm.dae
-- Installing: /home/robot/project/ls65_ros/ls65/elite_ros_ws/install/eli_cs_robot_description/share/eli_cs_robot_description/meshes/cs620/visual/shoulder.dae
-- Installing: /home/robot/project/ls65_ros/ls65/elite_ros_ws/install/eli_cs_robot_description/share/eli_cs_robot_description/meshes/cs620/collision
-- Installing: /home/robot/project/ls65_ros/ls65/elite_ros_ws/install/eli_cs_robot_description/share/eli_cs_robot_description/meshes/cs620/collision/shoulder.stl
-- Installing: /home/robot/project/ls65_ros/ls65/elite_ros_ws/install/eli_cs_robot_description/share/eli_cs_robot_description/meshes/cs620/collision/base.stl
-- Installing: /home/robot/project/ls65_ros/ls65/elite_ros_ws/install/eli_cs_robot_description/share/eli_cs_robot_description/meshes/cs620/collision/upperarm.stl
-- Installing: /home/robot/project/ls65_ros/ls65/elite_ros_ws/install/eli_cs_robot_description/share/eli_cs_robot_description/meshes/cs620/collision/wrist2.stl
-- Installing: /home/robot/project/ls65_ros/ls65/elite_ros_ws/install/eli_cs_robot_description/share/eli_cs_robot_description/meshes/cs620/collision/wrist1.stl
-- Installing: /home/robot/project/ls65_ros/ls65/elite_ros_ws/install/eli_cs_robot_description/share/eli_cs_robot_description/meshes/cs620/collision/wrist3.stl
-- Installing: /home/robot/project/ls65_ros/ls65/elite_ros_ws/install/eli_cs_robot_description/share/eli_cs_robot_description/meshes/cs620/collision/forearm.stl
-- Installing: /home/robot/project/ls65_ros/ls65/elite_ros_ws/install/eli_cs_robot_description/share/eli_cs_robot_description/meshes/cs616
-- Installing: /home/robot/project/ls65_ros/ls65/elite_ros_ws/install/eli_cs_robot_description/share/eli_cs_robot_description/meshes/cs616/visual
-- Installing: /home/robot/project/ls65_ros/ls65/elite_ros_ws/install/eli_cs_robot_description/share/eli_cs_robot_description/meshes/cs616/visual/wrist2.dae
-- Installing: /home/robot/project/ls65_ros/ls65/elite_ros_ws/install/eli_cs_robot_description/share/eli_cs_robot_description/meshes/cs616/visual/wrist3.dae
-- Installing: /home/robot/project/ls65_ros/ls65/elite_ros_ws/install/eli_cs_robot_description/share/eli_cs_robot_description/meshes/cs616/visual/base.dae
-- Installing: /home/robot/project/ls65_ros/ls65/elite_ros_ws/install/eli_cs_robot_description/share/eli_cs_robot_description/meshes/cs616/visual/upperarm.dae
-- Installing: /home/robot/project/ls65_ros/ls65/elite_ros_ws/install/eli_cs_robot_description/share/eli_cs_robot_description/meshes/cs616/visual/wrist1.dae
-- Installing: /home/robot/project/ls65_ros/ls65/elite_ros_ws/install/eli_cs_robot_description/share/eli_cs_robot_description/meshes/cs616/visual/forearm.dae
-- Installing: /home/robot/project/ls65_ros/ls65/elite_ros_ws/install/eli_cs_robot_description/share/eli_cs_robot_description/meshes/cs616/visual/shoulder.dae
-- Installing: /home/robot/project/ls65_ros/ls65/elite_ros_ws/install/eli_cs_robot_description/share/eli_cs_robot_description/meshes/cs616/collision
-- Installing: /home/robot/project/ls65_ros/ls65/elite_ros_ws/install/eli_cs_robot_description/share/eli_cs_robot_description/meshes/cs616/collision/shoulder.stl
-- Installing: /home/robot/project/ls65_ros/ls65/elite_ros_ws/install/eli_cs_robot_description/share/eli_cs_robot_description/meshes/cs616/collision/base.stl
-- Installing: /home/robot/project/ls65_ros/ls65/elite_ros_ws/install/eli_cs_robot_description/share/eli_cs_robot_description/meshes/cs616/collision/upperarm.stl
-- Installing: /home/robot/project/ls65_ros/ls65/elite_ros_ws/install/eli_cs_robot_description/share/eli_cs_robot_description/meshes/cs616/collision/wrist2.stl
-- Installing: /home/robot/project/ls65_ros/ls65/elite_ros_ws/install/eli_cs_robot_description/share/eli_cs_robot_description/meshes/cs616/collision/wrist1.stl
-- Installing: /home/robot/project/ls65_ros/ls65/elite_ros_ws/install/eli_cs_robot_description/share/eli_cs_robot_description/meshes/cs616/collision/wrist3.stl
-- Installing: /home/robot/project/ls65_ros/ls65/elite_ros_ws/install/eli_cs_robot_description/share/eli_cs_robot_description/meshes/cs616/collision/forearm.stl
-- Installing: /home/robot/project/ls65_ros/ls65/elite_ros_ws/install/eli_cs_robot_description/share/eli_cs_robot_description/meshes/cs66a
-- Installing: /home/robot/project/ls65_ros/ls65/elite_ros_ws/install/eli_cs_robot_description/share/eli_cs_robot_description/meshes/cs66a/visual
-- Installing: /home/robot/project/ls65_ros/ls65/elite_ros_ws/install/eli_cs_robot_description/share/eli_cs_robot_description/meshes/cs66a/visual/wrist2.dae
-- Installing: /home/robot/project/ls65_ros/ls65/elite_ros_ws/install/eli_cs_robot_description/share/eli_cs_robot_description/meshes/cs66a/visual/wrist3.dae
-- Installing: /home/robot/project/ls65_ros/ls65/elite_ros_ws/install/eli_cs_robot_description/share/eli_cs_robot_description/meshes/cs66a/visual/base.dae
-- Installing: /home/robot/project/ls65_ros/ls65/elite_ros_ws/install/eli_cs_robot_description/share/eli_cs_robot_description/meshes/cs66a/visual/upperarm.dae
-- Installing: /home/robot/project/ls65_ros/ls65/elite_ros_ws/install/eli_cs_robot_description/share/eli_cs_robot_description/meshes/cs66a/visual/wrist1.dae
-- Installing: /home/robot/project/ls65_ros/ls65/elite_ros_ws/install/eli_cs_robot_description/share/eli_cs_robot_description/meshes/cs66a/visual/forearm.dae
-- Installing: /home/robot/project/ls65_ros/ls65/elite_ros_ws/install/eli_cs_robot_description/share/eli_cs_robot_description/meshes/cs66a/visual/shoulder.dae
-- Installing: /home/robot/project/ls65_ros/ls65/elite_ros_ws/install/eli_cs_robot_description/share/eli_cs_robot_description/meshes/cs66a/collision
-- Installing: /home/robot/project/ls65_ros/ls65/elite_ros_ws/install/eli_cs_robot_description/share/eli_cs_robot_description/meshes/cs66a/collision/shoulder.stl
-- Installing: /home/robot/project/ls65_ros/ls65/elite_ros_ws/install/eli_cs_robot_description/share/eli_cs_robot_description/meshes/cs66a/collision/base.stl
-- Installing: /home/robot/project/ls65_ros/ls65/elite_ros_ws/install/eli_cs_robot_description/share/eli_cs_robot_description/meshes/cs66a/collision/upperarm.stl
-- Installing: /home/robot/project/ls65_ros/ls65/elite_ros_ws/install/eli_cs_robot_description/share/eli_cs_robot_description/meshes/cs66a/collision/wrist2.stl
-- Installing: /home/robot/project/ls65_ros/ls65/elite_ros_ws/install/eli_cs_robot_description/share/eli_cs_robot_description/meshes/cs66a/collision/wrist1.stl
-- Installing: /home/robot/project/ls65_ros/ls65/elite_ros_ws/install/eli_cs_robot_description/share/eli_cs_robot_description/meshes/cs66a/collision/wrist3.stl
-- Installing: /home/robot/project/ls65_ros/ls65/elite_ros_ws/install/eli_cs_robot_description/share/eli_cs_robot_description/meshes/cs66a/collision/forearm.stl
-- Installing: /home/robot/project/ls65_ros/ls65/elite_ros_ws/install/eli_cs_robot_description/share/eli_cs_robot_description/meshes/cs618f
-- Installing: /home/robot/project/ls65_ros/ls65/elite_ros_ws/install/eli_cs_robot_description/share/eli_cs_robot_description/meshes/cs618f/visual
-- Installing: /home/robot/project/ls65_ros/ls65/elite_ros_ws/install/eli_cs_robot_description/share/eli_cs_robot_description/meshes/cs618f/visual/wrist2.dae
-- Installing: /home/robot/project/ls65_ros/ls65/elite_ros_ws/install/eli_cs_robot_description/share/eli_cs_robot_description/meshes/cs618f/visual/wrist3.dae
-- Installing: /home/robot/project/ls65_ros/ls65/elite_ros_ws/install/eli_cs_robot_description/share/eli_cs_robot_description/meshes/cs618f/visual/base.dae
-- Installing: /home/robot/project/ls65_ros/ls65/elite_ros_ws/install/eli_cs_robot_description/share/eli_cs_robot_description/meshes/cs618f/visual/upperarm.dae
-- Installing: /home/robot/project/ls65_ros/ls65/elite_ros_ws/install/eli_cs_robot_description/share/eli_cs_robot_description/meshes/cs618f/visual/wrist1.dae
-- Installing: /home/robot/project/ls65_ros/ls65/elite_ros_ws/install/eli_cs_robot_description/share/eli_cs_robot_description/meshes/cs618f/visual/forearm.dae
-- Installing: /home/robot/project/ls65_ros/ls65/elite_ros_ws/install/eli_cs_robot_description/share/eli_cs_robot_description/meshes/cs618f/visual/shoulder.dae
-- Installing: /home/robot/project/ls65_ros/ls65/elite_ros_ws/install/eli_cs_robot_description/share/eli_cs_robot_description/meshes/cs618f/collision
-- Installing: /home/robot/project/ls65_ros/ls65/elite_ros_ws/install/eli_cs_robot_description/share/eli_cs_robot_description/meshes/cs618f/collision/shoulder.stl
-- Installing: /home/robot/project/ls65_ros/ls65/elite_ros_ws/install/eli_cs_robot_description/share/eli_cs_robot_description/meshes/cs618f/collision/base.stl
-- Installing: /home/robot/project/ls65_ros/ls65/elite_ros_ws/install/eli_cs_robot_description/share/eli_cs_robot_description/meshes/cs618f/collision/upperarm.stl
-- Installing: /home/robot/project/ls65_ros/ls65/elite_ros_ws/install/eli_cs_robot_description/share/eli_cs_robot_description/meshes/cs618f/collision/wrist2.stl
-- Installing: /home/robot/project/ls65_ros/ls65/elite_ros_ws/install/eli_cs_robot_description/share/eli_cs_robot_description/meshes/cs618f/collision/wrist1.stl
-- Installing: /home/robot/project/ls65_ros/ls65/elite_ros_ws/install/eli_cs_robot_description/share/eli_cs_robot_description/meshes/cs618f/collision/wrist3.stl
-- Installing: /home/robot/project/ls65_ros/ls65/elite_ros_ws/install/eli_cs_robot_description/share/eli_cs_robot_description/meshes/cs618f/collision/forearm.stl
-- Installing: /home/robot/project/ls65_ros/ls65/elite_ros_ws/install/eli_cs_robot_description/share/eli_cs_robot_description/meshes/cs520h
-- Installing: /home/robot/project/ls65_ros/ls65/elite_ros_ws/install/eli_cs_robot_description/share/eli_cs_robot_description/meshes/cs520h/visual
-- Installing: /home/robot/project/ls65_ros/ls65/elite_ros_ws/install/eli_cs_robot_description/share/eli_cs_robot_description/meshes/cs520h/visual/wrist2.dae
-- Installing: /home/robot/project/ls65_ros/ls65/elite_ros_ws/install/eli_cs_robot_description/share/eli_cs_robot_description/meshes/cs520h/visual/base.dae
-- Installing: /home/robot/project/ls65_ros/ls65/elite_ros_ws/install/eli_cs_robot_description/share/eli_cs_robot_description/meshes/cs520h/visual/upperarm.dae
-- Installing: /home/robot/project/ls65_ros/ls65/elite_ros_ws/install/eli_cs_robot_description/share/eli_cs_robot_description/meshes/cs520h/visual/wrist1.dae
-- Installing: /home/robot/project/ls65_ros/ls65/elite_ros_ws/install/eli_cs_robot_description/share/eli_cs_robot_description/meshes/cs520h/visual/forearm.dae
-- Installing: /home/robot/project/ls65_ros/ls65/elite_ros_ws/install/eli_cs_robot_description/share/eli_cs_robot_description/meshes/cs520h/visual/shoulder.dae
-- Installing: /home/robot/project/ls65_ros/ls65/elite_ros_ws/install/eli_cs_robot_description/share/eli_cs_robot_description/meshes/cs520h/collision
-- Installing: /home/robot/project/ls65_ros/ls65/elite_ros_ws/install/eli_cs_robot_description/share/eli_cs_robot_description/meshes/cs520h/collision/shoulder.stl
-- Installing: /home/robot/project/ls65_ros/ls65/elite_ros_ws/install/eli_cs_robot_description/share/eli_cs_robot_description/meshes/cs520h/collision/base.stl
-- Installing: /home/robot/project/ls65_ros/ls65/elite_ros_ws/install/eli_cs_robot_description/share/eli_cs_robot_description/meshes/cs520h/collision/upperarm.stl
-- Installing: /home/robot/project/ls65_ros/ls65/elite_ros_ws/install/eli_cs_robot_description/share/eli_cs_robot_description/meshes/cs520h/collision/wrist2.stl
-- Installing: /home/robot/project/ls65_ros/ls65/elite_ros_ws/install/eli_cs_robot_description/share/eli_cs_robot_description/meshes/cs520h/collision/wrist1.stl
-- Installing: /home/robot/project/ls65_ros/ls65/elite_ros_ws/install/eli_cs_robot_description/share/eli_cs_robot_description/meshes/cs520h/collision/forearm.stl
-- Installing: /home/robot/project/ls65_ros/ls65/elite_ros_ws/install/eli_cs_robot_description/share/eli_cs_robot_description/rviz
-- Installing: /home/robot/project/ls65_ros/ls65/elite_ros_ws/install/eli_cs_robot_description/share/eli_cs_robot_description/rviz/view_robot.rviz
-- Installing: /home/robot/project/ls65_ros/ls65/elite_ros_ws/install/eli_cs_robot_description/share/eli_cs_robot_description/urdf
-- Installing: /home/robot/project/ls65_ros/ls65/elite_ros_ws/install/eli_cs_robot_description/share/eli_cs_robot_description/urdf/inc
-- Installing: /home/robot/project/ls65_ros/ls65/elite_ros_ws/install/eli_cs_robot_description/share/eli_cs_robot_description/urdf/inc/cs_common.xacro
-- Installing: /home/robot/project/ls65_ros/ls65/elite_ros_ws/install/eli_cs_robot_description/share/eli_cs_robot_description/urdf/inc/cs_transmissions.xacro
-- Installing: /home/robot/project/ls65_ros/ls65/elite_ros_ws/install/eli_cs_robot_description/share/eli_cs_robot_description/urdf/cs_macro.xacro
-- Installing: /home/robot/project/ls65_ros/ls65/elite_ros_ws/install/eli_cs_robot_description/share/eli_cs_robot_description/urdf/ls65_robot.urdf
-- Installing: /home/robot/project/ls65_ros/ls65/elite_ros_ws/install/eli_cs_robot_description/share/eli_cs_robot_description/urdf/cs.urdf.xacro
-- Installing: /home/robot/project/ls65_ros/ls65/elite_ros_ws/install/eli_cs_robot_description/share/eli_cs_robot_description/urdf/cs.ros2_control.xacro
-- Installing: /home/robot/project/ls65_ros/ls65/elite_ros_ws/install/eli_cs_robot_description/share/eli_cs_robot_description/urdf_5f
-- Installing: /home/robot/project/ls65_ros/ls65/elite_ros_ws/install/eli_cs_robot_description/share/eli_cs_robot_description/urdf_5f/inc
-- Installing: /home/robot/project/ls65_ros/ls65/elite_ros_ws/install/eli_cs_robot_description/share/eli_cs_robot_description/urdf_5f/inc/cs_common.xacro
-- Installing: /home/robot/project/ls65_ros/ls65/elite_ros_ws/install/eli_cs_robot_description/share/eli_cs_robot_description/urdf_5f/inc/cs_transmissions.xacro
-- Installing: /home/robot/project/ls65_ros/ls65/elite_ros_ws/install/eli_cs_robot_description/share/eli_cs_robot_description/urdf_5f/cs_macro.xacro
-- Installing: /home/robot/project/ls65_ros/ls65/elite_ros_ws/install/eli_cs_robot_description/share/eli_cs_robot_description/urdf_5f/cs.urdf.xacro
-- Installing: /home/robot/project/ls65_ros/ls65/elite_ros_ws/install/eli_cs_robot_description/share/eli_cs_robot_description/urdf_5f/cs.ros2_control.xacro
-- Installing: /home/robot/project/ls65_ros/ls65/elite_ros_ws/install/eli_cs_robot_description/share/eli_cs_robot_description/test
-- Installing: /home/robot/project/ls65_ros/ls65/elite_ros_ws/install/eli_cs_robot_description/share/eli_cs_robot_description/test/test_view_cs_launch.py
-- Installing: /home/robot/project/ls65_ros/ls65/elite_ros_ws/install/eli_cs_robot_description/share/eli_cs_robot_description/test/test_cs_urdf_xacro.py
-- Installing: /home/robot/project/ls65_ros/ls65/elite_ros_ws/install/eli_cs_robot_description/share/ament_index/resource_index/package_run_dependencies/eli_cs_robot_description
-- Installing: /home/robot/project/ls65_ros/ls65/elite_ros_ws/install/eli_cs_robot_description/share/ament_index/resource_index/parent_prefix_path/eli_cs_robot_description
-- Installing: /home/robot/project/ls65_ros/ls65/elite_ros_ws/install/eli_cs_robot_description/share/eli_cs_robot_description/environment/ament_prefix_path.sh
-- Installing: /home/robot/project/ls65_ros/ls65/elite_ros_ws/install/eli_cs_robot_description/share/eli_cs_robot_description/environment/ament_prefix_path.dsv
-- Installing: /home/robot/project/ls65_ros/ls65/elite_ros_ws/install/eli_cs_robot_description/share/eli_cs_robot_description/environment/path.sh
-- Installing: /home/robot/project/ls65_ros/ls65/elite_ros_ws/install/eli_cs_robot_description/share/eli_cs_robot_description/environment/path.dsv
-- Installing: /home/robot/project/ls65_ros/ls65/elite_ros_ws/install/eli_cs_robot_description/share/eli_cs_robot_description/local_setup.bash
-- Installing: /home/robot/project/ls65_ros/ls65/elite_ros_ws/install/eli_cs_robot_description/share/eli_cs_robot_description/local_setup.sh
-- Installing: /home/robot/project/ls65_ros/ls65/elite_ros_ws/install/eli_cs_robot_description/share/eli_cs_robot_description/local_setup.zsh
-- Installing: /home/robot/project/ls65_ros/ls65/elite_ros_ws/install/eli_cs_robot_description/share/eli_cs_robot_description/local_setup.dsv
-- Installing: /home/robot/project/ls65_ros/ls65/elite_ros_ws/install/eli_cs_robot_description/share/eli_cs_robot_description/package.dsv
-- Installing: /home/robot/project/ls65_ros/ls65/elite_ros_ws/install/eli_cs_robot_description/share/ament_index/resource_index/packages/eli_cs_robot_description
-- Installing: /home/robot/project/ls65_ros/ls65/elite_ros_ws/install/eli_cs_robot_description/share/eli_cs_robot_description/cmake/eli_cs_robot_descriptionConfig.cmake
-- Installing: /home/robot/project/ls65_ros/ls65/elite_ros_ws/install/eli_cs_robot_description/share/eli_cs_robot_description/cmake/eli_cs_robot_descriptionConfig-version.cmake
-- Installing: /home/robot/project/ls65_ros/ls65/elite_ros_ws/install/eli_cs_robot_description/share/eli_cs_robot_description/package.xml
