[  1%] [34m[1mGenerating C code for ROS interfaces[0m
[  1%] [34m[1mGenerating C++ code for ROS interfaces[0m
[  2%] [34m[1mGenerating Rust code for ROS interfaces[0m
[  2%] Built target ament_cmake_python_copy_eli_common_interface
running egg_info
creating eli_common_interface.egg-info
writing eli_common_interface.egg-info/PKG-INFO
writing dependency_links to eli_common_interface.egg-info/dependency_links.txt
writing top-level names to eli_common_interface.egg-info/top_level.txt
writing manifest file 'eli_common_interface.egg-info/SOURCES.txt'
reading manifest file 'eli_common_interface.egg-info/SOURCES.txt'
writing manifest file 'eli_common_interface.egg-info/SOURCES.txt'
[  2%] Built target ament_cmake_python_build_eli_common_interface_egg
[  2%] Built target eli_common_interface__rs
[  2%] Built target eli_common_interface__cpp
[  3%] [34m[1mGenerating C++ type support dispatch for ROS interfaces[0m
[  4%] [34m[1mGenerating C++ type support for eProsima Fast-RTPS[0m
[  5%] [34m[1mGenerating C++ introspection for ROS interfaces[0m
[  6%] [32mBuilding C object CMakeFiles/eli_common_interface__rosidl_generator_c.dir/rosidl_generator_c/eli_common_interface/srv/detail/get_task_status__functions.c.o[0m
[  7%] [32mBuilding C object CMakeFiles/eli_common_interface__rosidl_generator_c.dir/rosidl_generator_c/eli_common_interface/srv/detail/get_robot_mode__functions.c.o[0m
[  9%] [32mBuilding C object CMakeFiles/eli_common_interface__rosidl_generator_c.dir/rosidl_generator_c/eli_common_interface/srv/detail/set_speed_slider_fraction__functions.c.o[0m
[  8%] [32mBuilding C object CMakeFiles/eli_common_interface__rosidl_generator_c.dir/rosidl_generator_c/eli_common_interface/srv/detail/get_safety_mode__functions.c.o[0m
[ 10%] [32mBuilding C object CMakeFiles/eli_common_interface__rosidl_generator_c.dir/rosidl_generator_c/eli_common_interface/srv/detail/set_payload__functions.c.o[0m
[ 11%] [32mBuilding C object CMakeFiles/eli_common_interface__rosidl_generator_c.dir/rosidl_generator_c/eli_common_interface/msg/detail/robot_mode__functions.c.o[0m
[ 11%] [32mBuilding C object CMakeFiles/eli_common_interface__rosidl_generator_c.dir/rosidl_generator_c/eli_common_interface/srv/detail/set_io__functions.c.o[0m
[ 12%] [32mBuilding C object CMakeFiles/eli_common_interface__rosidl_generator_c.dir/rosidl_generator_c/eli_common_interface/msg/detail/task_status__functions.c.o[0m
[ 13%] [32mBuilding C object CMakeFiles/eli_common_interface__rosidl_generator_c.dir/rosidl_generator_c/eli_common_interface/msg/detail/safety_mode__functions.c.o[0m
[ 14%] [32mBuilding C object CMakeFiles/eli_common_interface__rosidl_generator_c.dir/rosidl_generator_c/eli_common_interface/msg/detail/tool_data__functions.c.o[0m
[ 14%] [32mBuilding C object CMakeFiles/eli_common_interface__rosidl_generator_c.dir/rosidl_generator_c/eli_common_interface/msg/detail/analog__functions.c.o[0m
[ 15%] [32mBuilding C object CMakeFiles/eli_common_interface__rosidl_generator_c.dir/rosidl_generator_c/eli_common_interface/msg/detail/io_state__functions.c.o[0m
[ 16%] [32m[1mLinking C shared library libeli_common_interface__rosidl_generator_c.so[0m
[ 16%] Built target eli_common_interface__rosidl_generator_c
[ 17%] [34m[1mGenerating C type support for eProsima Fast-RTPS[0m
[ 18%] [34m[1mGenerating C introspection for ROS interfaces[0m
[ 19%] [34m[1mGenerating C type support dispatch for ROS interfaces[0m
[ 20%] [32mBuilding CXX object CMakeFiles/eli_common_interface__rosidl_typesupport_cpp.dir/rosidl_typesupport_cpp/eli_common_interface/srv/set_io__type_support.cpp.o[0m
[ 21%] [32mBuilding CXX object CMakeFiles/eli_common_interface__rosidl_typesupport_cpp.dir/rosidl_typesupport_cpp/eli_common_interface/srv/set_speed_slider_fraction__type_support.cpp.o[0m
[ 22%] [32mBuilding CXX object CMakeFiles/eli_common_interface__rosidl_typesupport_cpp.dir/rosidl_typesupport_cpp/eli_common_interface/srv/get_safety_mode__type_support.cpp.o[0m
[ 22%] [32mBuilding CXX object CMakeFiles/eli_common_interface__rosidl_typesupport_cpp.dir/rosidl_typesupport_cpp/eli_common_interface/srv/set_payload__type_support.cpp.o[0m
[ 23%] [32mBuilding CXX object CMakeFiles/eli_common_interface__rosidl_typesupport_cpp.dir/rosidl_typesupport_cpp/eli_common_interface/msg/task_status__type_support.cpp.o[0m
[ 24%] [32mBuilding CXX object CMakeFiles/eli_common_interface__rosidl_typesupport_cpp.dir/rosidl_typesupport_cpp/eli_common_interface/srv/get_task_status__type_support.cpp.o[0m
[ 25%] [32mBuilding CXX object CMakeFiles/eli_common_interface__rosidl_typesupport_cpp.dir/rosidl_typesupport_cpp/eli_common_interface/srv/get_robot_mode__type_support.cpp.o[0m
[ 25%] [32mBuilding CXX object CMakeFiles/eli_common_interface__rosidl_typesupport_cpp.dir/rosidl_typesupport_cpp/eli_common_interface/msg/safety_mode__type_support.cpp.o[0m
[ 26%] [32mBuilding CXX object CMakeFiles/eli_common_interface__rosidl_typesupport_cpp.dir/rosidl_typesupport_cpp/eli_common_interface/msg/robot_mode__type_support.cpp.o[0m
[ 27%] [32mBuilding CXX object CMakeFiles/eli_common_interface__rosidl_typesupport_cpp.dir/rosidl_typesupport_cpp/eli_common_interface/msg/analog__type_support.cpp.o[0m
[ 28%] [32mBuilding CXX object CMakeFiles/eli_common_interface__rosidl_typesupport_cpp.dir/rosidl_typesupport_cpp/eli_common_interface/msg/io_state__type_support.cpp.o[0m
[ 29%] [32mBuilding CXX object CMakeFiles/eli_common_interface__rosidl_typesupport_cpp.dir/rosidl_typesupport_cpp/eli_common_interface/msg/tool_data__type_support.cpp.o[0m
[ 31%] [32mBuilding CXX object CMakeFiles/eli_common_interface__rosidl_typesupport_introspection_cpp.dir/rosidl_typesupport_introspection_cpp/eli_common_interface/srv/detail/get_task_status__type_support.cpp.o[0m
[ 31%] [32mBuilding CXX object CMakeFiles/eli_common_interface__rosidl_typesupport_introspection_cpp.dir/rosidl_typesupport_introspection_cpp/eli_common_interface/srv/detail/set_io__type_support.cpp.o[0m
[ 32%] [32mBuilding CXX object CMakeFiles/eli_common_interface__rosidl_typesupport_introspection_cpp.dir/rosidl_typesupport_introspection_cpp/eli_common_interface/srv/detail/get_robot_mode__type_support.cpp.o[0m
[ 33%] [32mBuilding CXX object CMakeFiles/eli_common_interface__rosidl_typesupport_introspection_cpp.dir/rosidl_typesupport_introspection_cpp/eli_common_interface/srv/detail/set_speed_slider_fraction__type_support.cpp.o[0m
[ 33%] [32mBuilding CXX object CMakeFiles/eli_common_interface__rosidl_typesupport_introspection_cpp.dir/rosidl_typesupport_introspection_cpp/eli_common_interface/srv/detail/get_safety_mode__type_support.cpp.o[0m
[ 34%] [32mBuilding CXX object CMakeFiles/eli_common_interface__rosidl_typesupport_introspection_cpp.dir/rosidl_typesupport_introspection_cpp/eli_common_interface/srv/detail/set_payload__type_support.cpp.o[0m
[ 35%] [32mBuilding CXX object CMakeFiles/eli_common_interface__rosidl_typesupport_introspection_cpp.dir/rosidl_typesupport_introspection_cpp/eli_common_interface/msg/detail/robot_mode__type_support.cpp.o[0m
[ 36%] [32mBuilding CXX object CMakeFiles/eli_common_interface__rosidl_typesupport_introspection_cpp.dir/rosidl_typesupport_introspection_cpp/eli_common_interface/msg/detail/task_status__type_support.cpp.o[0m
[ 36%] [32mBuilding CXX object CMakeFiles/eli_common_interface__rosidl_typesupport_introspection_cpp.dir/rosidl_typesupport_introspection_cpp/eli_common_interface/msg/detail/safety_mode__type_support.cpp.o[0m
[ 37%] [32mBuilding CXX object CMakeFiles/eli_common_interface__rosidl_typesupport_introspection_cpp.dir/rosidl_typesupport_introspection_cpp/eli_common_interface/msg/detail/analog__type_support.cpp.o[0m
[ 38%] [32mBuilding CXX object CMakeFiles/eli_common_interface__rosidl_typesupport_introspection_cpp.dir/rosidl_typesupport_introspection_cpp/eli_common_interface/msg/detail/io_state__type_support.cpp.o[0m
[ 39%] [32m[1mLinking CXX shared library libeli_common_interface__rosidl_typesupport_cpp.so[0m
[ 39%] [32mBuilding CXX object CMakeFiles/eli_common_interface__rosidl_typesupport_c.dir/rosidl_typesupport_c/eli_common_interface/srv/get_task_status__type_support.cpp.o[0m
[ 39%] Built target eli_common_interface__rosidl_typesupport_cpp
[ 40%] [32mBuilding CXX object CMakeFiles/eli_common_interface__rosidl_typesupport_c.dir/rosidl_typesupport_c/eli_common_interface/srv/get_robot_mode__type_support.cpp.o[0m
[ 41%] [32mBuilding CXX object CMakeFiles/eli_common_interface__rosidl_typesupport_c.dir/rosidl_typesupport_c/eli_common_interface/srv/get_safety_mode__type_support.cpp.o[0m
[ 42%] [32mBuilding CXX object CMakeFiles/eli_common_interface__rosidl_typesupport_fastrtps_cpp.dir/rosidl_typesupport_fastrtps_cpp/eli_common_interface/srv/detail/dds_fastrtps/get_task_status__type_support.cpp.o[0m
[ 43%] [32mBuilding CXX object CMakeFiles/eli_common_interface__rosidl_typesupport_c.dir/rosidl_typesupport_c/eli_common_interface/srv/set_io__type_support.cpp.o[0m
[ 44%] [32mBuilding CXX object CMakeFiles/eli_common_interface__rosidl_typesupport_fastrtps_cpp.dir/rosidl_typesupport_fastrtps_cpp/eli_common_interface/srv/detail/dds_fastrtps/get_robot_mode__type_support.cpp.o[0m
[ 45%] [32mBuilding CXX object CMakeFiles/eli_common_interface__rosidl_typesupport_c.dir/rosidl_typesupport_c/eli_common_interface/srv/set_speed_slider_fraction__type_support.cpp.o[0m
[ 46%] [32mBuilding CXX object CMakeFiles/eli_common_interface__rosidl_typesupport_introspection_cpp.dir/rosidl_typesupport_introspection_cpp/eli_common_interface/msg/detail/tool_data__type_support.cpp.o[0m
[ 47%] [32mBuilding CXX object CMakeFiles/eli_common_interface__rosidl_typesupport_c.dir/rosidl_typesupport_c/eli_common_interface/srv/set_payload__type_support.cpp.o[0m
[ 47%] [32mBuilding CXX object CMakeFiles/eli_common_interface__rosidl_typesupport_fastrtps_cpp.dir/rosidl_typesupport_fastrtps_cpp/eli_common_interface/srv/detail/dds_fastrtps/get_safety_mode__type_support.cpp.o[0m
[ 47%] [32mBuilding CXX object CMakeFiles/eli_common_interface__rosidl_typesupport_c.dir/rosidl_typesupport_c/eli_common_interface/msg/robot_mode__type_support.cpp.o[0m
[ 48%] [32mBuilding CXX object CMakeFiles/eli_common_interface__rosidl_typesupport_fastrtps_cpp.dir/rosidl_typesupport_fastrtps_cpp/eli_common_interface/srv/detail/dds_fastrtps/set_io__type_support.cpp.o[0m
[ 49%] [32mBuilding CXX object CMakeFiles/eli_common_interface__rosidl_typesupport_c.dir/rosidl_typesupport_c/eli_common_interface/msg/task_status__type_support.cpp.o[0m
[ 50%] [32mBuilding CXX object CMakeFiles/eli_common_interface__rosidl_typesupport_fastrtps_cpp.dir/rosidl_typesupport_fastrtps_cpp/eli_common_interface/srv/detail/dds_fastrtps/set_speed_slider_fraction__type_support.cpp.o[0m
[ 51%] [32mBuilding CXX object CMakeFiles/eli_common_interface__rosidl_typesupport_c.dir/rosidl_typesupport_c/eli_common_interface/msg/safety_mode__type_support.cpp.o[0m
[ 52%] [32mBuilding CXX object CMakeFiles/eli_common_interface__rosidl_typesupport_fastrtps_cpp.dir/rosidl_typesupport_fastrtps_cpp/eli_common_interface/srv/detail/dds_fastrtps/set_payload__type_support.cpp.o[0m
[ 53%] [32mBuilding CXX object CMakeFiles/eli_common_interface__rosidl_typesupport_c.dir/rosidl_typesupport_c/eli_common_interface/msg/analog__type_support.cpp.o[0m
[ 54%] [32mBuilding CXX object CMakeFiles/eli_common_interface__rosidl_typesupport_c.dir/rosidl_typesupport_c/eli_common_interface/msg/io_state__type_support.cpp.o[0m
[ 55%] [32mBuilding CXX object CMakeFiles/eli_common_interface__rosidl_typesupport_fastrtps_cpp.dir/rosidl_typesupport_fastrtps_cpp/eli_common_interface/msg/detail/dds_fastrtps/task_status__type_support.cpp.o[0m
[ 56%] [32mBuilding CXX object CMakeFiles/eli_common_interface__rosidl_typesupport_fastrtps_cpp.dir/rosidl_typesupport_fastrtps_cpp/eli_common_interface/msg/detail/dds_fastrtps/robot_mode__type_support.cpp.o[0m
[ 57%] [32mBuilding CXX object CMakeFiles/eli_common_interface__rosidl_typesupport_c.dir/rosidl_typesupport_c/eli_common_interface/msg/tool_data__type_support.cpp.o[0m
[ 57%] [32m[1mLinking CXX shared library libeli_common_interface__rosidl_typesupport_c.so[0m
[ 57%] [32mBuilding CXX object CMakeFiles/eli_common_interface__rosidl_typesupport_fastrtps_c.dir/rosidl_typesupport_fastrtps_c/eli_common_interface/srv/detail/get_task_status__type_support_c.cpp.o[0m
[ 58%] [32mBuilding CXX object CMakeFiles/eli_common_interface__rosidl_typesupport_fastrtps_c.dir/rosidl_typesupport_fastrtps_c/eli_common_interface/srv/detail/get_robot_mode__type_support_c.cpp.o[0m
[ 58%] [32mBuilding CXX object CMakeFiles/eli_common_interface__rosidl_typesupport_fastrtps_cpp.dir/rosidl_typesupport_fastrtps_cpp/eli_common_interface/msg/detail/dds_fastrtps/safety_mode__type_support.cpp.o[0m
[ 59%] [32mBuilding CXX object CMakeFiles/eli_common_interface__rosidl_typesupport_fastrtps_cpp.dir/rosidl_typesupport_fastrtps_cpp/eli_common_interface/msg/detail/dds_fastrtps/analog__type_support.cpp.o[0m
[ 60%] [32mBuilding CXX object CMakeFiles/eli_common_interface__rosidl_typesupport_fastrtps_c.dir/rosidl_typesupport_fastrtps_c/eli_common_interface/srv/detail/get_safety_mode__type_support_c.cpp.o[0m
[ 60%] Built target eli_common_interface__rosidl_typesupport_c
[ 61%] [32mBuilding CXX object CMakeFiles/eli_common_interface__rosidl_typesupport_fastrtps_c.dir/rosidl_typesupport_fastrtps_c/eli_common_interface/srv/detail/set_io__type_support_c.cpp.o[0m
[ 61%] [32mBuilding C object CMakeFiles/eli_common_interface__rosidl_typesupport_introspection_c.dir/rosidl_typesupport_introspection_c/eli_common_interface/srv/detail/get_task_status__type_support.c.o[0m
[ 62%] [32mBuilding C object CMakeFiles/eli_common_interface__rosidl_typesupport_introspection_c.dir/rosidl_typesupport_introspection_c/eli_common_interface/srv/detail/get_robot_mode__type_support.c.o[0m
[ 63%] [32mBuilding CXX object CMakeFiles/eli_common_interface__rosidl_typesupport_fastrtps_c.dir/rosidl_typesupport_fastrtps_c/eli_common_interface/srv/detail/set_speed_slider_fraction__type_support_c.cpp.o[0m
[ 64%] [32mBuilding C object CMakeFiles/eli_common_interface__rosidl_typesupport_introspection_c.dir/rosidl_typesupport_introspection_c/eli_common_interface/srv/detail/get_safety_mode__type_support.c.o[0m
[ 65%] [32m[1mLinking CXX shared library libeli_common_interface__rosidl_typesupport_introspection_cpp.so[0m
[ 66%] [32mBuilding C object CMakeFiles/eli_common_interface__rosidl_typesupport_introspection_c.dir/rosidl_typesupport_introspection_c/eli_common_interface/srv/detail/set_speed_slider_fraction__type_support.c.o[0m
[ 67%] [32mBuilding C object CMakeFiles/eli_common_interface__rosidl_typesupport_introspection_c.dir/rosidl_typesupport_introspection_c/eli_common_interface/srv/detail/set_io__type_support.c.o[0m
[ 68%] [32mBuilding CXX object CMakeFiles/eli_common_interface__rosidl_typesupport_fastrtps_c.dir/rosidl_typesupport_fastrtps_c/eli_common_interface/srv/detail/set_payload__type_support_c.cpp.o[0m
[ 69%] [32mBuilding C object CMakeFiles/eli_common_interface__rosidl_typesupport_introspection_c.dir/rosidl_typesupport_introspection_c/eli_common_interface/srv/detail/set_payload__type_support.c.o[0m
[ 69%] [32mBuilding C object CMakeFiles/eli_common_interface__rosidl_typesupport_introspection_c.dir/rosidl_typesupport_introspection_c/eli_common_interface/msg/detail/robot_mode__type_support.c.o[0m
[ 69%] Built target eli_common_interface__rosidl_typesupport_introspection_cpp
[ 69%] [32mBuilding CXX object CMakeFiles/eli_common_interface__rosidl_typesupport_fastrtps_c.dir/rosidl_typesupport_fastrtps_c/eli_common_interface/msg/detail/robot_mode__type_support_c.cpp.o[0m
[ 70%] [32mBuilding CXX object CMakeFiles/eli_common_interface__rosidl_typesupport_fastrtps_c.dir/rosidl_typesupport_fastrtps_c/eli_common_interface/msg/detail/task_status__type_support_c.cpp.o[0m
[ 71%] [32mBuilding CXX object CMakeFiles/eli_common_interface__rosidl_typesupport_fastrtps_cpp.dir/rosidl_typesupport_fastrtps_cpp/eli_common_interface/msg/detail/dds_fastrtps/io_state__type_support.cpp.o[0m
[ 72%] [32mBuilding C object CMakeFiles/eli_common_interface__rosidl_typesupport_introspection_c.dir/rosidl_typesupport_introspection_c/eli_common_interface/msg/detail/task_status__type_support.c.o[0m
[ 73%] [32mBuilding CXX object CMakeFiles/eli_common_interface__rosidl_typesupport_fastrtps_cpp.dir/rosidl_typesupport_fastrtps_cpp/eli_common_interface/msg/detail/dds_fastrtps/tool_data__type_support.cpp.o[0m
[ 75%] [32mBuilding CXX object CMakeFiles/eli_common_interface__rosidl_typesupport_fastrtps_c.dir/rosidl_typesupport_fastrtps_c/eli_common_interface/msg/detail/safety_mode__type_support_c.cpp.o[0m
[ 75%] [32mBuilding C object CMakeFiles/eli_common_interface__rosidl_typesupport_introspection_c.dir/rosidl_typesupport_introspection_c/eli_common_interface/msg/detail/safety_mode__type_support.c.o[0m
[ 76%] [32mBuilding C object CMakeFiles/eli_common_interface__rosidl_typesupport_introspection_c.dir/rosidl_typesupport_introspection_c/eli_common_interface/msg/detail/analog__type_support.c.o[0m
[ 77%] [32mBuilding CXX object CMakeFiles/eli_common_interface__rosidl_typesupport_fastrtps_c.dir/rosidl_typesupport_fastrtps_c/eli_common_interface/msg/detail/analog__type_support_c.cpp.o[0m
[ 78%] [32mBuilding CXX object CMakeFiles/eli_common_interface__rosidl_typesupport_fastrtps_c.dir/rosidl_typesupport_fastrtps_c/eli_common_interface/msg/detail/io_state__type_support_c.cpp.o[0m
[ 79%] [32mBuilding C object CMakeFiles/eli_common_interface__rosidl_typesupport_introspection_c.dir/rosidl_typesupport_introspection_c/eli_common_interface/msg/detail/io_state__type_support.c.o[0m
[ 80%] [32mBuilding C object CMakeFiles/eli_common_interface__rosidl_typesupport_introspection_c.dir/rosidl_typesupport_introspection_c/eli_common_interface/msg/detail/tool_data__type_support.c.o[0m
[ 81%] [32mBuilding CXX object CMakeFiles/eli_common_interface__rosidl_typesupport_fastrtps_c.dir/rosidl_typesupport_fastrtps_c/eli_common_interface/msg/detail/tool_data__type_support_c.cpp.o[0m
[ 81%] [32m[1mLinking C shared library libeli_common_interface__rosidl_typesupport_introspection_c.so[0m
[ 81%] Built target eli_common_interface__rosidl_typesupport_introspection_c
[ 82%] [32m[1mLinking CXX shared library libeli_common_interface__rosidl_typesupport_fastrtps_cpp.so[0m
[ 82%] [32m[1mLinking CXX shared library libeli_common_interface__rosidl_typesupport_fastrtps_c.so[0m
[ 82%] Built target eli_common_interface__rosidl_typesupport_fastrtps_cpp
[ 82%] Built target eli_common_interface__rosidl_typesupport_fastrtps_c
[ 82%] Built target eli_common_interface
[ 83%] [34m[1mGenerating Python code for ROS interfaces[0m
[ 83%] Built target eli_common_interface__py
[ 84%] [32mBuilding C object CMakeFiles/eli_common_interface__rosidl_generator_py.dir/rosidl_generator_py/eli_common_interface/srv/_set_speed_slider_fraction_s.c.o[0m
[ 85%] [32mBuilding C object CMakeFiles/eli_common_interface__rosidl_generator_py.dir/rosidl_generator_py/eli_common_interface/msg/_task_status_s.c.o[0m
[ 85%] [32mBuilding C object CMakeFiles/eli_common_interface__rosidl_generator_py.dir/rosidl_generator_py/eli_common_interface/msg/_safety_mode_s.c.o[0m
[ 87%] [32mBuilding C object CMakeFiles/eli_common_interface__rosidl_generator_py.dir/rosidl_generator_py/eli_common_interface/msg/_robot_mode_s.c.o[0m
[ 86%] [32mBuilding C object CMakeFiles/eli_common_interface__rosidl_generator_py.dir/rosidl_generator_py/eli_common_interface/srv/_get_task_status_s.c.o[0m
[ 88%] [32mBuilding C object CMakeFiles/eli_common_interface__rosidl_generator_py.dir/rosidl_generator_py/eli_common_interface/msg/_analog_s.c.o[0m
[ 89%] [32mBuilding C object CMakeFiles/eli_common_interface__rosidl_generator_py.dir/rosidl_generator_py/eli_common_interface/srv/_get_safety_mode_s.c.o[0m
[ 89%] [32mBuilding C object CMakeFiles/eli_common_interface__rosidl_generator_py.dir/rosidl_generator_py/eli_common_interface/srv/_get_robot_mode_s.c.o[0m
[ 90%] [32mBuilding C object CMakeFiles/eli_common_interface__rosidl_generator_py.dir/rosidl_generator_py/eli_common_interface/srv/_set_io_s.c.o[0m
[ 91%] [32mBuilding C object CMakeFiles/eli_common_interface__rosidl_generator_py.dir/rosidl_generator_py/eli_common_interface/msg/_tool_data_s.c.o[0m
[ 92%] [32mBuilding C object CMakeFiles/eli_common_interface__rosidl_generator_py.dir/rosidl_generator_py/eli_common_interface/msg/_io_state_s.c.o[0m
[ 93%] [32mBuilding C object CMakeFiles/eli_common_interface__rosidl_generator_py.dir/rosidl_generator_py/eli_common_interface/srv/_set_payload_s.c.o[0m
[ 94%] [32m[1mLinking C shared library rosidl_generator_py/eli_common_interface/libeli_common_interface__rosidl_generator_py.so[0m
[ 94%] Built target eli_common_interface__rosidl_generator_py
[ 95%] [32mBuilding C object CMakeFiles/eli_common_interface__rosidl_typesupport_c__pyext.dir/rosidl_generator_py/eli_common_interface/_eli_common_interface_s.ep.rosidl_typesupport_c.c.o[0m
[ 96%] [32mBuilding C object CMakeFiles/eli_common_interface__rosidl_typesupport_fastrtps_c__pyext.dir/rosidl_generator_py/eli_common_interface/_eli_common_interface_s.ep.rosidl_typesupport_fastrtps_c.c.o[0m
[ 97%] [32mBuilding C object CMakeFiles/eli_common_interface__rosidl_typesupport_introspection_c__pyext.dir/rosidl_generator_py/eli_common_interface/_eli_common_interface_s.ep.rosidl_typesupport_introspection_c.c.o[0m
[ 98%] [32m[1mLinking C shared library rosidl_generator_py/eli_common_interface/eli_common_interface_s__rosidl_typesupport_introspection_c.cpython-310-x86_64-linux-gnu.so[0m
[ 99%] [32m[1mLinking C shared library rosidl_generator_py/eli_common_interface/eli_common_interface_s__rosidl_typesupport_c.cpython-310-x86_64-linux-gnu.so[0m
[100%] [32m[1mLinking C shared library rosidl_generator_py/eli_common_interface/eli_common_interface_s__rosidl_typesupport_fastrtps_c.cpython-310-x86_64-linux-gnu.so[0m
[100%] Built target eli_common_interface__rosidl_typesupport_introspection_c__pyext
[100%] Built target eli_common_interface__rosidl_typesupport_c__pyext
[100%] Built target eli_common_interface__rosidl_typesupport_fastrtps_c__pyext
