[0.023s] Invoking command in '/home/robot/project/ls65_ros/ls65/elite_ros_ws/build/eli_common_interface': CMAKE_PREFIX_PATH=/opt/ros/humble /usr/bin/cmake --build /home/robot/project/ls65_ros/ls65/elite_ros_ws/build/eli_common_interface -- -j16 -l16
[0.061s] [  1%] [34m[1mGenerating C code for ROS interfaces[0m
[0.072s] [  1%] [34m[1mGenerating C++ code for ROS interfaces[0m
[0.072s] [  2%] [34m[1mGenerating Rust code for ROS interfaces[0m
[0.083s] [  2%] Built target ament_cmake_python_copy_eli_common_interface
[0.275s] running egg_info
[0.276s] creating eli_common_interface.egg-info
[0.276s] writing eli_common_interface.egg-info/PKG-INFO
[0.276s] writing dependency_links to eli_common_interface.egg-info/dependency_links.txt
[0.276s] writing top-level names to eli_common_interface.egg-info/top_level.txt
[0.276s] writing manifest file 'eli_common_interface.egg-info/SOURCES.txt'
[0.280s] reading manifest file 'eli_common_interface.egg-info/SOURCES.txt'
[0.280s] writing manifest file 'eli_common_interface.egg-info/SOURCES.txt'
[0.303s] [  2%] Built target ament_cmake_python_build_eli_common_interface_egg
[0.598s] [  2%] Built target eli_common_interface__rs
[1.426s] [  2%] Built target eli_common_interface__cpp
[1.453s] [  3%] [34m[1mGenerating C++ type support dispatch for ROS interfaces[0m
[1.458s] [  4%] [34m[1mGenerating C++ type support for eProsima Fast-RTPS[0m
[1.468s] [  5%] [34m[1mGenerating C++ introspection for ROS interfaces[0m
[1.604s] [  6%] [32mBuilding C object CMakeFiles/eli_common_interface__rosidl_generator_c.dir/rosidl_generator_c/eli_common_interface/srv/detail/get_task_status__functions.c.o[0m
[1.615s] [  7%] [32mBuilding C object CMakeFiles/eli_common_interface__rosidl_generator_c.dir/rosidl_generator_c/eli_common_interface/srv/detail/get_robot_mode__functions.c.o[0m
[1.616s] [  9%] [32mBuilding C object CMakeFiles/eli_common_interface__rosidl_generator_c.dir/rosidl_generator_c/eli_common_interface/srv/detail/set_speed_slider_fraction__functions.c.o[0m
[1.616s] [  8%] [32mBuilding C object CMakeFiles/eli_common_interface__rosidl_generator_c.dir/rosidl_generator_c/eli_common_interface/srv/detail/get_safety_mode__functions.c.o[0m
[1.617s] [ 10%] [32mBuilding C object CMakeFiles/eli_common_interface__rosidl_generator_c.dir/rosidl_generator_c/eli_common_interface/srv/detail/set_payload__functions.c.o[0m
[1.629s] [ 11%] [32mBuilding C object CMakeFiles/eli_common_interface__rosidl_generator_c.dir/rosidl_generator_c/eli_common_interface/msg/detail/robot_mode__functions.c.o[0m
[1.630s] [ 11%] [32mBuilding C object CMakeFiles/eli_common_interface__rosidl_generator_c.dir/rosidl_generator_c/eli_common_interface/srv/detail/set_io__functions.c.o[0m
[1.631s] [ 12%] [32mBuilding C object CMakeFiles/eli_common_interface__rosidl_generator_c.dir/rosidl_generator_c/eli_common_interface/msg/detail/task_status__functions.c.o[0m
[1.632s] [ 13%] [32mBuilding C object CMakeFiles/eli_common_interface__rosidl_generator_c.dir/rosidl_generator_c/eli_common_interface/msg/detail/safety_mode__functions.c.o[0m
[1.659s] [ 14%] [32mBuilding C object CMakeFiles/eli_common_interface__rosidl_generator_c.dir/rosidl_generator_c/eli_common_interface/msg/detail/tool_data__functions.c.o[0m
[1.663s] [ 14%] [32mBuilding C object CMakeFiles/eli_common_interface__rosidl_generator_c.dir/rosidl_generator_c/eli_common_interface/msg/detail/analog__functions.c.o[0m
[1.672s] [ 15%] [32mBuilding C object CMakeFiles/eli_common_interface__rosidl_generator_c.dir/rosidl_generator_c/eli_common_interface/msg/detail/io_state__functions.c.o[0m
[1.804s] [ 16%] [32m[1mLinking C shared library libeli_common_interface__rosidl_generator_c.so[0m
[1.875s] [ 16%] Built target eli_common_interface__rosidl_generator_c
[1.911s] [ 17%] [34m[1mGenerating C type support for eProsima Fast-RTPS[0m
[1.911s] [ 18%] [34m[1mGenerating C introspection for ROS interfaces[0m
[1.911s] [ 19%] [34m[1mGenerating C type support dispatch for ROS interfaces[0m
[2.403s] [ 20%] [32mBuilding CXX object CMakeFiles/eli_common_interface__rosidl_typesupport_cpp.dir/rosidl_typesupport_cpp/eli_common_interface/srv/set_io__type_support.cpp.o[0m
[2.404s] [ 21%] [32mBuilding CXX object CMakeFiles/eli_common_interface__rosidl_typesupport_cpp.dir/rosidl_typesupport_cpp/eli_common_interface/srv/set_speed_slider_fraction__type_support.cpp.o[0m
[2.404s] [ 22%] [32mBuilding CXX object CMakeFiles/eli_common_interface__rosidl_typesupport_cpp.dir/rosidl_typesupport_cpp/eli_common_interface/srv/get_safety_mode__type_support.cpp.o[0m
[2.404s] [ 22%] [32mBuilding CXX object CMakeFiles/eli_common_interface__rosidl_typesupport_cpp.dir/rosidl_typesupport_cpp/eli_common_interface/srv/set_payload__type_support.cpp.o[0m
[2.404s] [ 23%] [32mBuilding CXX object CMakeFiles/eli_common_interface__rosidl_typesupport_cpp.dir/rosidl_typesupport_cpp/eli_common_interface/msg/task_status__type_support.cpp.o[0m
[2.405s] [ 24%] [32mBuilding CXX object CMakeFiles/eli_common_interface__rosidl_typesupport_cpp.dir/rosidl_typesupport_cpp/eli_common_interface/srv/get_task_status__type_support.cpp.o[0m
[2.405s] [ 25%] [32mBuilding CXX object CMakeFiles/eli_common_interface__rosidl_typesupport_cpp.dir/rosidl_typesupport_cpp/eli_common_interface/srv/get_robot_mode__type_support.cpp.o[0m
[2.406s] [ 25%] [32mBuilding CXX object CMakeFiles/eli_common_interface__rosidl_typesupport_cpp.dir/rosidl_typesupport_cpp/eli_common_interface/msg/safety_mode__type_support.cpp.o[0m
[2.406s] [ 26%] [32mBuilding CXX object CMakeFiles/eli_common_interface__rosidl_typesupport_cpp.dir/rosidl_typesupport_cpp/eli_common_interface/msg/robot_mode__type_support.cpp.o[0m
[2.412s] [ 27%] [32mBuilding CXX object CMakeFiles/eli_common_interface__rosidl_typesupport_cpp.dir/rosidl_typesupport_cpp/eli_common_interface/msg/analog__type_support.cpp.o[0m
[2.412s] [ 28%] [32mBuilding CXX object CMakeFiles/eli_common_interface__rosidl_typesupport_cpp.dir/rosidl_typesupport_cpp/eli_common_interface/msg/io_state__type_support.cpp.o[0m
[2.726s] [ 29%] [32mBuilding CXX object CMakeFiles/eli_common_interface__rosidl_typesupport_cpp.dir/rosidl_typesupport_cpp/eli_common_interface/msg/tool_data__type_support.cpp.o[0m
[2.826s] [ 31%] [32mBuilding CXX object CMakeFiles/eli_common_interface__rosidl_typesupport_introspection_cpp.dir/rosidl_typesupport_introspection_cpp/eli_common_interface/srv/detail/get_task_status__type_support.cpp.o[0m
[2.826s] [ 31%] [32mBuilding CXX object CMakeFiles/eli_common_interface__rosidl_typesupport_introspection_cpp.dir/rosidl_typesupport_introspection_cpp/eli_common_interface/srv/detail/set_io__type_support.cpp.o[0m
[2.826s] [ 32%] [32mBuilding CXX object CMakeFiles/eli_common_interface__rosidl_typesupport_introspection_cpp.dir/rosidl_typesupport_introspection_cpp/eli_common_interface/srv/detail/get_robot_mode__type_support.cpp.o[0m
[2.826s] [ 33%] [32mBuilding CXX object CMakeFiles/eli_common_interface__rosidl_typesupport_introspection_cpp.dir/rosidl_typesupport_introspection_cpp/eli_common_interface/srv/detail/set_speed_slider_fraction__type_support.cpp.o[0m
[2.830s] [ 33%] [32mBuilding CXX object CMakeFiles/eli_common_interface__rosidl_typesupport_introspection_cpp.dir/rosidl_typesupport_introspection_cpp/eli_common_interface/srv/detail/get_safety_mode__type_support.cpp.o[0m
[2.830s] [ 34%] [32mBuilding CXX object CMakeFiles/eli_common_interface__rosidl_typesupport_introspection_cpp.dir/rosidl_typesupport_introspection_cpp/eli_common_interface/srv/detail/set_payload__type_support.cpp.o[0m
[2.836s] [ 35%] [32mBuilding CXX object CMakeFiles/eli_common_interface__rosidl_typesupport_introspection_cpp.dir/rosidl_typesupport_introspection_cpp/eli_common_interface/msg/detail/robot_mode__type_support.cpp.o[0m
[2.842s] [ 36%] [32mBuilding CXX object CMakeFiles/eli_common_interface__rosidl_typesupport_introspection_cpp.dir/rosidl_typesupport_introspection_cpp/eli_common_interface/msg/detail/task_status__type_support.cpp.o[0m
[2.852s] [ 36%] [32mBuilding CXX object CMakeFiles/eli_common_interface__rosidl_typesupport_introspection_cpp.dir/rosidl_typesupport_introspection_cpp/eli_common_interface/msg/detail/safety_mode__type_support.cpp.o[0m
[2.867s] [ 37%] [32mBuilding CXX object CMakeFiles/eli_common_interface__rosidl_typesupport_introspection_cpp.dir/rosidl_typesupport_introspection_cpp/eli_common_interface/msg/detail/analog__type_support.cpp.o[0m
[2.885s] [ 38%] [32mBuilding CXX object CMakeFiles/eli_common_interface__rosidl_typesupport_introspection_cpp.dir/rosidl_typesupport_introspection_cpp/eli_common_interface/msg/detail/io_state__type_support.cpp.o[0m
[3.034s] [ 39%] [32m[1mLinking CXX shared library libeli_common_interface__rosidl_typesupport_cpp.so[0m
[3.087s] [ 39%] [32mBuilding CXX object CMakeFiles/eli_common_interface__rosidl_typesupport_c.dir/rosidl_typesupport_c/eli_common_interface/srv/get_task_status__type_support.cpp.o[0m
[3.102s] [ 39%] Built target eli_common_interface__rosidl_typesupport_cpp
[3.113s] [ 40%] [32mBuilding CXX object CMakeFiles/eli_common_interface__rosidl_typesupport_c.dir/rosidl_typesupport_c/eli_common_interface/srv/get_robot_mode__type_support.cpp.o[0m
[3.150s] [ 41%] [32mBuilding CXX object CMakeFiles/eli_common_interface__rosidl_typesupport_c.dir/rosidl_typesupport_c/eli_common_interface/srv/get_safety_mode__type_support.cpp.o[0m
[3.154s] [ 42%] [32mBuilding CXX object CMakeFiles/eli_common_interface__rosidl_typesupport_fastrtps_cpp.dir/rosidl_typesupport_fastrtps_cpp/eli_common_interface/srv/detail/dds_fastrtps/get_task_status__type_support.cpp.o[0m
[3.159s] [ 43%] [32mBuilding CXX object CMakeFiles/eli_common_interface__rosidl_typesupport_c.dir/rosidl_typesupport_c/eli_common_interface/srv/set_io__type_support.cpp.o[0m
[3.225s] [ 44%] [32mBuilding CXX object CMakeFiles/eli_common_interface__rosidl_typesupport_fastrtps_cpp.dir/rosidl_typesupport_fastrtps_cpp/eli_common_interface/srv/detail/dds_fastrtps/get_robot_mode__type_support.cpp.o[0m
[3.230s] [ 45%] [32mBuilding CXX object CMakeFiles/eli_common_interface__rosidl_typesupport_c.dir/rosidl_typesupport_c/eli_common_interface/srv/set_speed_slider_fraction__type_support.cpp.o[0m
[3.277s] [ 46%] [32mBuilding CXX object CMakeFiles/eli_common_interface__rosidl_typesupport_introspection_cpp.dir/rosidl_typesupport_introspection_cpp/eli_common_interface/msg/detail/tool_data__type_support.cpp.o[0m
[3.287s] [ 47%] [32mBuilding CXX object CMakeFiles/eli_common_interface__rosidl_typesupport_c.dir/rosidl_typesupport_c/eli_common_interface/srv/set_payload__type_support.cpp.o[0m
[3.300s] [ 47%] [32mBuilding CXX object CMakeFiles/eli_common_interface__rosidl_typesupport_fastrtps_cpp.dir/rosidl_typesupport_fastrtps_cpp/eli_common_interface/srv/detail/dds_fastrtps/get_safety_mode__type_support.cpp.o[0m
[3.322s] [ 47%] [32mBuilding CXX object CMakeFiles/eli_common_interface__rosidl_typesupport_c.dir/rosidl_typesupport_c/eli_common_interface/msg/robot_mode__type_support.cpp.o[0m
[3.335s] [ 48%] [32mBuilding CXX object CMakeFiles/eli_common_interface__rosidl_typesupport_fastrtps_cpp.dir/rosidl_typesupport_fastrtps_cpp/eli_common_interface/srv/detail/dds_fastrtps/set_io__type_support.cpp.o[0m
[3.338s] [ 49%] [32mBuilding CXX object CMakeFiles/eli_common_interface__rosidl_typesupport_c.dir/rosidl_typesupport_c/eli_common_interface/msg/task_status__type_support.cpp.o[0m
[3.377s] [ 50%] [32mBuilding CXX object CMakeFiles/eli_common_interface__rosidl_typesupport_fastrtps_cpp.dir/rosidl_typesupport_fastrtps_cpp/eli_common_interface/srv/detail/dds_fastrtps/set_speed_slider_fraction__type_support.cpp.o[0m
[3.378s] [ 51%] [32mBuilding CXX object CMakeFiles/eli_common_interface__rosidl_typesupport_c.dir/rosidl_typesupport_c/eli_common_interface/msg/safety_mode__type_support.cpp.o[0m
[3.390s] [ 52%] [32mBuilding CXX object CMakeFiles/eli_common_interface__rosidl_typesupport_fastrtps_cpp.dir/rosidl_typesupport_fastrtps_cpp/eli_common_interface/srv/detail/dds_fastrtps/set_payload__type_support.cpp.o[0m
[3.421s] [ 53%] [32mBuilding CXX object CMakeFiles/eli_common_interface__rosidl_typesupport_c.dir/rosidl_typesupport_c/eli_common_interface/msg/analog__type_support.cpp.o[0m
[3.435s] [ 54%] [32mBuilding CXX object CMakeFiles/eli_common_interface__rosidl_typesupport_c.dir/rosidl_typesupport_c/eli_common_interface/msg/io_state__type_support.cpp.o[0m
[3.471s] [ 55%] [32mBuilding CXX object CMakeFiles/eli_common_interface__rosidl_typesupport_fastrtps_cpp.dir/rosidl_typesupport_fastrtps_cpp/eli_common_interface/msg/detail/dds_fastrtps/task_status__type_support.cpp.o[0m
[3.473s] [ 56%] [32mBuilding CXX object CMakeFiles/eli_common_interface__rosidl_typesupport_fastrtps_cpp.dir/rosidl_typesupport_fastrtps_cpp/eli_common_interface/msg/detail/dds_fastrtps/robot_mode__type_support.cpp.o[0m
[3.479s] [ 57%] [32mBuilding CXX object CMakeFiles/eli_common_interface__rosidl_typesupport_c.dir/rosidl_typesupport_c/eli_common_interface/msg/tool_data__type_support.cpp.o[0m
[3.510s] [ 57%] [32m[1mLinking CXX shared library libeli_common_interface__rosidl_typesupport_c.so[0m
[3.513s] [ 57%] [32mBuilding CXX object CMakeFiles/eli_common_interface__rosidl_typesupport_fastrtps_c.dir/rosidl_typesupport_fastrtps_c/eli_common_interface/srv/detail/get_task_status__type_support_c.cpp.o[0m
[3.518s] [ 58%] [32mBuilding CXX object CMakeFiles/eli_common_interface__rosidl_typesupport_fastrtps_c.dir/rosidl_typesupport_fastrtps_c/eli_common_interface/srv/detail/get_robot_mode__type_support_c.cpp.o[0m
[3.520s] [ 58%] [32mBuilding CXX object CMakeFiles/eli_common_interface__rosidl_typesupport_fastrtps_cpp.dir/rosidl_typesupport_fastrtps_cpp/eli_common_interface/msg/detail/dds_fastrtps/safety_mode__type_support.cpp.o[0m
[3.529s] [ 59%] [32mBuilding CXX object CMakeFiles/eli_common_interface__rosidl_typesupport_fastrtps_cpp.dir/rosidl_typesupport_fastrtps_cpp/eli_common_interface/msg/detail/dds_fastrtps/analog__type_support.cpp.o[0m
[3.539s] [ 60%] [32mBuilding CXX object CMakeFiles/eli_common_interface__rosidl_typesupport_fastrtps_c.dir/rosidl_typesupport_fastrtps_c/eli_common_interface/srv/detail/get_safety_mode__type_support_c.cpp.o[0m
[3.563s] [ 60%] Built target eli_common_interface__rosidl_typesupport_c
[3.574s] [ 61%] [32mBuilding CXX object CMakeFiles/eli_common_interface__rosidl_typesupport_fastrtps_c.dir/rosidl_typesupport_fastrtps_c/eli_common_interface/srv/detail/set_io__type_support_c.cpp.o[0m
[3.624s] [ 61%] [32mBuilding C object CMakeFiles/eli_common_interface__rosidl_typesupport_introspection_c.dir/rosidl_typesupport_introspection_c/eli_common_interface/srv/detail/get_task_status__type_support.c.o[0m
[3.705s] [ 62%] [32mBuilding C object CMakeFiles/eli_common_interface__rosidl_typesupport_introspection_c.dir/rosidl_typesupport_introspection_c/eli_common_interface/srv/detail/get_robot_mode__type_support.c.o[0m
[3.725s] [ 63%] [32mBuilding CXX object CMakeFiles/eli_common_interface__rosidl_typesupport_fastrtps_c.dir/rosidl_typesupport_fastrtps_c/eli_common_interface/srv/detail/set_speed_slider_fraction__type_support_c.cpp.o[0m
[3.750s] [ 64%] [32mBuilding C object CMakeFiles/eli_common_interface__rosidl_typesupport_introspection_c.dir/rosidl_typesupport_introspection_c/eli_common_interface/srv/detail/get_safety_mode__type_support.c.o[0m
[3.752s] [ 65%] [32m[1mLinking CXX shared library libeli_common_interface__rosidl_typesupport_introspection_cpp.so[0m
[3.802s] [ 66%] [32mBuilding C object CMakeFiles/eli_common_interface__rosidl_typesupport_introspection_c.dir/rosidl_typesupport_introspection_c/eli_common_interface/srv/detail/set_speed_slider_fraction__type_support.c.o[0m
[3.813s] [ 67%] [32mBuilding C object CMakeFiles/eli_common_interface__rosidl_typesupport_introspection_c.dir/rosidl_typesupport_introspection_c/eli_common_interface/srv/detail/set_io__type_support.c.o[0m
[3.850s] [ 68%] [32mBuilding CXX object CMakeFiles/eli_common_interface__rosidl_typesupport_fastrtps_c.dir/rosidl_typesupport_fastrtps_c/eli_common_interface/srv/detail/set_payload__type_support_c.cpp.o[0m
[3.878s] [ 69%] [32mBuilding C object CMakeFiles/eli_common_interface__rosidl_typesupport_introspection_c.dir/rosidl_typesupport_introspection_c/eli_common_interface/srv/detail/set_payload__type_support.c.o[0m
[3.880s] [ 69%] [32mBuilding C object CMakeFiles/eli_common_interface__rosidl_typesupport_introspection_c.dir/rosidl_typesupport_introspection_c/eli_common_interface/msg/detail/robot_mode__type_support.c.o[0m
[3.924s] [ 69%] Built target eli_common_interface__rosidl_typesupport_introspection_cpp
[3.932s] [ 69%] [32mBuilding CXX object CMakeFiles/eli_common_interface__rosidl_typesupport_fastrtps_c.dir/rosidl_typesupport_fastrtps_c/eli_common_interface/msg/detail/robot_mode__type_support_c.cpp.o[0m
[3.943s] [ 70%] [32mBuilding CXX object CMakeFiles/eli_common_interface__rosidl_typesupport_fastrtps_c.dir/rosidl_typesupport_fastrtps_c/eli_common_interface/msg/detail/task_status__type_support_c.cpp.o[0m
[3.955s] [ 71%] [32mBuilding CXX object CMakeFiles/eli_common_interface__rosidl_typesupport_fastrtps_cpp.dir/rosidl_typesupport_fastrtps_cpp/eli_common_interface/msg/detail/dds_fastrtps/io_state__type_support.cpp.o[0m
[3.958s] [ 72%] [32mBuilding C object CMakeFiles/eli_common_interface__rosidl_typesupport_introspection_c.dir/rosidl_typesupport_introspection_c/eli_common_interface/msg/detail/task_status__type_support.c.o[0m
[3.972s] [ 73%] [32mBuilding CXX object CMakeFiles/eli_common_interface__rosidl_typesupport_fastrtps_cpp.dir/rosidl_typesupport_fastrtps_cpp/eli_common_interface/msg/detail/dds_fastrtps/tool_data__type_support.cpp.o[0m
[3.989s] [ 75%] [32mBuilding CXX object CMakeFiles/eli_common_interface__rosidl_typesupport_fastrtps_c.dir/rosidl_typesupport_fastrtps_c/eli_common_interface/msg/detail/safety_mode__type_support_c.cpp.o[0m
[3.994s] [ 75%] [32mBuilding C object CMakeFiles/eli_common_interface__rosidl_typesupport_introspection_c.dir/rosidl_typesupport_introspection_c/eli_common_interface/msg/detail/safety_mode__type_support.c.o[0m
[3.998s] [ 76%] [32mBuilding C object CMakeFiles/eli_common_interface__rosidl_typesupport_introspection_c.dir/rosidl_typesupport_introspection_c/eli_common_interface/msg/detail/analog__type_support.c.o[0m
[4.003s] [ 77%] [32mBuilding CXX object CMakeFiles/eli_common_interface__rosidl_typesupport_fastrtps_c.dir/rosidl_typesupport_fastrtps_c/eli_common_interface/msg/detail/analog__type_support_c.cpp.o[0m
[4.007s] [ 78%] [32mBuilding CXX object CMakeFiles/eli_common_interface__rosidl_typesupport_fastrtps_c.dir/rosidl_typesupport_fastrtps_c/eli_common_interface/msg/detail/io_state__type_support_c.cpp.o[0m
[4.010s] [ 79%] [32mBuilding C object CMakeFiles/eli_common_interface__rosidl_typesupport_introspection_c.dir/rosidl_typesupport_introspection_c/eli_common_interface/msg/detail/io_state__type_support.c.o[0m
[4.027s] [ 80%] [32mBuilding C object CMakeFiles/eli_common_interface__rosidl_typesupport_introspection_c.dir/rosidl_typesupport_introspection_c/eli_common_interface/msg/detail/tool_data__type_support.c.o[0m
[4.040s] [ 81%] [32mBuilding CXX object CMakeFiles/eli_common_interface__rosidl_typesupport_fastrtps_c.dir/rosidl_typesupport_fastrtps_c/eli_common_interface/msg/detail/tool_data__type_support_c.cpp.o[0m
[4.094s] [ 81%] [32m[1mLinking C shared library libeli_common_interface__rosidl_typesupport_introspection_c.so[0m
[4.134s] [ 81%] Built target eli_common_interface__rosidl_typesupport_introspection_c
[4.446s] [ 82%] [32m[1mLinking CXX shared library libeli_common_interface__rosidl_typesupport_fastrtps_cpp.so[0m
[4.471s] [ 82%] [32m[1mLinking CXX shared library libeli_common_interface__rosidl_typesupport_fastrtps_c.so[0m
[4.500s] [ 82%] Built target eli_common_interface__rosidl_typesupport_fastrtps_cpp
[4.525s] [ 82%] Built target eli_common_interface__rosidl_typesupport_fastrtps_c
[4.543s] [ 82%] Built target eli_common_interface
[4.565s] [ 83%] [34m[1mGenerating Python code for ROS interfaces[0m
[5.607s] [ 83%] Built target eli_common_interface__py
[5.624s] [ 84%] [32mBuilding C object CMakeFiles/eli_common_interface__rosidl_generator_py.dir/rosidl_generator_py/eli_common_interface/srv/_set_speed_slider_fraction_s.c.o[0m
[5.624s] [ 85%] [32mBuilding C object CMakeFiles/eli_common_interface__rosidl_generator_py.dir/rosidl_generator_py/eli_common_interface/msg/_task_status_s.c.o[0m
[5.624s] [ 85%] [32mBuilding C object CMakeFiles/eli_common_interface__rosidl_generator_py.dir/rosidl_generator_py/eli_common_interface/msg/_safety_mode_s.c.o[0m
[5.624s] [ 87%] [32mBuilding C object CMakeFiles/eli_common_interface__rosidl_generator_py.dir/rosidl_generator_py/eli_common_interface/msg/_robot_mode_s.c.o[0m
[5.624s] [ 86%] [32mBuilding C object CMakeFiles/eli_common_interface__rosidl_generator_py.dir/rosidl_generator_py/eli_common_interface/srv/_get_task_status_s.c.o[0m
[5.624s] [ 88%] [32mBuilding C object CMakeFiles/eli_common_interface__rosidl_generator_py.dir/rosidl_generator_py/eli_common_interface/msg/_analog_s.c.o[0m
[5.624s] [ 89%] [32mBuilding C object CMakeFiles/eli_common_interface__rosidl_generator_py.dir/rosidl_generator_py/eli_common_interface/srv/_get_safety_mode_s.c.o[0m
[5.624s] [ 89%] [32mBuilding C object CMakeFiles/eli_common_interface__rosidl_generator_py.dir/rosidl_generator_py/eli_common_interface/srv/_get_robot_mode_s.c.o[0m
[5.624s] [ 90%] [32mBuilding C object CMakeFiles/eli_common_interface__rosidl_generator_py.dir/rosidl_generator_py/eli_common_interface/srv/_set_io_s.c.o[0m
[5.625s] [ 91%] [32mBuilding C object CMakeFiles/eli_common_interface__rosidl_generator_py.dir/rosidl_generator_py/eli_common_interface/msg/_tool_data_s.c.o[0m
[5.625s] [ 92%] [32mBuilding C object CMakeFiles/eli_common_interface__rosidl_generator_py.dir/rosidl_generator_py/eli_common_interface/msg/_io_state_s.c.o[0m
[5.626s] [ 93%] [32mBuilding C object CMakeFiles/eli_common_interface__rosidl_generator_py.dir/rosidl_generator_py/eli_common_interface/srv/_set_payload_s.c.o[0m
[5.747s] [ 94%] [32m[1mLinking C shared library rosidl_generator_py/eli_common_interface/libeli_common_interface__rosidl_generator_py.so[0m
[5.779s] [ 94%] Built target eli_common_interface__rosidl_generator_py
[5.795s] [ 95%] [32mBuilding C object CMakeFiles/eli_common_interface__rosidl_typesupport_c__pyext.dir/rosidl_generator_py/eli_common_interface/_eli_common_interface_s.ep.rosidl_typesupport_c.c.o[0m
[5.795s] [ 96%] [32mBuilding C object CMakeFiles/eli_common_interface__rosidl_typesupport_fastrtps_c__pyext.dir/rosidl_generator_py/eli_common_interface/_eli_common_interface_s.ep.rosidl_typesupport_fastrtps_c.c.o[0m
[5.796s] [ 97%] [32mBuilding C object CMakeFiles/eli_common_interface__rosidl_typesupport_introspection_c__pyext.dir/rosidl_generator_py/eli_common_interface/_eli_common_interface_s.ep.rosidl_typesupport_introspection_c.c.o[0m
[5.887s] [ 98%] [32m[1mLinking C shared library rosidl_generator_py/eli_common_interface/eli_common_interface_s__rosidl_typesupport_introspection_c.cpython-310-x86_64-linux-gnu.so[0m
[5.889s] [ 99%] [32m[1mLinking C shared library rosidl_generator_py/eli_common_interface/eli_common_interface_s__rosidl_typesupport_c.cpython-310-x86_64-linux-gnu.so[0m
[5.892s] [100%] [32m[1mLinking C shared library rosidl_generator_py/eli_common_interface/eli_common_interface_s__rosidl_typesupport_fastrtps_c.cpython-310-x86_64-linux-gnu.so[0m
[5.922s] [100%] Built target eli_common_interface__rosidl_typesupport_introspection_c__pyext
[5.923s] [100%] Built target eli_common_interface__rosidl_typesupport_c__pyext
[5.923s] [100%] Built target eli_common_interface__rosidl_typesupport_fastrtps_c__pyext
